ARM GAS  C:\Users\31005\AppData\Local\Temp\ccVGRC4U.s 			page 1


   1              		.cpu cortex-m4
   2              		.arch armv7e-m
   3              		.fpu fpv4-sp-d16
   4              		.eabi_attribute 27, 1
   5              		.eabi_attribute 28, 1
   6              		.eabi_attribute 20, 1
   7              		.eabi_attribute 21, 1
   8              		.eabi_attribute 23, 3
   9              		.eabi_attribute 24, 1
  10              		.eabi_attribute 25, 1
  11              		.eabi_attribute 26, 1
  12              		.eabi_attribute 30, 1
  13              		.eabi_attribute 34, 1
  14              		.eabi_attribute 18, 4
  15              		.file	"adc.c"
  16              		.text
  17              	.Ltext0:
  18              		.cfi_sections	.debug_frame
  19              		.file 1 "Core/Src/adc.c"
  20              		.section	.text.MX_ADC1_Init,"ax",%progbits
  21              		.align	1
  22              		.global	MX_ADC1_Init
  23              		.syntax unified
  24              		.thumb
  25              		.thumb_func
  27              	MX_ADC1_Init:
  28              	.LFB123:
   1:Core/Src/adc.c **** /* USER CODE BEGIN Header */
   2:Core/Src/adc.c **** /**
   3:Core/Src/adc.c ****   ******************************************************************************
   4:Core/Src/adc.c ****   * @file    adc.c
   5:Core/Src/adc.c ****   * @brief   This file provides code for the configuration
   6:Core/Src/adc.c ****   *          of the ADC instances.
   7:Core/Src/adc.c ****   ******************************************************************************
   8:Core/Src/adc.c ****   * @attention
   9:Core/Src/adc.c ****   *
  10:Core/Src/adc.c ****   * Copyright (c) 2025 STMicroelectronics.
  11:Core/Src/adc.c ****   * All rights reserved.
  12:Core/Src/adc.c ****   *
  13:Core/Src/adc.c ****   * This software is licensed under terms that can be found in the LICENSE file
  14:Core/Src/adc.c ****   * in the root directory of this software component.
  15:Core/Src/adc.c ****   * If no LICENSE file comes with this software, it is provided AS-IS.
  16:Core/Src/adc.c ****   *
  17:Core/Src/adc.c ****   ******************************************************************************
  18:Core/Src/adc.c ****   */
  19:Core/Src/adc.c **** /* USER CODE END Header */
  20:Core/Src/adc.c **** /* Includes ------------------------------------------------------------------*/
  21:Core/Src/adc.c **** #include "adc.h"
  22:Core/Src/adc.c **** 
  23:Core/Src/adc.c **** /* USER CODE BEGIN 0 */
  24:Core/Src/adc.c **** 
  25:Core/Src/adc.c **** /* USER CODE END 0 */
  26:Core/Src/adc.c **** 
  27:Core/Src/adc.c **** ADC_HandleTypeDef hadc1;
  28:Core/Src/adc.c **** DMA_HandleTypeDef hdma_adc1;
  29:Core/Src/adc.c **** 
  30:Core/Src/adc.c **** /* ADC1 init function */
ARM GAS  C:\Users\31005\AppData\Local\Temp\ccVGRC4U.s 			page 2


  31:Core/Src/adc.c **** void MX_ADC1_Init(void)
  32:Core/Src/adc.c **** {
  29              		.loc 1 32 1 view -0
  30              		.cfi_startproc
  31              		@ args = 0, pretend = 0, frame = 40
  32              		@ frame_needed = 0, uses_anonymous_args = 0
  33 0000 00B5     		push	{lr}
  34              	.LCFI0:
  35              		.cfi_def_cfa_offset 4
  36              		.cfi_offset 14, -4
  37 0002 8BB0     		sub	sp, sp, #44
  38              	.LCFI1:
  39              		.cfi_def_cfa_offset 48
  33:Core/Src/adc.c **** 
  34:Core/Src/adc.c ****   /* USER CODE BEGIN ADC1_Init 0 */
  35:Core/Src/adc.c **** 
  36:Core/Src/adc.c ****   /* USER CODE END ADC1_Init 0 */
  37:Core/Src/adc.c **** 
  38:Core/Src/adc.c ****   ADC_MultiModeTypeDef multimode = {0};
  40              		.loc 1 38 3 view .LVU1
  41              		.loc 1 38 24 is_stmt 0 view .LVU2
  42 0004 0023     		movs	r3, #0
  43 0006 0793     		str	r3, [sp, #28]
  44 0008 0893     		str	r3, [sp, #32]
  45 000a 0993     		str	r3, [sp, #36]
  39:Core/Src/adc.c ****   ADC_ChannelConfTypeDef sConfig = {0};
  46              		.loc 1 39 3 is_stmt 1 view .LVU3
  47              		.loc 1 39 26 is_stmt 0 view .LVU4
  48 000c 0193     		str	r3, [sp, #4]
  49 000e 0293     		str	r3, [sp, #8]
  50 0010 0393     		str	r3, [sp, #12]
  51 0012 0493     		str	r3, [sp, #16]
  52 0014 0593     		str	r3, [sp, #20]
  53 0016 0693     		str	r3, [sp, #24]
  40:Core/Src/adc.c **** 
  41:Core/Src/adc.c ****   /* USER CODE BEGIN ADC1_Init 1 */
  42:Core/Src/adc.c **** 
  43:Core/Src/adc.c ****   /* USER CODE END ADC1_Init 1 */
  44:Core/Src/adc.c **** 
  45:Core/Src/adc.c ****   /** Common config
  46:Core/Src/adc.c ****   */
  47:Core/Src/adc.c ****   hadc1.Instance = ADC1;
  54              		.loc 1 47 3 is_stmt 1 view .LVU5
  55              		.loc 1 47 18 is_stmt 0 view .LVU6
  56 0018 2748     		ldr	r0, .L13
  57 001a 4FF0A042 		mov	r2, #1342177280
  58 001e 0260     		str	r2, [r0]
  48:Core/Src/adc.c ****   hadc1.Init.ClockPrescaler = ADC_CLOCK_ASYNC_DIV1;
  59              		.loc 1 48 3 is_stmt 1 view .LVU7
  60              		.loc 1 48 29 is_stmt 0 view .LVU8
  61 0020 4360     		str	r3, [r0, #4]
  49:Core/Src/adc.c ****   hadc1.Init.Resolution = ADC_RESOLUTION_12B;
  62              		.loc 1 49 3 is_stmt 1 view .LVU9
  63              		.loc 1 49 25 is_stmt 0 view .LVU10
  64 0022 8360     		str	r3, [r0, #8]
  50:Core/Src/adc.c ****   hadc1.Init.ScanConvMode = ADC_SCAN_ENABLE;
  65              		.loc 1 50 3 is_stmt 1 view .LVU11
ARM GAS  C:\Users\31005\AppData\Local\Temp\ccVGRC4U.s 			page 3


  66              		.loc 1 50 27 is_stmt 0 view .LVU12
  67 0024 0122     		movs	r2, #1
  68 0026 0261     		str	r2, [r0, #16]
  51:Core/Src/adc.c ****   hadc1.Init.ContinuousConvMode = ENABLE;
  69              		.loc 1 51 3 is_stmt 1 view .LVU13
  70              		.loc 1 51 33 is_stmt 0 view .LVU14
  71 0028 4276     		strb	r2, [r0, #25]
  52:Core/Src/adc.c ****   hadc1.Init.DiscontinuousConvMode = DISABLE;
  72              		.loc 1 52 3 is_stmt 1 view .LVU15
  73              		.loc 1 52 36 is_stmt 0 view .LVU16
  74 002a 80F82030 		strb	r3, [r0, #32]
  53:Core/Src/adc.c ****   hadc1.Init.ExternalTrigConvEdge = ADC_EXTERNALTRIGCONVEDGE_NONE;
  75              		.loc 1 53 3 is_stmt 1 view .LVU17
  76              		.loc 1 53 35 is_stmt 0 view .LVU18
  77 002e C362     		str	r3, [r0, #44]
  54:Core/Src/adc.c ****   hadc1.Init.ExternalTrigConv = ADC_SOFTWARE_START;
  78              		.loc 1 54 3 is_stmt 1 view .LVU19
  79              		.loc 1 54 31 is_stmt 0 view .LVU20
  80 0030 8262     		str	r2, [r0, #40]
  55:Core/Src/adc.c ****   hadc1.Init.DataAlign = ADC_DATAALIGN_RIGHT;
  81              		.loc 1 55 3 is_stmt 1 view .LVU21
  82              		.loc 1 55 24 is_stmt 0 view .LVU22
  83 0032 C360     		str	r3, [r0, #12]
  56:Core/Src/adc.c ****   hadc1.Init.NbrOfConversion = 3;
  84              		.loc 1 56 3 is_stmt 1 view .LVU23
  85              		.loc 1 56 30 is_stmt 0 view .LVU24
  86 0034 0321     		movs	r1, #3
  87 0036 C161     		str	r1, [r0, #28]
  57:Core/Src/adc.c ****   hadc1.Init.DMAContinuousRequests = ENABLE;
  88              		.loc 1 57 3 is_stmt 1 view .LVU25
  89              		.loc 1 57 36 is_stmt 0 view .LVU26
  90 0038 80F83020 		strb	r2, [r0, #48]
  58:Core/Src/adc.c ****   hadc1.Init.EOCSelection = ADC_EOC_SINGLE_CONV;
  91              		.loc 1 58 3 is_stmt 1 view .LVU27
  92              		.loc 1 58 27 is_stmt 0 view .LVU28
  93 003c 0422     		movs	r2, #4
  94 003e 4261     		str	r2, [r0, #20]
  59:Core/Src/adc.c ****   hadc1.Init.LowPowerAutoWait = DISABLE;
  95              		.loc 1 59 3 is_stmt 1 view .LVU29
  96              		.loc 1 59 31 is_stmt 0 view .LVU30
  97 0040 0376     		strb	r3, [r0, #24]
  60:Core/Src/adc.c ****   hadc1.Init.Overrun = ADC_OVR_DATA_OVERWRITTEN;
  98              		.loc 1 60 3 is_stmt 1 view .LVU31
  99              		.loc 1 60 22 is_stmt 0 view .LVU32
 100 0042 4363     		str	r3, [r0, #52]
  61:Core/Src/adc.c ****   if (HAL_ADC_Init(&hadc1) != HAL_OK)
 101              		.loc 1 61 3 is_stmt 1 view .LVU33
 102              		.loc 1 61 7 is_stmt 0 view .LVU34
 103 0044 FFF7FEFF 		bl	HAL_ADC_Init
 104              	.LVL0:
 105              		.loc 1 61 6 view .LVU35
 106 0048 38BB     		cbnz	r0, .L8
 107              	.L2:
  62:Core/Src/adc.c ****   {
  63:Core/Src/adc.c ****     Error_Handler();
  64:Core/Src/adc.c ****   }
  65:Core/Src/adc.c **** 
ARM GAS  C:\Users\31005\AppData\Local\Temp\ccVGRC4U.s 			page 4


  66:Core/Src/adc.c ****   /** Configure the ADC multi-mode
  67:Core/Src/adc.c ****   */
  68:Core/Src/adc.c ****   multimode.Mode = ADC_MODE_INDEPENDENT;
 108              		.loc 1 68 3 is_stmt 1 view .LVU36
 109              		.loc 1 68 18 is_stmt 0 view .LVU37
 110 004a 0023     		movs	r3, #0
 111 004c 0793     		str	r3, [sp, #28]
  69:Core/Src/adc.c ****   if (HAL_ADCEx_MultiModeConfigChannel(&hadc1, &multimode) != HAL_OK)
 112              		.loc 1 69 3 is_stmt 1 view .LVU38
 113              		.loc 1 69 7 is_stmt 0 view .LVU39
 114 004e 07A9     		add	r1, sp, #28
 115 0050 1948     		ldr	r0, .L13
 116 0052 FFF7FEFF 		bl	HAL_ADCEx_MultiModeConfigChannel
 117              	.LVL1:
 118              		.loc 1 69 6 view .LVU40
 119 0056 18BB     		cbnz	r0, .L9
 120              	.L3:
  70:Core/Src/adc.c ****   {
  71:Core/Src/adc.c ****     Error_Handler();
  72:Core/Src/adc.c ****   }
  73:Core/Src/adc.c **** 
  74:Core/Src/adc.c ****   /** Configure Regular Channel
  75:Core/Src/adc.c ****   */
  76:Core/Src/adc.c ****   sConfig.Channel = ADC_CHANNEL_1;
 121              		.loc 1 76 3 is_stmt 1 view .LVU41
 122              		.loc 1 76 19 is_stmt 0 view .LVU42
 123 0058 0123     		movs	r3, #1
 124 005a 0193     		str	r3, [sp, #4]
  77:Core/Src/adc.c ****   sConfig.Rank = ADC_REGULAR_RANK_1;
 125              		.loc 1 77 3 is_stmt 1 view .LVU43
 126              		.loc 1 77 16 is_stmt 0 view .LVU44
 127 005c 0293     		str	r3, [sp, #8]
  78:Core/Src/adc.c ****   sConfig.SingleDiff = ADC_SINGLE_ENDED;
 128              		.loc 1 78 3 is_stmt 1 view .LVU45
 129              		.loc 1 78 22 is_stmt 0 view .LVU46
 130 005e 0023     		movs	r3, #0
 131 0060 0493     		str	r3, [sp, #16]
  79:Core/Src/adc.c ****   sConfig.SamplingTime = ADC_SAMPLETIME_61CYCLES_5;
 132              		.loc 1 79 3 is_stmt 1 view .LVU47
 133              		.loc 1 79 24 is_stmt 0 view .LVU48
 134 0062 0522     		movs	r2, #5
 135 0064 0392     		str	r2, [sp, #12]
  80:Core/Src/adc.c ****   sConfig.OffsetNumber = ADC_OFFSET_NONE;
 136              		.loc 1 80 3 is_stmt 1 view .LVU49
 137              		.loc 1 80 24 is_stmt 0 view .LVU50
 138 0066 0593     		str	r3, [sp, #20]
  81:Core/Src/adc.c ****   sConfig.Offset = 0;
 139              		.loc 1 81 3 is_stmt 1 view .LVU51
 140              		.loc 1 81 18 is_stmt 0 view .LVU52
 141 0068 0693     		str	r3, [sp, #24]
  82:Core/Src/adc.c ****   if (HAL_ADC_ConfigChannel(&hadc1, &sConfig) != HAL_OK)
 142              		.loc 1 82 3 is_stmt 1 view .LVU53
 143              		.loc 1 82 7 is_stmt 0 view .LVU54
 144 006a 01A9     		add	r1, sp, #4
 145 006c 1248     		ldr	r0, .L13
 146 006e FFF7FEFF 		bl	HAL_ADC_ConfigChannel
 147              	.LVL2:
ARM GAS  C:\Users\31005\AppData\Local\Temp\ccVGRC4U.s 			page 5


 148              		.loc 1 82 6 view .LVU55
 149 0072 C0B9     		cbnz	r0, .L10
 150              	.L4:
  83:Core/Src/adc.c ****   {
  84:Core/Src/adc.c ****     Error_Handler();
  85:Core/Src/adc.c ****   }
  86:Core/Src/adc.c **** 
  87:Core/Src/adc.c ****   /** Configure Regular Channel
  88:Core/Src/adc.c ****   */
  89:Core/Src/adc.c ****   sConfig.Channel = ADC_CHANNEL_2;
 151              		.loc 1 89 3 is_stmt 1 view .LVU56
 152              		.loc 1 89 19 is_stmt 0 view .LVU57
 153 0074 0223     		movs	r3, #2
 154 0076 0193     		str	r3, [sp, #4]
  90:Core/Src/adc.c ****   sConfig.Rank = ADC_REGULAR_RANK_2;
 155              		.loc 1 90 3 is_stmt 1 view .LVU58
 156              		.loc 1 90 16 is_stmt 0 view .LVU59
 157 0078 0293     		str	r3, [sp, #8]
  91:Core/Src/adc.c ****   if (HAL_ADC_ConfigChannel(&hadc1, &sConfig) != HAL_OK)
 158              		.loc 1 91 3 is_stmt 1 view .LVU60
 159              		.loc 1 91 7 is_stmt 0 view .LVU61
 160 007a 01A9     		add	r1, sp, #4
 161 007c 0E48     		ldr	r0, .L13
 162 007e FFF7FEFF 		bl	HAL_ADC_ConfigChannel
 163              	.LVL3:
 164              		.loc 1 91 6 view .LVU62
 165 0082 98B9     		cbnz	r0, .L11
 166              	.L5:
  92:Core/Src/adc.c ****   {
  93:Core/Src/adc.c ****     Error_Handler();
  94:Core/Src/adc.c ****   }
  95:Core/Src/adc.c **** 
  96:Core/Src/adc.c ****   /** Configure Regular Channel
  97:Core/Src/adc.c ****   */
  98:Core/Src/adc.c ****   sConfig.Channel = ADC_CHANNEL_3;
 167              		.loc 1 98 3 is_stmt 1 view .LVU63
 168              		.loc 1 98 19 is_stmt 0 view .LVU64
 169 0084 0323     		movs	r3, #3
 170 0086 0193     		str	r3, [sp, #4]
  99:Core/Src/adc.c ****   sConfig.Rank = ADC_REGULAR_RANK_3;
 171              		.loc 1 99 3 is_stmt 1 view .LVU65
 172              		.loc 1 99 16 is_stmt 0 view .LVU66
 173 0088 0293     		str	r3, [sp, #8]
 100:Core/Src/adc.c ****   if (HAL_ADC_ConfigChannel(&hadc1, &sConfig) != HAL_OK)
 174              		.loc 1 100 3 is_stmt 1 view .LVU67
 175              		.loc 1 100 7 is_stmt 0 view .LVU68
 176 008a 01A9     		add	r1, sp, #4
 177 008c 0A48     		ldr	r0, .L13
 178 008e FFF7FEFF 		bl	HAL_ADC_ConfigChannel
 179              	.LVL4:
 180              		.loc 1 100 6 view .LVU69
 181 0092 70B9     		cbnz	r0, .L12
 182              	.L1:
 101:Core/Src/adc.c ****   {
 102:Core/Src/adc.c ****     Error_Handler();
 103:Core/Src/adc.c ****   }
 104:Core/Src/adc.c ****   /* USER CODE BEGIN ADC1_Init 2 */
ARM GAS  C:\Users\31005\AppData\Local\Temp\ccVGRC4U.s 			page 6


 105:Core/Src/adc.c **** 
 106:Core/Src/adc.c ****   /* USER CODE END ADC1_Init 2 */
 107:Core/Src/adc.c **** 
 108:Core/Src/adc.c **** }
 183              		.loc 1 108 1 view .LVU70
 184 0094 0BB0     		add	sp, sp, #44
 185              	.LCFI2:
 186              		.cfi_remember_state
 187              		.cfi_def_cfa_offset 4
 188              		@ sp needed
 189 0096 5DF804FB 		ldr	pc, [sp], #4
 190              	.L8:
 191              	.LCFI3:
 192              		.cfi_restore_state
  63:Core/Src/adc.c ****   }
 193              		.loc 1 63 5 is_stmt 1 view .LVU71
 194 009a FFF7FEFF 		bl	Error_Handler
 195              	.LVL5:
 196 009e D4E7     		b	.L2
 197              	.L9:
  71:Core/Src/adc.c ****   }
 198              		.loc 1 71 5 view .LVU72
 199 00a0 FFF7FEFF 		bl	Error_Handler
 200              	.LVL6:
 201 00a4 D8E7     		b	.L3
 202              	.L10:
  84:Core/Src/adc.c ****   }
 203              		.loc 1 84 5 view .LVU73
 204 00a6 FFF7FEFF 		bl	Error_Handler
 205              	.LVL7:
 206 00aa E3E7     		b	.L4
 207              	.L11:
  93:Core/Src/adc.c ****   }
 208              		.loc 1 93 5 view .LVU74
 209 00ac FFF7FEFF 		bl	Error_Handler
 210              	.LVL8:
 211 00b0 E8E7     		b	.L5
 212              	.L12:
 102:Core/Src/adc.c ****   }
 213              		.loc 1 102 5 view .LVU75
 214 00b2 FFF7FEFF 		bl	Error_Handler
 215              	.LVL9:
 216              		.loc 1 108 1 is_stmt 0 view .LVU76
 217 00b6 EDE7     		b	.L1
 218              	.L14:
 219              		.align	2
 220              	.L13:
 221 00b8 00000000 		.word	hadc1
 222              		.cfi_endproc
 223              	.LFE123:
 225              		.section	.text.HAL_ADC_MspInit,"ax",%progbits
 226              		.align	1
 227              		.global	HAL_ADC_MspInit
 228              		.syntax unified
 229              		.thumb
 230              		.thumb_func
 232              	HAL_ADC_MspInit:
ARM GAS  C:\Users\31005\AppData\Local\Temp\ccVGRC4U.s 			page 7


 233              	.LVL10:
 234              	.LFB124:
 109:Core/Src/adc.c **** 
 110:Core/Src/adc.c **** void HAL_ADC_MspInit(ADC_HandleTypeDef* adcHandle)
 111:Core/Src/adc.c **** {
 235              		.loc 1 111 1 is_stmt 1 view -0
 236              		.cfi_startproc
 237              		@ args = 0, pretend = 0, frame = 32
 238              		@ frame_needed = 0, uses_anonymous_args = 0
 239              		.loc 1 111 1 is_stmt 0 view .LVU78
 240 0000 10B5     		push	{r4, lr}
 241              	.LCFI4:
 242              		.cfi_def_cfa_offset 8
 243              		.cfi_offset 4, -8
 244              		.cfi_offset 14, -4
 245 0002 88B0     		sub	sp, sp, #32
 246              	.LCFI5:
 247              		.cfi_def_cfa_offset 40
 112:Core/Src/adc.c **** 
 113:Core/Src/adc.c ****   GPIO_InitTypeDef GPIO_InitStruct = {0};
 248              		.loc 1 113 3 is_stmt 1 view .LVU79
 249              		.loc 1 113 20 is_stmt 0 view .LVU80
 250 0004 0023     		movs	r3, #0
 251 0006 0393     		str	r3, [sp, #12]
 252 0008 0493     		str	r3, [sp, #16]
 253 000a 0593     		str	r3, [sp, #20]
 254 000c 0693     		str	r3, [sp, #24]
 255 000e 0793     		str	r3, [sp, #28]
 114:Core/Src/adc.c ****   if(adcHandle->Instance==ADC1)
 256              		.loc 1 114 3 is_stmt 1 view .LVU81
 257              		.loc 1 114 15 is_stmt 0 view .LVU82
 258 0010 0368     		ldr	r3, [r0]
 259              		.loc 1 114 5 view .LVU83
 260 0012 B3F1A04F 		cmp	r3, #1342177280
 261 0016 01D0     		beq	.L19
 262              	.LVL11:
 263              	.L15:
 115:Core/Src/adc.c ****   {
 116:Core/Src/adc.c ****   /* USER CODE BEGIN ADC1_MspInit 0 */
 117:Core/Src/adc.c **** 
 118:Core/Src/adc.c ****   /* USER CODE END ADC1_MspInit 0 */
 119:Core/Src/adc.c ****     /* ADC1 clock enable */
 120:Core/Src/adc.c ****     __HAL_RCC_ADC12_CLK_ENABLE();
 121:Core/Src/adc.c **** 
 122:Core/Src/adc.c ****     __HAL_RCC_GPIOA_CLK_ENABLE();
 123:Core/Src/adc.c ****     /**ADC1 GPIO Configuration
 124:Core/Src/adc.c ****     PA0     ------> ADC1_IN1
 125:Core/Src/adc.c ****     PA1     ------> ADC1_IN2
 126:Core/Src/adc.c ****     PA2     ------> ADC1_IN3
 127:Core/Src/adc.c ****     */
 128:Core/Src/adc.c ****     GPIO_InitStruct.Pin = GPIO_PIN_0|GPIO_PIN_1|GPIO_PIN_2;
 129:Core/Src/adc.c ****     GPIO_InitStruct.Mode = GPIO_MODE_ANALOG;
 130:Core/Src/adc.c ****     GPIO_InitStruct.Pull = GPIO_NOPULL;
 131:Core/Src/adc.c ****     HAL_GPIO_Init(GPIOA, &GPIO_InitStruct);
 132:Core/Src/adc.c **** 
 133:Core/Src/adc.c ****     /* ADC1 DMA Init */
 134:Core/Src/adc.c ****     /* ADC1 Init */
ARM GAS  C:\Users\31005\AppData\Local\Temp\ccVGRC4U.s 			page 8


 135:Core/Src/adc.c ****     hdma_adc1.Instance = DMA1_Channel1;
 136:Core/Src/adc.c ****     hdma_adc1.Init.Direction = DMA_PERIPH_TO_MEMORY;
 137:Core/Src/adc.c ****     hdma_adc1.Init.PeriphInc = DMA_PINC_DISABLE;
 138:Core/Src/adc.c ****     hdma_adc1.Init.MemInc = DMA_MINC_ENABLE;
 139:Core/Src/adc.c ****     hdma_adc1.Init.PeriphDataAlignment = DMA_PDATAALIGN_WORD;
 140:Core/Src/adc.c ****     hdma_adc1.Init.MemDataAlignment = DMA_MDATAALIGN_WORD;
 141:Core/Src/adc.c ****     hdma_adc1.Init.Mode = DMA_CIRCULAR;
 142:Core/Src/adc.c ****     hdma_adc1.Init.Priority = DMA_PRIORITY_LOW;
 143:Core/Src/adc.c ****     if (HAL_DMA_Init(&hdma_adc1) != HAL_OK)
 144:Core/Src/adc.c ****     {
 145:Core/Src/adc.c ****       Error_Handler();
 146:Core/Src/adc.c ****     }
 147:Core/Src/adc.c **** 
 148:Core/Src/adc.c ****     __HAL_LINKDMA(adcHandle,DMA_Handle,hdma_adc1);
 149:Core/Src/adc.c **** 
 150:Core/Src/adc.c ****   /* USER CODE BEGIN ADC1_MspInit 1 */
 151:Core/Src/adc.c **** 
 152:Core/Src/adc.c ****   /* USER CODE END ADC1_MspInit 1 */
 153:Core/Src/adc.c ****   }
 154:Core/Src/adc.c **** }
 264              		.loc 1 154 1 view .LVU84
 265 0018 08B0     		add	sp, sp, #32
 266              	.LCFI6:
 267              		.cfi_remember_state
 268              		.cfi_def_cfa_offset 8
 269              		@ sp needed
 270 001a 10BD     		pop	{r4, pc}
 271              	.LVL12:
 272              	.L19:
 273              	.LCFI7:
 274              		.cfi_restore_state
 275              		.loc 1 154 1 view .LVU85
 276 001c 0446     		mov	r4, r0
 120:Core/Src/adc.c **** 
 277              		.loc 1 120 5 is_stmt 1 view .LVU86
 278              	.LBB2:
 120:Core/Src/adc.c **** 
 279              		.loc 1 120 5 view .LVU87
 120:Core/Src/adc.c **** 
 280              		.loc 1 120 5 view .LVU88
 281 001e 03F17043 		add	r3, r3, #-268435456
 282 0022 03F50433 		add	r3, r3, #135168
 283 0026 5A69     		ldr	r2, [r3, #20]
 284 0028 42F08052 		orr	r2, r2, #268435456
 285 002c 5A61     		str	r2, [r3, #20]
 120:Core/Src/adc.c **** 
 286              		.loc 1 120 5 view .LVU89
 287 002e 5A69     		ldr	r2, [r3, #20]
 288 0030 02F08052 		and	r2, r2, #268435456
 289 0034 0192     		str	r2, [sp, #4]
 120:Core/Src/adc.c **** 
 290              		.loc 1 120 5 view .LVU90
 291 0036 019A     		ldr	r2, [sp, #4]
 292              	.LBE2:
 120:Core/Src/adc.c **** 
 293              		.loc 1 120 5 view .LVU91
 122:Core/Src/adc.c ****     /**ADC1 GPIO Configuration
ARM GAS  C:\Users\31005\AppData\Local\Temp\ccVGRC4U.s 			page 9


 294              		.loc 1 122 5 view .LVU92
 295              	.LBB3:
 122:Core/Src/adc.c ****     /**ADC1 GPIO Configuration
 296              		.loc 1 122 5 view .LVU93
 122:Core/Src/adc.c ****     /**ADC1 GPIO Configuration
 297              		.loc 1 122 5 view .LVU94
 298 0038 5A69     		ldr	r2, [r3, #20]
 299 003a 42F40032 		orr	r2, r2, #131072
 300 003e 5A61     		str	r2, [r3, #20]
 122:Core/Src/adc.c ****     /**ADC1 GPIO Configuration
 301              		.loc 1 122 5 view .LVU95
 302 0040 5B69     		ldr	r3, [r3, #20]
 303 0042 03F40033 		and	r3, r3, #131072
 304 0046 0293     		str	r3, [sp, #8]
 122:Core/Src/adc.c ****     /**ADC1 GPIO Configuration
 305              		.loc 1 122 5 view .LVU96
 306 0048 029B     		ldr	r3, [sp, #8]
 307              	.LBE3:
 122:Core/Src/adc.c ****     /**ADC1 GPIO Configuration
 308              		.loc 1 122 5 view .LVU97
 128:Core/Src/adc.c ****     GPIO_InitStruct.Mode = GPIO_MODE_ANALOG;
 309              		.loc 1 128 5 view .LVU98
 128:Core/Src/adc.c ****     GPIO_InitStruct.Mode = GPIO_MODE_ANALOG;
 310              		.loc 1 128 25 is_stmt 0 view .LVU99
 311 004a 0723     		movs	r3, #7
 312 004c 0393     		str	r3, [sp, #12]
 129:Core/Src/adc.c ****     GPIO_InitStruct.Pull = GPIO_NOPULL;
 313              		.loc 1 129 5 is_stmt 1 view .LVU100
 129:Core/Src/adc.c ****     GPIO_InitStruct.Pull = GPIO_NOPULL;
 314              		.loc 1 129 26 is_stmt 0 view .LVU101
 315 004e 0323     		movs	r3, #3
 316 0050 0493     		str	r3, [sp, #16]
 130:Core/Src/adc.c ****     HAL_GPIO_Init(GPIOA, &GPIO_InitStruct);
 317              		.loc 1 130 5 is_stmt 1 view .LVU102
 131:Core/Src/adc.c **** 
 318              		.loc 1 131 5 view .LVU103
 319 0052 03A9     		add	r1, sp, #12
 320 0054 4FF09040 		mov	r0, #1207959552
 321              	.LVL13:
 131:Core/Src/adc.c **** 
 322              		.loc 1 131 5 is_stmt 0 view .LVU104
 323 0058 FFF7FEFF 		bl	HAL_GPIO_Init
 324              	.LVL14:
 135:Core/Src/adc.c ****     hdma_adc1.Init.Direction = DMA_PERIPH_TO_MEMORY;
 325              		.loc 1 135 5 is_stmt 1 view .LVU105
 135:Core/Src/adc.c ****     hdma_adc1.Init.Direction = DMA_PERIPH_TO_MEMORY;
 326              		.loc 1 135 24 is_stmt 0 view .LVU106
 327 005c 0D48     		ldr	r0, .L21
 328 005e 0E4B     		ldr	r3, .L21+4
 329 0060 0360     		str	r3, [r0]
 136:Core/Src/adc.c ****     hdma_adc1.Init.PeriphInc = DMA_PINC_DISABLE;
 330              		.loc 1 136 5 is_stmt 1 view .LVU107
 136:Core/Src/adc.c ****     hdma_adc1.Init.PeriphInc = DMA_PINC_DISABLE;
 331              		.loc 1 136 30 is_stmt 0 view .LVU108
 332 0062 0023     		movs	r3, #0
 333 0064 4360     		str	r3, [r0, #4]
 137:Core/Src/adc.c ****     hdma_adc1.Init.MemInc = DMA_MINC_ENABLE;
ARM GAS  C:\Users\31005\AppData\Local\Temp\ccVGRC4U.s 			page 10


 334              		.loc 1 137 5 is_stmt 1 view .LVU109
 137:Core/Src/adc.c ****     hdma_adc1.Init.MemInc = DMA_MINC_ENABLE;
 335              		.loc 1 137 30 is_stmt 0 view .LVU110
 336 0066 8360     		str	r3, [r0, #8]
 138:Core/Src/adc.c ****     hdma_adc1.Init.PeriphDataAlignment = DMA_PDATAALIGN_WORD;
 337              		.loc 1 138 5 is_stmt 1 view .LVU111
 138:Core/Src/adc.c ****     hdma_adc1.Init.PeriphDataAlignment = DMA_PDATAALIGN_WORD;
 338              		.loc 1 138 27 is_stmt 0 view .LVU112
 339 0068 8022     		movs	r2, #128
 340 006a C260     		str	r2, [r0, #12]
 139:Core/Src/adc.c ****     hdma_adc1.Init.MemDataAlignment = DMA_MDATAALIGN_WORD;
 341              		.loc 1 139 5 is_stmt 1 view .LVU113
 139:Core/Src/adc.c ****     hdma_adc1.Init.MemDataAlignment = DMA_MDATAALIGN_WORD;
 342              		.loc 1 139 40 is_stmt 0 view .LVU114
 343 006c 4FF40072 		mov	r2, #512
 344 0070 0261     		str	r2, [r0, #16]
 140:Core/Src/adc.c ****     hdma_adc1.Init.Mode = DMA_CIRCULAR;
 345              		.loc 1 140 5 is_stmt 1 view .LVU115
 140:Core/Src/adc.c ****     hdma_adc1.Init.Mode = DMA_CIRCULAR;
 346              		.loc 1 140 37 is_stmt 0 view .LVU116
 347 0072 4FF40062 		mov	r2, #2048
 348 0076 4261     		str	r2, [r0, #20]
 141:Core/Src/adc.c ****     hdma_adc1.Init.Priority = DMA_PRIORITY_LOW;
 349              		.loc 1 141 5 is_stmt 1 view .LVU117
 141:Core/Src/adc.c ****     hdma_adc1.Init.Priority = DMA_PRIORITY_LOW;
 350              		.loc 1 141 25 is_stmt 0 view .LVU118
 351 0078 2022     		movs	r2, #32
 352 007a 8261     		str	r2, [r0, #24]
 142:Core/Src/adc.c ****     if (HAL_DMA_Init(&hdma_adc1) != HAL_OK)
 353              		.loc 1 142 5 is_stmt 1 view .LVU119
 142:Core/Src/adc.c ****     if (HAL_DMA_Init(&hdma_adc1) != HAL_OK)
 354              		.loc 1 142 29 is_stmt 0 view .LVU120
 355 007c C361     		str	r3, [r0, #28]
 143:Core/Src/adc.c ****     {
 356              		.loc 1 143 5 is_stmt 1 view .LVU121
 143:Core/Src/adc.c ****     {
 357              		.loc 1 143 9 is_stmt 0 view .LVU122
 358 007e FFF7FEFF 		bl	HAL_DMA_Init
 359              	.LVL15:
 143:Core/Src/adc.c ****     {
 360              		.loc 1 143 8 view .LVU123
 361 0082 18B9     		cbnz	r0, .L20
 362              	.L17:
 148:Core/Src/adc.c **** 
 363              		.loc 1 148 5 is_stmt 1 view .LVU124
 148:Core/Src/adc.c **** 
 364              		.loc 1 148 5 view .LVU125
 365 0084 034B     		ldr	r3, .L21
 366 0086 A363     		str	r3, [r4, #56]
 148:Core/Src/adc.c **** 
 367              		.loc 1 148 5 view .LVU126
 368 0088 5C62     		str	r4, [r3, #36]
 148:Core/Src/adc.c **** 
 369              		.loc 1 148 5 view .LVU127
 370              		.loc 1 154 1 is_stmt 0 view .LVU128
 371 008a C5E7     		b	.L15
 372              	.L20:
ARM GAS  C:\Users\31005\AppData\Local\Temp\ccVGRC4U.s 			page 11


 145:Core/Src/adc.c ****     }
 373              		.loc 1 145 7 is_stmt 1 view .LVU129
 374 008c FFF7FEFF 		bl	Error_Handler
 375              	.LVL16:
 376 0090 F8E7     		b	.L17
 377              	.L22:
 378 0092 00BF     		.align	2
 379              	.L21:
 380 0094 00000000 		.word	hdma_adc1
 381 0098 08000240 		.word	1073872904
 382              		.cfi_endproc
 383              	.LFE124:
 385              		.section	.text.HAL_ADC_MspDeInit,"ax",%progbits
 386              		.align	1
 387              		.global	HAL_ADC_MspDeInit
 388              		.syntax unified
 389              		.thumb
 390              		.thumb_func
 392              	HAL_ADC_MspDeInit:
 393              	.LVL17:
 394              	.LFB125:
 155:Core/Src/adc.c **** 
 156:Core/Src/adc.c **** void HAL_ADC_MspDeInit(ADC_HandleTypeDef* adcHandle)
 157:Core/Src/adc.c **** {
 395              		.loc 1 157 1 view -0
 396              		.cfi_startproc
 397              		@ args = 0, pretend = 0, frame = 0
 398              		@ frame_needed = 0, uses_anonymous_args = 0
 158:Core/Src/adc.c **** 
 159:Core/Src/adc.c ****   if(adcHandle->Instance==ADC1)
 399              		.loc 1 159 3 view .LVU131
 400              		.loc 1 159 15 is_stmt 0 view .LVU132
 401 0000 0368     		ldr	r3, [r0]
 402              		.loc 1 159 5 view .LVU133
 403 0002 B3F1A04F 		cmp	r3, #1342177280
 404 0006 00D0     		beq	.L29
 405 0008 7047     		bx	lr
 406              	.L29:
 157:Core/Src/adc.c **** 
 407              		.loc 1 157 1 view .LVU134
 408 000a 10B5     		push	{r4, lr}
 409              	.LCFI8:
 410              		.cfi_def_cfa_offset 8
 411              		.cfi_offset 4, -8
 412              		.cfi_offset 14, -4
 413 000c 0446     		mov	r4, r0
 160:Core/Src/adc.c ****   {
 161:Core/Src/adc.c ****   /* USER CODE BEGIN ADC1_MspDeInit 0 */
 162:Core/Src/adc.c **** 
 163:Core/Src/adc.c ****   /* USER CODE END ADC1_MspDeInit 0 */
 164:Core/Src/adc.c ****     /* Peripheral clock disable */
 165:Core/Src/adc.c ****     __HAL_RCC_ADC12_CLK_DISABLE();
 414              		.loc 1 165 5 is_stmt 1 view .LVU135
 415 000e 074A     		ldr	r2, .L30
 416 0010 5369     		ldr	r3, [r2, #20]
 417 0012 23F08053 		bic	r3, r3, #268435456
 418 0016 5361     		str	r3, [r2, #20]
ARM GAS  C:\Users\31005\AppData\Local\Temp\ccVGRC4U.s 			page 12


 166:Core/Src/adc.c **** 
 167:Core/Src/adc.c ****     /**ADC1 GPIO Configuration
 168:Core/Src/adc.c ****     PA0     ------> ADC1_IN1
 169:Core/Src/adc.c ****     PA1     ------> ADC1_IN2
 170:Core/Src/adc.c ****     PA2     ------> ADC1_IN3
 171:Core/Src/adc.c ****     */
 172:Core/Src/adc.c ****     HAL_GPIO_DeInit(GPIOA, GPIO_PIN_0|GPIO_PIN_1|GPIO_PIN_2);
 419              		.loc 1 172 5 view .LVU136
 420 0018 0721     		movs	r1, #7
 421 001a 4FF09040 		mov	r0, #1207959552
 422              	.LVL18:
 423              		.loc 1 172 5 is_stmt 0 view .LVU137
 424 001e FFF7FEFF 		bl	HAL_GPIO_DeInit
 425              	.LVL19:
 173:Core/Src/adc.c **** 
 174:Core/Src/adc.c ****     /* ADC1 DMA DeInit */
 175:Core/Src/adc.c ****     HAL_DMA_DeInit(adcHandle->DMA_Handle);
 426              		.loc 1 175 5 is_stmt 1 view .LVU138
 427 0022 A06B     		ldr	r0, [r4, #56]
 428 0024 FFF7FEFF 		bl	HAL_DMA_DeInit
 429              	.LVL20:
 176:Core/Src/adc.c ****   /* USER CODE BEGIN ADC1_MspDeInit 1 */
 177:Core/Src/adc.c **** 
 178:Core/Src/adc.c ****   /* USER CODE END ADC1_MspDeInit 1 */
 179:Core/Src/adc.c ****   }
 180:Core/Src/adc.c **** }
 430              		.loc 1 180 1 is_stmt 0 view .LVU139
 431 0028 10BD     		pop	{r4, pc}
 432              	.LVL21:
 433              	.L31:
 434              		.loc 1 180 1 view .LVU140
 435 002a 00BF     		.align	2
 436              	.L30:
 437 002c 00100240 		.word	1073876992
 438              		.cfi_endproc
 439              	.LFE125:
 441              		.global	hdma_adc1
 442              		.section	.bss.hdma_adc1,"aw",%nobits
 443              		.align	2
 446              	hdma_adc1:
 447 0000 00000000 		.space	68
 447      00000000 
 447      00000000 
 447      00000000 
 447      00000000 
 448              		.global	hadc1
 449              		.section	.bss.hadc1,"aw",%nobits
 450              		.align	2
 453              	hadc1:
 454 0000 00000000 		.space	80
 454      00000000 
 454      00000000 
 454      00000000 
 454      00000000 
 455              		.text
 456              	.Letext0:
 457              		.file 2 "e:\\vscode\\msys2\\mingw64\\arm-none-eabi\\include\\machine\\_default_types.h"
ARM GAS  C:\Users\31005\AppData\Local\Temp\ccVGRC4U.s 			page 13


 458              		.file 3 "e:\\vscode\\msys2\\mingw64\\arm-none-eabi\\include\\sys\\_stdint.h"
 459              		.file 4 "Drivers/CMSIS/Device/ST/STM32F3xx/Include/stm32f334x8.h"
 460              		.file 5 "Drivers/CMSIS/Device/ST/STM32F3xx/Include/stm32f3xx.h"
 461              		.file 6 "Drivers/STM32F3xx_HAL_Driver/Inc/stm32f3xx_hal_def.h"
 462              		.file 7 "Drivers/STM32F3xx_HAL_Driver/Inc/stm32f3xx_hal_gpio.h"
 463              		.file 8 "Drivers/STM32F3xx_HAL_Driver/Inc/stm32f3xx_hal_dma.h"
 464              		.file 9 "Drivers/STM32F3xx_HAL_Driver/Inc/stm32f3xx_hal_adc_ex.h"
 465              		.file 10 "Drivers/STM32F3xx_HAL_Driver/Inc/stm32f3xx_hal_adc.h"
 466              		.file 11 "Core/Inc/adc.h"
 467              		.file 12 "Core/Inc/main.h"
ARM GAS  C:\Users\31005\AppData\Local\Temp\ccVGRC4U.s 			page 14


DEFINED SYMBOLS
                            *ABS*:00000000 adc.c
C:\Users\31005\AppData\Local\Temp\ccVGRC4U.s:21     .text.MX_ADC1_Init:00000000 $t
C:\Users\31005\AppData\Local\Temp\ccVGRC4U.s:27     .text.MX_ADC1_Init:00000000 MX_ADC1_Init
C:\Users\31005\AppData\Local\Temp\ccVGRC4U.s:221    .text.MX_ADC1_Init:000000b8 $d
C:\Users\31005\AppData\Local\Temp\ccVGRC4U.s:453    .bss.hadc1:00000000 hadc1
C:\Users\31005\AppData\Local\Temp\ccVGRC4U.s:226    .text.HAL_ADC_MspInit:00000000 $t
C:\Users\31005\AppData\Local\Temp\ccVGRC4U.s:232    .text.HAL_ADC_MspInit:00000000 HAL_ADC_MspInit
C:\Users\31005\AppData\Local\Temp\ccVGRC4U.s:380    .text.HAL_ADC_MspInit:00000094 $d
C:\Users\31005\AppData\Local\Temp\ccVGRC4U.s:446    .bss.hdma_adc1:00000000 hdma_adc1
C:\Users\31005\AppData\Local\Temp\ccVGRC4U.s:386    .text.HAL_ADC_MspDeInit:00000000 $t
C:\Users\31005\AppData\Local\Temp\ccVGRC4U.s:392    .text.HAL_ADC_MspDeInit:00000000 HAL_ADC_MspDeInit
C:\Users\31005\AppData\Local\Temp\ccVGRC4U.s:437    .text.HAL_ADC_MspDeInit:0000002c $d
C:\Users\31005\AppData\Local\Temp\ccVGRC4U.s:443    .bss.hdma_adc1:00000000 $d
C:\Users\31005\AppData\Local\Temp\ccVGRC4U.s:450    .bss.hadc1:00000000 $d

UNDEFINED SYMBOLS
HAL_ADC_Init
HAL_ADCEx_MultiModeConfigChannel
HAL_ADC_ConfigChannel
Error_Handler
HAL_GPIO_Init
HAL_DMA_Init
HAL_GPIO_DeInit
HAL_DMA_DeInit
