ARM GAS  C:\Users\31005\AppData\Local\Temp\ccJwLLF6.s 			page 1


   1              		.cpu cortex-m4
   2              		.arch armv7e-m
   3              		.fpu fpv4-sp-d16
   4              		.eabi_attribute 27, 1
   5              		.eabi_attribute 28, 1
   6              		.eabi_attribute 20, 1
   7              		.eabi_attribute 21, 1
   8              		.eabi_attribute 23, 3
   9              		.eabi_attribute 24, 1
  10              		.eabi_attribute 25, 1
  11              		.eabi_attribute 26, 1
  12              		.eabi_attribute 30, 1
  13              		.eabi_attribute 34, 1
  14              		.eabi_attribute 18, 4
  15              		.file	"bsp_dwt.c"
  16              		.text
  17              	.Ltext0:
  18              		.cfi_sections	.debug_frame
  19              		.file 1 "Bsp/bsp_dwt.c"
  20              		.section	.text.DWT_Init,"ax",%progbits
  21              		.align	1
  22              		.global	DWT_Init
  23              		.syntax unified
  24              		.thumb
  25              		.thumb_func
  27              	DWT_Init:
  28              	.LVL0:
  29              	.LFB123:
   1:Bsp/bsp_dwt.c **** /**
   2:Bsp/bsp_dwt.c ****   ******************************************************************************
   3:Bsp/bsp_dwt.c ****   * @file	 bsp_dwt.c
   4:Bsp/bsp_dwt.c ****   * @author  Wang Hongxi
   5:Bsp/bsp_dwt.c ****   * @version V1.0.0
   6:Bsp/bsp_dwt.c ****   * @date    2020/2/14
   7:Bsp/bsp_dwt.c ****   * @brief   
   8:Bsp/bsp_dwt.c ****   ******************************************************************************
   9:Bsp/bsp_dwt.c ****   * @attention
  10:Bsp/bsp_dwt.c ****   *
  11:Bsp/bsp_dwt.c ****   ******************************************************************************
  12:Bsp/bsp_dwt.c ****   */
  13:Bsp/bsp_dwt.c **** #include "bsp_dwt.h"
  14:Bsp/bsp_dwt.c **** 
  15:Bsp/bsp_dwt.c **** static uint32_t CPU_FREQ_Hz;
  16:Bsp/bsp_dwt.c **** static uint32_t CYCCNT_RountCount;
  17:Bsp/bsp_dwt.c **** static float DWT_Timeline;
  18:Bsp/bsp_dwt.c **** 
  19:Bsp/bsp_dwt.c **** void DWT_Init(uint32_t CPU_Freq_mHz)
  20:Bsp/bsp_dwt.c **** {
  30              		.loc 1 20 1 view -0
  31              		.cfi_startproc
  32              		@ args = 0, pretend = 0, frame = 0
  33              		@ frame_needed = 0, uses_anonymous_args = 0
  34              		@ link register save eliminated.
  21:Bsp/bsp_dwt.c ****     /* 使能DWT外设 */
  22:Bsp/bsp_dwt.c ****     CoreDebug->DEMCR |= CoreDebug_DEMCR_TRCENA_Msk;
  35              		.loc 1 22 5 view .LVU1
  36              		.loc 1 22 14 is_stmt 0 view .LVU2
ARM GAS  C:\Users\31005\AppData\Local\Temp\ccJwLLF6.s 			page 2


  37 0000 0C4A     		ldr	r2, .L2
  38 0002 D2F8FC30 		ldr	r3, [r2, #252]
  39              		.loc 1 22 22 view .LVU3
  40 0006 43F08073 		orr	r3, r3, #16777216
  41 000a C2F8FC30 		str	r3, [r2, #252]
  23:Bsp/bsp_dwt.c **** 
  24:Bsp/bsp_dwt.c ****     /* DWT CYCCNT寄存器计数清0 */
  25:Bsp/bsp_dwt.c ****     DWT->CYCCNT = (uint32_t)0u;
  42              		.loc 1 25 5 is_stmt 1 view .LVU4
  43              		.loc 1 25 17 is_stmt 0 view .LVU5
  44 000e 0A4B     		ldr	r3, .L2+4
  45 0010 0021     		movs	r1, #0
  46 0012 5960     		str	r1, [r3, #4]
  26:Bsp/bsp_dwt.c **** 
  27:Bsp/bsp_dwt.c ****     /* 使能Cortex-M DWT CYCCNT寄存器 */
  28:Bsp/bsp_dwt.c ****     DWT->CTRL |= DWT_CTRL_CYCCNTENA_Msk;
  47              		.loc 1 28 5 is_stmt 1 view .LVU6
  48              		.loc 1 28 8 is_stmt 0 view .LVU7
  49 0014 1A68     		ldr	r2, [r3]
  50              		.loc 1 28 15 view .LVU8
  51 0016 42F00102 		orr	r2, r2, #1
  52 001a 1A60     		str	r2, [r3]
  29:Bsp/bsp_dwt.c **** 
  30:Bsp/bsp_dwt.c ****     CPU_FREQ_Hz = CPU_Freq_mHz * 1000000;
  53              		.loc 1 30 5 is_stmt 1 view .LVU9
  54              		.loc 1 30 32 is_stmt 0 view .LVU10
  55 001c 074B     		ldr	r3, .L2+8
  56 001e 03FB00F0 		mul	r0, r3, r0
  57              	.LVL1:
  58              		.loc 1 30 17 view .LVU11
  59 0022 074B     		ldr	r3, .L2+12
  60 0024 1860     		str	r0, [r3]
  31:Bsp/bsp_dwt.c ****     CYCCNT_RountCount = 0;
  61              		.loc 1 31 5 is_stmt 1 view .LVU12
  62              		.loc 1 31 23 is_stmt 0 view .LVU13
  63 0026 074B     		ldr	r3, .L2+16
  64 0028 1960     		str	r1, [r3]
  32:Bsp/bsp_dwt.c ****     DWT_Timeline = 0;
  65              		.loc 1 32 5 is_stmt 1 view .LVU14
  66              		.loc 1 32 18 is_stmt 0 view .LVU15
  67 002a 074B     		ldr	r3, .L2+20
  68 002c 0022     		movs	r2, #0
  69 002e 1A60     		str	r2, [r3]	@ float
  33:Bsp/bsp_dwt.c **** }
  70              		.loc 1 33 1 view .LVU16
  71 0030 7047     		bx	lr
  72              	.L3:
  73 0032 00BF     		.align	2
  74              	.L2:
  75 0034 00ED00E0 		.word	-536810240
  76 0038 001000E0 		.word	-536866816
  77 003c 40420F00 		.word	1000000
  78 0040 00000000 		.word	CPU_FREQ_Hz
  79 0044 00000000 		.word	CYCCNT_RountCount
  80 0048 00000000 		.word	DWT_Timeline
  81              		.cfi_endproc
  82              	.LFE123:
ARM GAS  C:\Users\31005\AppData\Local\Temp\ccJwLLF6.s 			page 3


  84              		.section	.text.DWT_GetDeltaT,"ax",%progbits
  85              		.align	1
  86              		.global	DWT_GetDeltaT
  87              		.syntax unified
  88              		.thumb
  89              		.thumb_func
  91              	DWT_GetDeltaT:
  92              	.LVL2:
  93              	.LFB124:
  34:Bsp/bsp_dwt.c **** 
  35:Bsp/bsp_dwt.c **** float DWT_GetDeltaT(uint32_t *cnt_last)
  36:Bsp/bsp_dwt.c **** {
  94              		.loc 1 36 1 is_stmt 1 view -0
  95              		.cfi_startproc
  96              		@ args = 0, pretend = 0, frame = 8
  97              		@ frame_needed = 0, uses_anonymous_args = 0
  98              		@ link register save eliminated.
  99              		.loc 1 36 1 is_stmt 0 view .LVU18
 100 0000 82B0     		sub	sp, sp, #8
 101              	.LCFI0:
 102              		.cfi_def_cfa_offset 8
  37:Bsp/bsp_dwt.c ****     volatile uint32_t cnt_now = DWT->CYCCNT;
 103              		.loc 1 37 5 is_stmt 1 view .LVU19
 104              		.loc 1 37 36 is_stmt 0 view .LVU20
 105 0002 0A4B     		ldr	r3, .L6
 106 0004 5B68     		ldr	r3, [r3, #4]
 107              		.loc 1 37 23 view .LVU21
 108 0006 0193     		str	r3, [sp, #4]
  38:Bsp/bsp_dwt.c ****     float dt = ((uint32_t)(cnt_now - *cnt_last)) / ((float)(CPU_FREQ_Hz));
 109              		.loc 1 38 5 is_stmt 1 view .LVU22
 110              		.loc 1 38 36 is_stmt 0 view .LVU23
 111 0008 019B     		ldr	r3, [sp, #4]
 112              		.loc 1 38 38 view .LVU24
 113 000a 0268     		ldr	r2, [r0]
 114              		.loc 1 38 36 view .LVU25
 115 000c 9B1A     		subs	r3, r3, r2
 116              		.loc 1 38 50 view .LVU26
 117 000e 07EE903A 		vmov	s15, r3	@ int
 118 0012 F8EE677A 		vcvt.f32.u32	s15, s15
 119              		.loc 1 38 53 view .LVU27
 120 0016 064B     		ldr	r3, .L6+4
 121 0018 93ED000A 		vldr.32	s0, [r3]	@ int
 122 001c B8EE400A 		vcvt.f32.u32	s0, s0
 123              	.LVL3:
  39:Bsp/bsp_dwt.c ****     *cnt_last = cnt_now;
 124              		.loc 1 39 5 is_stmt 1 view .LVU28
 125              		.loc 1 39 15 is_stmt 0 view .LVU29
 126 0020 019B     		ldr	r3, [sp, #4]
 127 0022 0360     		str	r3, [r0]
  40:Bsp/bsp_dwt.c ****     return dt;
 128              		.loc 1 40 5 is_stmt 1 view .LVU30
  41:Bsp/bsp_dwt.c **** }
 129              		.loc 1 41 1 is_stmt 0 view .LVU31
 130 0024 87EE800A 		vdiv.f32	s0, s15, s0
 131              	.LVL4:
 132              		.loc 1 41 1 view .LVU32
 133 0028 02B0     		add	sp, sp, #8
ARM GAS  C:\Users\31005\AppData\Local\Temp\ccJwLLF6.s 			page 4


 134              	.LCFI1:
 135              		.cfi_def_cfa_offset 0
 136              		@ sp needed
 137 002a 7047     		bx	lr
 138              	.L7:
 139              		.align	2
 140              	.L6:
 141 002c 001000E0 		.word	-536866816
 142 0030 00000000 		.word	CPU_FREQ_Hz
 143              		.cfi_endproc
 144              	.LFE124:
 146              		.global	__aeabi_ui2d
 147              		.global	__aeabi_ddiv
 148              		.section	.text.DWT_GetDeltaT64,"ax",%progbits
 149              		.align	1
 150              		.global	DWT_GetDeltaT64
 151              		.syntax unified
 152              		.thumb
 153              		.thumb_func
 155              	DWT_GetDeltaT64:
 156              	.LVL5:
 157              	.LFB125:
  42:Bsp/bsp_dwt.c **** 
  43:Bsp/bsp_dwt.c **** double DWT_GetDeltaT64(uint32_t *cnt_last)
  44:Bsp/bsp_dwt.c **** {
 158              		.loc 1 44 1 is_stmt 1 view -0
 159              		.cfi_startproc
 160              		@ args = 0, pretend = 0, frame = 8
 161              		@ frame_needed = 0, uses_anonymous_args = 0
 162              		.loc 1 44 1 is_stmt 0 view .LVU34
 163 0000 D0B5     		push	{r4, r6, r7, lr}
 164              	.LCFI2:
 165              		.cfi_def_cfa_offset 16
 166              		.cfi_offset 4, -16
 167              		.cfi_offset 6, -12
 168              		.cfi_offset 7, -8
 169              		.cfi_offset 14, -4
 170 0002 82B0     		sub	sp, sp, #8
 171              	.LCFI3:
 172              		.cfi_def_cfa_offset 24
 173 0004 0446     		mov	r4, r0
  45:Bsp/bsp_dwt.c ****     volatile uint32_t cnt_now = DWT->CYCCNT;
 174              		.loc 1 45 5 is_stmt 1 view .LVU35
 175              		.loc 1 45 36 is_stmt 0 view .LVU36
 176 0006 0D4B     		ldr	r3, .L10
 177 0008 5B68     		ldr	r3, [r3, #4]
 178              		.loc 1 45 23 view .LVU37
 179 000a 0193     		str	r3, [sp, #4]
  46:Bsp/bsp_dwt.c ****     double dt = ((uint32_t)(cnt_now - *cnt_last)) / ((double)(CPU_FREQ_Hz));
 180              		.loc 1 46 5 is_stmt 1 view .LVU38
 181              		.loc 1 46 37 is_stmt 0 view .LVU39
 182 000c 0198     		ldr	r0, [sp, #4]
 183              	.LVL6:
 184              		.loc 1 46 39 view .LVU40
 185 000e 2368     		ldr	r3, [r4]
 186              		.loc 1 46 51 view .LVU41
 187 0010 C01A     		subs	r0, r0, r3
ARM GAS  C:\Users\31005\AppData\Local\Temp\ccJwLLF6.s 			page 5


 188 0012 FFF7FEFF 		bl	__aeabi_ui2d
 189              	.LVL7:
 190 0016 0646     		mov	r6, r0
 191 0018 0F46     		mov	r7, r1
 192              		.loc 1 46 54 view .LVU42
 193 001a 094B     		ldr	r3, .L10+4
 194 001c 1868     		ldr	r0, [r3]
 195 001e FFF7FEFF 		bl	__aeabi_ui2d
 196              	.LVL8:
 197 0022 0246     		mov	r2, r0
 198 0024 0B46     		mov	r3, r1
 199              		.loc 1 46 12 view .LVU43
 200 0026 3046     		mov	r0, r6
 201 0028 3946     		mov	r1, r7
 202 002a FFF7FEFF 		bl	__aeabi_ddiv
 203              	.LVL9:
  47:Bsp/bsp_dwt.c ****     *cnt_last = cnt_now;
 204              		.loc 1 47 5 is_stmt 1 view .LVU44
 205              		.loc 1 47 15 is_stmt 0 view .LVU45
 206 002e 019B     		ldr	r3, [sp, #4]
 207 0030 2360     		str	r3, [r4]
  48:Bsp/bsp_dwt.c ****     return dt;
 208              		.loc 1 48 5 is_stmt 1 view .LVU46
  49:Bsp/bsp_dwt.c **** }
 209              		.loc 1 49 1 is_stmt 0 view .LVU47
 210 0032 41EC100B 		vmov	d0, r0, r1
 211 0036 02B0     		add	sp, sp, #8
 212              	.LCFI4:
 213              		.cfi_def_cfa_offset 16
 214              		@ sp needed
 215 0038 D0BD     		pop	{r4, r6, r7, pc}
 216              	.LVL10:
 217              	.L11:
 218              		.loc 1 49 1 view .LVU48
 219 003a 00BF     		.align	2
 220              	.L10:
 221 003c 001000E0 		.word	-536866816
 222 0040 00000000 		.word	CPU_FREQ_Hz
 223              		.cfi_endproc
 224              	.LFE125:
 226              		.global	__aeabi_ul2f
 227              		.section	.text.DWT_GetTimeline,"ax",%progbits
 228              		.align	1
 229              		.global	DWT_GetTimeline
 230              		.syntax unified
 231              		.thumb
 232              		.thumb_func
 234              	DWT_GetTimeline:
 235              	.LFB126:
  50:Bsp/bsp_dwt.c **** 
  51:Bsp/bsp_dwt.c **** float DWT_GetTimeline(void)
  52:Bsp/bsp_dwt.c **** {
 236              		.loc 1 52 1 is_stmt 1 view -0
 237              		.cfi_startproc
 238              		@ args = 0, pretend = 0, frame = 8
 239              		@ frame_needed = 0, uses_anonymous_args = 0
 240 0000 00B5     		push	{lr}
ARM GAS  C:\Users\31005\AppData\Local\Temp\ccJwLLF6.s 			page 6


 241              	.LCFI5:
 242              		.cfi_def_cfa_offset 4
 243              		.cfi_offset 14, -4
 244 0002 2DED028B 		vpush.64	{d8}
 245              	.LCFI6:
 246              		.cfi_def_cfa_offset 12
 247              		.cfi_offset 80, -12
 248              		.cfi_offset 81, -8
 249 0006 83B0     		sub	sp, sp, #12
 250              	.LCFI7:
 251              		.cfi_def_cfa_offset 24
  53:Bsp/bsp_dwt.c ****     volatile uint32_t cnt_now = DWT->CYCCNT;
 252              		.loc 1 53 5 view .LVU50
 253              		.loc 1 53 36 is_stmt 0 view .LVU51
 254 0008 184B     		ldr	r3, .L15
 255 000a 5B68     		ldr	r3, [r3, #4]
 256              		.loc 1 53 23 view .LVU52
 257 000c 0193     		str	r3, [sp, #4]
  54:Bsp/bsp_dwt.c ****     static uint32_t CYCCNT_Last;
 258              		.loc 1 54 5 is_stmt 1 view .LVU53
  55:Bsp/bsp_dwt.c **** 
  56:Bsp/bsp_dwt.c ****     if (cnt_now < CYCCNT_Last)
 259              		.loc 1 56 5 view .LVU54
 260              		.loc 1 56 17 is_stmt 0 view .LVU55
 261 000e 019A     		ldr	r2, [sp, #4]
 262 0010 174B     		ldr	r3, .L15+4
 263 0012 1B68     		ldr	r3, [r3]
 264              		.loc 1 56 8 view .LVU56
 265 0014 9A42     		cmp	r2, r3
 266 0016 03D2     		bcs	.L13
  57:Bsp/bsp_dwt.c ****         CYCCNT_RountCount++;
 267              		.loc 1 57 9 is_stmt 1 view .LVU57
 268              		.loc 1 57 26 is_stmt 0 view .LVU58
 269 0018 164A     		ldr	r2, .L15+8
 270 001a 1368     		ldr	r3, [r2]
 271 001c 0133     		adds	r3, r3, #1
 272 001e 1360     		str	r3, [r2]
 273              	.L13:
  58:Bsp/bsp_dwt.c **** 
  59:Bsp/bsp_dwt.c ****     DWT_Timeline = ((uint64_t)((uint64_t)CYCCNT_RountCount * (uint64_t)UINT32_MAX) + (uint64_t)cnt_
 274              		.loc 1 59 5 is_stmt 1 view .LVU59
 275              		.loc 1 59 32 is_stmt 0 view .LVU60
 276 0020 144B     		ldr	r3, .L15+8
 277 0022 1B68     		ldr	r3, [r3]
 278              		.loc 1 59 21 view .LVU61
 279 0024 5908     		lsrs	r1, r3, #1
 280 0026 D807     		lsls	r0, r3, #31
 281 0028 C01A     		subs	r0, r0, r3
 282 002a 61F10001 		sbc	r1, r1, #0
 283 002e 0018     		adds	r0, r0, r0
 284 0030 4941     		adcs	r1, r1, r1
 285 0032 C018     		adds	r0, r0, r3
 286 0034 41F10001 		adc	r1, r1, #0
 287              		.loc 1 59 86 view .LVU62
 288 0038 019B     		ldr	r3, [sp, #4]
 289              		.loc 1 59 84 view .LVU63
 290 003a C018     		adds	r0, r0, r3
ARM GAS  C:\Users\31005\AppData\Local\Temp\ccJwLLF6.s 			page 7


 291              		.loc 1 59 108 view .LVU64
 292 003c 0E4B     		ldr	r3, .L15+12
 293 003e 93ED008A 		vldr.32	s16, [r3]	@ int
 294 0042 B8EE488A 		vcvt.f32.u32	s16, s16
 295              		.loc 1 59 105 view .LVU65
 296 0046 41F10001 		adc	r1, r1, #0
 297 004a FFF7FEFF 		bl	__aeabi_ul2f
 298              	.LVL11:
 299 004e 07EE900A 		vmov	s15, r0
 300 0052 87EE880A 		vdiv.f32	s0, s15, s16
 301              		.loc 1 59 18 view .LVU66
 302 0056 094B     		ldr	r3, .L15+16
 303 0058 83ED000A 		vstr.32	s0, [r3]
  60:Bsp/bsp_dwt.c **** 
  61:Bsp/bsp_dwt.c ****     CYCCNT_Last = cnt_now;
 304              		.loc 1 61 5 is_stmt 1 view .LVU67
 305              		.loc 1 61 17 is_stmt 0 view .LVU68
 306 005c 019A     		ldr	r2, [sp, #4]
 307 005e 044B     		ldr	r3, .L15+4
 308 0060 1A60     		str	r2, [r3]
  62:Bsp/bsp_dwt.c **** 	
  63:Bsp/bsp_dwt.c **** 	return DWT_Timeline;
 309              		.loc 1 63 2 is_stmt 1 view .LVU69
  64:Bsp/bsp_dwt.c **** }
 310              		.loc 1 64 1 is_stmt 0 view .LVU70
 311 0062 03B0     		add	sp, sp, #12
 312              	.LCFI8:
 313              		.cfi_def_cfa_offset 12
 314              		@ sp needed
 315 0064 BDEC028B 		vldm	sp!, {d8}
 316              	.LCFI9:
 317              		.cfi_restore 80
 318              		.cfi_restore 81
 319              		.cfi_def_cfa_offset 4
 320 0068 5DF804FB 		ldr	pc, [sp], #4
 321              	.L16:
 322              		.align	2
 323              	.L15:
 324 006c 001000E0 		.word	-536866816
 325 0070 00000000 		.word	CYCCNT_Last.0
 326 0074 00000000 		.word	CYCCNT_RountCount
 327 0078 00000000 		.word	CPU_FREQ_Hz
 328 007c 00000000 		.word	DWT_Timeline
 329              		.cfi_endproc
 330              	.LFE126:
 332              		.section	.text.DWT_Delay,"ax",%progbits
 333              		.align	1
 334              		.global	DWT_Delay
 335              		.syntax unified
 336              		.thumb
 337              		.thumb_func
 339              	DWT_Delay:
 340              	.LVL12:
 341              	.LFB127:
  65:Bsp/bsp_dwt.c **** 
  66:Bsp/bsp_dwt.c **** void DWT_Delay(float Delay)
  67:Bsp/bsp_dwt.c **** {
ARM GAS  C:\Users\31005\AppData\Local\Temp\ccJwLLF6.s 			page 8


 342              		.loc 1 67 1 is_stmt 1 view -0
 343              		.cfi_startproc
 344              		@ args = 0, pretend = 0, frame = 0
 345              		@ frame_needed = 0, uses_anonymous_args = 0
 346              		@ link register save eliminated.
  68:Bsp/bsp_dwt.c ****   uint32_t tickstart = DWT->CYCCNT;
 347              		.loc 1 68 3 view .LVU72
 348              		.loc 1 68 12 is_stmt 0 view .LVU73
 349 0000 0A4B     		ldr	r3, .L19
 350 0002 5968     		ldr	r1, [r3, #4]
 351              	.LVL13:
  69:Bsp/bsp_dwt.c ****   float wait = Delay;
 352              		.loc 1 69 3 is_stmt 1 view .LVU74
  70:Bsp/bsp_dwt.c **** 
  71:Bsp/bsp_dwt.c ****   while((DWT->CYCCNT - tickstart) < wait * (float)CPU_FREQ_Hz)
 353              		.loc 1 71 3 view .LVU75
 354              	.L18:
  72:Bsp/bsp_dwt.c ****   {
  73:Bsp/bsp_dwt.c ****   }
 355              		.loc 1 73 3 discriminator 1 view .LVU76
  71:Bsp/bsp_dwt.c ****   {
 356              		.loc 1 71 35 discriminator 1 view .LVU77
  71:Bsp/bsp_dwt.c ****   {
 357              		.loc 1 71 13 is_stmt 0 discriminator 1 view .LVU78
 358 0004 094B     		ldr	r3, .L19
 359 0006 5B68     		ldr	r3, [r3, #4]
  71:Bsp/bsp_dwt.c ****   {
 360              		.loc 1 71 22 discriminator 1 view .LVU79
 361 0008 5B1A     		subs	r3, r3, r1
  71:Bsp/bsp_dwt.c ****   {
 362              		.loc 1 71 44 discriminator 1 view .LVU80
 363 000a 094A     		ldr	r2, .L19+4
 364 000c D2ED007A 		vldr.32	s15, [r2]	@ int
 365 0010 F8EE677A 		vcvt.f32.u32	s15, s15
  71:Bsp/bsp_dwt.c ****   {
 366              		.loc 1 71 42 discriminator 1 view .LVU81
 367 0014 67EE807A 		vmul.f32	s15, s15, s0
  71:Bsp/bsp_dwt.c ****   {
 368              		.loc 1 71 35 discriminator 1 view .LVU82
 369 0018 07EE103A 		vmov	s14, r3	@ int
 370 001c B8EE477A 		vcvt.f32.u32	s14, s14
 371 0020 B4EEE77A 		vcmpe.f32	s14, s15
 372 0024 F1EE10FA 		vmrs	APSR_nzcv, FPSCR
 373 0028 ECD4     		bmi	.L18
  74:Bsp/bsp_dwt.c **** }
 374              		.loc 1 74 1 view .LVU83
 375 002a 7047     		bx	lr
 376              	.L20:
 377              		.align	2
 378              	.L19:
 379 002c 001000E0 		.word	-536866816
 380 0030 00000000 		.word	CPU_FREQ_Hz
 381              		.cfi_endproc
 382              	.LFE127:
 384              		.section	.bss.CYCCNT_Last.0,"aw",%nobits
 385              		.align	2
 388              	CYCCNT_Last.0:
ARM GAS  C:\Users\31005\AppData\Local\Temp\ccJwLLF6.s 			page 9


 389 0000 00000000 		.space	4
 390              		.section	.bss.DWT_Timeline,"aw",%nobits
 391              		.align	2
 394              	DWT_Timeline:
 395 0000 00000000 		.space	4
 396              		.section	.bss.CYCCNT_RountCount,"aw",%nobits
 397              		.align	2
 400              	CYCCNT_RountCount:
 401 0000 00000000 		.space	4
 402              		.section	.bss.CPU_FREQ_Hz,"aw",%nobits
 403              		.align	2
 406              	CPU_FREQ_Hz:
 407 0000 00000000 		.space	4
 408              		.text
 409              	.Letext0:
 410              		.file 2 "e:\\vscode\\msys2\\mingw64\\arm-none-eabi\\include\\machine\\_default_types.h"
 411              		.file 3 "e:\\vscode\\msys2\\mingw64\\arm-none-eabi\\include\\sys\\_stdint.h"
 412              		.file 4 "Drivers/CMSIS/Include/core_cm4.h"
ARM GAS  C:\Users\31005\AppData\Local\Temp\ccJwLLF6.s 			page 10


DEFINED SYMBOLS
                            *ABS*:00000000 bsp_dwt.c
C:\Users\31005\AppData\Local\Temp\ccJwLLF6.s:21     .text.DWT_Init:00000000 $t
C:\Users\31005\AppData\Local\Temp\ccJwLLF6.s:27     .text.DWT_Init:00000000 DWT_Init
C:\Users\31005\AppData\Local\Temp\ccJwLLF6.s:75     .text.DWT_Init:00000034 $d
C:\Users\31005\AppData\Local\Temp\ccJwLLF6.s:406    .bss.CPU_FREQ_Hz:00000000 CPU_FREQ_Hz
C:\Users\31005\AppData\Local\Temp\ccJwLLF6.s:400    .bss.CYCCNT_RountCount:00000000 CYCCNT_RountCount
C:\Users\31005\AppData\Local\Temp\ccJwLLF6.s:394    .bss.DWT_Timeline:00000000 DWT_Timeline
C:\Users\31005\AppData\Local\Temp\ccJwLLF6.s:85     .text.DWT_GetDeltaT:00000000 $t
C:\Users\31005\AppData\Local\Temp\ccJwLLF6.s:91     .text.DWT_GetDeltaT:00000000 DWT_GetDeltaT
C:\Users\31005\AppData\Local\Temp\ccJwLLF6.s:141    .text.DWT_GetDeltaT:0000002c $d
C:\Users\31005\AppData\Local\Temp\ccJwLLF6.s:149    .text.DWT_GetDeltaT64:00000000 $t
C:\Users\31005\AppData\Local\Temp\ccJwLLF6.s:155    .text.DWT_GetDeltaT64:00000000 DWT_GetDeltaT64
C:\Users\31005\AppData\Local\Temp\ccJwLLF6.s:221    .text.DWT_GetDeltaT64:0000003c $d
C:\Users\31005\AppData\Local\Temp\ccJwLLF6.s:228    .text.DWT_GetTimeline:00000000 $t
C:\Users\31005\AppData\Local\Temp\ccJwLLF6.s:234    .text.DWT_GetTimeline:00000000 DWT_GetTimeline
C:\Users\31005\AppData\Local\Temp\ccJwLLF6.s:324    .text.DWT_GetTimeline:0000006c $d
C:\Users\31005\AppData\Local\Temp\ccJwLLF6.s:388    .bss.CYCCNT_Last.0:00000000 CYCCNT_Last.0
C:\Users\31005\AppData\Local\Temp\ccJwLLF6.s:333    .text.DWT_Delay:00000000 $t
C:\Users\31005\AppData\Local\Temp\ccJwLLF6.s:339    .text.DWT_Delay:00000000 DWT_Delay
C:\Users\31005\AppData\Local\Temp\ccJwLLF6.s:379    .text.DWT_Delay:0000002c $d
C:\Users\31005\AppData\Local\Temp\ccJwLLF6.s:385    .bss.CYCCNT_Last.0:00000000 $d
C:\Users\31005\AppData\Local\Temp\ccJwLLF6.s:391    .bss.DWT_Timeline:00000000 $d
C:\Users\31005\AppData\Local\Temp\ccJwLLF6.s:397    .bss.CYCCNT_RountCount:00000000 $d
C:\Users\31005\AppData\Local\Temp\ccJwLLF6.s:403    .bss.CPU_FREQ_Hz:00000000 $d

UNDEFINED SYMBOLS
__aeabi_ui2d
__aeabi_ddiv
__aeabi_ul2f
