ARM GAS  C:\Users\SHUCHE~1\AppData\Local\Temp\ccZho8bq.s 			page 1


   1              		.cpu cortex-m4
   2              		.arch armv7e-m
   3              		.fpu fpv4-sp-d16
   4              		.eabi_attribute 27, 1
   5              		.eabi_attribute 28, 1
   6              		.eabi_attribute 20, 1
   7              		.eabi_attribute 21, 1
   8              		.eabi_attribute 23, 3
   9              		.eabi_attribute 24, 1
  10              		.eabi_attribute 25, 1
  11              		.eabi_attribute 26, 1
  12              		.eabi_attribute 30, 1
  13              		.eabi_attribute 34, 1
  14              		.eabi_attribute 18, 4
  15              		.file	"detect_task.c"
  16              		.text
  17              	.Ltext0:
  18              		.cfi_sections	.debug_frame
  19              		.file 1 "Application/detect_task.c"
  20              		.section	.text.Detect_Init,"ax",%progbits
  21              		.align	1
  22              		.syntax unified
  23              		.thumb
  24              		.thumb_func
  26              	Detect_Init:
  27              	.LVL0:
  28              	.LFB127:
   1:Application/detect_task.c **** /**
   2:Application/detect_task.c ****  ******************************************************************************
   3:Application/detect_task.c ****  * @file    detect task.h
   4:Application/detect_task.c ****  * @author  Wang Hongxi
   5:Application/detect_task.c ****  * @version V1.0.0
   6:Application/detect_task.c ****  * @date    2020/1/30
   7:Application/detect_task.c ****  * @brief
   8:Application/detect_task.c ****  ******************************************************************************
   9:Application/detect_task.c ****  * @attention
  10:Application/detect_task.c ****  *
  11:Application/detect_task.c ****  ******************************************************************************
  12:Application/detect_task.c ****  */
  13:Application/detect_task.c **** #include "detect_task.h"
  14:Application/detect_task.c **** #include "stddef.h"
  15:Application/detect_task.c **** 
  16:Application/detect_task.c **** uint32_t resetCount = 0;
  17:Application/detect_task.c **** 
  18:Application/detect_task.c **** Detect_t Detect_List[DETECT_LIST_LENGHT + 1];
  19:Application/detect_task.c **** BoardState_t BoardState;
  20:Application/detect_task.c **** 
  21:Application/detect_task.c **** static void Detect_Init(uint32_t time);
  22:Application/detect_task.c **** 
  23:Application/detect_task.c **** void Detect_Task_Init(void)
  24:Application/detect_task.c **** {
  25:Application/detect_task.c ****     static uint32_t system_time;
  26:Application/detect_task.c ****     system_time = USER_GetTick();
  27:Application/detect_task.c **** 
  28:Application/detect_task.c ****     Detect_Init(system_time);
  29:Application/detect_task.c **** 
  30:Application/detect_task.c ****     USER_Delay_ms(60);
ARM GAS  C:\Users\SHUCHE~1\AppData\Local\Temp\ccZho8bq.s 			page 2


  31:Application/detect_task.c **** }
  32:Application/detect_task.c **** 
  33:Application/detect_task.c **** void Detect_Task(void)
  34:Application/detect_task.c **** {
  35:Application/detect_task.c ****     static uint32_t system_time;
  36:Application/detect_task.c ****     static uint8_t error_num_display = 0;
  37:Application/detect_task.c ****     system_time = USER_GetTick();
  38:Application/detect_task.c **** 
  39:Application/detect_task.c ****     error_num_display = DETECT_LIST_LENGHT;
  40:Application/detect_task.c ****     Detect_List[DETECT_LIST_LENGHT].is_Lost = 0;
  41:Application/detect_task.c ****     Detect_List[DETECT_LIST_LENGHT].Error_Exist = 0;
  42:Application/detect_task.c **** 
  43:Application/detect_task.c ****     for (int i = 0; i < DETECT_LIST_LENGHT; i++)
  44:Application/detect_task.c ****     {
  45:Application/detect_task.c ****         if (Detect_List[i].Enable == 0)
  46:Application/detect_task.c ****         {
  47:Application/detect_task.c ****             continue;
  48:Application/detect_task.c ****         }
  49:Application/detect_task.c **** 
  50:Application/detect_task.c ****         // 掉线判断
  51:Application/detect_task.c ****         if (system_time - Detect_List[i].New_Time > Detect_List[i].Offline_Time)
  52:Application/detect_task.c ****         {
  53:Application/detect_task.c ****             if (Detect_List[i].Error_Exist == 0)
  54:Application/detect_task.c ****             {
  55:Application/detect_task.c ****                 // 记录错误以及掉线时间
  56:Application/detect_task.c ****                 Detect_List[i].is_Lost = 1;
  57:Application/detect_task.c ****                 Detect_List[i].Error_Exist = 1;
  58:Application/detect_task.c ****                 Detect_List[i].Lost_Time = system_time;
  59:Application/detect_task.c ****             }
  60:Application/detect_task.c **** 
  61:Application/detect_task.c ****             // 保存优先级最高的错误码
  62:Application/detect_task.c ****             if (Detect_List[i].Priority > Detect_List[error_num_display].Priority)
  63:Application/detect_task.c ****             {
  64:Application/detect_task.c ****                 error_num_display = i;
  65:Application/detect_task.c ****             }
  66:Application/detect_task.c **** 
  67:Application/detect_task.c ****             Detect_List[DETECT_LIST_LENGHT].is_Lost = 1;
  68:Application/detect_task.c ****             Detect_List[DETECT_LIST_LENGHT].Error_Exist = 1;
  69:Application/detect_task.c **** 
  70:Application/detect_task.c ****             // 如果提供解决函数，运行解决函数
  71:Application/detect_task.c ****             if (Detect_List[i].f_Solve_Lost != NULL)
  72:Application/detect_task.c ****             {
  73:Application/detect_task.c ****                 Detect_List[i].f_Solve_Lost();
  74:Application/detect_task.c ****             }
  75:Application/detect_task.c ****         }
  76:Application/detect_task.c ****         else if (system_time - Detect_List[i].Work_Time < Detect_List[i].Online_Time)
  77:Application/detect_task.c ****         {
  78:Application/detect_task.c ****             // 刚刚上线，可能存在数据不稳定，只记录不丢失，
  79:Application/detect_task.c ****             Detect_List[i].is_Lost = 0;
  80:Application/detect_task.c ****             Detect_List[i].Error_Exist = 1;
  81:Application/detect_task.c ****         }
  82:Application/detect_task.c ****         else
  83:Application/detect_task.c ****         {
  84:Application/detect_task.c ****             Detect_List[i].is_Lost = 0;
  85:Application/detect_task.c ****             // 判断是否存在数据错误
  86:Application/detect_task.c ****             if (Detect_List[i].is_Data_Error != NULL)
  87:Application/detect_task.c ****             {
ARM GAS  C:\Users\SHUCHE~1\AppData\Local\Temp\ccZho8bq.s 			page 3


  88:Application/detect_task.c ****                 Detect_List[i].Error_Exist = 1;
  89:Application/detect_task.c ****             }
  90:Application/detect_task.c ****             else
  91:Application/detect_task.c ****             {
  92:Application/detect_task.c ****                 Detect_List[i].Error_Exist = 0;
  93:Application/detect_task.c ****             }
  94:Application/detect_task.c **** 
  95:Application/detect_task.c ****             // 计算频率
  96:Application/detect_task.c ****             if (Detect_List[i].New_Time > Detect_List[i].Last_Time)
  97:Application/detect_task.c ****             {
  98:Application/detect_task.c ****                 Detect_List[i].frequency_d = 1000.0f / (float)(Detect_List[i].New_Time - Detect_Lis
  99:Application/detect_task.c ****             }
 100:Application/detect_task.c ****         }
 101:Application/detect_task.c ****     }
 102:Application/detect_task.c **** }
 103:Application/detect_task.c **** 
 104:Application/detect_task.c **** uint8_t is_TOE_Error(uint8_t toe)
 105:Application/detect_task.c **** {
 106:Application/detect_task.c ****     return (Detect_List[toe].Error_Exist == 1);
 107:Application/detect_task.c **** }
 108:Application/detect_task.c **** 
 109:Application/detect_task.c **** void Detect_Hook(uint8_t toe)
 110:Application/detect_task.c **** {
 111:Application/detect_task.c ****     Detect_List[toe].Last_Time = Detect_List[toe].New_Time; // 更新上一次记录时间
 112:Application/detect_task.c ****     Detect_List[toe].New_Time = USER_GetTick();             // 记录本次时间
 113:Application/detect_task.c **** 
 114:Application/detect_task.c ****     // 进入此函数证明没有掉线
 115:Application/detect_task.c ****     if (Detect_List[toe].is_Lost)
 116:Application/detect_task.c ****     {
 117:Application/detect_task.c ****         Detect_List[toe].is_Lost = 0;
 118:Application/detect_task.c ****         Detect_List[toe].Work_Time = Detect_List[toe].New_Time;
 119:Application/detect_task.c ****     }
 120:Application/detect_task.c **** 
 121:Application/detect_task.c ****     if (Detect_List[toe].f_is_Data_Error != NULL)
 122:Application/detect_task.c ****     {
 123:Application/detect_task.c ****         if (Detect_List[toe].f_is_Data_Error())
 124:Application/detect_task.c ****         {
 125:Application/detect_task.c ****             Detect_List[toe].Error_Exist = 1;
 126:Application/detect_task.c ****             Detect_List[toe].is_Data_Error = 1;
 127:Application/detect_task.c **** 
 128:Application/detect_task.c ****             if (Detect_List[toe].f_Solve_Data_Error != NULL)
 129:Application/detect_task.c ****             {
 130:Application/detect_task.c ****                 Detect_List[toe].f_Solve_Data_Error();
 131:Application/detect_task.c ****             }
 132:Application/detect_task.c ****         }
 133:Application/detect_task.c ****         else
 134:Application/detect_task.c ****         {
 135:Application/detect_task.c ****             Detect_List[toe].is_Data_Error = 0;
 136:Application/detect_task.c ****         }
 137:Application/detect_task.c ****     }
 138:Application/detect_task.c ****     else
 139:Application/detect_task.c ****     {
 140:Application/detect_task.c ****         Detect_List[toe].is_Data_Error = 0;
 141:Application/detect_task.c ****     }
 142:Application/detect_task.c **** }
 143:Application/detect_task.c **** 
 144:Application/detect_task.c **** static void Detect_Init(uint32_t time)
ARM GAS  C:\Users\SHUCHE~1\AppData\Local\Temp\ccZho8bq.s 			page 4


 145:Application/detect_task.c **** {
  29              		.loc 1 145 1 view -0
  30              		.cfi_startproc
  31              		@ args = 0, pretend = 0, frame = 8
  32              		@ frame_needed = 0, uses_anonymous_args = 0
  33              		.loc 1 145 1 is_stmt 0 view .LVU1
  34 0000 70B5     		push	{r4, r5, r6, lr}
  35              	.LCFI0:
  36              		.cfi_def_cfa_offset 16
  37              		.cfi_offset 4, -16
  38              		.cfi_offset 5, -12
  39              		.cfi_offset 6, -8
  40              		.cfi_offset 14, -4
  41 0002 82B0     		sub	sp, sp, #8
  42              	.LCFI1:
  43              		.cfi_def_cfa_offset 24
  44 0004 0446     		mov	r4, r0
 146:Application/detect_task.c ****     // 设置离线时间，上线稳定工作时间，优先级 offlineTime onlinetime Priority
 147:Application/detect_task.c ****     uint16_t set_item[DETECT_LIST_LENGHT][3] =
  45              		.loc 1 147 5 is_stmt 1 view .LVU2
  46              		.loc 1 147 14 is_stmt 0 view .LVU3
  47 0006 264B     		ldr	r3, .L5
  48 0008 93E80300 		ldm	r3, {r0, r1}
  49              	.LVL1:
  50              		.loc 1 147 14 view .LVU4
  51 000c 0090     		str	r0, [sp]
  52 000e ADF80410 		strh	r1, [sp, #4]	@ movhi
 148:Application/detect_task.c ****         {
 149:Application/detect_task.c ****             {250, 100, 15},
 150:Application/detect_task.c ****         };
 151:Application/detect_task.c **** 
 152:Application/detect_task.c ****     for (uint8_t i = 0; i < DETECT_LIST_LENGHT; i++)
  53              		.loc 1 152 5 is_stmt 1 view .LVU5
  54              	.LBB2:
  55              		.loc 1 152 10 view .LVU6
  56              	.LVL2:
  57              		.loc 1 152 18 is_stmt 0 view .LVU7
  58 0012 0023     		movs	r3, #0
  59              	.LVL3:
  60              	.L2:
  61              		.loc 1 152 27 is_stmt 1 discriminator 1 view .LVU8
  62 0014 0BB1     		cbz	r3, .L3
  63              	.LBE2:
 153:Application/detect_task.c ****     {
 154:Application/detect_task.c ****         Detect_List[i].Offline_Time = set_item[i][0];
 155:Application/detect_task.c ****         Detect_List[i].Online_Time = set_item[i][1];
 156:Application/detect_task.c ****         Detect_List[i].Priority = set_item[i][2];
 157:Application/detect_task.c ****         Detect_List[i].f_is_Data_Error = NULL;
 158:Application/detect_task.c ****         Detect_List[i].f_Solve_Lost = NULL;
 159:Application/detect_task.c ****         Detect_List[i].f_Solve_Data_Error = NULL;
 160:Application/detect_task.c **** 
 161:Application/detect_task.c ****         Detect_List[i].Enable = 1;
 162:Application/detect_task.c ****         Detect_List[i].Error_Exist = 1;
 163:Application/detect_task.c ****         Detect_List[i].is_Lost = 1;
 164:Application/detect_task.c ****         Detect_List[i].is_Data_Error = 1;
 165:Application/detect_task.c ****         Detect_List[i].frequency_d = 0.0f;
 166:Application/detect_task.c ****         Detect_List[i].New_Time = time;
ARM GAS  C:\Users\SHUCHE~1\AppData\Local\Temp\ccZho8bq.s 			page 5


 167:Application/detect_task.c ****         Detect_List[i].Last_Time = time;
 168:Application/detect_task.c ****         Detect_List[i].Lost_Time = time;
 169:Application/detect_task.c ****         Detect_List[i].Work_Time = time;
 170:Application/detect_task.c ****     }
 171:Application/detect_task.c **** }
  64              		.loc 1 171 1 is_stmt 0 view .LVU9
  65 0016 02B0     		add	sp, sp, #8
  66              	.LCFI2:
  67              		.cfi_remember_state
  68              		.cfi_def_cfa_offset 16
  69              		@ sp needed
  70 0018 70BD     		pop	{r4, r5, r6, pc}
  71              	.LVL4:
  72              	.L3:
  73              	.LCFI3:
  74              		.cfi_restore_state
  75              	.LBB3:
 154:Application/detect_task.c ****         Detect_List[i].Online_Time = set_item[i][1];
  76              		.loc 1 154 9 is_stmt 1 discriminator 3 view .LVU10
 154:Application/detect_task.c ****         Detect_List[i].Online_Time = set_item[i][1];
  77              		.loc 1 154 50 is_stmt 0 discriminator 3 view .LVU11
  78 001a 03EB430C 		add	ip, r3, r3, lsl #1
  79 001e 02AA     		add	r2, sp, #8
  80 0020 02EB4C0C 		add	ip, r2, ip, lsl #1
  81 0024 3CF8086C 		ldrh	r6, [ip, #-8]
 154:Application/detect_task.c ****         Detect_List[i].Online_Time = set_item[i][1];
  82              		.loc 1 154 37 discriminator 3 view .LVU12
  83 0028 1E48     		ldr	r0, .L5+4
  84 002a 03EB830E 		add	lr, r3, r3, lsl #2
  85 002e 00EBCE01 		add	r1, r0, lr, lsl #3
  86 0032 0D8A     		ldrh	r5, [r1, #16]
  87 0034 66F30B05 		bfi	r5, r6, #0, #12
  88 0038 0D82     		strh	r5, [r1, #16]	@ movhi
 155:Application/detect_task.c ****         Detect_List[i].Priority = set_item[i][2];
  89              		.loc 1 155 9 is_stmt 1 discriminator 3 view .LVU13
 155:Application/detect_task.c ****         Detect_List[i].Priority = set_item[i][2];
  90              		.loc 1 155 49 is_stmt 0 discriminator 3 view .LVU14
  91 003a 3CF8066C 		ldrh	r6, [ip, #-6]
 155:Application/detect_task.c ****         Detect_List[i].Priority = set_item[i][2];
  92              		.loc 1 155 36 discriminator 3 view .LVU15
  93 003e 4D8A     		ldrh	r5, [r1, #18]
  94 0040 66F30B05 		bfi	r5, r6, #0, #12
  95 0044 4D82     		strh	r5, [r1, #18]	@ movhi
 156:Application/detect_task.c ****         Detect_List[i].f_is_Data_Error = NULL;
  96              		.loc 1 156 9 is_stmt 1 discriminator 3 view .LVU16
 156:Application/detect_task.c ****         Detect_List[i].f_is_Data_Error = NULL;
  97              		.loc 1 156 46 is_stmt 0 discriminator 3 view .LVU17
  98 0046 3CF804CC 		ldrh	ip, [ip, #-4]
 156:Application/detect_task.c ****         Detect_List[i].f_is_Data_Error = NULL;
  99              		.loc 1 156 33 discriminator 3 view .LVU18
 100 004a 0D7D     		ldrb	r5, [r1, #20]	@ zero_extendqisi2
 101 004c 6CF30305 		bfi	r5, ip, #0, #4
 102 0050 0D75     		strb	r5, [r1, #20]
 157:Application/detect_task.c ****         Detect_List[i].f_Solve_Lost = NULL;
 103              		.loc 1 157 9 is_stmt 1 discriminator 3 view .LVU19
 157:Application/detect_task.c ****         Detect_List[i].f_Solve_Lost = NULL;
 104              		.loc 1 157 40 is_stmt 0 discriminator 3 view .LVU20
ARM GAS  C:\Users\SHUCHE~1\AppData\Local\Temp\ccZho8bq.s 			page 6


 105 0052 0025     		movs	r5, #0
 106 0054 CD61     		str	r5, [r1, #28]
 158:Application/detect_task.c ****         Detect_List[i].f_Solve_Data_Error = NULL;
 107              		.loc 1 158 9 is_stmt 1 discriminator 3 view .LVU21
 158:Application/detect_task.c ****         Detect_List[i].f_Solve_Data_Error = NULL;
 108              		.loc 1 158 37 is_stmt 0 discriminator 3 view .LVU22
 109 0056 0D62     		str	r5, [r1, #32]
 159:Application/detect_task.c **** 
 110              		.loc 1 159 9 is_stmt 1 discriminator 3 view .LVU23
 159:Application/detect_task.c **** 
 111              		.loc 1 159 43 is_stmt 0 discriminator 3 view .LVU24
 112 0058 4D62     		str	r5, [r1, #36]
 161:Application/detect_task.c ****         Detect_List[i].Error_Exist = 1;
 113              		.loc 1 161 9 is_stmt 1 discriminator 3 view .LVU25
 161:Application/detect_task.c ****         Detect_List[i].Error_Exist = 1;
 114              		.loc 1 161 31 is_stmt 0 discriminator 3 view .LVU26
 115 005a 91F813C0 		ldrb	ip, [r1, #19]	@ zero_extendqisi2
 116 005e 4CF0100C 		orr	ip, ip, #16
 117 0062 81F813C0 		strb	ip, [r1, #19]
 162:Application/detect_task.c ****         Detect_List[i].is_Lost = 1;
 118              		.loc 1 162 9 is_stmt 1 discriminator 3 view .LVU27
 162:Application/detect_task.c ****         Detect_List[i].is_Lost = 1;
 119              		.loc 1 162 36 is_stmt 0 discriminator 3 view .LVU28
 120 0066 91F814C0 		ldrb	ip, [r1, #20]	@ zero_extendqisi2
 121 006a 4CF0100C 		orr	ip, ip, #16
 122 006e 81F814C0 		strb	ip, [r1, #20]
 163:Application/detect_task.c ****         Detect_List[i].is_Data_Error = 1;
 123              		.loc 1 163 9 is_stmt 1 discriminator 3 view .LVU29
 163:Application/detect_task.c ****         Detect_List[i].is_Data_Error = 1;
 124              		.loc 1 163 32 is_stmt 0 discriminator 3 view .LVU30
 125 0072 5FFA8CFC 		uxtb	ip, ip
 126 0076 4CF0200C 		orr	ip, ip, #32
 127 007a 81F814C0 		strb	ip, [r1, #20]
 164:Application/detect_task.c ****         Detect_List[i].frequency_d = 0.0f;
 128              		.loc 1 164 9 is_stmt 1 discriminator 3 view .LVU31
 164:Application/detect_task.c ****         Detect_List[i].frequency_d = 0.0f;
 129              		.loc 1 164 38 is_stmt 0 discriminator 3 view .LVU32
 130 007e 5FFA8CFC 		uxtb	ip, ip
 131 0082 4CF0400C 		orr	ip, ip, #64
 132 0086 81F814C0 		strb	ip, [r1, #20]
 165:Application/detect_task.c ****         Detect_List[i].New_Time = time;
 133              		.loc 1 165 9 is_stmt 1 discriminator 3 view .LVU33
 165:Application/detect_task.c ****         Detect_List[i].New_Time = time;
 134              		.loc 1 165 36 is_stmt 0 discriminator 3 view .LVU34
 135 008a 0022     		movs	r2, #0
 136 008c 8A61     		str	r2, [r1, #24]	@ float
 166:Application/detect_task.c ****         Detect_List[i].Last_Time = time;
 137              		.loc 1 166 9 is_stmt 1 discriminator 3 view .LVU35
 166:Application/detect_task.c ****         Detect_List[i].Last_Time = time;
 138              		.loc 1 166 33 is_stmt 0 discriminator 3 view .LVU36
 139 008e 40F83E40 		str	r4, [r0, lr, lsl #3]
 167:Application/detect_task.c ****         Detect_List[i].Lost_Time = time;
 140              		.loc 1 167 9 is_stmt 1 discriminator 3 view .LVU37
 167:Application/detect_task.c ****         Detect_List[i].Lost_Time = time;
 141              		.loc 1 167 34 is_stmt 0 discriminator 3 view .LVU38
 142 0092 4C60     		str	r4, [r1, #4]
 168:Application/detect_task.c ****         Detect_List[i].Work_Time = time;
ARM GAS  C:\Users\SHUCHE~1\AppData\Local\Temp\ccZho8bq.s 			page 7


 143              		.loc 1 168 9 is_stmt 1 discriminator 3 view .LVU39
 168:Application/detect_task.c ****         Detect_List[i].Work_Time = time;
 144              		.loc 1 168 34 is_stmt 0 discriminator 3 view .LVU40
 145 0094 8C60     		str	r4, [r1, #8]
 169:Application/detect_task.c ****     }
 146              		.loc 1 169 9 is_stmt 1 discriminator 3 view .LVU41
 169:Application/detect_task.c ****     }
 147              		.loc 1 169 34 is_stmt 0 discriminator 3 view .LVU42
 148 0096 CC60     		str	r4, [r1, #12]
 152:Application/detect_task.c ****     {
 149              		.loc 1 152 50 is_stmt 1 discriminator 3 view .LVU43
 150 0098 0133     		adds	r3, r3, #1
 151              	.LVL5:
 152:Application/detect_task.c ****     {
 152              		.loc 1 152 50 is_stmt 0 discriminator 3 view .LVU44
 153 009a DBB2     		uxtb	r3, r3
 154              	.LVL6:
 152:Application/detect_task.c ****     {
 155              		.loc 1 152 50 discriminator 3 view .LVU45
 156 009c BAE7     		b	.L2
 157              	.L6:
 158 009e 00BF     		.align	2
 159              	.L5:
 160 00a0 00000000 		.word	.LANCHOR0
 161 00a4 00000000 		.word	Detect_List
 162              	.LBE3:
 163              		.cfi_endproc
 164              	.LFE127:
 166              		.section	.text.Detect_Task_Init,"ax",%progbits
 167              		.align	1
 168              		.global	Detect_Task_Init
 169              		.syntax unified
 170              		.thumb
 171              		.thumb_func
 173              	Detect_Task_Init:
 174              	.LFB123:
  24:Application/detect_task.c ****     static uint32_t system_time;
 175              		.loc 1 24 1 is_stmt 1 view -0
 176              		.cfi_startproc
 177              		@ args = 0, pretend = 0, frame = 0
 178              		@ frame_needed = 0, uses_anonymous_args = 0
 179 0000 08B5     		push	{r3, lr}
 180              	.LCFI4:
 181              		.cfi_def_cfa_offset 8
 182              		.cfi_offset 3, -8
 183              		.cfi_offset 14, -4
  25:Application/detect_task.c ****     system_time = USER_GetTick();
 184              		.loc 1 25 5 view .LVU47
  26:Application/detect_task.c **** 
 185              		.loc 1 26 5 view .LVU48
  26:Application/detect_task.c **** 
 186              		.loc 1 26 19 is_stmt 0 view .LVU49
 187 0002 FFF7FEFF 		bl	HAL_GetTick
 188              	.LVL7:
  26:Application/detect_task.c **** 
 189              		.loc 1 26 17 view .LVU50
 190 0006 044B     		ldr	r3, .L9
ARM GAS  C:\Users\SHUCHE~1\AppData\Local\Temp\ccZho8bq.s 			page 8


 191 0008 1860     		str	r0, [r3]
  28:Application/detect_task.c **** 
 192              		.loc 1 28 5 is_stmt 1 view .LVU51
 193 000a FFF7FEFF 		bl	Detect_Init
 194              	.LVL8:
  30:Application/detect_task.c **** }
 195              		.loc 1 30 5 view .LVU52
 196 000e 3C20     		movs	r0, #60
 197 0010 FFF7FEFF 		bl	HAL_Delay
 198              	.LVL9:
  31:Application/detect_task.c **** 
 199              		.loc 1 31 1 is_stmt 0 view .LVU53
 200 0014 08BD     		pop	{r3, pc}
 201              	.L10:
 202 0016 00BF     		.align	2
 203              	.L9:
 204 0018 00000000 		.word	system_time.2
 205              		.cfi_endproc
 206              	.LFE123:
 208              		.section	.text.Detect_Task,"ax",%progbits
 209              		.align	1
 210              		.global	Detect_Task
 211              		.syntax unified
 212              		.thumb
 213              		.thumb_func
 215              	Detect_Task:
 216              	.LFB124:
  34:Application/detect_task.c ****     static uint32_t system_time;
 217              		.loc 1 34 1 is_stmt 1 view -0
 218              		.cfi_startproc
 219              		@ args = 0, pretend = 0, frame = 0
 220              		@ frame_needed = 0, uses_anonymous_args = 0
 221 0000 10B5     		push	{r4, lr}
 222              	.LCFI5:
 223              		.cfi_def_cfa_offset 8
 224              		.cfi_offset 4, -8
 225              		.cfi_offset 14, -4
  35:Application/detect_task.c ****     static uint8_t error_num_display = 0;
 226              		.loc 1 35 5 view .LVU55
  36:Application/detect_task.c ****     system_time = USER_GetTick();
 227              		.loc 1 36 5 view .LVU56
  37:Application/detect_task.c **** 
 228              		.loc 1 37 5 view .LVU57
  37:Application/detect_task.c **** 
 229              		.loc 1 37 19 is_stmt 0 view .LVU58
 230 0002 FFF7FEFF 		bl	HAL_GetTick
 231              	.LVL10:
  37:Application/detect_task.c **** 
 232              		.loc 1 37 17 view .LVU59
 233 0006 5F4B     		ldr	r3, .L22
 234 0008 1860     		str	r0, [r3]
  39:Application/detect_task.c ****     Detect_List[DETECT_LIST_LENGHT].is_Lost = 0;
 235              		.loc 1 39 5 is_stmt 1 view .LVU60
  39:Application/detect_task.c ****     Detect_List[DETECT_LIST_LENGHT].is_Lost = 0;
 236              		.loc 1 39 23 is_stmt 0 view .LVU61
 237 000a 5F4B     		ldr	r3, .L22+4
 238 000c 0122     		movs	r2, #1
ARM GAS  C:\Users\SHUCHE~1\AppData\Local\Temp\ccZho8bq.s 			page 9


 239 000e 1A70     		strb	r2, [r3]
  40:Application/detect_task.c ****     Detect_List[DETECT_LIST_LENGHT].Error_Exist = 0;
 240              		.loc 1 40 5 is_stmt 1 view .LVU62
  40:Application/detect_task.c ****     Detect_List[DETECT_LIST_LENGHT].Error_Exist = 0;
 241              		.loc 1 40 45 is_stmt 0 view .LVU63
 242 0010 5E4B     		ldr	r3, .L22+8
 243 0012 93F83C20 		ldrb	r2, [r3, #60]	@ zero_extendqisi2
 244 0016 6FF34512 		bfc	r2, #5, #1
 245 001a 83F83C20 		strb	r2, [r3, #60]
  41:Application/detect_task.c **** 
 246              		.loc 1 41 5 is_stmt 1 view .LVU64
  41:Application/detect_task.c **** 
 247              		.loc 1 41 49 is_stmt 0 view .LVU65
 248 001e D2B2     		uxtb	r2, r2
 249 0020 6FF30412 		bfc	r2, #4, #1
 250 0024 83F83C20 		strb	r2, [r3, #60]
  43:Application/detect_task.c ****     {
 251              		.loc 1 43 5 is_stmt 1 view .LVU66
 252              	.LBB4:
  43:Application/detect_task.c ****     {
 253              		.loc 1 43 10 view .LVU67
 254              	.LVL11:
  43:Application/detect_task.c ****     {
 255              		.loc 1 43 14 is_stmt 0 view .LVU68
 256 0028 0024     		movs	r4, #0
  43:Application/detect_task.c ****     {
 257              		.loc 1 43 5 view .LVU69
 258 002a 53E0     		b	.L12
 259              	.LVL12:
 260              	.L20:
  45:Application/detect_task.c ****         {
 261              		.loc 1 45 9 is_stmt 1 view .LVU70
  45:Application/detect_task.c ****         {
 262              		.loc 1 45 27 is_stmt 0 view .LVU71
 263 002c 04EB8402 		add	r2, r4, r4, lsl #2
 264 0030 564B     		ldr	r3, .L22+8
 265 0032 03EBC203 		add	r3, r3, r2, lsl #3
 266 0036 DB7C     		ldrb	r3, [r3, #19]	@ zero_extendqisi2
  45:Application/detect_task.c ****         {
 267              		.loc 1 45 12 view .LVU72
 268 0038 13F0100F 		tst	r3, #16
 269 003c 49D0     		beq	.L13
  51:Application/detect_task.c ****         {
 270              		.loc 1 51 9 is_stmt 1 view .LVU73
  51:Application/detect_task.c ****         {
 271              		.loc 1 51 25 is_stmt 0 view .LVU74
 272 003e 514B     		ldr	r3, .L22
 273 0040 1A68     		ldr	r2, [r3]
  51:Application/detect_task.c ****         {
 274              		.loc 1 51 41 view .LVU75
 275 0042 524B     		ldr	r3, .L22+8
 276 0044 04EB8401 		add	r1, r4, r4, lsl #2
 277 0048 03EBC10C 		add	ip, r3, r1, lsl #3
 278 004c 53F83110 		ldr	r1, [r3, r1, lsl #3]
  51:Application/detect_task.c ****         {
 279              		.loc 1 51 25 view .LVU76
 280 0050 501A     		subs	r0, r2, r1
ARM GAS  C:\Users\SHUCHE~1\AppData\Local\Temp\ccZho8bq.s 			page 10


  51:Application/detect_task.c ****         {
 281              		.loc 1 51 67 view .LVU77
 282 0052 BCF81030 		ldrh	r3, [ip, #16]
 283 0056 C3F30B03 		ubfx	r3, r3, #0, #12
  51:Application/detect_task.c ****         {
 284              		.loc 1 51 12 view .LVU78
 285 005a 9842     		cmp	r0, r3
 286 005c 3DD9     		bls	.L14
  53:Application/detect_task.c ****             {
 287              		.loc 1 53 13 is_stmt 1 view .LVU79
  53:Application/detect_task.c ****             {
 288              		.loc 1 53 31 is_stmt 0 view .LVU80
 289 005e 9CF81430 		ldrb	r3, [ip, #20]	@ zero_extendqisi2
  53:Application/detect_task.c ****             {
 290              		.loc 1 53 16 view .LVU81
 291 0062 13F0100F 		tst	r3, #16
 292 0066 0CD1     		bne	.L15
  56:Application/detect_task.c ****                 Detect_List[i].Error_Exist = 1;
 293              		.loc 1 56 17 is_stmt 1 view .LVU82
  56:Application/detect_task.c ****                 Detect_List[i].Error_Exist = 1;
 294              		.loc 1 56 40 is_stmt 0 view .LVU83
 295 0068 9CF81400 		ldrb	r0, [ip, #20]	@ zero_extendqisi2
 296 006c 40F02000 		orr	r0, r0, #32
 297 0070 8CF81400 		strb	r0, [ip, #20]
  57:Application/detect_task.c ****                 Detect_List[i].Lost_Time = system_time;
 298              		.loc 1 57 17 is_stmt 1 view .LVU84
  57:Application/detect_task.c ****                 Detect_List[i].Lost_Time = system_time;
 299              		.loc 1 57 44 is_stmt 0 view .LVU85
 300 0074 C0B2     		uxtb	r0, r0
 301 0076 40F01000 		orr	r0, r0, #16
 302 007a 8CF81400 		strb	r0, [ip, #20]
  58:Application/detect_task.c ****             }
 303              		.loc 1 58 17 is_stmt 1 view .LVU86
  58:Application/detect_task.c ****             }
 304              		.loc 1 58 42 is_stmt 0 view .LVU87
 305 007e CCF80820 		str	r2, [ip, #8]
 306              	.L15:
  62:Application/detect_task.c ****             {
 307              		.loc 1 62 13 is_stmt 1 view .LVU88
  62:Application/detect_task.c ****             {
 308              		.loc 1 62 31 is_stmt 0 view .LVU89
 309 0082 424B     		ldr	r3, .L22+8
 310 0084 04EB8402 		add	r2, r4, r4, lsl #2
 311 0088 03EBC202 		add	r2, r3, r2, lsl #3
 312 008c 117D     		ldrb	r1, [r2, #20]	@ zero_extendqisi2
 313 008e 01F00F01 		and	r1, r1, #15
  62:Application/detect_task.c ****             {
 314              		.loc 1 62 73 view .LVU90
 315 0092 3D4A     		ldr	r2, .L22+4
 316 0094 1278     		ldrb	r2, [r2]	@ zero_extendqisi2
 317 0096 02EB8202 		add	r2, r2, r2, lsl #2
 318 009a 03EBC203 		add	r3, r3, r2, lsl #3
 319 009e 1B7D     		ldrb	r3, [r3, #20]	@ zero_extendqisi2
 320 00a0 03F00F03 		and	r3, r3, #15
  62:Application/detect_task.c ****             {
 321              		.loc 1 62 16 view .LVU91
 322 00a4 9942     		cmp	r1, r3
ARM GAS  C:\Users\SHUCHE~1\AppData\Local\Temp\ccZho8bq.s 			page 11


 323 00a6 01D9     		bls	.L16
  64:Application/detect_task.c ****             }
 324              		.loc 1 64 17 is_stmt 1 view .LVU92
  64:Application/detect_task.c ****             }
 325              		.loc 1 64 35 is_stmt 0 view .LVU93
 326 00a8 374B     		ldr	r3, .L22+4
 327 00aa 1C70     		strb	r4, [r3]
 328              	.L16:
  67:Application/detect_task.c ****             Detect_List[DETECT_LIST_LENGHT].Error_Exist = 1;
 329              		.loc 1 67 13 is_stmt 1 view .LVU94
  67:Application/detect_task.c ****             Detect_List[DETECT_LIST_LENGHT].Error_Exist = 1;
 330              		.loc 1 67 53 is_stmt 0 view .LVU95
 331 00ac 374B     		ldr	r3, .L22+8
 332 00ae 93F83C20 		ldrb	r2, [r3, #60]	@ zero_extendqisi2
 333 00b2 42F02002 		orr	r2, r2, #32
 334 00b6 83F83C20 		strb	r2, [r3, #60]
  68:Application/detect_task.c **** 
 335              		.loc 1 68 13 is_stmt 1 view .LVU96
  68:Application/detect_task.c **** 
 336              		.loc 1 68 57 is_stmt 0 view .LVU97
 337 00ba D2B2     		uxtb	r2, r2
 338 00bc 42F01002 		orr	r2, r2, #16
 339 00c0 83F83C20 		strb	r2, [r3, #60]
  71:Application/detect_task.c ****             {
 340              		.loc 1 71 13 is_stmt 1 view .LVU98
  71:Application/detect_task.c ****             {
 341              		.loc 1 71 31 is_stmt 0 view .LVU99
 342 00c4 04EB8402 		add	r2, r4, r4, lsl #2
 343 00c8 03EBC203 		add	r3, r3, r2, lsl #3
 344 00cc 1B6A     		ldr	r3, [r3, #32]
  71:Application/detect_task.c ****             {
 345              		.loc 1 71 16 view .LVU100
 346 00ce 03B1     		cbz	r3, .L13
  73:Application/detect_task.c ****             }
 347              		.loc 1 73 17 is_stmt 1 view .LVU101
 348 00d0 9847     		blx	r3
 349              	.LVL13:
 350              	.L13:
  43:Application/detect_task.c ****     {
 351              		.loc 1 43 46 discriminator 2 view .LVU102
 352 00d2 0134     		adds	r4, r4, #1
 353              	.LVL14:
 354              	.L12:
  43:Application/detect_task.c ****     {
 355              		.loc 1 43 23 discriminator 1 view .LVU103
 356 00d4 002C     		cmp	r4, #0
 357 00d6 A9DD     		ble	.L20
 358              	.LBE4:
 102:Application/detect_task.c **** 
 359              		.loc 1 102 1 is_stmt 0 view .LVU104
 360 00d8 10BD     		pop	{r4, pc}
 361              	.LVL15:
 362              	.L14:
 363              	.LBB5:
  76:Application/detect_task.c ****         {
 364              		.loc 1 76 14 is_stmt 1 view .LVU105
  76:Application/detect_task.c ****         {
ARM GAS  C:\Users\SHUCHE~1\AppData\Local\Temp\ccZho8bq.s 			page 12


 365              		.loc 1 76 46 is_stmt 0 view .LVU106
 366 00da 04EB8400 		add	r0, r4, r4, lsl #2
 367 00de 2B4B     		ldr	r3, .L22+8
 368 00e0 03EBC003 		add	r3, r3, r0, lsl #3
 369 00e4 D868     		ldr	r0, [r3, #12]
  76:Application/detect_task.c ****         {
 370              		.loc 1 76 30 view .LVU107
 371 00e6 121A     		subs	r2, r2, r0
  76:Application/detect_task.c ****         {
 372              		.loc 1 76 73 view .LVU108
 373 00e8 5B8A     		ldrh	r3, [r3, #18]
 374 00ea C3F30B03 		ubfx	r3, r3, #0, #12
  76:Application/detect_task.c ****         {
 375              		.loc 1 76 17 view .LVU109
 376 00ee 9A42     		cmp	r2, r3
 377 00f0 0FD2     		bcs	.L17
  79:Application/detect_task.c ****             Detect_List[i].Error_Exist = 1;
 378              		.loc 1 79 13 is_stmt 1 view .LVU110
  79:Application/detect_task.c ****             Detect_List[i].Error_Exist = 1;
 379              		.loc 1 79 36 is_stmt 0 view .LVU111
 380 00f2 04EB8402 		add	r2, r4, r4, lsl #2
 381 00f6 254B     		ldr	r3, .L22+8
 382 00f8 03EBC203 		add	r3, r3, r2, lsl #3
 383 00fc 03F11002 		add	r2, r3, #16
 384 0100 1B7D     		ldrb	r3, [r3, #20]	@ zero_extendqisi2
 385 0102 6FF34513 		bfc	r3, #5, #1
 386 0106 1371     		strb	r3, [r2, #4]
  80:Application/detect_task.c ****         }
 387              		.loc 1 80 13 is_stmt 1 view .LVU112
  80:Application/detect_task.c ****         }
 388              		.loc 1 80 40 is_stmt 0 view .LVU113
 389 0108 DBB2     		uxtb	r3, r3
 390 010a 43F01003 		orr	r3, r3, #16
 391 010e 1371     		strb	r3, [r2, #4]
 392 0110 DFE7     		b	.L13
 393              	.L17:
  84:Application/detect_task.c ****             // 判断是否存在数据错误
 394              		.loc 1 84 13 is_stmt 1 view .LVU114
  84:Application/detect_task.c ****             // 判断是否存在数据错误
 395              		.loc 1 84 36 is_stmt 0 view .LVU115
 396 0112 04EB8402 		add	r2, r4, r4, lsl #2
 397 0116 1D4B     		ldr	r3, .L22+8
 398 0118 03EBC203 		add	r3, r3, r2, lsl #3
 399 011c 03F11002 		add	r2, r3, #16
 400 0120 1B7D     		ldrb	r3, [r3, #20]	@ zero_extendqisi2
 401 0122 6FF34513 		bfc	r3, #5, #1
 402 0126 1371     		strb	r3, [r2, #4]
  86:Application/detect_task.c ****             {
 403              		.loc 1 86 13 is_stmt 1 view .LVU116
  86:Application/detect_task.c ****             {
 404              		.loc 1 86 31 is_stmt 0 view .LVU117
 405 0128 DBB2     		uxtb	r3, r3
  86:Application/detect_task.c ****             {
 406              		.loc 1 86 16 view .LVU118
 407 012a 13F0400F 		tst	r3, #64
 408 012e 1FD0     		beq	.L18
  88:Application/detect_task.c ****             }
ARM GAS  C:\Users\SHUCHE~1\AppData\Local\Temp\ccZho8bq.s 			page 13


 409              		.loc 1 88 17 is_stmt 1 view .LVU119
  88:Application/detect_task.c ****             }
 410              		.loc 1 88 44 is_stmt 0 view .LVU120
 411 0130 04EB8402 		add	r2, r4, r4, lsl #2
 412 0134 154B     		ldr	r3, .L22+8
 413 0136 03EBC203 		add	r3, r3, r2, lsl #3
 414 013a 1A7D     		ldrb	r2, [r3, #20]	@ zero_extendqisi2
 415 013c 42F01002 		orr	r2, r2, #16
 416 0140 1A75     		strb	r2, [r3, #20]
 417              	.L19:
  96:Application/detect_task.c ****             {
 418              		.loc 1 96 13 is_stmt 1 view .LVU121
  96:Application/detect_task.c ****             {
 419              		.loc 1 96 57 is_stmt 0 view .LVU122
 420 0142 04EB8402 		add	r2, r4, r4, lsl #2
 421 0146 114B     		ldr	r3, .L22+8
 422 0148 03EBC203 		add	r3, r3, r2, lsl #3
 423 014c 5B68     		ldr	r3, [r3, #4]
  96:Application/detect_task.c ****             {
 424              		.loc 1 96 16 view .LVU123
 425 014e 9942     		cmp	r1, r3
 426 0150 BFD9     		bls	.L13
  98:Application/detect_task.c ****             }
 427              		.loc 1 98 17 is_stmt 1 view .LVU124
  98:Application/detect_task.c ****             }
 428              		.loc 1 98 88 is_stmt 0 view .LVU125
 429 0152 C91A     		subs	r1, r1, r3
  98:Application/detect_task.c ****             }
 430              		.loc 1 98 56 view .LVU126
 431 0154 07EE901A 		vmov	s15, r1	@ int
 432 0158 F8EE677A 		vcvt.f32.u32	s15, s15
  98:Application/detect_task.c ****             }
 433              		.loc 1 98 54 view .LVU127
 434 015c DFED0C6A 		vldr.32	s13, .L22+12
 435 0160 86EEA77A 		vdiv.f32	s14, s13, s15
  98:Application/detect_task.c ****             }
 436              		.loc 1 98 44 view .LVU128
 437 0164 094B     		ldr	r3, .L22+8
 438 0166 03EBC203 		add	r3, r3, r2, lsl #3
 439 016a 83ED067A 		vstr.32	s14, [r3, #24]
 440 016e B0E7     		b	.L13
 441              	.L18:
  92:Application/detect_task.c ****             }
 442              		.loc 1 92 17 is_stmt 1 view .LVU129
  92:Application/detect_task.c ****             }
 443              		.loc 1 92 44 is_stmt 0 view .LVU130
 444 0170 04EB8402 		add	r2, r4, r4, lsl #2
 445 0174 054B     		ldr	r3, .L22+8
 446 0176 03EBC203 		add	r3, r3, r2, lsl #3
 447 017a 1A7D     		ldrb	r2, [r3, #20]	@ zero_extendqisi2
 448 017c 6FF30412 		bfc	r2, #4, #1
 449 0180 1A75     		strb	r2, [r3, #20]
 450 0182 DEE7     		b	.L19
 451              	.L23:
 452              		.align	2
 453              	.L22:
 454 0184 00000000 		.word	system_time.1
ARM GAS  C:\Users\SHUCHE~1\AppData\Local\Temp\ccZho8bq.s 			page 14


 455 0188 00000000 		.word	error_num_display.0
 456 018c 00000000 		.word	Detect_List
 457 0190 00007A44 		.word	1148846080
 458              	.LBE5:
 459              		.cfi_endproc
 460              	.LFE124:
 462              		.section	.text.is_TOE_Error,"ax",%progbits
 463              		.align	1
 464              		.global	is_TOE_Error
 465              		.syntax unified
 466              		.thumb
 467              		.thumb_func
 469              	is_TOE_Error:
 470              	.LVL16:
 471              	.LFB125:
 105:Application/detect_task.c ****     return (Detect_List[toe].Error_Exist == 1);
 472              		.loc 1 105 1 is_stmt 1 view -0
 473              		.cfi_startproc
 474              		@ args = 0, pretend = 0, frame = 0
 475              		@ frame_needed = 0, uses_anonymous_args = 0
 476              		@ link register save eliminated.
 106:Application/detect_task.c **** }
 477              		.loc 1 106 5 view .LVU132
 106:Application/detect_task.c **** }
 478              		.loc 1 106 29 is_stmt 0 view .LVU133
 479 0000 00EB8000 		add	r0, r0, r0, lsl #2
 480              	.LVL17:
 106:Application/detect_task.c **** }
 481              		.loc 1 106 29 view .LVU134
 482 0004 034B     		ldr	r3, .L25
 483 0006 03EBC003 		add	r3, r3, r0, lsl #3
 484 000a 187D     		ldrb	r0, [r3, #20]	@ zero_extendqisi2
 107:Application/detect_task.c **** 
 485              		.loc 1 107 1 view .LVU135
 486 000c C0F30010 		ubfx	r0, r0, #4, #1
 487 0010 7047     		bx	lr
 488              	.L26:
 489 0012 00BF     		.align	2
 490              	.L25:
 491 0014 00000000 		.word	Detect_List
 492              		.cfi_endproc
 493              	.LFE125:
 495              		.section	.text.Detect_Hook,"ax",%progbits
 496              		.align	1
 497              		.global	Detect_Hook
 498              		.syntax unified
 499              		.thumb
 500              		.thumb_func
 502              	Detect_Hook:
 503              	.LVL18:
 504              	.LFB126:
 110:Application/detect_task.c ****     Detect_List[toe].Last_Time = Detect_List[toe].New_Time; // 更新上一次记录时间
 505              		.loc 1 110 1 is_stmt 1 view -0
 506              		.cfi_startproc
 507              		@ args = 0, pretend = 0, frame = 0
 508              		@ frame_needed = 0, uses_anonymous_args = 0
 110:Application/detect_task.c ****     Detect_List[toe].Last_Time = Detect_List[toe].New_Time; // 更新上一次记录时间
ARM GAS  C:\Users\SHUCHE~1\AppData\Local\Temp\ccZho8bq.s 			page 15


 509              		.loc 1 110 1 is_stmt 0 view .LVU137
 510 0000 F8B5     		push	{r3, r4, r5, r6, r7, lr}
 511              	.LCFI6:
 512              		.cfi_def_cfa_offset 24
 513              		.cfi_offset 3, -24
 514              		.cfi_offset 4, -20
 515              		.cfi_offset 5, -16
 516              		.cfi_offset 6, -12
 517              		.cfi_offset 7, -8
 518              		.cfi_offset 14, -4
 519 0002 0446     		mov	r4, r0
 111:Application/detect_task.c ****     Detect_List[toe].New_Time = USER_GetTick();             // 记录本次时间
 520              		.loc 1 111 5 is_stmt 1 view .LVU138
 111:Application/detect_task.c ****     Detect_List[toe].New_Time = USER_GetTick();             // 记录本次时间
 521              		.loc 1 111 50 is_stmt 0 view .LVU139
 522 0004 234E     		ldr	r6, .L33
 523 0006 00EB8005 		add	r5, r0, r0, lsl #2
 524 000a EF00     		lsls	r7, r5, #3
 525 000c 06EBC505 		add	r5, r6, r5, lsl #3
 526 0010 F359     		ldr	r3, [r6, r7]
 111:Application/detect_task.c ****     Detect_List[toe].New_Time = USER_GetTick();             // 记录本次时间
 527              		.loc 1 111 32 view .LVU140
 528 0012 6B60     		str	r3, [r5, #4]
 112:Application/detect_task.c **** 
 529              		.loc 1 112 5 is_stmt 1 view .LVU141
 112:Application/detect_task.c **** 
 530              		.loc 1 112 33 is_stmt 0 view .LVU142
 531 0014 FFF7FEFF 		bl	HAL_GetTick
 532              	.LVL19:
 112:Application/detect_task.c **** 
 533              		.loc 1 112 31 view .LVU143
 534 0018 F051     		str	r0, [r6, r7]
 115:Application/detect_task.c ****     {
 535              		.loc 1 115 5 is_stmt 1 view .LVU144
 115:Application/detect_task.c ****     {
 536              		.loc 1 115 25 is_stmt 0 view .LVU145
 537 001a 2B7D     		ldrb	r3, [r5, #20]	@ zero_extendqisi2
 115:Application/detect_task.c ****     {
 538              		.loc 1 115 8 view .LVU146
 539 001c 13F0200F 		tst	r3, #32
 540 0020 04D0     		beq	.L28
 117:Application/detect_task.c ****         Detect_List[toe].Work_Time = Detect_List[toe].New_Time;
 541              		.loc 1 117 9 is_stmt 1 view .LVU147
 117:Application/detect_task.c ****         Detect_List[toe].Work_Time = Detect_List[toe].New_Time;
 542              		.loc 1 117 34 is_stmt 0 view .LVU148
 543 0022 2A7D     		ldrb	r2, [r5, #20]	@ zero_extendqisi2
 544 0024 6FF34512 		bfc	r2, #5, #1
 545 0028 2A75     		strb	r2, [r5, #20]
 118:Application/detect_task.c ****     }
 546              		.loc 1 118 9 is_stmt 1 view .LVU149
 118:Application/detect_task.c ****     }
 547              		.loc 1 118 36 is_stmt 0 view .LVU150
 548 002a E860     		str	r0, [r5, #12]
 549              	.L28:
 121:Application/detect_task.c ****     {
 550              		.loc 1 121 5 is_stmt 1 view .LVU151
 121:Application/detect_task.c ****     {
ARM GAS  C:\Users\SHUCHE~1\AppData\Local\Temp\ccZho8bq.s 			page 16


 551              		.loc 1 121 25 is_stmt 0 view .LVU152
 552 002c 04EB8402 		add	r2, r4, r4, lsl #2
 553 0030 184B     		ldr	r3, .L33
 554 0032 03EBC203 		add	r3, r3, r2, lsl #3
 555 0036 DB69     		ldr	r3, [r3, #28]
 121:Application/detect_task.c ****     {
 556              		.loc 1 121 8 view .LVU153
 557 0038 13B3     		cbz	r3, .L29
 123:Application/detect_task.c ****         {
 558              		.loc 1 123 9 is_stmt 1 view .LVU154
 123:Application/detect_task.c ****         {
 559              		.loc 1 123 13 is_stmt 0 view .LVU155
 560 003a 9847     		blx	r3
 561              	.LVL20:
 123:Application/detect_task.c ****         {
 562              		.loc 1 123 12 view .LVU156
 563 003c B0B1     		cbz	r0, .L30
 125:Application/detect_task.c ****             Detect_List[toe].is_Data_Error = 1;
 564              		.loc 1 125 13 is_stmt 1 view .LVU157
 125:Application/detect_task.c ****             Detect_List[toe].is_Data_Error = 1;
 565              		.loc 1 125 42 is_stmt 0 view .LVU158
 566 003e 154B     		ldr	r3, .L33
 567 0040 04EB8402 		add	r2, r4, r4, lsl #2
 568 0044 03EBC202 		add	r2, r3, r2, lsl #3
 569 0048 02F11001 		add	r1, r2, #16
 570 004c 127D     		ldrb	r2, [r2, #20]	@ zero_extendqisi2
 571 004e 42F01002 		orr	r2, r2, #16
 572 0052 0A71     		strb	r2, [r1, #4]
 126:Application/detect_task.c **** 
 573              		.loc 1 126 13 is_stmt 1 view .LVU159
 126:Application/detect_task.c **** 
 574              		.loc 1 126 44 is_stmt 0 view .LVU160
 575 0054 D2B2     		uxtb	r2, r2
 576 0056 42F04002 		orr	r2, r2, #64
 577 005a 0A71     		strb	r2, [r1, #4]
 128:Application/detect_task.c ****             {
 578              		.loc 1 128 13 is_stmt 1 view .LVU161
 128:Application/detect_task.c ****             {
 579              		.loc 1 128 33 is_stmt 0 view .LVU162
 580 005c 04EB8404 		add	r4, r4, r4, lsl #2
 581 0060 03EBC403 		add	r3, r3, r4, lsl #3
 582 0064 5B6A     		ldr	r3, [r3, #36]
 128:Application/detect_task.c ****             {
 583              		.loc 1 128 16 view .LVU163
 584 0066 53B1     		cbz	r3, .L27
 130:Application/detect_task.c ****             }
 585              		.loc 1 130 17 is_stmt 1 view .LVU164
 586 0068 9847     		blx	r3
 587              	.LVL21:
 588 006a 08E0     		b	.L27
 589              	.L30:
 135:Application/detect_task.c ****         }
 590              		.loc 1 135 13 view .LVU165
 135:Application/detect_task.c ****         }
 591              		.loc 1 135 44 is_stmt 0 view .LVU166
 592 006c 04EB8404 		add	r4, r4, r4, lsl #2
 593 0070 084B     		ldr	r3, .L33
ARM GAS  C:\Users\SHUCHE~1\AppData\Local\Temp\ccZho8bq.s 			page 17


 594 0072 03EBC404 		add	r4, r3, r4, lsl #3
 595 0076 237D     		ldrb	r3, [r4, #20]	@ zero_extendqisi2
 596 0078 6FF38613 		bfc	r3, #6, #1
 597 007c 2375     		strb	r3, [r4, #20]
 598              	.L27:
 142:Application/detect_task.c **** 
 599              		.loc 1 142 1 view .LVU167
 600 007e F8BD     		pop	{r3, r4, r5, r6, r7, pc}
 601              	.L29:
 140:Application/detect_task.c ****     }
 602              		.loc 1 140 9 is_stmt 1 view .LVU168
 140:Application/detect_task.c ****     }
 603              		.loc 1 140 40 is_stmt 0 view .LVU169
 604 0080 04EB8404 		add	r4, r4, r4, lsl #2
 605 0084 034B     		ldr	r3, .L33
 606 0086 03EBC403 		add	r3, r3, r4, lsl #3
 607 008a 1A7D     		ldrb	r2, [r3, #20]	@ zero_extendqisi2
 608 008c 6FF38612 		bfc	r2, #6, #1
 609 0090 1A75     		strb	r2, [r3, #20]
 142:Application/detect_task.c **** 
 610              		.loc 1 142 1 view .LVU170
 611 0092 F4E7     		b	.L27
 612              	.L34:
 613              		.align	2
 614              	.L33:
 615 0094 00000000 		.word	Detect_List
 616              		.cfi_endproc
 617              	.LFE126:
 619              		.section	.bss.error_num_display.0,"aw",%nobits
 622              	error_num_display.0:
 623 0000 00       		.space	1
 624              		.section	.bss.system_time.1,"aw",%nobits
 625              		.align	2
 628              	system_time.1:
 629 0000 00000000 		.space	4
 630              		.section	.bss.system_time.2,"aw",%nobits
 631              		.align	2
 634              	system_time.2:
 635 0000 00000000 		.space	4
 636              		.global	BoardState
 637              		.section	.bss.BoardState,"aw",%nobits
 638              		.align	2
 641              	BoardState:
 642 0000 00000000 		.space	8
 642      00000000 
 643              		.global	Detect_List
 644              		.section	.bss.Detect_List,"aw",%nobits
 645              		.align	2
 648              	Detect_List:
 649 0000 00000000 		.space	80
 649      00000000 
 649      00000000 
 649      00000000 
 649      00000000 
 650              		.global	resetCount
 651              		.section	.bss.resetCount,"aw",%nobits
 652              		.align	2
ARM GAS  C:\Users\SHUCHE~1\AppData\Local\Temp\ccZho8bq.s 			page 18


 655              	resetCount:
 656 0000 00000000 		.space	4
 657              		.section	.rodata
 658              		.align	2
 659              		.set	.LANCHOR0,. + 0
 660              	.LC0:
 661 0000 FA00     		.short	250
 662 0002 6400     		.short	100
 663 0004 0F00     		.short	15
 664              		.text
 665              	.Letext0:
 666              		.file 2 "e:\\programfile\\msys2\\mingw64\\arm-none-eabi\\include\\machine\\_default_types.h"
 667              		.file 3 "e:\\programfile\\msys2\\mingw64\\arm-none-eabi\\include\\sys\\_stdint.h"
 668              		.file 4 "Application/detect_task.h"
 669              		.file 5 "Drivers/STM32F3xx_HAL_Driver/Inc/stm32f3xx_hal.h"
ARM GAS  C:\Users\SHUCHE~1\AppData\Local\Temp\ccZho8bq.s 			page 19


DEFINED SYMBOLS
                            *ABS*:00000000 detect_task.c
C:\Users\SHUCHE~1\AppData\Local\Temp\ccZho8bq.s:21     .text.Detect_Init:00000000 $t
C:\Users\SHUCHE~1\AppData\Local\Temp\ccZho8bq.s:26     .text.Detect_Init:00000000 Detect_Init
C:\Users\SHUCHE~1\AppData\Local\Temp\ccZho8bq.s:160    .text.Detect_Init:000000a0 $d
C:\Users\SHUCHE~1\AppData\Local\Temp\ccZho8bq.s:648    .bss.Detect_List:00000000 Detect_List
C:\Users\SHUCHE~1\AppData\Local\Temp\ccZho8bq.s:167    .text.Detect_Task_Init:00000000 $t
C:\Users\SHUCHE~1\AppData\Local\Temp\ccZho8bq.s:173    .text.Detect_Task_Init:00000000 Detect_Task_Init
C:\Users\SHUCHE~1\AppData\Local\Temp\ccZho8bq.s:204    .text.Detect_Task_Init:00000018 $d
C:\Users\SHUCHE~1\AppData\Local\Temp\ccZho8bq.s:634    .bss.system_time.2:00000000 system_time.2
C:\Users\SHUCHE~1\AppData\Local\Temp\ccZho8bq.s:209    .text.Detect_Task:00000000 $t
C:\Users\SHUCHE~1\AppData\Local\Temp\ccZho8bq.s:215    .text.Detect_Task:00000000 Detect_Task
C:\Users\SHUCHE~1\AppData\Local\Temp\ccZho8bq.s:454    .text.Detect_Task:00000184 $d
C:\Users\SHUCHE~1\AppData\Local\Temp\ccZho8bq.s:628    .bss.system_time.1:00000000 system_time.1
C:\Users\SHUCHE~1\AppData\Local\Temp\ccZho8bq.s:622    .bss.error_num_display.0:00000000 error_num_display.0
C:\Users\SHUCHE~1\AppData\Local\Temp\ccZho8bq.s:463    .text.is_TOE_Error:00000000 $t
C:\Users\SHUCHE~1\AppData\Local\Temp\ccZho8bq.s:469    .text.is_TOE_Error:00000000 is_TOE_Error
C:\Users\SHUCHE~1\AppData\Local\Temp\ccZho8bq.s:491    .text.is_TOE_Error:00000014 $d
C:\Users\SHUCHE~1\AppData\Local\Temp\ccZho8bq.s:496    .text.Detect_Hook:00000000 $t
C:\Users\SHUCHE~1\AppData\Local\Temp\ccZho8bq.s:502    .text.Detect_Hook:00000000 Detect_Hook
C:\Users\SHUCHE~1\AppData\Local\Temp\ccZho8bq.s:615    .text.Detect_Hook:00000094 $d
C:\Users\SHUCHE~1\AppData\Local\Temp\ccZho8bq.s:623    .bss.error_num_display.0:00000000 $d
C:\Users\SHUCHE~1\AppData\Local\Temp\ccZho8bq.s:625    .bss.system_time.1:00000000 $d
C:\Users\SHUCHE~1\AppData\Local\Temp\ccZho8bq.s:631    .bss.system_time.2:00000000 $d
C:\Users\SHUCHE~1\AppData\Local\Temp\ccZho8bq.s:641    .bss.BoardState:00000000 BoardState
C:\Users\SHUCHE~1\AppData\Local\Temp\ccZho8bq.s:638    .bss.BoardState:00000000 $d
C:\Users\SHUCHE~1\AppData\Local\Temp\ccZho8bq.s:645    .bss.Detect_List:00000000 $d
C:\Users\SHUCHE~1\AppData\Local\Temp\ccZho8bq.s:655    .bss.resetCount:00000000 resetCount
C:\Users\SHUCHE~1\AppData\Local\Temp\ccZho8bq.s:652    .bss.resetCount:00000000 $d
C:\Users\SHUCHE~1\AppData\Local\Temp\ccZho8bq.s:658    .rodata:00000000 $d

UNDEFINED SYMBOLS
HAL_GetTick
HAL_Delay
