ARM GAS  C:\Users\31005\AppData\Local\Temp\ccVyos5N.s 			page 1


   1              		.cpu cortex-m4
   2              		.arch armv7e-m
   3              		.fpu fpv4-sp-d16
   4              		.eabi_attribute 27, 1
   5              		.eabi_attribute 28, 1
   6              		.eabi_attribute 20, 1
   7              		.eabi_attribute 21, 1
   8              		.eabi_attribute 23, 3
   9              		.eabi_attribute 24, 1
  10              		.eabi_attribute 25, 1
  11              		.eabi_attribute 26, 1
  12              		.eabi_attribute 30, 1
  13              		.eabi_attribute 34, 1
  14              		.eabi_attribute 18, 4
  15              		.file	"gpio.c"
  16              		.text
  17              	.Ltext0:
  18              		.cfi_sections	.debug_frame
  19              		.file 1 "Core/Src/gpio.c"
  20              		.section	.text.MX_GPIO_Init,"ax",%progbits
  21              		.align	1
  22              		.global	MX_GPIO_Init
  23              		.syntax unified
  24              		.thumb
  25              		.thumb_func
  27              	MX_GPIO_Init:
  28              	.LFB123:
   1:Core/Src/gpio.c **** /* USER CODE BEGIN Header */
   2:Core/Src/gpio.c **** /**
   3:Core/Src/gpio.c ****   ******************************************************************************
   4:Core/Src/gpio.c ****   * @file    gpio.c
   5:Core/Src/gpio.c ****   * @brief   This file provides code for the configuration
   6:Core/Src/gpio.c ****   *          of all used GPIO pins.
   7:Core/Src/gpio.c ****   ******************************************************************************
   8:Core/Src/gpio.c ****   * @attention
   9:Core/Src/gpio.c ****   *
  10:Core/Src/gpio.c ****   * Copyright (c) 2025 STMicroelectronics.
  11:Core/Src/gpio.c ****   * All rights reserved.
  12:Core/Src/gpio.c ****   *
  13:Core/Src/gpio.c ****   * This software is licensed under terms that can be found in the LICENSE file
  14:Core/Src/gpio.c ****   * in the root directory of this software component.
  15:Core/Src/gpio.c ****   * If no LICENSE file comes with this software, it is provided AS-IS.
  16:Core/Src/gpio.c ****   *
  17:Core/Src/gpio.c ****   ******************************************************************************
  18:Core/Src/gpio.c ****   */
  19:Core/Src/gpio.c **** /* USER CODE END Header */
  20:Core/Src/gpio.c **** 
  21:Core/Src/gpio.c **** /* Includes ------------------------------------------------------------------*/
  22:Core/Src/gpio.c **** #include "gpio.h"
  23:Core/Src/gpio.c **** 
  24:Core/Src/gpio.c **** /* USER CODE BEGIN 0 */
  25:Core/Src/gpio.c **** 
  26:Core/Src/gpio.c **** /* USER CODE END 0 */
  27:Core/Src/gpio.c **** 
  28:Core/Src/gpio.c **** /*----------------------------------------------------------------------------*/
  29:Core/Src/gpio.c **** /* Configure GPIO                                                             */
  30:Core/Src/gpio.c **** /*----------------------------------------------------------------------------*/
ARM GAS  C:\Users\31005\AppData\Local\Temp\ccVyos5N.s 			page 2


  31:Core/Src/gpio.c **** /* USER CODE BEGIN 1 */
  32:Core/Src/gpio.c **** 
  33:Core/Src/gpio.c **** /* USER CODE END 1 */
  34:Core/Src/gpio.c **** 
  35:Core/Src/gpio.c **** /** Configure pins as
  36:Core/Src/gpio.c ****         * Analog
  37:Core/Src/gpio.c ****         * Input
  38:Core/Src/gpio.c ****         * Output
  39:Core/Src/gpio.c ****         * EVENT_OUT
  40:Core/Src/gpio.c ****         * EXTI
  41:Core/Src/gpio.c **** */
  42:Core/Src/gpio.c **** void MX_GPIO_Init(void)
  43:Core/Src/gpio.c **** {
  29              		.loc 1 43 1 view -0
  30              		.cfi_startproc
  31              		@ args = 0, pretend = 0, frame = 32
  32              		@ frame_needed = 0, uses_anonymous_args = 0
  33 0000 30B5     		push	{r4, r5, lr}
  34              	.LCFI0:
  35              		.cfi_def_cfa_offset 12
  36              		.cfi_offset 4, -12
  37              		.cfi_offset 5, -8
  38              		.cfi_offset 14, -4
  39 0002 89B0     		sub	sp, sp, #36
  40              	.LCFI1:
  41              		.cfi_def_cfa_offset 48
  44:Core/Src/gpio.c **** 
  45:Core/Src/gpio.c ****   GPIO_InitTypeDef GPIO_InitStruct = {0};
  42              		.loc 1 45 3 view .LVU1
  43              		.loc 1 45 20 is_stmt 0 view .LVU2
  44 0004 0024     		movs	r4, #0
  45 0006 0394     		str	r4, [sp, #12]
  46 0008 0494     		str	r4, [sp, #16]
  47 000a 0594     		str	r4, [sp, #20]
  48 000c 0694     		str	r4, [sp, #24]
  49 000e 0794     		str	r4, [sp, #28]
  46:Core/Src/gpio.c **** 
  47:Core/Src/gpio.c ****   /* GPIO Ports Clock Enable */
  48:Core/Src/gpio.c ****   __HAL_RCC_GPIOF_CLK_ENABLE();
  50              		.loc 1 48 3 is_stmt 1 view .LVU3
  51              	.LBB2:
  52              		.loc 1 48 3 view .LVU4
  53              		.loc 1 48 3 view .LVU5
  54 0010 214B     		ldr	r3, .L3
  55 0012 5A69     		ldr	r2, [r3, #20]
  56 0014 42F48002 		orr	r2, r2, #4194304
  57 0018 5A61     		str	r2, [r3, #20]
  58              		.loc 1 48 3 view .LVU6
  59 001a 5A69     		ldr	r2, [r3, #20]
  60 001c 02F48002 		and	r2, r2, #4194304
  61 0020 0092     		str	r2, [sp]
  62              		.loc 1 48 3 view .LVU7
  63 0022 009A     		ldr	r2, [sp]
  64              	.LBE2:
  65              		.loc 1 48 3 view .LVU8
  49:Core/Src/gpio.c ****   __HAL_RCC_GPIOA_CLK_ENABLE();
  66              		.loc 1 49 3 view .LVU9
ARM GAS  C:\Users\31005\AppData\Local\Temp\ccVyos5N.s 			page 3


  67              	.LBB3:
  68              		.loc 1 49 3 view .LVU10
  69              		.loc 1 49 3 view .LVU11
  70 0024 5A69     		ldr	r2, [r3, #20]
  71 0026 42F40032 		orr	r2, r2, #131072
  72 002a 5A61     		str	r2, [r3, #20]
  73              		.loc 1 49 3 view .LVU12
  74 002c 5A69     		ldr	r2, [r3, #20]
  75 002e 02F40032 		and	r2, r2, #131072
  76 0032 0192     		str	r2, [sp, #4]
  77              		.loc 1 49 3 view .LVU13
  78 0034 019A     		ldr	r2, [sp, #4]
  79              	.LBE3:
  80              		.loc 1 49 3 view .LVU14
  50:Core/Src/gpio.c ****   __HAL_RCC_GPIOB_CLK_ENABLE();
  81              		.loc 1 50 3 view .LVU15
  82              	.LBB4:
  83              		.loc 1 50 3 view .LVU16
  84              		.loc 1 50 3 view .LVU17
  85 0036 5A69     		ldr	r2, [r3, #20]
  86 0038 42F48022 		orr	r2, r2, #262144
  87 003c 5A61     		str	r2, [r3, #20]
  88              		.loc 1 50 3 view .LVU18
  89 003e 5B69     		ldr	r3, [r3, #20]
  90 0040 03F48023 		and	r3, r3, #262144
  91 0044 0293     		str	r3, [sp, #8]
  92              		.loc 1 50 3 view .LVU19
  93 0046 029B     		ldr	r3, [sp, #8]
  94              	.LBE4:
  95              		.loc 1 50 3 view .LVU20
  51:Core/Src/gpio.c **** 
  52:Core/Src/gpio.c ****   /*Configure GPIO pin Output Level */
  53:Core/Src/gpio.c ****   HAL_GPIO_WritePin(GPIOA, GPIO_PIN_5|GPIO_PIN_7, GPIO_PIN_RESET);
  96              		.loc 1 53 3 view .LVU21
  97 0048 2246     		mov	r2, r4
  98 004a A021     		movs	r1, #160
  99 004c 4FF09040 		mov	r0, #1207959552
 100 0050 FFF7FEFF 		bl	HAL_GPIO_WritePin
 101              	.LVL0:
  54:Core/Src/gpio.c **** 
  55:Core/Src/gpio.c ****   /*Configure GPIO pin : PA5 */
  56:Core/Src/gpio.c ****   GPIO_InitStruct.Pin = GPIO_PIN_5;
 102              		.loc 1 56 3 view .LVU22
 103              		.loc 1 56 23 is_stmt 0 view .LVU23
 104 0054 2023     		movs	r3, #32
 105 0056 0393     		str	r3, [sp, #12]
  57:Core/Src/gpio.c ****   GPIO_InitStruct.Mode = GPIO_MODE_OUTPUT_PP;
 106              		.loc 1 57 3 is_stmt 1 view .LVU24
 107              		.loc 1 57 24 is_stmt 0 view .LVU25
 108 0058 0125     		movs	r5, #1
 109 005a 0495     		str	r5, [sp, #16]
  58:Core/Src/gpio.c ****   GPIO_InitStruct.Pull = GPIO_NOPULL;
 110              		.loc 1 58 3 is_stmt 1 view .LVU26
 111              		.loc 1 58 24 is_stmt 0 view .LVU27
 112 005c 0594     		str	r4, [sp, #20]
  59:Core/Src/gpio.c ****   GPIO_InitStruct.Speed = GPIO_SPEED_FREQ_LOW;
 113              		.loc 1 59 3 is_stmt 1 view .LVU28
ARM GAS  C:\Users\31005\AppData\Local\Temp\ccVyos5N.s 			page 4


 114              		.loc 1 59 25 is_stmt 0 view .LVU29
 115 005e 0694     		str	r4, [sp, #24]
  60:Core/Src/gpio.c ****   HAL_GPIO_Init(GPIOA, &GPIO_InitStruct);
 116              		.loc 1 60 3 is_stmt 1 view .LVU30
 117 0060 03A9     		add	r1, sp, #12
 118 0062 4FF09040 		mov	r0, #1207959552
 119 0066 FFF7FEFF 		bl	HAL_GPIO_Init
 120              	.LVL1:
  61:Core/Src/gpio.c **** 
  62:Core/Src/gpio.c ****   /*Configure GPIO pin : PA7 */
  63:Core/Src/gpio.c ****   GPIO_InitStruct.Pin = GPIO_PIN_7;
 121              		.loc 1 63 3 view .LVU31
 122              		.loc 1 63 23 is_stmt 0 view .LVU32
 123 006a 8023     		movs	r3, #128
 124 006c 0393     		str	r3, [sp, #12]
  64:Core/Src/gpio.c ****   GPIO_InitStruct.Mode = GPIO_MODE_OUTPUT_PP;
 125              		.loc 1 64 3 is_stmt 1 view .LVU33
 126              		.loc 1 64 24 is_stmt 0 view .LVU34
 127 006e 0495     		str	r5, [sp, #16]
  65:Core/Src/gpio.c ****   GPIO_InitStruct.Pull = GPIO_PULLDOWN;
 128              		.loc 1 65 3 is_stmt 1 view .LVU35
 129              		.loc 1 65 24 is_stmt 0 view .LVU36
 130 0070 0223     		movs	r3, #2
 131 0072 0593     		str	r3, [sp, #20]
  66:Core/Src/gpio.c ****   GPIO_InitStruct.Speed = GPIO_SPEED_FREQ_LOW;
 132              		.loc 1 66 3 is_stmt 1 view .LVU37
 133              		.loc 1 66 25 is_stmt 0 view .LVU38
 134 0074 0694     		str	r4, [sp, #24]
  67:Core/Src/gpio.c ****   HAL_GPIO_Init(GPIOA, &GPIO_InitStruct);
 135              		.loc 1 67 3 is_stmt 1 view .LVU39
 136 0076 03A9     		add	r1, sp, #12
 137 0078 4FF09040 		mov	r0, #1207959552
 138 007c FFF7FEFF 		bl	HAL_GPIO_Init
 139              	.LVL2:
  68:Core/Src/gpio.c **** 
  69:Core/Src/gpio.c ****   /*Configure GPIO pin : PB10 */
  70:Core/Src/gpio.c ****   GPIO_InitStruct.Pin = GPIO_PIN_10;
 140              		.loc 1 70 3 view .LVU40
 141              		.loc 1 70 23 is_stmt 0 view .LVU41
 142 0080 4FF48063 		mov	r3, #1024
 143 0084 0393     		str	r3, [sp, #12]
  71:Core/Src/gpio.c ****   GPIO_InitStruct.Mode = GPIO_MODE_INPUT;
 144              		.loc 1 71 3 is_stmt 1 view .LVU42
 145              		.loc 1 71 24 is_stmt 0 view .LVU43
 146 0086 0494     		str	r4, [sp, #16]
  72:Core/Src/gpio.c ****   GPIO_InitStruct.Pull = GPIO_PULLUP;
 147              		.loc 1 72 3 is_stmt 1 view .LVU44
 148              		.loc 1 72 24 is_stmt 0 view .LVU45
 149 0088 0595     		str	r5, [sp, #20]
  73:Core/Src/gpio.c ****   HAL_GPIO_Init(GPIOB, &GPIO_InitStruct);
 150              		.loc 1 73 3 is_stmt 1 view .LVU46
 151 008a 03A9     		add	r1, sp, #12
 152 008c 0348     		ldr	r0, .L3+4
 153 008e FFF7FEFF 		bl	HAL_GPIO_Init
 154              	.LVL3:
  74:Core/Src/gpio.c **** 
  75:Core/Src/gpio.c **** }
ARM GAS  C:\Users\31005\AppData\Local\Temp\ccVyos5N.s 			page 5


 155              		.loc 1 75 1 is_stmt 0 view .LVU47
 156 0092 09B0     		add	sp, sp, #36
 157              	.LCFI2:
 158              		.cfi_def_cfa_offset 12
 159              		@ sp needed
 160 0094 30BD     		pop	{r4, r5, pc}
 161              	.L4:
 162 0096 00BF     		.align	2
 163              	.L3:
 164 0098 00100240 		.word	1073876992
 165 009c 00040048 		.word	1207960576
 166              		.cfi_endproc
 167              	.LFE123:
 169              		.text
 170              	.Letext0:
 171              		.file 2 "e:\\vscode\\msys2\\mingw64\\arm-none-eabi\\include\\machine\\_default_types.h"
 172              		.file 3 "e:\\vscode\\msys2\\mingw64\\arm-none-eabi\\include\\sys\\_stdint.h"
 173              		.file 4 "Drivers/CMSIS/Device/ST/STM32F3xx/Include/stm32f334x8.h"
 174              		.file 5 "Drivers/STM32F3xx_HAL_Driver/Inc/stm32f3xx_hal_gpio.h"
ARM GAS  C:\Users\31005\AppData\Local\Temp\ccVyos5N.s 			page 6


DEFINED SYMBOLS
                            *ABS*:00000000 gpio.c
C:\Users\31005\AppData\Local\Temp\ccVyos5N.s:21     .text.MX_GPIO_Init:00000000 $t
C:\Users\31005\AppData\Local\Temp\ccVyos5N.s:27     .text.MX_GPIO_Init:00000000 MX_GPIO_Init
C:\Users\31005\AppData\Local\Temp\ccVyos5N.s:164    .text.MX_GPIO_Init:00000098 $d

UNDEFINED SYMBOLS
HAL_GPIO_WritePin
HAL_GPIO_Init
