ARM GAS  C:\Users\31005\AppData\Local\Temp\ccX89aHB.s 			page 1


   1              		.cpu cortex-m4
   2              		.arch armv7e-m
   3              		.fpu fpv4-sp-d16
   4              		.eabi_attribute 27, 1
   5              		.eabi_attribute 28, 1
   6              		.eabi_attribute 20, 1
   7              		.eabi_attribute 21, 1
   8              		.eabi_attribute 23, 3
   9              		.eabi_attribute 24, 1
  10              		.eabi_attribute 25, 1
  11              		.eabi_attribute 26, 1
  12              		.eabi_attribute 30, 1
  13              		.eabi_attribute 34, 1
  14              		.eabi_attribute 18, 4
  15              		.file	"main.c"
  16              		.text
  17              	.Ltext0:
  18              		.cfi_sections	.debug_frame
  19              		.file 1 "Core/Src/main.c"
  20              		.section	.text.HAL_TIM_PeriodElapsedCallback,"ax",%progbits
  21              		.align	1
  22              		.global	HAL_TIM_PeriodElapsedCallback
  23              		.syntax unified
  24              		.thumb
  25              		.thumb_func
  27              	HAL_TIM_PeriodElapsedCallback:
  28              	.LVL0:
  29              	.LFB158:
   1:Core/Src/main.c **** /* USER CODE BEGIN Header */
   2:Core/Src/main.c **** /**
   3:Core/Src/main.c ****   ******************************************************************************
   4:Core/Src/main.c ****   * @file           : main.c
   5:Core/Src/main.c ****   * @brief          : Main program body
   6:Core/Src/main.c ****   ******************************************************************************
   7:Core/Src/main.c ****   * @attention
   8:Core/Src/main.c ****   *
   9:Core/Src/main.c ****   * Copyright (c) 2025 STMicroelectronics.
  10:Core/Src/main.c ****   * All rights reserved.
  11:Core/Src/main.c ****   *
  12:Core/Src/main.c ****   * This software is licensed under terms that can be found in the LICENSE file
  13:Core/Src/main.c ****   * in the root directory of this software component.
  14:Core/Src/main.c ****   * If no LICENSE file comes with this software, it is provided AS-IS.
  15:Core/Src/main.c ****   *
  16:Core/Src/main.c ****   ******************************************************************************
  17:Core/Src/main.c ****   */
  18:Core/Src/main.c **** /* USER CODE END Header */
  19:Core/Src/main.c **** /* Includes ------------------------------------------------------------------*/
  20:Core/Src/main.c **** #include "main.h"
  21:Core/Src/main.c **** #include "adc.h"
  22:Core/Src/main.c **** #include "dma.h"
  23:Core/Src/main.c **** #include "hrtim.h"
  24:Core/Src/main.c **** #include "tim.h"
  25:Core/Src/main.c **** #include "usart.h"
  26:Core/Src/main.c **** #include "gpio.h"
  27:Core/Src/main.c **** 
  28:Core/Src/main.c **** /* Private includes ----------------------------------------------------------*/
  29:Core/Src/main.c **** /* USER CODE BEGIN Includes */
ARM GAS  C:\Users\31005\AppData\Local\Temp\ccX89aHB.s 			page 2


  30:Core/Src/main.c **** #include "bsp_dwt.h"
  31:Core/Src/main.c **** #include "bb_control.h"
  32:Core/Src/main.c **** /* USER CODE END Includes */
  33:Core/Src/main.c **** 
  34:Core/Src/main.c **** /* Private typedef -----------------------------------------------------------*/
  35:Core/Src/main.c **** /* USER CODE BEGIN PTD */
  36:Core/Src/main.c **** 
  37:Core/Src/main.c **** /* USER CODE END PTD */
  38:Core/Src/main.c **** 
  39:Core/Src/main.c **** /* Private define ------------------------------------------------------------*/
  40:Core/Src/main.c **** /* USER CODE BEGIN PD */
  41:Core/Src/main.c **** 
  42:Core/Src/main.c **** /* USER CODE END PD */
  43:Core/Src/main.c **** 
  44:Core/Src/main.c **** /* Private macro -------------------------------------------------------------*/
  45:Core/Src/main.c **** /* USER CODE BEGIN PM */
  46:Core/Src/main.c **** 
  47:Core/Src/main.c **** /* USER CODE END PM */
  48:Core/Src/main.c **** 
  49:Core/Src/main.c **** /* Private variables ---------------------------------------------------------*/
  50:Core/Src/main.c **** 
  51:Core/Src/main.c **** /* USER CODE BEGIN PV */
  52:Core/Src/main.c **** GPIO_PinState switch_on_off;
  53:Core/Src/main.c **** /* USER CODE END PV */
  54:Core/Src/main.c **** 
  55:Core/Src/main.c **** /* Private function prototypes -----------------------------------------------*/
  56:Core/Src/main.c **** void SystemClock_Config(void);
  57:Core/Src/main.c **** /* USER CODE BEGIN PFP */
  58:Core/Src/main.c **** 
  59:Core/Src/main.c **** /* USER CODE END PFP */
  60:Core/Src/main.c **** 
  61:Core/Src/main.c **** /* Private user code ---------------------------------------------------------*/
  62:Core/Src/main.c **** /* USER CODE BEGIN 0 */
  63:Core/Src/main.c **** 
  64:Core/Src/main.c **** /* USER CODE END 0 */
  65:Core/Src/main.c **** 
  66:Core/Src/main.c **** /**
  67:Core/Src/main.c ****   * @brief  The application entry point.
  68:Core/Src/main.c ****   * @retval int
  69:Core/Src/main.c ****   */
  70:Core/Src/main.c **** int main(void)
  71:Core/Src/main.c **** 
  72:Core/Src/main.c **** {
  73:Core/Src/main.c **** 
  74:Core/Src/main.c ****   /* USER CODE BEGIN 1 */
  75:Core/Src/main.c **** 
  76:Core/Src/main.c ****   /* USER CODE END 1 */
  77:Core/Src/main.c **** 
  78:Core/Src/main.c ****   /* MCU Configuration--------------------------------------------------------*/
  79:Core/Src/main.c **** 
  80:Core/Src/main.c ****   /* Reset of all peripherals, Initializes the Flash interface and the Systick. */
  81:Core/Src/main.c ****   HAL_Init();
  82:Core/Src/main.c **** 
  83:Core/Src/main.c ****   /* USER CODE BEGIN Init */
  84:Core/Src/main.c **** 
  85:Core/Src/main.c ****   /* USER CODE END Init */
  86:Core/Src/main.c **** 
ARM GAS  C:\Users\31005\AppData\Local\Temp\ccX89aHB.s 			page 3


  87:Core/Src/main.c ****   /* Configure the system clock */
  88:Core/Src/main.c ****   SystemClock_Config();
  89:Core/Src/main.c **** 
  90:Core/Src/main.c ****   /* USER CODE BEGIN SysInit */
  91:Core/Src/main.c **** 
  92:Core/Src/main.c ****   /* USER CODE END SysInit */
  93:Core/Src/main.c **** 
  94:Core/Src/main.c ****   /* Initialize all configured peripherals */
  95:Core/Src/main.c ****   MX_GPIO_Init();
  96:Core/Src/main.c ****   MX_DMA_Init();
  97:Core/Src/main.c ****   MX_ADC1_Init();
  98:Core/Src/main.c ****   MX_HRTIM1_Init();
  99:Core/Src/main.c ****   MX_TIM2_Init();
 100:Core/Src/main.c ****   MX_ADC2_Init();
 101:Core/Src/main.c ****   MX_USART2_UART_Init();
 102:Core/Src/main.c ****   /* USER CODE BEGIN 2 */
 103:Core/Src/main.c ****   DWT_Init(72);
 104:Core/Src/main.c ****   BB_Control_Init();
 105:Core/Src/main.c ****   HAL_TIM_Base_Start_IT(&htim2);
 106:Core/Src/main.c ****   // HAL_TIM_Base_Start_IT(&htim15);
 107:Core/Src/main.c **** 
 108:Core/Src/main.c ****   /* USER CODE END 2 */
 109:Core/Src/main.c **** 
 110:Core/Src/main.c ****   /* Infinite loop */
 111:Core/Src/main.c ****   /* USER CODE BEGIN WHILE */
 112:Core/Src/main.c ****   while (1)
 113:Core/Src/main.c ****   {
 114:Core/Src/main.c ****     // switch_on_off = HAL_GPIO_ReadPin(GPIOB,GPIO_PIN_10);
 115:Core/Src/main.c ****     // HAL_GPIO_WritePin(GPIOA,GPIO_PIN_7,switch_on_off);
 116:Core/Src/main.c **** 
 117:Core/Src/main.c ****     /* USER CODE END WHILE */
 118:Core/Src/main.c **** 
 119:Core/Src/main.c ****     /* USER CODE BEGIN 3 */
 120:Core/Src/main.c ****     HAL_Delay(1);
 121:Core/Src/main.c ****   }
 122:Core/Src/main.c ****   /* USER CODE END 3 */
 123:Core/Src/main.c **** }
 124:Core/Src/main.c **** 
 125:Core/Src/main.c **** /**
 126:Core/Src/main.c ****   * @brief System Clock Configuration
 127:Core/Src/main.c ****   * @retval None
 128:Core/Src/main.c ****   */
 129:Core/Src/main.c **** void SystemClock_Config(void)
 130:Core/Src/main.c **** {
 131:Core/Src/main.c ****   RCC_OscInitTypeDef RCC_OscInitStruct = {0};
 132:Core/Src/main.c ****   RCC_ClkInitTypeDef RCC_ClkInitStruct = {0};
 133:Core/Src/main.c ****   RCC_PeriphCLKInitTypeDef PeriphClkInit = {0};
 134:Core/Src/main.c **** 
 135:Core/Src/main.c ****   /** Initializes the RCC Oscillators according to the specified parameters
 136:Core/Src/main.c ****   * in the RCC_OscInitTypeDef structure.
 137:Core/Src/main.c ****   */
 138:Core/Src/main.c ****   RCC_OscInitStruct.OscillatorType = RCC_OSCILLATORTYPE_HSE;
 139:Core/Src/main.c ****   RCC_OscInitStruct.HSEState = RCC_HSE_ON;
 140:Core/Src/main.c ****   RCC_OscInitStruct.HSEPredivValue = RCC_HSE_PREDIV_DIV1;
 141:Core/Src/main.c ****   RCC_OscInitStruct.HSIState = RCC_HSI_ON;
 142:Core/Src/main.c ****   RCC_OscInitStruct.PLL.PLLState = RCC_PLL_ON;
 143:Core/Src/main.c ****   RCC_OscInitStruct.PLL.PLLSource = RCC_PLLSOURCE_HSE;
ARM GAS  C:\Users\31005\AppData\Local\Temp\ccX89aHB.s 			page 4


 144:Core/Src/main.c ****   RCC_OscInitStruct.PLL.PLLMUL = RCC_PLL_MUL6;
 145:Core/Src/main.c ****   if (HAL_RCC_OscConfig(&RCC_OscInitStruct) != HAL_OK)
 146:Core/Src/main.c ****   {
 147:Core/Src/main.c ****     Error_Handler();
 148:Core/Src/main.c ****   }
 149:Core/Src/main.c **** 
 150:Core/Src/main.c ****   /** Initializes the CPU, AHB and APB buses clocks
 151:Core/Src/main.c ****   */
 152:Core/Src/main.c ****   RCC_ClkInitStruct.ClockType = RCC_CLOCKTYPE_HCLK|RCC_CLOCKTYPE_SYSCLK
 153:Core/Src/main.c ****                               |RCC_CLOCKTYPE_PCLK1|RCC_CLOCKTYPE_PCLK2;
 154:Core/Src/main.c ****   RCC_ClkInitStruct.SYSCLKSource = RCC_SYSCLKSOURCE_PLLCLK;
 155:Core/Src/main.c ****   RCC_ClkInitStruct.AHBCLKDivider = RCC_SYSCLK_DIV1;
 156:Core/Src/main.c ****   RCC_ClkInitStruct.APB1CLKDivider = RCC_HCLK_DIV2;
 157:Core/Src/main.c ****   RCC_ClkInitStruct.APB2CLKDivider = RCC_HCLK_DIV1;
 158:Core/Src/main.c **** 
 159:Core/Src/main.c ****   if (HAL_RCC_ClockConfig(&RCC_ClkInitStruct, FLASH_LATENCY_2) != HAL_OK)
 160:Core/Src/main.c ****   {
 161:Core/Src/main.c ****     Error_Handler();
 162:Core/Src/main.c ****   }
 163:Core/Src/main.c ****   PeriphClkInit.PeriphClockSelection = RCC_PERIPHCLK_HRTIM1|RCC_PERIPHCLK_ADC12;
 164:Core/Src/main.c ****   PeriphClkInit.Adc12ClockSelection = RCC_ADC12PLLCLK_DIV12;
 165:Core/Src/main.c ****   PeriphClkInit.Hrtim1ClockSelection = RCC_HRTIM1CLK_PLLCLK;
 166:Core/Src/main.c ****   if (HAL_RCCEx_PeriphCLKConfig(&PeriphClkInit) != HAL_OK)
 167:Core/Src/main.c ****   {
 168:Core/Src/main.c ****     Error_Handler();
 169:Core/Src/main.c ****   }
 170:Core/Src/main.c **** }
 171:Core/Src/main.c **** 
 172:Core/Src/main.c **** /* USER CODE BEGIN 4 */
 173:Core/Src/main.c **** void HAL_TIM_PeriodElapsedCallback(TIM_HandleTypeDef *htim)
 174:Core/Src/main.c **** {
  30              		.loc 1 174 1 view -0
  31              		.cfi_startproc
  32              		@ args = 0, pretend = 0, frame = 0
  33              		@ frame_needed = 0, uses_anonymous_args = 0
 175:Core/Src/main.c ****     static uint32_t count = 0;
  34              		.loc 1 175 5 view .LVU1
 176:Core/Src/main.c ****     if (htim->Instance == TIM2)
  35              		.loc 1 176 5 view .LVU2
  36              		.loc 1 176 13 is_stmt 0 view .LVU3
  37 0000 0368     		ldr	r3, [r0]
  38              		.loc 1 176 8 view .LVU4
  39 0002 B3F1804F 		cmp	r3, #1073741824
  40 0006 00D0     		beq	.L7
  41 0008 7047     		bx	lr
  42              	.L7:
 174:Core/Src/main.c ****     static uint32_t count = 0;
  43              		.loc 1 174 1 view .LVU5
  44 000a 10B5     		push	{r4, lr}
  45              	.LCFI0:
  46              		.cfi_def_cfa_offset 8
  47              		.cfi_offset 4, -8
  48              		.cfi_offset 14, -4
 177:Core/Src/main.c ****     {
 178:Core/Src/main.c ****         count++;
  49              		.loc 1 178 9 is_stmt 1 view .LVU6
  50              		.loc 1 178 14 is_stmt 0 view .LVU7
ARM GAS  C:\Users\31005\AppData\Local\Temp\ccX89aHB.s 			page 5


  51 000c 074C     		ldr	r4, .L9
  52 000e 2368     		ldr	r3, [r4]
  53 0010 0133     		adds	r3, r3, #1
  54 0012 2360     		str	r3, [r4]
 179:Core/Src/main.c ****         Buck_Boost_Task();
  55              		.loc 1 179 9 is_stmt 1 view .LVU8
  56 0014 FFF7FEFF 		bl	Buck_Boost_Task
  57              	.LVL1:
 180:Core/Src/main.c ****         if (count >= 100)
  58              		.loc 1 180 9 view .LVU9
  59              		.loc 1 180 19 is_stmt 0 view .LVU10
  60 0018 2368     		ldr	r3, [r4]
  61              		.loc 1 180 12 view .LVU11
  62 001a 632B     		cmp	r3, #99
  63 001c 00D8     		bhi	.L8
  64              	.L1:
 181:Core/Src/main.c ****         {
 182:Core/Src/main.c ****             Detect_Task();
 183:Core/Src/main.c ****             count = 0;
 184:Core/Src/main.c ****         }
 185:Core/Src/main.c ****     }
 186:Core/Src/main.c **** }
  65              		.loc 1 186 1 view .LVU12
  66 001e 10BD     		pop	{r4, pc}
  67              	.L8:
  68              	.LBB4:
 182:Core/Src/main.c ****             count = 0;
  69              		.loc 1 182 13 is_stmt 1 view .LVU13
  70 0020 FFF7FEFF 		bl	Detect_Task
  71              	.LVL2:
 183:Core/Src/main.c ****         }
  72              		.loc 1 183 13 view .LVU14
 183:Core/Src/main.c ****         }
  73              		.loc 1 183 19 is_stmt 0 view .LVU15
  74 0024 0022     		movs	r2, #0
  75 0026 2260     		str	r2, [r4]
  76              	.LBE4:
  77              		.loc 1 186 1 view .LVU16
  78 0028 F9E7     		b	.L1
  79              	.L10:
  80 002a 00BF     		.align	2
  81              	.L9:
  82 002c 00000000 		.word	count.0
  83              		.cfi_endproc
  84              	.LFE158:
  86              		.section	.text.Error_Handler,"ax",%progbits
  87              		.align	1
  88              		.global	Error_Handler
  89              		.syntax unified
  90              		.thumb
  91              		.thumb_func
  93              	Error_Handler:
  94              	.LFB159:
 187:Core/Src/main.c **** /* USER CODE END 4 */
 188:Core/Src/main.c **** 
 189:Core/Src/main.c **** /**
 190:Core/Src/main.c ****   * @brief  This function is executed in case of error occurrence.
ARM GAS  C:\Users\31005\AppData\Local\Temp\ccX89aHB.s 			page 6


 191:Core/Src/main.c ****   * @retval None
 192:Core/Src/main.c ****   */
 193:Core/Src/main.c **** void Error_Handler(void)
 194:Core/Src/main.c **** {
  95              		.loc 1 194 1 is_stmt 1 view -0
  96              		.cfi_startproc
  97              		@ Volatile: function does not return.
  98              		@ args = 0, pretend = 0, frame = 0
  99              		@ frame_needed = 0, uses_anonymous_args = 0
 100              		@ link register save eliminated.
 195:Core/Src/main.c ****   /* USER CODE BEGIN Error_Handler_Debug */
 196:Core/Src/main.c ****   /* User can add his own implementation to report the HAL error return state */
 197:Core/Src/main.c ****   __disable_irq();
 101              		.loc 1 197 3 view .LVU18
 102              	.LBB5:
 103              	.LBI5:
 104              		.file 2 "Drivers/CMSIS/Include/cmsis_gcc.h"
   1:Drivers/CMSIS/Include/cmsis_gcc.h **** /**************************************************************************//**
   2:Drivers/CMSIS/Include/cmsis_gcc.h ****  * @file     cmsis_gcc.h
   3:Drivers/CMSIS/Include/cmsis_gcc.h ****  * @brief    CMSIS compiler GCC header file
   4:Drivers/CMSIS/Include/cmsis_gcc.h ****  * @version  V5.0.4
   5:Drivers/CMSIS/Include/cmsis_gcc.h ****  * @date     09. April 2018
   6:Drivers/CMSIS/Include/cmsis_gcc.h ****  ******************************************************************************/
   7:Drivers/CMSIS/Include/cmsis_gcc.h **** /*
   8:Drivers/CMSIS/Include/cmsis_gcc.h ****  * Copyright (c) 2009-2018 Arm Limited. All rights reserved.
   9:Drivers/CMSIS/Include/cmsis_gcc.h ****  *
  10:Drivers/CMSIS/Include/cmsis_gcc.h ****  * SPDX-License-Identifier: Apache-2.0
  11:Drivers/CMSIS/Include/cmsis_gcc.h ****  *
  12:Drivers/CMSIS/Include/cmsis_gcc.h ****  * Licensed under the Apache License, Version 2.0 (the License); you may
  13:Drivers/CMSIS/Include/cmsis_gcc.h ****  * not use this file except in compliance with the License.
  14:Drivers/CMSIS/Include/cmsis_gcc.h ****  * You may obtain a copy of the License at
  15:Drivers/CMSIS/Include/cmsis_gcc.h ****  *
  16:Drivers/CMSIS/Include/cmsis_gcc.h ****  * www.apache.org/licenses/LICENSE-2.0
  17:Drivers/CMSIS/Include/cmsis_gcc.h ****  *
  18:Drivers/CMSIS/Include/cmsis_gcc.h ****  * Unless required by applicable law or agreed to in writing, software
  19:Drivers/CMSIS/Include/cmsis_gcc.h ****  * distributed under the License is distributed on an AS IS BASIS, WITHOUT
  20:Drivers/CMSIS/Include/cmsis_gcc.h ****  * WARRANTIES OR CONDITIONS OF ANY KIND, either express or implied.
  21:Drivers/CMSIS/Include/cmsis_gcc.h ****  * See the License for the specific language governing permissions and
  22:Drivers/CMSIS/Include/cmsis_gcc.h ****  * limitations under the License.
  23:Drivers/CMSIS/Include/cmsis_gcc.h ****  */
  24:Drivers/CMSIS/Include/cmsis_gcc.h **** 
  25:Drivers/CMSIS/Include/cmsis_gcc.h **** #ifndef __CMSIS_GCC_H
  26:Drivers/CMSIS/Include/cmsis_gcc.h **** #define __CMSIS_GCC_H
  27:Drivers/CMSIS/Include/cmsis_gcc.h **** 
  28:Drivers/CMSIS/Include/cmsis_gcc.h **** /* ignore some GCC warnings */
  29:Drivers/CMSIS/Include/cmsis_gcc.h **** #pragma GCC diagnostic push
  30:Drivers/CMSIS/Include/cmsis_gcc.h **** #pragma GCC diagnostic ignored "-Wsign-conversion"
  31:Drivers/CMSIS/Include/cmsis_gcc.h **** #pragma GCC diagnostic ignored "-Wconversion"
  32:Drivers/CMSIS/Include/cmsis_gcc.h **** #pragma GCC diagnostic ignored "-Wunused-parameter"
  33:Drivers/CMSIS/Include/cmsis_gcc.h **** 
  34:Drivers/CMSIS/Include/cmsis_gcc.h **** /* Fallback for __has_builtin */
  35:Drivers/CMSIS/Include/cmsis_gcc.h **** #ifndef __has_builtin
  36:Drivers/CMSIS/Include/cmsis_gcc.h ****   #define __has_builtin(x) (0)
  37:Drivers/CMSIS/Include/cmsis_gcc.h **** #endif
  38:Drivers/CMSIS/Include/cmsis_gcc.h **** 
  39:Drivers/CMSIS/Include/cmsis_gcc.h **** /* CMSIS compiler specific defines */
  40:Drivers/CMSIS/Include/cmsis_gcc.h **** #ifndef   __ASM
ARM GAS  C:\Users\31005\AppData\Local\Temp\ccX89aHB.s 			page 7


  41:Drivers/CMSIS/Include/cmsis_gcc.h ****   #define __ASM                                  __asm
  42:Drivers/CMSIS/Include/cmsis_gcc.h **** #endif
  43:Drivers/CMSIS/Include/cmsis_gcc.h **** #ifndef   __INLINE
  44:Drivers/CMSIS/Include/cmsis_gcc.h ****   #define __INLINE                               inline
  45:Drivers/CMSIS/Include/cmsis_gcc.h **** #endif
  46:Drivers/CMSIS/Include/cmsis_gcc.h **** #ifndef   __STATIC_INLINE
  47:Drivers/CMSIS/Include/cmsis_gcc.h ****   #define __STATIC_INLINE                        static inline
  48:Drivers/CMSIS/Include/cmsis_gcc.h **** #endif
  49:Drivers/CMSIS/Include/cmsis_gcc.h **** #ifndef   __STATIC_FORCEINLINE                 
  50:Drivers/CMSIS/Include/cmsis_gcc.h ****   #define __STATIC_FORCEINLINE                   __attribute__((always_inline)) static inline
  51:Drivers/CMSIS/Include/cmsis_gcc.h **** #endif                                           
  52:Drivers/CMSIS/Include/cmsis_gcc.h **** #ifndef   __NO_RETURN
  53:Drivers/CMSIS/Include/cmsis_gcc.h ****   #define __NO_RETURN                            __attribute__((__noreturn__))
  54:Drivers/CMSIS/Include/cmsis_gcc.h **** #endif
  55:Drivers/CMSIS/Include/cmsis_gcc.h **** #ifndef   __USED
  56:Drivers/CMSIS/Include/cmsis_gcc.h ****   #define __USED                                 __attribute__((used))
  57:Drivers/CMSIS/Include/cmsis_gcc.h **** #endif
  58:Drivers/CMSIS/Include/cmsis_gcc.h **** #ifndef   __WEAK
  59:Drivers/CMSIS/Include/cmsis_gcc.h ****   #define __WEAK                                 __attribute__((weak))
  60:Drivers/CMSIS/Include/cmsis_gcc.h **** #endif
  61:Drivers/CMSIS/Include/cmsis_gcc.h **** #ifndef   __PACKED
  62:Drivers/CMSIS/Include/cmsis_gcc.h ****   #define __PACKED                               __attribute__((packed, aligned(1)))
  63:Drivers/CMSIS/Include/cmsis_gcc.h **** #endif
  64:Drivers/CMSIS/Include/cmsis_gcc.h **** #ifndef   __PACKED_STRUCT
  65:Drivers/CMSIS/Include/cmsis_gcc.h ****   #define __PACKED_STRUCT                        struct __attribute__((packed, aligned(1)))
  66:Drivers/CMSIS/Include/cmsis_gcc.h **** #endif
  67:Drivers/CMSIS/Include/cmsis_gcc.h **** #ifndef   __PACKED_UNION
  68:Drivers/CMSIS/Include/cmsis_gcc.h ****   #define __PACKED_UNION                         union __attribute__((packed, aligned(1)))
  69:Drivers/CMSIS/Include/cmsis_gcc.h **** #endif
  70:Drivers/CMSIS/Include/cmsis_gcc.h **** #ifndef   __UNALIGNED_UINT32        /* deprecated */
  71:Drivers/CMSIS/Include/cmsis_gcc.h ****   #pragma GCC diagnostic push
  72:Drivers/CMSIS/Include/cmsis_gcc.h ****   #pragma GCC diagnostic ignored "-Wpacked"
  73:Drivers/CMSIS/Include/cmsis_gcc.h ****   #pragma GCC diagnostic ignored "-Wattributes"
  74:Drivers/CMSIS/Include/cmsis_gcc.h ****   struct __attribute__((packed)) T_UINT32 { uint32_t v; };
  75:Drivers/CMSIS/Include/cmsis_gcc.h ****   #pragma GCC diagnostic pop
  76:Drivers/CMSIS/Include/cmsis_gcc.h ****   #define __UNALIGNED_UINT32(x)                  (((struct T_UINT32 *)(x))->v)
  77:Drivers/CMSIS/Include/cmsis_gcc.h **** #endif
  78:Drivers/CMSIS/Include/cmsis_gcc.h **** #ifndef   __UNALIGNED_UINT16_WRITE
  79:Drivers/CMSIS/Include/cmsis_gcc.h ****   #pragma GCC diagnostic push
  80:Drivers/CMSIS/Include/cmsis_gcc.h ****   #pragma GCC diagnostic ignored "-Wpacked"
  81:Drivers/CMSIS/Include/cmsis_gcc.h ****   #pragma GCC diagnostic ignored "-Wattributes"
  82:Drivers/CMSIS/Include/cmsis_gcc.h ****   __PACKED_STRUCT T_UINT16_WRITE { uint16_t v; };
  83:Drivers/CMSIS/Include/cmsis_gcc.h ****   #pragma GCC diagnostic pop
  84:Drivers/CMSIS/Include/cmsis_gcc.h ****   #define __UNALIGNED_UINT16_WRITE(addr, val)    (void)((((struct T_UINT16_WRITE *)(void *)(addr))-
  85:Drivers/CMSIS/Include/cmsis_gcc.h **** #endif
  86:Drivers/CMSIS/Include/cmsis_gcc.h **** #ifndef   __UNALIGNED_UINT16_READ
  87:Drivers/CMSIS/Include/cmsis_gcc.h ****   #pragma GCC diagnostic push
  88:Drivers/CMSIS/Include/cmsis_gcc.h ****   #pragma GCC diagnostic ignored "-Wpacked"
  89:Drivers/CMSIS/Include/cmsis_gcc.h ****   #pragma GCC diagnostic ignored "-Wattributes"
  90:Drivers/CMSIS/Include/cmsis_gcc.h ****   __PACKED_STRUCT T_UINT16_READ { uint16_t v; };
  91:Drivers/CMSIS/Include/cmsis_gcc.h ****   #pragma GCC diagnostic pop
  92:Drivers/CMSIS/Include/cmsis_gcc.h ****   #define __UNALIGNED_UINT16_READ(addr)          (((const struct T_UINT16_READ *)(const void *)(add
  93:Drivers/CMSIS/Include/cmsis_gcc.h **** #endif
  94:Drivers/CMSIS/Include/cmsis_gcc.h **** #ifndef   __UNALIGNED_UINT32_WRITE
  95:Drivers/CMSIS/Include/cmsis_gcc.h ****   #pragma GCC diagnostic push
  96:Drivers/CMSIS/Include/cmsis_gcc.h ****   #pragma GCC diagnostic ignored "-Wpacked"
  97:Drivers/CMSIS/Include/cmsis_gcc.h ****   #pragma GCC diagnostic ignored "-Wattributes"
ARM GAS  C:\Users\31005\AppData\Local\Temp\ccX89aHB.s 			page 8


  98:Drivers/CMSIS/Include/cmsis_gcc.h ****   __PACKED_STRUCT T_UINT32_WRITE { uint32_t v; };
  99:Drivers/CMSIS/Include/cmsis_gcc.h ****   #pragma GCC diagnostic pop
 100:Drivers/CMSIS/Include/cmsis_gcc.h ****   #define __UNALIGNED_UINT32_WRITE(addr, val)    (void)((((struct T_UINT32_WRITE *)(void *)(addr))-
 101:Drivers/CMSIS/Include/cmsis_gcc.h **** #endif
 102:Drivers/CMSIS/Include/cmsis_gcc.h **** #ifndef   __UNALIGNED_UINT32_READ
 103:Drivers/CMSIS/Include/cmsis_gcc.h ****   #pragma GCC diagnostic push
 104:Drivers/CMSIS/Include/cmsis_gcc.h ****   #pragma GCC diagnostic ignored "-Wpacked"
 105:Drivers/CMSIS/Include/cmsis_gcc.h ****   #pragma GCC diagnostic ignored "-Wattributes"
 106:Drivers/CMSIS/Include/cmsis_gcc.h ****   __PACKED_STRUCT T_UINT32_READ { uint32_t v; };
 107:Drivers/CMSIS/Include/cmsis_gcc.h ****   #pragma GCC diagnostic pop
 108:Drivers/CMSIS/Include/cmsis_gcc.h ****   #define __UNALIGNED_UINT32_READ(addr)          (((const struct T_UINT32_READ *)(const void *)(add
 109:Drivers/CMSIS/Include/cmsis_gcc.h **** #endif
 110:Drivers/CMSIS/Include/cmsis_gcc.h **** #ifndef   __ALIGNED
 111:Drivers/CMSIS/Include/cmsis_gcc.h ****   #define __ALIGNED(x)                           __attribute__((aligned(x)))
 112:Drivers/CMSIS/Include/cmsis_gcc.h **** #endif
 113:Drivers/CMSIS/Include/cmsis_gcc.h **** #ifndef   __RESTRICT
 114:Drivers/CMSIS/Include/cmsis_gcc.h ****   #define __RESTRICT                             __restrict
 115:Drivers/CMSIS/Include/cmsis_gcc.h **** #endif
 116:Drivers/CMSIS/Include/cmsis_gcc.h **** 
 117:Drivers/CMSIS/Include/cmsis_gcc.h **** 
 118:Drivers/CMSIS/Include/cmsis_gcc.h **** /* ###########################  Core Function Access  ########################### */
 119:Drivers/CMSIS/Include/cmsis_gcc.h **** /** \ingroup  CMSIS_Core_FunctionInterface
 120:Drivers/CMSIS/Include/cmsis_gcc.h ****     \defgroup CMSIS_Core_RegAccFunctions CMSIS Core Register Access Functions
 121:Drivers/CMSIS/Include/cmsis_gcc.h ****   @{
 122:Drivers/CMSIS/Include/cmsis_gcc.h ****  */
 123:Drivers/CMSIS/Include/cmsis_gcc.h **** 
 124:Drivers/CMSIS/Include/cmsis_gcc.h **** /**
 125:Drivers/CMSIS/Include/cmsis_gcc.h ****   \brief   Enable IRQ Interrupts
 126:Drivers/CMSIS/Include/cmsis_gcc.h ****   \details Enables IRQ interrupts by clearing the I-bit in the CPSR.
 127:Drivers/CMSIS/Include/cmsis_gcc.h ****            Can only be executed in Privileged modes.
 128:Drivers/CMSIS/Include/cmsis_gcc.h ****  */
 129:Drivers/CMSIS/Include/cmsis_gcc.h **** __STATIC_FORCEINLINE void __enable_irq(void)
 130:Drivers/CMSIS/Include/cmsis_gcc.h **** {
 131:Drivers/CMSIS/Include/cmsis_gcc.h ****   __ASM volatile ("cpsie i" : : : "memory");
 132:Drivers/CMSIS/Include/cmsis_gcc.h **** }
 133:Drivers/CMSIS/Include/cmsis_gcc.h **** 
 134:Drivers/CMSIS/Include/cmsis_gcc.h **** 
 135:Drivers/CMSIS/Include/cmsis_gcc.h **** /**
 136:Drivers/CMSIS/Include/cmsis_gcc.h ****   \brief   Disable IRQ Interrupts
 137:Drivers/CMSIS/Include/cmsis_gcc.h ****   \details Disables IRQ interrupts by setting the I-bit in the CPSR.
 138:Drivers/CMSIS/Include/cmsis_gcc.h ****            Can only be executed in Privileged modes.
 139:Drivers/CMSIS/Include/cmsis_gcc.h ****  */
 140:Drivers/CMSIS/Include/cmsis_gcc.h **** __STATIC_FORCEINLINE void __disable_irq(void)
 105              		.loc 2 140 27 view .LVU19
 106              	.LBB6:
 141:Drivers/CMSIS/Include/cmsis_gcc.h **** {
 142:Drivers/CMSIS/Include/cmsis_gcc.h ****   __ASM volatile ("cpsid i" : : : "memory");
 107              		.loc 2 142 3 view .LVU20
 108              		.syntax unified
 109              	@ 142 "Drivers/CMSIS/Include/cmsis_gcc.h" 1
 110 0000 72B6     		cpsid i
 111              	@ 0 "" 2
 112              		.thumb
 113              		.syntax unified
 114              	.L12:
 115              	.LBE6:
 116              	.LBE5:
ARM GAS  C:\Users\31005\AppData\Local\Temp\ccX89aHB.s 			page 9


 198:Core/Src/main.c ****   while (1)
 117              		.loc 1 198 3 discriminator 1 view .LVU21
 199:Core/Src/main.c ****   {
 200:Core/Src/main.c ****   }
 118              		.loc 1 200 3 discriminator 1 view .LVU22
 198:Core/Src/main.c ****   while (1)
 119              		.loc 1 198 9 discriminator 1 view .LVU23
 120 0002 FEE7     		b	.L12
 121              		.cfi_endproc
 122              	.LFE159:
 124              		.section	.text.SystemClock_Config,"ax",%progbits
 125              		.align	1
 126              		.global	SystemClock_Config
 127              		.syntax unified
 128              		.thumb
 129              		.thumb_func
 131              	SystemClock_Config:
 132              	.LFB157:
 130:Core/Src/main.c ****   RCC_OscInitTypeDef RCC_OscInitStruct = {0};
 133              		.loc 1 130 1 view -0
 134              		.cfi_startproc
 135              		@ args = 0, pretend = 0, frame = 88
 136              		@ frame_needed = 0, uses_anonymous_args = 0
 137 0000 00B5     		push	{lr}
 138              	.LCFI1:
 139              		.cfi_def_cfa_offset 4
 140              		.cfi_offset 14, -4
 141 0002 97B0     		sub	sp, sp, #92
 142              	.LCFI2:
 143              		.cfi_def_cfa_offset 96
 131:Core/Src/main.c ****   RCC_ClkInitTypeDef RCC_ClkInitStruct = {0};
 144              		.loc 1 131 3 view .LVU25
 131:Core/Src/main.c ****   RCC_ClkInitTypeDef RCC_ClkInitStruct = {0};
 145              		.loc 1 131 22 is_stmt 0 view .LVU26
 146 0004 2822     		movs	r2, #40
 147 0006 0021     		movs	r1, #0
 148 0008 0CA8     		add	r0, sp, #48
 149 000a FFF7FEFF 		bl	memset
 150              	.LVL3:
 132:Core/Src/main.c ****   RCC_PeriphCLKInitTypeDef PeriphClkInit = {0};
 151              		.loc 1 132 3 is_stmt 1 view .LVU27
 132:Core/Src/main.c ****   RCC_PeriphCLKInitTypeDef PeriphClkInit = {0};
 152              		.loc 1 132 22 is_stmt 0 view .LVU28
 153 000e 0023     		movs	r3, #0
 154 0010 0793     		str	r3, [sp, #28]
 155 0012 0893     		str	r3, [sp, #32]
 156 0014 0993     		str	r3, [sp, #36]
 157 0016 0A93     		str	r3, [sp, #40]
 158 0018 0B93     		str	r3, [sp, #44]
 133:Core/Src/main.c **** 
 159              		.loc 1 133 3 is_stmt 1 view .LVU29
 133:Core/Src/main.c **** 
 160              		.loc 1 133 28 is_stmt 0 view .LVU30
 161 001a 0093     		str	r3, [sp]
 162 001c 0193     		str	r3, [sp, #4]
 163 001e 0293     		str	r3, [sp, #8]
 164 0020 0393     		str	r3, [sp, #12]
ARM GAS  C:\Users\31005\AppData\Local\Temp\ccX89aHB.s 			page 10


 165 0022 0493     		str	r3, [sp, #16]
 166 0024 0593     		str	r3, [sp, #20]
 167 0026 0693     		str	r3, [sp, #24]
 138:Core/Src/main.c ****   RCC_OscInitStruct.HSEState = RCC_HSE_ON;
 168              		.loc 1 138 3 is_stmt 1 view .LVU31
 138:Core/Src/main.c ****   RCC_OscInitStruct.HSEState = RCC_HSE_ON;
 169              		.loc 1 138 36 is_stmt 0 view .LVU32
 170 0028 0122     		movs	r2, #1
 171 002a 0C92     		str	r2, [sp, #48]
 139:Core/Src/main.c ****   RCC_OscInitStruct.HSEPredivValue = RCC_HSE_PREDIV_DIV1;
 172              		.loc 1 139 3 is_stmt 1 view .LVU33
 139:Core/Src/main.c ****   RCC_OscInitStruct.HSEPredivValue = RCC_HSE_PREDIV_DIV1;
 173              		.loc 1 139 30 is_stmt 0 view .LVU34
 174 002c 4FF48033 		mov	r3, #65536
 175 0030 0D93     		str	r3, [sp, #52]
 140:Core/Src/main.c ****   RCC_OscInitStruct.HSIState = RCC_HSI_ON;
 176              		.loc 1 140 3 is_stmt 1 view .LVU35
 141:Core/Src/main.c ****   RCC_OscInitStruct.PLL.PLLState = RCC_PLL_ON;
 177              		.loc 1 141 3 view .LVU36
 141:Core/Src/main.c ****   RCC_OscInitStruct.PLL.PLLState = RCC_PLL_ON;
 178              		.loc 1 141 30 is_stmt 0 view .LVU37
 179 0032 1092     		str	r2, [sp, #64]
 142:Core/Src/main.c ****   RCC_OscInitStruct.PLL.PLLSource = RCC_PLLSOURCE_HSE;
 180              		.loc 1 142 3 is_stmt 1 view .LVU38
 142:Core/Src/main.c ****   RCC_OscInitStruct.PLL.PLLSource = RCC_PLLSOURCE_HSE;
 181              		.loc 1 142 34 is_stmt 0 view .LVU39
 182 0034 0222     		movs	r2, #2
 183 0036 1392     		str	r2, [sp, #76]
 143:Core/Src/main.c ****   RCC_OscInitStruct.PLL.PLLMUL = RCC_PLL_MUL6;
 184              		.loc 1 143 3 is_stmt 1 view .LVU40
 143:Core/Src/main.c ****   RCC_OscInitStruct.PLL.PLLMUL = RCC_PLL_MUL6;
 185              		.loc 1 143 35 is_stmt 0 view .LVU41
 186 0038 1493     		str	r3, [sp, #80]
 144:Core/Src/main.c ****   if (HAL_RCC_OscConfig(&RCC_OscInitStruct) != HAL_OK)
 187              		.loc 1 144 3 is_stmt 1 view .LVU42
 144:Core/Src/main.c ****   if (HAL_RCC_OscConfig(&RCC_OscInitStruct) != HAL_OK)
 188              		.loc 1 144 32 is_stmt 0 view .LVU43
 189 003a 4FF48013 		mov	r3, #1048576
 190 003e 1593     		str	r3, [sp, #84]
 145:Core/Src/main.c ****   {
 191              		.loc 1 145 3 is_stmt 1 view .LVU44
 145:Core/Src/main.c ****   {
 192              		.loc 1 145 7 is_stmt 0 view .LVU45
 193 0040 0CA8     		add	r0, sp, #48
 194 0042 FFF7FEFF 		bl	HAL_RCC_OscConfig
 195              	.LVL4:
 145:Core/Src/main.c ****   {
 196              		.loc 1 145 6 view .LVU46
 197 0046 E8B9     		cbnz	r0, .L18
 152:Core/Src/main.c ****                               |RCC_CLOCKTYPE_PCLK1|RCC_CLOCKTYPE_PCLK2;
 198              		.loc 1 152 3 is_stmt 1 view .LVU47
 152:Core/Src/main.c ****                               |RCC_CLOCKTYPE_PCLK1|RCC_CLOCKTYPE_PCLK2;
 199              		.loc 1 152 31 is_stmt 0 view .LVU48
 200 0048 0F23     		movs	r3, #15
 201 004a 0793     		str	r3, [sp, #28]
 154:Core/Src/main.c ****   RCC_ClkInitStruct.AHBCLKDivider = RCC_SYSCLK_DIV1;
 202              		.loc 1 154 3 is_stmt 1 view .LVU49
ARM GAS  C:\Users\31005\AppData\Local\Temp\ccX89aHB.s 			page 11


 154:Core/Src/main.c ****   RCC_ClkInitStruct.AHBCLKDivider = RCC_SYSCLK_DIV1;
 203              		.loc 1 154 34 is_stmt 0 view .LVU50
 204 004c 0221     		movs	r1, #2
 205 004e 0891     		str	r1, [sp, #32]
 155:Core/Src/main.c ****   RCC_ClkInitStruct.APB1CLKDivider = RCC_HCLK_DIV2;
 206              		.loc 1 155 3 is_stmt 1 view .LVU51
 155:Core/Src/main.c ****   RCC_ClkInitStruct.APB1CLKDivider = RCC_HCLK_DIV2;
 207              		.loc 1 155 35 is_stmt 0 view .LVU52
 208 0050 0023     		movs	r3, #0
 209 0052 0993     		str	r3, [sp, #36]
 156:Core/Src/main.c ****   RCC_ClkInitStruct.APB2CLKDivider = RCC_HCLK_DIV1;
 210              		.loc 1 156 3 is_stmt 1 view .LVU53
 156:Core/Src/main.c ****   RCC_ClkInitStruct.APB2CLKDivider = RCC_HCLK_DIV1;
 211              		.loc 1 156 36 is_stmt 0 view .LVU54
 212 0054 4FF48062 		mov	r2, #1024
 213 0058 0A92     		str	r2, [sp, #40]
 157:Core/Src/main.c **** 
 214              		.loc 1 157 3 is_stmt 1 view .LVU55
 157:Core/Src/main.c **** 
 215              		.loc 1 157 36 is_stmt 0 view .LVU56
 216 005a 0B93     		str	r3, [sp, #44]
 159:Core/Src/main.c ****   {
 217              		.loc 1 159 3 is_stmt 1 view .LVU57
 159:Core/Src/main.c ****   {
 218              		.loc 1 159 7 is_stmt 0 view .LVU58
 219 005c 07A8     		add	r0, sp, #28
 220 005e FFF7FEFF 		bl	HAL_RCC_ClockConfig
 221              	.LVL5:
 159:Core/Src/main.c ****   {
 222              		.loc 1 159 6 view .LVU59
 223 0062 88B9     		cbnz	r0, .L19
 163:Core/Src/main.c ****   PeriphClkInit.Adc12ClockSelection = RCC_ADC12PLLCLK_DIV12;
 224              		.loc 1 163 3 is_stmt 1 view .LVU60
 163:Core/Src/main.c ****   PeriphClkInit.Adc12ClockSelection = RCC_ADC12PLLCLK_DIV12;
 225              		.loc 1 163 38 is_stmt 0 view .LVU61
 226 0064 4FF48143 		mov	r3, #16512
 227 0068 0093     		str	r3, [sp]
 164:Core/Src/main.c ****   PeriphClkInit.Hrtim1ClockSelection = RCC_HRTIM1CLK_PLLCLK;
 228              		.loc 1 164 3 is_stmt 1 view .LVU62
 164:Core/Src/main.c ****   PeriphClkInit.Hrtim1ClockSelection = RCC_HRTIM1CLK_PLLCLK;
 229              		.loc 1 164 37 is_stmt 0 view .LVU63
 230 006a 4FF4B073 		mov	r3, #352
 231 006e 0493     		str	r3, [sp, #16]
 165:Core/Src/main.c ****   if (HAL_RCCEx_PeriphCLKConfig(&PeriphClkInit) != HAL_OK)
 232              		.loc 1 165 3 is_stmt 1 view .LVU64
 165:Core/Src/main.c ****   if (HAL_RCCEx_PeriphCLKConfig(&PeriphClkInit) != HAL_OK)
 233              		.loc 1 165 38 is_stmt 0 view .LVU65
 234 0070 4FF48053 		mov	r3, #4096
 235 0074 0693     		str	r3, [sp, #24]
 166:Core/Src/main.c ****   {
 236              		.loc 1 166 3 is_stmt 1 view .LVU66
 166:Core/Src/main.c ****   {
 237              		.loc 1 166 7 is_stmt 0 view .LVU67
 238 0076 6846     		mov	r0, sp
 239 0078 FFF7FEFF 		bl	HAL_RCCEx_PeriphCLKConfig
 240              	.LVL6:
 166:Core/Src/main.c ****   {
ARM GAS  C:\Users\31005\AppData\Local\Temp\ccX89aHB.s 			page 12


 241              		.loc 1 166 6 view .LVU68
 242 007c 30B9     		cbnz	r0, .L20
 170:Core/Src/main.c **** 
 243              		.loc 1 170 1 view .LVU69
 244 007e 17B0     		add	sp, sp, #92
 245              	.LCFI3:
 246              		.cfi_remember_state
 247              		.cfi_def_cfa_offset 4
 248              		@ sp needed
 249 0080 5DF804FB 		ldr	pc, [sp], #4
 250              	.L18:
 251              	.LCFI4:
 252              		.cfi_restore_state
 147:Core/Src/main.c ****   }
 253              		.loc 1 147 5 is_stmt 1 view .LVU70
 254 0084 FFF7FEFF 		bl	Error_Handler
 255              	.LVL7:
 256              	.L19:
 161:Core/Src/main.c ****   }
 257              		.loc 1 161 5 view .LVU71
 258 0088 FFF7FEFF 		bl	Error_Handler
 259              	.LVL8:
 260              	.L20:
 168:Core/Src/main.c ****   }
 261              		.loc 1 168 5 view .LVU72
 262 008c FFF7FEFF 		bl	Error_Handler
 263              	.LVL9:
 264              		.cfi_endproc
 265              	.LFE157:
 267              		.section	.text.main,"ax",%progbits
 268              		.align	1
 269              		.global	main
 270              		.syntax unified
 271              		.thumb
 272              		.thumb_func
 274              	main:
 275              	.LFB156:
  72:Core/Src/main.c **** 
 276              		.loc 1 72 1 view -0
 277              		.cfi_startproc
 278              		@ Volatile: function does not return.
 279              		@ args = 0, pretend = 0, frame = 0
 280              		@ frame_needed = 0, uses_anonymous_args = 0
 281 0000 08B5     		push	{r3, lr}
 282              	.LCFI5:
 283              		.cfi_def_cfa_offset 8
 284              		.cfi_offset 3, -8
 285              		.cfi_offset 14, -4
  81:Core/Src/main.c **** 
 286              		.loc 1 81 3 view .LVU74
 287 0002 FFF7FEFF 		bl	HAL_Init
 288              	.LVL10:
  88:Core/Src/main.c **** 
 289              		.loc 1 88 3 view .LVU75
 290 0006 FFF7FEFF 		bl	SystemClock_Config
 291              	.LVL11:
  95:Core/Src/main.c ****   MX_DMA_Init();
ARM GAS  C:\Users\31005\AppData\Local\Temp\ccX89aHB.s 			page 13


 292              		.loc 1 95 3 view .LVU76
 293 000a FFF7FEFF 		bl	MX_GPIO_Init
 294              	.LVL12:
  96:Core/Src/main.c ****   MX_ADC1_Init();
 295              		.loc 1 96 3 view .LVU77
 296 000e FFF7FEFF 		bl	MX_DMA_Init
 297              	.LVL13:
  97:Core/Src/main.c ****   MX_HRTIM1_Init();
 298              		.loc 1 97 3 view .LVU78
 299 0012 FFF7FEFF 		bl	MX_ADC1_Init
 300              	.LVL14:
  98:Core/Src/main.c ****   MX_TIM2_Init();
 301              		.loc 1 98 3 view .LVU79
 302 0016 FFF7FEFF 		bl	MX_HRTIM1_Init
 303              	.LVL15:
  99:Core/Src/main.c ****   MX_ADC2_Init();
 304              		.loc 1 99 3 view .LVU80
 305 001a FFF7FEFF 		bl	MX_TIM2_Init
 306              	.LVL16:
 100:Core/Src/main.c ****   MX_USART2_UART_Init();
 307              		.loc 1 100 3 view .LVU81
 308 001e FFF7FEFF 		bl	MX_ADC2_Init
 309              	.LVL17:
 101:Core/Src/main.c ****   /* USER CODE BEGIN 2 */
 310              		.loc 1 101 3 view .LVU82
 311 0022 FFF7FEFF 		bl	MX_USART2_UART_Init
 312              	.LVL18:
 103:Core/Src/main.c ****   BB_Control_Init();
 313              		.loc 1 103 3 view .LVU83
 314 0026 4820     		movs	r0, #72
 315 0028 FFF7FEFF 		bl	DWT_Init
 316              	.LVL19:
 104:Core/Src/main.c ****   HAL_TIM_Base_Start_IT(&htim2);
 317              		.loc 1 104 3 view .LVU84
 318 002c FFF7FEFF 		bl	BB_Control_Init
 319              	.LVL20:
 105:Core/Src/main.c ****   // HAL_TIM_Base_Start_IT(&htim15);
 320              		.loc 1 105 3 view .LVU85
 321 0030 0348     		ldr	r0, .L24
 322 0032 FFF7FEFF 		bl	HAL_TIM_Base_Start_IT
 323              	.LVL21:
 324              	.L22:
 112:Core/Src/main.c ****   {
 325              		.loc 1 112 3 discriminator 1 view .LVU86
 120:Core/Src/main.c ****   }
 326              		.loc 1 120 5 discriminator 1 view .LVU87
 327 0036 0120     		movs	r0, #1
 328 0038 FFF7FEFF 		bl	HAL_Delay
 329              	.LVL22:
 112:Core/Src/main.c ****   {
 330              		.loc 1 112 9 discriminator 1 view .LVU88
 331 003c FBE7     		b	.L22
 332              	.L25:
 333 003e 00BF     		.align	2
 334              	.L24:
 335 0040 00000000 		.word	htim2
 336              		.cfi_endproc
ARM GAS  C:\Users\31005\AppData\Local\Temp\ccX89aHB.s 			page 14


 337              	.LFE156:
 339              		.section	.bss.count.0,"aw",%nobits
 340              		.align	2
 343              	count.0:
 344 0000 00000000 		.space	4
 345              		.global	switch_on_off
 346              		.section	.bss.switch_on_off,"aw",%nobits
 349              	switch_on_off:
 350 0000 00       		.space	1
 351              		.text
 352              	.Letext0:
 353              		.file 3 "e:\\vscode\\msys2\\mingw64\\arm-none-eabi\\include\\machine\\_default_types.h"
 354              		.file 4 "e:\\vscode\\msys2\\mingw64\\arm-none-eabi\\include\\sys\\_stdint.h"
 355              		.file 5 "Drivers/CMSIS/Device/ST/STM32F3xx/Include/stm32f334x8.h"
 356              		.file 6 "Drivers/STM32F3xx_HAL_Driver/Inc/stm32f3xx_hal_def.h"
 357              		.file 7 "Drivers/STM32F3xx_HAL_Driver/Inc/stm32f3xx_hal_rcc.h"
 358              		.file 8 "Drivers/STM32F3xx_HAL_Driver/Inc/stm32f3xx_hal_rcc_ex.h"
 359              		.file 9 "Drivers/STM32F3xx_HAL_Driver/Inc/stm32f3xx_hal_gpio.h"
 360              		.file 10 "Drivers/STM32F3xx_HAL_Driver/Inc/stm32f3xx_hal_dma.h"
 361              		.file 11 "Drivers/STM32F3xx_HAL_Driver/Inc/stm32f3xx_hal_tim.h"
 362              		.file 12 "Core/Inc/tim.h"
 363              		.file 13 "Drivers/STM32F3xx_HAL_Driver/Inc/stm32f3xx_hal.h"
 364              		.file 14 "Bsp/bsp_dwt.h"
 365              		.file 15 "Application/bb_control.h"
 366              		.file 16 "Core/Inc/usart.h"
 367              		.file 17 "Core/Inc/adc.h"
 368              		.file 18 "Core/Inc/hrtim.h"
 369              		.file 19 "Core/Inc/dma.h"
 370              		.file 20 "Core/Inc/gpio.h"
 371              		.file 21 "<built-in>"
ARM GAS  C:\Users\31005\AppData\Local\Temp\ccX89aHB.s 			page 15


DEFINED SYMBOLS
                            *ABS*:00000000 main.c
C:\Users\31005\AppData\Local\Temp\ccX89aHB.s:21     .text.HAL_TIM_PeriodElapsedCallback:00000000 $t
C:\Users\31005\AppData\Local\Temp\ccX89aHB.s:27     .text.HAL_TIM_PeriodElapsedCallback:00000000 HAL_TIM_PeriodElapsedCallback
C:\Users\31005\AppData\Local\Temp\ccX89aHB.s:82     .text.HAL_TIM_PeriodElapsedCallback:0000002c $d
C:\Users\31005\AppData\Local\Temp\ccX89aHB.s:343    .bss.count.0:00000000 count.0
C:\Users\31005\AppData\Local\Temp\ccX89aHB.s:87     .text.Error_Handler:00000000 $t
C:\Users\31005\AppData\Local\Temp\ccX89aHB.s:93     .text.Error_Handler:00000000 Error_Handler
C:\Users\31005\AppData\Local\Temp\ccX89aHB.s:125    .text.SystemClock_Config:00000000 $t
C:\Users\31005\AppData\Local\Temp\ccX89aHB.s:131    .text.SystemClock_Config:00000000 SystemClock_Config
C:\Users\31005\AppData\Local\Temp\ccX89aHB.s:268    .text.main:00000000 $t
C:\Users\31005\AppData\Local\Temp\ccX89aHB.s:274    .text.main:00000000 main
C:\Users\31005\AppData\Local\Temp\ccX89aHB.s:335    .text.main:00000040 $d
C:\Users\31005\AppData\Local\Temp\ccX89aHB.s:340    .bss.count.0:00000000 $d
C:\Users\31005\AppData\Local\Temp\ccX89aHB.s:349    .bss.switch_on_off:00000000 switch_on_off
C:\Users\31005\AppData\Local\Temp\ccX89aHB.s:350    .bss.switch_on_off:00000000 $d

UNDEFINED SYMBOLS
Buck_Boost_Task
Detect_Task
memset
HAL_RCC_OscConfig
HAL_RCC_ClockConfig
HAL_RCCEx_PeriphCLKConfig
HAL_Init
MX_GPIO_Init
MX_DMA_Init
MX_ADC1_Init
MX_HRTIM1_Init
MX_TIM2_Init
MX_ADC2_Init
MX_USART2_UART_Init
DWT_Init
BB_Control_Init
HAL_TIM_Base_Start_IT
HAL_Delay
htim2
