ARM GAS  C:\Users\SHUCHE~1\AppData\Local\Temp\cc7HkG0o.s 			page 1


   1              		.cpu cortex-m4
   2              		.arch armv7e-m
   3              		.fpu fpv4-sp-d16
   4              		.eabi_attribute 27, 1
   5              		.eabi_attribute 28, 1
   6              		.eabi_attribute 20, 1
   7              		.eabi_attribute 21, 1
   8              		.eabi_attribute 23, 3
   9              		.eabi_attribute 24, 1
  10              		.eabi_attribute 25, 1
  11              		.eabi_attribute 26, 1
  12              		.eabi_attribute 30, 1
  13              		.eabi_attribute 34, 1
  14              		.eabi_attribute 18, 4
  15              		.file	"tim.c"
  16              		.text
  17              	.Ltext0:
  18              		.cfi_sections	.debug_frame
  19              		.file 1 "Core/Src/tim.c"
  20              		.section	.text.MX_TIM2_Init,"ax",%progbits
  21              		.align	1
  22              		.global	MX_TIM2_Init
  23              		.syntax unified
  24              		.thumb
  25              		.thumb_func
  27              	MX_TIM2_Init:
  28              	.LFB123:
   1:Core/Src/tim.c **** /* USER CODE BEGIN Header */
   2:Core/Src/tim.c **** /**
   3:Core/Src/tim.c ****   ******************************************************************************
   4:Core/Src/tim.c ****   * @file    tim.c
   5:Core/Src/tim.c ****   * @brief   This file provides code for the configuration
   6:Core/Src/tim.c ****   *          of the TIM instances.
   7:Core/Src/tim.c ****   ******************************************************************************
   8:Core/Src/tim.c ****   * @attention
   9:Core/Src/tim.c ****   *
  10:Core/Src/tim.c ****   * Copyright (c) 2025 STMicroelectronics.
  11:Core/Src/tim.c ****   * All rights reserved.
  12:Core/Src/tim.c ****   *
  13:Core/Src/tim.c ****   * This software is licensed under terms that can be found in the LICENSE file
  14:Core/Src/tim.c ****   * in the root directory of this software component.
  15:Core/Src/tim.c ****   * If no LICENSE file comes with this software, it is provided AS-IS.
  16:Core/Src/tim.c ****   *
  17:Core/Src/tim.c ****   ******************************************************************************
  18:Core/Src/tim.c ****   */
  19:Core/Src/tim.c **** /* USER CODE END Header */
  20:Core/Src/tim.c **** /* Includes ------------------------------------------------------------------*/
  21:Core/Src/tim.c **** #include "tim.h"
  22:Core/Src/tim.c **** 
  23:Core/Src/tim.c **** /* USER CODE BEGIN 0 */
  24:Core/Src/tim.c **** 
  25:Core/Src/tim.c **** /* USER CODE END 0 */
  26:Core/Src/tim.c **** 
  27:Core/Src/tim.c **** TIM_HandleTypeDef htim2;
  28:Core/Src/tim.c **** 
  29:Core/Src/tim.c **** /* TIM2 init function */
  30:Core/Src/tim.c **** void MX_TIM2_Init(void)
ARM GAS  C:\Users\SHUCHE~1\AppData\Local\Temp\cc7HkG0o.s 			page 2


  31:Core/Src/tim.c **** {
  29              		.loc 1 31 1 view -0
  30              		.cfi_startproc
  31              		@ args = 0, pretend = 0, frame = 32
  32              		@ frame_needed = 0, uses_anonymous_args = 0
  33 0000 00B5     		push	{lr}
  34              	.LCFI0:
  35              		.cfi_def_cfa_offset 4
  36              		.cfi_offset 14, -4
  37 0002 89B0     		sub	sp, sp, #36
  38              	.LCFI1:
  39              		.cfi_def_cfa_offset 40
  32:Core/Src/tim.c **** 
  33:Core/Src/tim.c ****   /* USER CODE BEGIN TIM2_Init 0 */
  34:Core/Src/tim.c **** 
  35:Core/Src/tim.c ****   /* USER CODE END TIM2_Init 0 */
  36:Core/Src/tim.c **** 
  37:Core/Src/tim.c ****   TIM_ClockConfigTypeDef sClockSourceConfig = {0};
  40              		.loc 1 37 3 view .LVU1
  41              		.loc 1 37 26 is_stmt 0 view .LVU2
  42 0004 0023     		movs	r3, #0
  43 0006 0493     		str	r3, [sp, #16]
  44 0008 0593     		str	r3, [sp, #20]
  45 000a 0693     		str	r3, [sp, #24]
  46 000c 0793     		str	r3, [sp, #28]
  38:Core/Src/tim.c ****   TIM_MasterConfigTypeDef sMasterConfig = {0};
  47              		.loc 1 38 3 is_stmt 1 view .LVU3
  48              		.loc 1 38 27 is_stmt 0 view .LVU4
  49 000e 0193     		str	r3, [sp, #4]
  50 0010 0293     		str	r3, [sp, #8]
  51 0012 0393     		str	r3, [sp, #12]
  39:Core/Src/tim.c **** 
  40:Core/Src/tim.c ****   /* USER CODE BEGIN TIM2_Init 1 */
  41:Core/Src/tim.c **** 
  42:Core/Src/tim.c ****   /* USER CODE END TIM2_Init 1 */
  43:Core/Src/tim.c ****   htim2.Instance = TIM2;
  52              		.loc 1 43 3 is_stmt 1 view .LVU5
  53              		.loc 1 43 18 is_stmt 0 view .LVU6
  54 0014 1448     		ldr	r0, .L9
  55 0016 4FF08042 		mov	r2, #1073741824
  56 001a 0260     		str	r2, [r0]
  44:Core/Src/tim.c ****   htim2.Init.Prescaler = 72-1;
  57              		.loc 1 44 3 is_stmt 1 view .LVU7
  58              		.loc 1 44 24 is_stmt 0 view .LVU8
  59 001c 4722     		movs	r2, #71
  60 001e 4260     		str	r2, [r0, #4]
  45:Core/Src/tim.c ****   htim2.Init.CounterMode = TIM_COUNTERMODE_UP;
  61              		.loc 1 45 3 is_stmt 1 view .LVU9
  62              		.loc 1 45 26 is_stmt 0 view .LVU10
  63 0020 8360     		str	r3, [r0, #8]
  46:Core/Src/tim.c ****   htim2.Init.Period = 100-1;
  64              		.loc 1 46 3 is_stmt 1 view .LVU11
  65              		.loc 1 46 21 is_stmt 0 view .LVU12
  66 0022 6322     		movs	r2, #99
  67 0024 C260     		str	r2, [r0, #12]
  47:Core/Src/tim.c ****   htim2.Init.ClockDivision = TIM_CLOCKDIVISION_DIV1;
  68              		.loc 1 47 3 is_stmt 1 view .LVU13
ARM GAS  C:\Users\SHUCHE~1\AppData\Local\Temp\cc7HkG0o.s 			page 3


  69              		.loc 1 47 28 is_stmt 0 view .LVU14
  70 0026 0361     		str	r3, [r0, #16]
  48:Core/Src/tim.c ****   htim2.Init.AutoReloadPreload = TIM_AUTORELOAD_PRELOAD_DISABLE;
  71              		.loc 1 48 3 is_stmt 1 view .LVU15
  72              		.loc 1 48 32 is_stmt 0 view .LVU16
  73 0028 8361     		str	r3, [r0, #24]
  49:Core/Src/tim.c ****   if (HAL_TIM_Base_Init(&htim2) != HAL_OK)
  74              		.loc 1 49 3 is_stmt 1 view .LVU17
  75              		.loc 1 49 7 is_stmt 0 view .LVU18
  76 002a FFF7FEFF 		bl	HAL_TIM_Base_Init
  77              	.LVL0:
  78              		.loc 1 49 6 view .LVU19
  79 002e 90B9     		cbnz	r0, .L6
  80              	.L2:
  50:Core/Src/tim.c ****   {
  51:Core/Src/tim.c ****     Error_Handler();
  52:Core/Src/tim.c ****   }
  53:Core/Src/tim.c ****   sClockSourceConfig.ClockSource = TIM_CLOCKSOURCE_INTERNAL;
  81              		.loc 1 53 3 is_stmt 1 view .LVU20
  82              		.loc 1 53 34 is_stmt 0 view .LVU21
  83 0030 4FF48053 		mov	r3, #4096
  84 0034 0493     		str	r3, [sp, #16]
  54:Core/Src/tim.c ****   if (HAL_TIM_ConfigClockSource(&htim2, &sClockSourceConfig) != HAL_OK)
  85              		.loc 1 54 3 is_stmt 1 view .LVU22
  86              		.loc 1 54 7 is_stmt 0 view .LVU23
  87 0036 04A9     		add	r1, sp, #16
  88 0038 0B48     		ldr	r0, .L9
  89 003a FFF7FEFF 		bl	HAL_TIM_ConfigClockSource
  90              	.LVL1:
  91              		.loc 1 54 6 view .LVU24
  92 003e 68B9     		cbnz	r0, .L7
  93              	.L3:
  55:Core/Src/tim.c ****   {
  56:Core/Src/tim.c ****     Error_Handler();
  57:Core/Src/tim.c ****   }
  58:Core/Src/tim.c ****   sMasterConfig.MasterOutputTrigger = TIM_TRGO_RESET;
  94              		.loc 1 58 3 is_stmt 1 view .LVU25
  95              		.loc 1 58 37 is_stmt 0 view .LVU26
  96 0040 0023     		movs	r3, #0
  97 0042 0193     		str	r3, [sp, #4]
  59:Core/Src/tim.c ****   sMasterConfig.MasterSlaveMode = TIM_MASTERSLAVEMODE_DISABLE;
  98              		.loc 1 59 3 is_stmt 1 view .LVU27
  99              		.loc 1 59 33 is_stmt 0 view .LVU28
 100 0044 0393     		str	r3, [sp, #12]
  60:Core/Src/tim.c ****   if (HAL_TIMEx_MasterConfigSynchronization(&htim2, &sMasterConfig) != HAL_OK)
 101              		.loc 1 60 3 is_stmt 1 view .LVU29
 102              		.loc 1 60 7 is_stmt 0 view .LVU30
 103 0046 01A9     		add	r1, sp, #4
 104 0048 0748     		ldr	r0, .L9
 105 004a FFF7FEFF 		bl	HAL_TIMEx_MasterConfigSynchronization
 106              	.LVL2:
 107              		.loc 1 60 6 view .LVU31
 108 004e 40B9     		cbnz	r0, .L8
 109              	.L1:
  61:Core/Src/tim.c ****   {
  62:Core/Src/tim.c ****     Error_Handler();
  63:Core/Src/tim.c ****   }
ARM GAS  C:\Users\SHUCHE~1\AppData\Local\Temp\cc7HkG0o.s 			page 4


  64:Core/Src/tim.c ****   /* USER CODE BEGIN TIM2_Init 2 */
  65:Core/Src/tim.c **** 
  66:Core/Src/tim.c ****   /* USER CODE END TIM2_Init 2 */
  67:Core/Src/tim.c **** 
  68:Core/Src/tim.c **** }
 110              		.loc 1 68 1 view .LVU32
 111 0050 09B0     		add	sp, sp, #36
 112              	.LCFI2:
 113              		.cfi_remember_state
 114              		.cfi_def_cfa_offset 4
 115              		@ sp needed
 116 0052 5DF804FB 		ldr	pc, [sp], #4
 117              	.L6:
 118              	.LCFI3:
 119              		.cfi_restore_state
  51:Core/Src/tim.c ****   }
 120              		.loc 1 51 5 is_stmt 1 view .LVU33
 121 0056 FFF7FEFF 		bl	Error_Handler
 122              	.LVL3:
 123 005a E9E7     		b	.L2
 124              	.L7:
  56:Core/Src/tim.c ****   }
 125              		.loc 1 56 5 view .LVU34
 126 005c FFF7FEFF 		bl	Error_Handler
 127              	.LVL4:
 128 0060 EEE7     		b	.L3
 129              	.L8:
  62:Core/Src/tim.c ****   }
 130              		.loc 1 62 5 view .LVU35
 131 0062 FFF7FEFF 		bl	Error_Handler
 132              	.LVL5:
 133              		.loc 1 68 1 is_stmt 0 view .LVU36
 134 0066 F3E7     		b	.L1
 135              	.L10:
 136              		.align	2
 137              	.L9:
 138 0068 00000000 		.word	htim2
 139              		.cfi_endproc
 140              	.LFE123:
 142              		.section	.text.HAL_TIM_Base_MspInit,"ax",%progbits
 143              		.align	1
 144              		.global	HAL_TIM_Base_MspInit
 145              		.syntax unified
 146              		.thumb
 147              		.thumb_func
 149              	HAL_TIM_Base_MspInit:
 150              	.LVL6:
 151              	.LFB124:
  69:Core/Src/tim.c **** 
  70:Core/Src/tim.c **** void HAL_TIM_Base_MspInit(TIM_HandleTypeDef* tim_baseHandle)
  71:Core/Src/tim.c **** {
 152              		.loc 1 71 1 is_stmt 1 view -0
 153              		.cfi_startproc
 154              		@ args = 0, pretend = 0, frame = 8
 155              		@ frame_needed = 0, uses_anonymous_args = 0
  72:Core/Src/tim.c **** 
  73:Core/Src/tim.c ****   if(tim_baseHandle->Instance==TIM2)
ARM GAS  C:\Users\SHUCHE~1\AppData\Local\Temp\cc7HkG0o.s 			page 5


 156              		.loc 1 73 3 view .LVU38
 157              		.loc 1 73 20 is_stmt 0 view .LVU39
 158 0000 0368     		ldr	r3, [r0]
 159              		.loc 1 73 5 view .LVU40
 160 0002 B3F1804F 		cmp	r3, #1073741824
 161 0006 00D0     		beq	.L17
 162 0008 7047     		bx	lr
 163              	.L17:
  71:Core/Src/tim.c **** 
 164              		.loc 1 71 1 view .LVU41
 165 000a 00B5     		push	{lr}
 166              	.LCFI4:
 167              		.cfi_def_cfa_offset 4
 168              		.cfi_offset 14, -4
 169 000c 83B0     		sub	sp, sp, #12
 170              	.LCFI5:
 171              		.cfi_def_cfa_offset 16
  74:Core/Src/tim.c ****   {
  75:Core/Src/tim.c ****   /* USER CODE BEGIN TIM2_MspInit 0 */
  76:Core/Src/tim.c **** 
  77:Core/Src/tim.c ****   /* USER CODE END TIM2_MspInit 0 */
  78:Core/Src/tim.c ****     /* TIM2 clock enable */
  79:Core/Src/tim.c ****     __HAL_RCC_TIM2_CLK_ENABLE();
 172              		.loc 1 79 5 is_stmt 1 view .LVU42
 173              	.LBB2:
 174              		.loc 1 79 5 view .LVU43
 175              		.loc 1 79 5 view .LVU44
 176 000e 03F50433 		add	r3, r3, #135168
 177 0012 DA69     		ldr	r2, [r3, #28]
 178 0014 42F00102 		orr	r2, r2, #1
 179 0018 DA61     		str	r2, [r3, #28]
 180              		.loc 1 79 5 view .LVU45
 181 001a DB69     		ldr	r3, [r3, #28]
 182 001c 03F00103 		and	r3, r3, #1
 183 0020 0193     		str	r3, [sp, #4]
 184              		.loc 1 79 5 view .LVU46
 185 0022 019B     		ldr	r3, [sp, #4]
 186              	.LBE2:
 187              		.loc 1 79 5 view .LVU47
  80:Core/Src/tim.c **** 
  81:Core/Src/tim.c ****     /* TIM2 interrupt Init */
  82:Core/Src/tim.c ****     HAL_NVIC_SetPriority(TIM2_IRQn, 0, 0);
 188              		.loc 1 82 5 view .LVU48
 189 0024 0022     		movs	r2, #0
 190 0026 1146     		mov	r1, r2
 191 0028 1C20     		movs	r0, #28
 192              	.LVL7:
 193              		.loc 1 82 5 is_stmt 0 view .LVU49
 194 002a FFF7FEFF 		bl	HAL_NVIC_SetPriority
 195              	.LVL8:
  83:Core/Src/tim.c ****     HAL_NVIC_EnableIRQ(TIM2_IRQn);
 196              		.loc 1 83 5 is_stmt 1 view .LVU50
 197 002e 1C20     		movs	r0, #28
 198 0030 FFF7FEFF 		bl	HAL_NVIC_EnableIRQ
 199              	.LVL9:
  84:Core/Src/tim.c ****   /* USER CODE BEGIN TIM2_MspInit 1 */
  85:Core/Src/tim.c **** 
ARM GAS  C:\Users\SHUCHE~1\AppData\Local\Temp\cc7HkG0o.s 			page 6


  86:Core/Src/tim.c ****   /* USER CODE END TIM2_MspInit 1 */
  87:Core/Src/tim.c ****   }
  88:Core/Src/tim.c **** }
 200              		.loc 1 88 1 is_stmt 0 view .LVU51
 201 0034 03B0     		add	sp, sp, #12
 202              	.LCFI6:
 203              		.cfi_def_cfa_offset 4
 204              		@ sp needed
 205 0036 5DF804FB 		ldr	pc, [sp], #4
 206              		.cfi_endproc
 207              	.LFE124:
 209              		.section	.text.HAL_TIM_Base_MspDeInit,"ax",%progbits
 210              		.align	1
 211              		.global	HAL_TIM_Base_MspDeInit
 212              		.syntax unified
 213              		.thumb
 214              		.thumb_func
 216              	HAL_TIM_Base_MspDeInit:
 217              	.LVL10:
 218              	.LFB125:
  89:Core/Src/tim.c **** 
  90:Core/Src/tim.c **** void HAL_TIM_Base_MspDeInit(TIM_HandleTypeDef* tim_baseHandle)
  91:Core/Src/tim.c **** {
 219              		.loc 1 91 1 is_stmt 1 view -0
 220              		.cfi_startproc
 221              		@ args = 0, pretend = 0, frame = 0
 222              		@ frame_needed = 0, uses_anonymous_args = 0
 223              		.loc 1 91 1 is_stmt 0 view .LVU53
 224 0000 08B5     		push	{r3, lr}
 225              	.LCFI7:
 226              		.cfi_def_cfa_offset 8
 227              		.cfi_offset 3, -8
 228              		.cfi_offset 14, -4
  92:Core/Src/tim.c **** 
  93:Core/Src/tim.c ****   if(tim_baseHandle->Instance==TIM2)
 229              		.loc 1 93 3 is_stmt 1 view .LVU54
 230              		.loc 1 93 20 is_stmt 0 view .LVU55
 231 0002 0368     		ldr	r3, [r0]
 232              		.loc 1 93 5 view .LVU56
 233 0004 B3F1804F 		cmp	r3, #1073741824
 234 0008 00D0     		beq	.L21
 235              	.LVL11:
 236              	.L18:
  94:Core/Src/tim.c ****   {
  95:Core/Src/tim.c ****   /* USER CODE BEGIN TIM2_MspDeInit 0 */
  96:Core/Src/tim.c **** 
  97:Core/Src/tim.c ****   /* USER CODE END TIM2_MspDeInit 0 */
  98:Core/Src/tim.c ****     /* Peripheral clock disable */
  99:Core/Src/tim.c ****     __HAL_RCC_TIM2_CLK_DISABLE();
 100:Core/Src/tim.c **** 
 101:Core/Src/tim.c ****     /* TIM2 interrupt Deinit */
 102:Core/Src/tim.c ****     HAL_NVIC_DisableIRQ(TIM2_IRQn);
 103:Core/Src/tim.c ****   /* USER CODE BEGIN TIM2_MspDeInit 1 */
 104:Core/Src/tim.c **** 
 105:Core/Src/tim.c ****   /* USER CODE END TIM2_MspDeInit 1 */
 106:Core/Src/tim.c ****   }
 107:Core/Src/tim.c **** }
ARM GAS  C:\Users\SHUCHE~1\AppData\Local\Temp\cc7HkG0o.s 			page 7


 237              		.loc 1 107 1 view .LVU57
 238 000a 08BD     		pop	{r3, pc}
 239              	.LVL12:
 240              	.L21:
  99:Core/Src/tim.c **** 
 241              		.loc 1 99 5 is_stmt 1 view .LVU58
 242 000c 044A     		ldr	r2, .L22
 243 000e D369     		ldr	r3, [r2, #28]
 244 0010 23F00103 		bic	r3, r3, #1
 245 0014 D361     		str	r3, [r2, #28]
 102:Core/Src/tim.c ****   /* USER CODE BEGIN TIM2_MspDeInit 1 */
 246              		.loc 1 102 5 view .LVU59
 247 0016 1C20     		movs	r0, #28
 248              	.LVL13:
 102:Core/Src/tim.c ****   /* USER CODE BEGIN TIM2_MspDeInit 1 */
 249              		.loc 1 102 5 is_stmt 0 view .LVU60
 250 0018 FFF7FEFF 		bl	HAL_NVIC_DisableIRQ
 251              	.LVL14:
 252              		.loc 1 107 1 view .LVU61
 253 001c F5E7     		b	.L18
 254              	.L23:
 255 001e 00BF     		.align	2
 256              	.L22:
 257 0020 00100240 		.word	1073876992
 258              		.cfi_endproc
 259              	.LFE125:
 261              		.global	htim2
 262              		.section	.bss.htim2,"aw",%nobits
 263              		.align	2
 266              	htim2:
 267 0000 00000000 		.space	76
 267      00000000 
 267      00000000 
 267      00000000 
 267      00000000 
 268              		.text
 269              	.Letext0:
 270              		.file 2 "Drivers/CMSIS/Device/ST/STM32F3xx/Include/stm32f334x8.h"
 271              		.file 3 "e:\\programfile\\msys2\\mingw64\\arm-none-eabi\\include\\machine\\_default_types.h"
 272              		.file 4 "e:\\programfile\\msys2\\mingw64\\arm-none-eabi\\include\\sys\\_stdint.h"
 273              		.file 5 "Drivers/STM32F3xx_HAL_Driver/Inc/stm32f3xx_hal_def.h"
 274              		.file 6 "Drivers/STM32F3xx_HAL_Driver/Inc/stm32f3xx_hal_dma.h"
 275              		.file 7 "Drivers/STM32F3xx_HAL_Driver/Inc/stm32f3xx_hal_tim.h"
 276              		.file 8 "Drivers/STM32F3xx_HAL_Driver/Inc/stm32f3xx_hal_cortex.h"
 277              		.file 9 "Drivers/STM32F3xx_HAL_Driver/Inc/stm32f3xx_hal_tim_ex.h"
 278              		.file 10 "Core/Inc/tim.h"
 279              		.file 11 "Core/Inc/main.h"
ARM GAS  C:\Users\SHUCHE~1\AppData\Local\Temp\cc7HkG0o.s 			page 8


DEFINED SYMBOLS
                            *ABS*:00000000 tim.c
C:\Users\SHUCHE~1\AppData\Local\Temp\cc7HkG0o.s:21     .text.MX_TIM2_Init:00000000 $t
C:\Users\SHUCHE~1\AppData\Local\Temp\cc7HkG0o.s:27     .text.MX_TIM2_Init:00000000 MX_TIM2_Init
C:\Users\SHUCHE~1\AppData\Local\Temp\cc7HkG0o.s:138    .text.MX_TIM2_Init:00000068 $d
C:\Users\SHUCHE~1\AppData\Local\Temp\cc7HkG0o.s:266    .bss.htim2:00000000 htim2
C:\Users\SHUCHE~1\AppData\Local\Temp\cc7HkG0o.s:143    .text.HAL_TIM_Base_MspInit:00000000 $t
C:\Users\SHUCHE~1\AppData\Local\Temp\cc7HkG0o.s:149    .text.HAL_TIM_Base_MspInit:00000000 HAL_TIM_Base_MspInit
C:\Users\SHUCHE~1\AppData\Local\Temp\cc7HkG0o.s:210    .text.HAL_TIM_Base_MspDeInit:00000000 $t
C:\Users\SHUCHE~1\AppData\Local\Temp\cc7HkG0o.s:216    .text.HAL_TIM_Base_MspDeInit:00000000 HAL_TIM_Base_MspDeInit
C:\Users\SHUCHE~1\AppData\Local\Temp\cc7HkG0o.s:257    .text.HAL_TIM_Base_MspDeInit:00000020 $d
C:\Users\SHUCHE~1\AppData\Local\Temp\cc7HkG0o.s:263    .bss.htim2:00000000 $d

UNDEFINED SYMBOLS
HAL_TIM_Base_Init
HAL_TIM_ConfigClockSource
HAL_TIMEx_MasterConfigSynchronization
Error_Handler
HAL_NVIC_SetPriority
HAL_NVIC_EnableIRQ
HAL_NVIC_DisableIRQ
