ARM GAS  C:\Users\31005\AppData\Local\Temp\cc2Gpgy2.s 			page 1


   1              		.cpu cortex-m4
   2              		.arch armv7e-m
   3              		.fpu fpv4-sp-d16
   4              		.eabi_attribute 27, 1
   5              		.eabi_attribute 28, 1
   6              		.eabi_attribute 20, 1
   7              		.eabi_attribute 21, 1
   8              		.eabi_attribute 23, 3
   9              		.eabi_attribute 24, 1
  10              		.eabi_attribute 25, 1
  11              		.eabi_attribute 26, 1
  12              		.eabi_attribute 30, 1
  13              		.eabi_attribute 34, 1
  14              		.eabi_attribute 18, 4
  15              		.file	"usart.c"
  16              		.text
  17              	.Ltext0:
  18              		.cfi_sections	.debug_frame
  19              		.file 1 "Core/Src/usart.c"
  20              		.section	.text.MX_USART2_UART_Init,"ax",%progbits
  21              		.align	1
  22              		.global	MX_USART2_UART_Init
  23              		.syntax unified
  24              		.thumb
  25              		.thumb_func
  27              	MX_USART2_UART_Init:
  28              	.LFB123:
   1:Core/Src/usart.c **** /* USER CODE BEGIN Header */
   2:Core/Src/usart.c **** /**
   3:Core/Src/usart.c ****   ******************************************************************************
   4:Core/Src/usart.c ****   * @file    usart.c
   5:Core/Src/usart.c ****   * @brief   This file provides code for the configuration
   6:Core/Src/usart.c ****   *          of the USART instances.
   7:Core/Src/usart.c ****   ******************************************************************************
   8:Core/Src/usart.c ****   * @attention
   9:Core/Src/usart.c ****   *
  10:Core/Src/usart.c ****   * Copyright (c) 2025 STMicroelectronics.
  11:Core/Src/usart.c ****   * All rights reserved.
  12:Core/Src/usart.c ****   *
  13:Core/Src/usart.c ****   * This software is licensed under terms that can be found in the LICENSE file
  14:Core/Src/usart.c ****   * in the root directory of this software component.
  15:Core/Src/usart.c ****   * If no LICENSE file comes with this software, it is provided AS-IS.
  16:Core/Src/usart.c ****   *
  17:Core/Src/usart.c ****   ******************************************************************************
  18:Core/Src/usart.c ****   */
  19:Core/Src/usart.c **** /* USER CODE END Header */
  20:Core/Src/usart.c **** /* Includes ------------------------------------------------------------------*/
  21:Core/Src/usart.c **** #include "usart.h"
  22:Core/Src/usart.c **** 
  23:Core/Src/usart.c **** /* USER CODE BEGIN 0 */
  24:Core/Src/usart.c **** 
  25:Core/Src/usart.c **** /* USER CODE END 0 */
  26:Core/Src/usart.c **** 
  27:Core/Src/usart.c **** UART_HandleTypeDef huart2;
  28:Core/Src/usart.c **** DMA_HandleTypeDef hdma_usart2_tx;
  29:Core/Src/usart.c **** DMA_HandleTypeDef hdma_usart2_rx;
  30:Core/Src/usart.c **** 
ARM GAS  C:\Users\31005\AppData\Local\Temp\cc2Gpgy2.s 			page 2


  31:Core/Src/usart.c **** /* USART2 init function */
  32:Core/Src/usart.c **** 
  33:Core/Src/usart.c **** void MX_USART2_UART_Init(void)
  34:Core/Src/usart.c **** {
  29              		.loc 1 34 1 view -0
  30              		.cfi_startproc
  31              		@ args = 0, pretend = 0, frame = 0
  32              		@ frame_needed = 0, uses_anonymous_args = 0
  33 0000 08B5     		push	{r3, lr}
  34              	.LCFI0:
  35              		.cfi_def_cfa_offset 8
  36              		.cfi_offset 3, -8
  37              		.cfi_offset 14, -4
  35:Core/Src/usart.c **** 
  36:Core/Src/usart.c ****   /* USER CODE BEGIN USART2_Init 0 */
  37:Core/Src/usart.c **** 
  38:Core/Src/usart.c ****   /* USER CODE END USART2_Init 0 */
  39:Core/Src/usart.c **** 
  40:Core/Src/usart.c ****   /* USER CODE BEGIN USART2_Init 1 */
  41:Core/Src/usart.c **** 
  42:Core/Src/usart.c ****   /* USER CODE END USART2_Init 1 */
  43:Core/Src/usart.c ****   huart2.Instance = USART2;
  38              		.loc 1 43 3 view .LVU1
  39              		.loc 1 43 19 is_stmt 0 view .LVU2
  40 0002 0B48     		ldr	r0, .L5
  41 0004 0B4B     		ldr	r3, .L5+4
  42 0006 0360     		str	r3, [r0]
  44:Core/Src/usart.c ****   huart2.Init.BaudRate = 38400;
  43              		.loc 1 44 3 is_stmt 1 view .LVU3
  44              		.loc 1 44 24 is_stmt 0 view .LVU4
  45 0008 4FF41643 		mov	r3, #38400
  46 000c 4360     		str	r3, [r0, #4]
  45:Core/Src/usart.c ****   huart2.Init.WordLength = UART_WORDLENGTH_8B;
  47              		.loc 1 45 3 is_stmt 1 view .LVU5
  48              		.loc 1 45 26 is_stmt 0 view .LVU6
  49 000e 0023     		movs	r3, #0
  50 0010 8360     		str	r3, [r0, #8]
  46:Core/Src/usart.c ****   huart2.Init.StopBits = UART_STOPBITS_1;
  51              		.loc 1 46 3 is_stmt 1 view .LVU7
  52              		.loc 1 46 24 is_stmt 0 view .LVU8
  53 0012 C360     		str	r3, [r0, #12]
  47:Core/Src/usart.c ****   huart2.Init.Parity = UART_PARITY_NONE;
  54              		.loc 1 47 3 is_stmt 1 view .LVU9
  55              		.loc 1 47 22 is_stmt 0 view .LVU10
  56 0014 0361     		str	r3, [r0, #16]
  48:Core/Src/usart.c ****   huart2.Init.Mode = UART_MODE_TX_RX;
  57              		.loc 1 48 3 is_stmt 1 view .LVU11
  58              		.loc 1 48 20 is_stmt 0 view .LVU12
  59 0016 0C22     		movs	r2, #12
  60 0018 4261     		str	r2, [r0, #20]
  49:Core/Src/usart.c ****   huart2.Init.HwFlowCtl = UART_HWCONTROL_NONE;
  61              		.loc 1 49 3 is_stmt 1 view .LVU13
  62              		.loc 1 49 25 is_stmt 0 view .LVU14
  63 001a 8361     		str	r3, [r0, #24]
  50:Core/Src/usart.c ****   huart2.Init.OverSampling = UART_OVERSAMPLING_16;
  64              		.loc 1 50 3 is_stmt 1 view .LVU15
  65              		.loc 1 50 28 is_stmt 0 view .LVU16
ARM GAS  C:\Users\31005\AppData\Local\Temp\cc2Gpgy2.s 			page 3


  66 001c C361     		str	r3, [r0, #28]
  51:Core/Src/usart.c ****   huart2.Init.OneBitSampling = UART_ONE_BIT_SAMPLE_DISABLE;
  67              		.loc 1 51 3 is_stmt 1 view .LVU17
  68              		.loc 1 51 30 is_stmt 0 view .LVU18
  69 001e 0362     		str	r3, [r0, #32]
  52:Core/Src/usart.c ****   huart2.AdvancedInit.AdvFeatureInit = UART_ADVFEATURE_NO_INIT;
  70              		.loc 1 52 3 is_stmt 1 view .LVU19
  71              		.loc 1 52 38 is_stmt 0 view .LVU20
  72 0020 4362     		str	r3, [r0, #36]
  53:Core/Src/usart.c ****   if (HAL_UART_Init(&huart2) != HAL_OK)
  73              		.loc 1 53 3 is_stmt 1 view .LVU21
  74              		.loc 1 53 7 is_stmt 0 view .LVU22
  75 0022 FFF7FEFF 		bl	HAL_UART_Init
  76              	.LVL0:
  77              		.loc 1 53 6 view .LVU23
  78 0026 00B9     		cbnz	r0, .L4
  79              	.L1:
  54:Core/Src/usart.c ****   {
  55:Core/Src/usart.c ****     Error_Handler();
  56:Core/Src/usart.c ****   }
  57:Core/Src/usart.c ****   /* USER CODE BEGIN USART2_Init 2 */
  58:Core/Src/usart.c **** 
  59:Core/Src/usart.c ****   /* USER CODE END USART2_Init 2 */
  60:Core/Src/usart.c **** 
  61:Core/Src/usart.c **** }
  80              		.loc 1 61 1 view .LVU24
  81 0028 08BD     		pop	{r3, pc}
  82              	.L4:
  55:Core/Src/usart.c ****   }
  83              		.loc 1 55 5 is_stmt 1 view .LVU25
  84 002a FFF7FEFF 		bl	Error_Handler
  85              	.LVL1:
  86              		.loc 1 61 1 is_stmt 0 view .LVU26
  87 002e FBE7     		b	.L1
  88              	.L6:
  89              		.align	2
  90              	.L5:
  91 0030 00000000 		.word	huart2
  92 0034 00440040 		.word	1073759232
  93              		.cfi_endproc
  94              	.LFE123:
  96              		.section	.text.HAL_UART_MspInit,"ax",%progbits
  97              		.align	1
  98              		.global	HAL_UART_MspInit
  99              		.syntax unified
 100              		.thumb
 101              		.thumb_func
 103              	HAL_UART_MspInit:
 104              	.LVL2:
 105              	.LFB124:
  62:Core/Src/usart.c **** 
  63:Core/Src/usart.c **** void HAL_UART_MspInit(UART_HandleTypeDef* uartHandle)
  64:Core/Src/usart.c **** {
 106              		.loc 1 64 1 is_stmt 1 view -0
 107              		.cfi_startproc
 108              		@ args = 0, pretend = 0, frame = 32
 109              		@ frame_needed = 0, uses_anonymous_args = 0
ARM GAS  C:\Users\31005\AppData\Local\Temp\cc2Gpgy2.s 			page 4


 110              		.loc 1 64 1 is_stmt 0 view .LVU28
 111 0000 F0B5     		push	{r4, r5, r6, r7, lr}
 112              	.LCFI1:
 113              		.cfi_def_cfa_offset 20
 114              		.cfi_offset 4, -20
 115              		.cfi_offset 5, -16
 116              		.cfi_offset 6, -12
 117              		.cfi_offset 7, -8
 118              		.cfi_offset 14, -4
 119 0002 89B0     		sub	sp, sp, #36
 120              	.LCFI2:
 121              		.cfi_def_cfa_offset 56
  65:Core/Src/usart.c **** 
  66:Core/Src/usart.c ****   GPIO_InitTypeDef GPIO_InitStruct = {0};
 122              		.loc 1 66 3 is_stmt 1 view .LVU29
 123              		.loc 1 66 20 is_stmt 0 view .LVU30
 124 0004 0023     		movs	r3, #0
 125 0006 0393     		str	r3, [sp, #12]
 126 0008 0493     		str	r3, [sp, #16]
 127 000a 0593     		str	r3, [sp, #20]
 128 000c 0693     		str	r3, [sp, #24]
 129 000e 0793     		str	r3, [sp, #28]
  67:Core/Src/usart.c ****   if(uartHandle->Instance==USART2)
 130              		.loc 1 67 3 is_stmt 1 view .LVU31
 131              		.loc 1 67 16 is_stmt 0 view .LVU32
 132 0010 0268     		ldr	r2, [r0]
 133              		.loc 1 67 5 view .LVU33
 134 0012 384B     		ldr	r3, .L15
 135 0014 9A42     		cmp	r2, r3
 136 0016 01D0     		beq	.L12
 137              	.LVL3:
 138              	.L7:
  68:Core/Src/usart.c ****   {
  69:Core/Src/usart.c ****   /* USER CODE BEGIN USART2_MspInit 0 */
  70:Core/Src/usart.c **** 
  71:Core/Src/usart.c ****   /* USER CODE END USART2_MspInit 0 */
  72:Core/Src/usart.c ****     /* USART2 clock enable */
  73:Core/Src/usart.c ****     __HAL_RCC_USART2_CLK_ENABLE();
  74:Core/Src/usart.c **** 
  75:Core/Src/usart.c ****     __HAL_RCC_GPIOA_CLK_ENABLE();
  76:Core/Src/usart.c ****     __HAL_RCC_GPIOB_CLK_ENABLE();
  77:Core/Src/usart.c ****     /**USART2 GPIO Configuration
  78:Core/Src/usart.c ****     PA15     ------> USART2_RX
  79:Core/Src/usart.c ****     PB3     ------> USART2_TX
  80:Core/Src/usart.c ****     */
  81:Core/Src/usart.c ****     GPIO_InitStruct.Pin = GPIO_PIN_15;
  82:Core/Src/usart.c ****     GPIO_InitStruct.Mode = GPIO_MODE_AF_PP;
  83:Core/Src/usart.c ****     GPIO_InitStruct.Pull = GPIO_NOPULL;
  84:Core/Src/usart.c ****     GPIO_InitStruct.Speed = GPIO_SPEED_FREQ_HIGH;
  85:Core/Src/usart.c ****     GPIO_InitStruct.Alternate = GPIO_AF7_USART2;
  86:Core/Src/usart.c ****     HAL_GPIO_Init(GPIOA, &GPIO_InitStruct);
  87:Core/Src/usart.c **** 
  88:Core/Src/usart.c ****     GPIO_InitStruct.Pin = GPIO_PIN_3;
  89:Core/Src/usart.c ****     GPIO_InitStruct.Mode = GPIO_MODE_AF_PP;
  90:Core/Src/usart.c ****     GPIO_InitStruct.Pull = GPIO_NOPULL;
  91:Core/Src/usart.c ****     GPIO_InitStruct.Speed = GPIO_SPEED_FREQ_HIGH;
  92:Core/Src/usart.c ****     GPIO_InitStruct.Alternate = GPIO_AF7_USART2;
ARM GAS  C:\Users\31005\AppData\Local\Temp\cc2Gpgy2.s 			page 5


  93:Core/Src/usart.c ****     HAL_GPIO_Init(GPIOB, &GPIO_InitStruct);
  94:Core/Src/usart.c **** 
  95:Core/Src/usart.c ****     /* USART2 DMA Init */
  96:Core/Src/usart.c ****     /* USART2_TX Init */
  97:Core/Src/usart.c ****     hdma_usart2_tx.Instance = DMA1_Channel7;
  98:Core/Src/usart.c ****     hdma_usart2_tx.Init.Direction = DMA_MEMORY_TO_PERIPH;
  99:Core/Src/usart.c ****     hdma_usart2_tx.Init.PeriphInc = DMA_PINC_DISABLE;
 100:Core/Src/usart.c ****     hdma_usart2_tx.Init.MemInc = DMA_MINC_ENABLE;
 101:Core/Src/usart.c ****     hdma_usart2_tx.Init.PeriphDataAlignment = DMA_PDATAALIGN_WORD;
 102:Core/Src/usart.c ****     hdma_usart2_tx.Init.MemDataAlignment = DMA_MDATAALIGN_WORD;
 103:Core/Src/usart.c ****     hdma_usart2_tx.Init.Mode = DMA_CIRCULAR;
 104:Core/Src/usart.c ****     hdma_usart2_tx.Init.Priority = DMA_PRIORITY_LOW;
 105:Core/Src/usart.c ****     if (HAL_DMA_Init(&hdma_usart2_tx) != HAL_OK)
 106:Core/Src/usart.c ****     {
 107:Core/Src/usart.c ****       Error_Handler();
 108:Core/Src/usart.c ****     }
 109:Core/Src/usart.c **** 
 110:Core/Src/usart.c ****     __HAL_LINKDMA(uartHandle,hdmatx,hdma_usart2_tx);
 111:Core/Src/usart.c **** 
 112:Core/Src/usart.c ****     /* USART2_RX Init */
 113:Core/Src/usart.c ****     hdma_usart2_rx.Instance = DMA1_Channel6;
 114:Core/Src/usart.c ****     hdma_usart2_rx.Init.Direction = DMA_PERIPH_TO_MEMORY;
 115:Core/Src/usart.c ****     hdma_usart2_rx.Init.PeriphInc = DMA_PINC_DISABLE;
 116:Core/Src/usart.c ****     hdma_usart2_rx.Init.MemInc = DMA_MINC_ENABLE;
 117:Core/Src/usart.c ****     hdma_usart2_rx.Init.PeriphDataAlignment = DMA_PDATAALIGN_WORD;
 118:Core/Src/usart.c ****     hdma_usart2_rx.Init.MemDataAlignment = DMA_MDATAALIGN_WORD;
 119:Core/Src/usart.c ****     hdma_usart2_rx.Init.Mode = DMA_CIRCULAR;
 120:Core/Src/usart.c ****     hdma_usart2_rx.Init.Priority = DMA_PRIORITY_LOW;
 121:Core/Src/usart.c ****     if (HAL_DMA_Init(&hdma_usart2_rx) != HAL_OK)
 122:Core/Src/usart.c ****     {
 123:Core/Src/usart.c ****       Error_Handler();
 124:Core/Src/usart.c ****     }
 125:Core/Src/usart.c **** 
 126:Core/Src/usart.c ****     __HAL_LINKDMA(uartHandle,hdmarx,hdma_usart2_rx);
 127:Core/Src/usart.c **** 
 128:Core/Src/usart.c ****   /* USER CODE BEGIN USART2_MspInit 1 */
 129:Core/Src/usart.c **** 
 130:Core/Src/usart.c ****   /* USER CODE END USART2_MspInit 1 */
 131:Core/Src/usart.c ****   }
 132:Core/Src/usart.c **** }
 139              		.loc 1 132 1 view .LVU34
 140 0018 09B0     		add	sp, sp, #36
 141              	.LCFI3:
 142              		.cfi_remember_state
 143              		.cfi_def_cfa_offset 20
 144              		@ sp needed
 145 001a F0BD     		pop	{r4, r5, r6, r7, pc}
 146              	.LVL4:
 147              	.L12:
 148              	.LCFI4:
 149              		.cfi_restore_state
 150              		.loc 1 132 1 view .LVU35
 151 001c 0446     		mov	r4, r0
  73:Core/Src/usart.c **** 
 152              		.loc 1 73 5 is_stmt 1 view .LVU36
 153              	.LBB2:
  73:Core/Src/usart.c **** 
ARM GAS  C:\Users\31005\AppData\Local\Temp\cc2Gpgy2.s 			page 6


 154              		.loc 1 73 5 view .LVU37
  73:Core/Src/usart.c **** 
 155              		.loc 1 73 5 view .LVU38
 156 001e 03F5E633 		add	r3, r3, #117760
 157 0022 DA69     		ldr	r2, [r3, #28]
 158 0024 42F40032 		orr	r2, r2, #131072
 159 0028 DA61     		str	r2, [r3, #28]
  73:Core/Src/usart.c **** 
 160              		.loc 1 73 5 view .LVU39
 161 002a DA69     		ldr	r2, [r3, #28]
 162 002c 02F40032 		and	r2, r2, #131072
 163 0030 0092     		str	r2, [sp]
  73:Core/Src/usart.c **** 
 164              		.loc 1 73 5 view .LVU40
 165 0032 009A     		ldr	r2, [sp]
 166              	.LBE2:
  73:Core/Src/usart.c **** 
 167              		.loc 1 73 5 view .LVU41
  75:Core/Src/usart.c ****     __HAL_RCC_GPIOB_CLK_ENABLE();
 168              		.loc 1 75 5 view .LVU42
 169              	.LBB3:
  75:Core/Src/usart.c ****     __HAL_RCC_GPIOB_CLK_ENABLE();
 170              		.loc 1 75 5 view .LVU43
  75:Core/Src/usart.c ****     __HAL_RCC_GPIOB_CLK_ENABLE();
 171              		.loc 1 75 5 view .LVU44
 172 0034 5A69     		ldr	r2, [r3, #20]
 173 0036 42F40032 		orr	r2, r2, #131072
 174 003a 5A61     		str	r2, [r3, #20]
  75:Core/Src/usart.c ****     __HAL_RCC_GPIOB_CLK_ENABLE();
 175              		.loc 1 75 5 view .LVU45
 176 003c 5A69     		ldr	r2, [r3, #20]
 177 003e 02F40032 		and	r2, r2, #131072
 178 0042 0192     		str	r2, [sp, #4]
  75:Core/Src/usart.c ****     __HAL_RCC_GPIOB_CLK_ENABLE();
 179              		.loc 1 75 5 view .LVU46
 180 0044 019A     		ldr	r2, [sp, #4]
 181              	.LBE3:
  75:Core/Src/usart.c ****     __HAL_RCC_GPIOB_CLK_ENABLE();
 182              		.loc 1 75 5 view .LVU47
  76:Core/Src/usart.c ****     /**USART2 GPIO Configuration
 183              		.loc 1 76 5 view .LVU48
 184              	.LBB4:
  76:Core/Src/usart.c ****     /**USART2 GPIO Configuration
 185              		.loc 1 76 5 view .LVU49
  76:Core/Src/usart.c ****     /**USART2 GPIO Configuration
 186              		.loc 1 76 5 view .LVU50
 187 0046 5A69     		ldr	r2, [r3, #20]
 188 0048 42F48022 		orr	r2, r2, #262144
 189 004c 5A61     		str	r2, [r3, #20]
  76:Core/Src/usart.c ****     /**USART2 GPIO Configuration
 190              		.loc 1 76 5 view .LVU51
 191 004e 5B69     		ldr	r3, [r3, #20]
 192 0050 03F48023 		and	r3, r3, #262144
 193 0054 0293     		str	r3, [sp, #8]
  76:Core/Src/usart.c ****     /**USART2 GPIO Configuration
 194              		.loc 1 76 5 view .LVU52
 195 0056 029B     		ldr	r3, [sp, #8]
ARM GAS  C:\Users\31005\AppData\Local\Temp\cc2Gpgy2.s 			page 7


 196              	.LBE4:
  76:Core/Src/usart.c ****     /**USART2 GPIO Configuration
 197              		.loc 1 76 5 view .LVU53
  81:Core/Src/usart.c ****     GPIO_InitStruct.Mode = GPIO_MODE_AF_PP;
 198              		.loc 1 81 5 view .LVU54
  81:Core/Src/usart.c ****     GPIO_InitStruct.Mode = GPIO_MODE_AF_PP;
 199              		.loc 1 81 25 is_stmt 0 view .LVU55
 200 0058 4FF40043 		mov	r3, #32768
 201 005c 0393     		str	r3, [sp, #12]
  82:Core/Src/usart.c ****     GPIO_InitStruct.Pull = GPIO_NOPULL;
 202              		.loc 1 82 5 is_stmt 1 view .LVU56
  82:Core/Src/usart.c ****     GPIO_InitStruct.Pull = GPIO_NOPULL;
 203              		.loc 1 82 26 is_stmt 0 view .LVU57
 204 005e 0225     		movs	r5, #2
 205 0060 0495     		str	r5, [sp, #16]
  83:Core/Src/usart.c ****     GPIO_InitStruct.Speed = GPIO_SPEED_FREQ_HIGH;
 206              		.loc 1 83 5 is_stmt 1 view .LVU58
  84:Core/Src/usart.c ****     GPIO_InitStruct.Alternate = GPIO_AF7_USART2;
 207              		.loc 1 84 5 view .LVU59
  84:Core/Src/usart.c ****     GPIO_InitStruct.Alternate = GPIO_AF7_USART2;
 208              		.loc 1 84 27 is_stmt 0 view .LVU60
 209 0062 0327     		movs	r7, #3
 210 0064 0697     		str	r7, [sp, #24]
  85:Core/Src/usart.c ****     HAL_GPIO_Init(GPIOA, &GPIO_InitStruct);
 211              		.loc 1 85 5 is_stmt 1 view .LVU61
  85:Core/Src/usart.c ****     HAL_GPIO_Init(GPIOA, &GPIO_InitStruct);
 212              		.loc 1 85 31 is_stmt 0 view .LVU62
 213 0066 0726     		movs	r6, #7
 214 0068 0796     		str	r6, [sp, #28]
  86:Core/Src/usart.c **** 
 215              		.loc 1 86 5 is_stmt 1 view .LVU63
 216 006a 03A9     		add	r1, sp, #12
 217 006c 4FF09040 		mov	r0, #1207959552
 218              	.LVL5:
  86:Core/Src/usart.c **** 
 219              		.loc 1 86 5 is_stmt 0 view .LVU64
 220 0070 FFF7FEFF 		bl	HAL_GPIO_Init
 221              	.LVL6:
  88:Core/Src/usart.c ****     GPIO_InitStruct.Mode = GPIO_MODE_AF_PP;
 222              		.loc 1 88 5 is_stmt 1 view .LVU65
  88:Core/Src/usart.c ****     GPIO_InitStruct.Mode = GPIO_MODE_AF_PP;
 223              		.loc 1 88 25 is_stmt 0 view .LVU66
 224 0074 0823     		movs	r3, #8
 225 0076 0393     		str	r3, [sp, #12]
  89:Core/Src/usart.c ****     GPIO_InitStruct.Pull = GPIO_NOPULL;
 226              		.loc 1 89 5 is_stmt 1 view .LVU67
  89:Core/Src/usart.c ****     GPIO_InitStruct.Pull = GPIO_NOPULL;
 227              		.loc 1 89 26 is_stmt 0 view .LVU68
 228 0078 0495     		str	r5, [sp, #16]
  90:Core/Src/usart.c ****     GPIO_InitStruct.Speed = GPIO_SPEED_FREQ_HIGH;
 229              		.loc 1 90 5 is_stmt 1 view .LVU69
  90:Core/Src/usart.c ****     GPIO_InitStruct.Speed = GPIO_SPEED_FREQ_HIGH;
 230              		.loc 1 90 26 is_stmt 0 view .LVU70
 231 007a 0025     		movs	r5, #0
 232 007c 0595     		str	r5, [sp, #20]
  91:Core/Src/usart.c ****     GPIO_InitStruct.Alternate = GPIO_AF7_USART2;
 233              		.loc 1 91 5 is_stmt 1 view .LVU71
ARM GAS  C:\Users\31005\AppData\Local\Temp\cc2Gpgy2.s 			page 8


  91:Core/Src/usart.c ****     GPIO_InitStruct.Alternate = GPIO_AF7_USART2;
 234              		.loc 1 91 27 is_stmt 0 view .LVU72
 235 007e 0697     		str	r7, [sp, #24]
  92:Core/Src/usart.c ****     HAL_GPIO_Init(GPIOB, &GPIO_InitStruct);
 236              		.loc 1 92 5 is_stmt 1 view .LVU73
  92:Core/Src/usart.c ****     HAL_GPIO_Init(GPIOB, &GPIO_InitStruct);
 237              		.loc 1 92 31 is_stmt 0 view .LVU74
 238 0080 0796     		str	r6, [sp, #28]
  93:Core/Src/usart.c **** 
 239              		.loc 1 93 5 is_stmt 1 view .LVU75
 240 0082 03A9     		add	r1, sp, #12
 241 0084 1C48     		ldr	r0, .L15+4
 242 0086 FFF7FEFF 		bl	HAL_GPIO_Init
 243              	.LVL7:
  97:Core/Src/usart.c ****     hdma_usart2_tx.Init.Direction = DMA_MEMORY_TO_PERIPH;
 244              		.loc 1 97 5 view .LVU76
  97:Core/Src/usart.c ****     hdma_usart2_tx.Init.Direction = DMA_MEMORY_TO_PERIPH;
 245              		.loc 1 97 29 is_stmt 0 view .LVU77
 246 008a 1C48     		ldr	r0, .L15+8
 247 008c 1C4B     		ldr	r3, .L15+12
 248 008e 0360     		str	r3, [r0]
  98:Core/Src/usart.c ****     hdma_usart2_tx.Init.PeriphInc = DMA_PINC_DISABLE;
 249              		.loc 1 98 5 is_stmt 1 view .LVU78
  98:Core/Src/usart.c ****     hdma_usart2_tx.Init.PeriphInc = DMA_PINC_DISABLE;
 250              		.loc 1 98 35 is_stmt 0 view .LVU79
 251 0090 1023     		movs	r3, #16
 252 0092 4360     		str	r3, [r0, #4]
  99:Core/Src/usart.c ****     hdma_usart2_tx.Init.MemInc = DMA_MINC_ENABLE;
 253              		.loc 1 99 5 is_stmt 1 view .LVU80
  99:Core/Src/usart.c ****     hdma_usart2_tx.Init.MemInc = DMA_MINC_ENABLE;
 254              		.loc 1 99 35 is_stmt 0 view .LVU81
 255 0094 8560     		str	r5, [r0, #8]
 100:Core/Src/usart.c ****     hdma_usart2_tx.Init.PeriphDataAlignment = DMA_PDATAALIGN_WORD;
 256              		.loc 1 100 5 is_stmt 1 view .LVU82
 100:Core/Src/usart.c ****     hdma_usart2_tx.Init.PeriphDataAlignment = DMA_PDATAALIGN_WORD;
 257              		.loc 1 100 32 is_stmt 0 view .LVU83
 258 0096 8023     		movs	r3, #128
 259 0098 C360     		str	r3, [r0, #12]
 101:Core/Src/usart.c ****     hdma_usart2_tx.Init.MemDataAlignment = DMA_MDATAALIGN_WORD;
 260              		.loc 1 101 5 is_stmt 1 view .LVU84
 101:Core/Src/usart.c ****     hdma_usart2_tx.Init.MemDataAlignment = DMA_MDATAALIGN_WORD;
 261              		.loc 1 101 45 is_stmt 0 view .LVU85
 262 009a 4FF40073 		mov	r3, #512
 263 009e 0361     		str	r3, [r0, #16]
 102:Core/Src/usart.c ****     hdma_usart2_tx.Init.Mode = DMA_CIRCULAR;
 264              		.loc 1 102 5 is_stmt 1 view .LVU86
 102:Core/Src/usart.c ****     hdma_usart2_tx.Init.Mode = DMA_CIRCULAR;
 265              		.loc 1 102 42 is_stmt 0 view .LVU87
 266 00a0 4FF40063 		mov	r3, #2048
 267 00a4 4361     		str	r3, [r0, #20]
 103:Core/Src/usart.c ****     hdma_usart2_tx.Init.Priority = DMA_PRIORITY_LOW;
 268              		.loc 1 103 5 is_stmt 1 view .LVU88
 103:Core/Src/usart.c ****     hdma_usart2_tx.Init.Priority = DMA_PRIORITY_LOW;
 269              		.loc 1 103 30 is_stmt 0 view .LVU89
 270 00a6 2023     		movs	r3, #32
 271 00a8 8361     		str	r3, [r0, #24]
 104:Core/Src/usart.c ****     if (HAL_DMA_Init(&hdma_usart2_tx) != HAL_OK)
ARM GAS  C:\Users\31005\AppData\Local\Temp\cc2Gpgy2.s 			page 9


 272              		.loc 1 104 5 is_stmt 1 view .LVU90
 104:Core/Src/usart.c ****     if (HAL_DMA_Init(&hdma_usart2_tx) != HAL_OK)
 273              		.loc 1 104 34 is_stmt 0 view .LVU91
 274 00aa C561     		str	r5, [r0, #28]
 105:Core/Src/usart.c ****     {
 275              		.loc 1 105 5 is_stmt 1 view .LVU92
 105:Core/Src/usart.c ****     {
 276              		.loc 1 105 9 is_stmt 0 view .LVU93
 277 00ac FFF7FEFF 		bl	HAL_DMA_Init
 278              	.LVL8:
 105:Core/Src/usart.c ****     {
 279              		.loc 1 105 8 view .LVU94
 280 00b0 D0B9     		cbnz	r0, .L13
 281              	.L9:
 110:Core/Src/usart.c **** 
 282              		.loc 1 110 5 is_stmt 1 view .LVU95
 110:Core/Src/usart.c **** 
 283              		.loc 1 110 5 view .LVU96
 284 00b2 124B     		ldr	r3, .L15+8
 285 00b4 2367     		str	r3, [r4, #112]
 110:Core/Src/usart.c **** 
 286              		.loc 1 110 5 view .LVU97
 287 00b6 5C62     		str	r4, [r3, #36]
 110:Core/Src/usart.c **** 
 288              		.loc 1 110 5 view .LVU98
 113:Core/Src/usart.c ****     hdma_usart2_rx.Init.Direction = DMA_PERIPH_TO_MEMORY;
 289              		.loc 1 113 5 view .LVU99
 113:Core/Src/usart.c ****     hdma_usart2_rx.Init.Direction = DMA_PERIPH_TO_MEMORY;
 290              		.loc 1 113 29 is_stmt 0 view .LVU100
 291 00b8 1248     		ldr	r0, .L15+16
 292 00ba 134B     		ldr	r3, .L15+20
 293 00bc 0360     		str	r3, [r0]
 114:Core/Src/usart.c ****     hdma_usart2_rx.Init.PeriphInc = DMA_PINC_DISABLE;
 294              		.loc 1 114 5 is_stmt 1 view .LVU101
 114:Core/Src/usart.c ****     hdma_usart2_rx.Init.PeriphInc = DMA_PINC_DISABLE;
 295              		.loc 1 114 35 is_stmt 0 view .LVU102
 296 00be 0023     		movs	r3, #0
 297 00c0 4360     		str	r3, [r0, #4]
 115:Core/Src/usart.c ****     hdma_usart2_rx.Init.MemInc = DMA_MINC_ENABLE;
 298              		.loc 1 115 5 is_stmt 1 view .LVU103
 115:Core/Src/usart.c ****     hdma_usart2_rx.Init.MemInc = DMA_MINC_ENABLE;
 299              		.loc 1 115 35 is_stmt 0 view .LVU104
 300 00c2 8360     		str	r3, [r0, #8]
 116:Core/Src/usart.c ****     hdma_usart2_rx.Init.PeriphDataAlignment = DMA_PDATAALIGN_WORD;
 301              		.loc 1 116 5 is_stmt 1 view .LVU105
 116:Core/Src/usart.c ****     hdma_usart2_rx.Init.PeriphDataAlignment = DMA_PDATAALIGN_WORD;
 302              		.loc 1 116 32 is_stmt 0 view .LVU106
 303 00c4 8022     		movs	r2, #128
 304 00c6 C260     		str	r2, [r0, #12]
 117:Core/Src/usart.c ****     hdma_usart2_rx.Init.MemDataAlignment = DMA_MDATAALIGN_WORD;
 305              		.loc 1 117 5 is_stmt 1 view .LVU107
 117:Core/Src/usart.c ****     hdma_usart2_rx.Init.MemDataAlignment = DMA_MDATAALIGN_WORD;
 306              		.loc 1 117 45 is_stmt 0 view .LVU108
 307 00c8 4FF40072 		mov	r2, #512
 308 00cc 0261     		str	r2, [r0, #16]
 118:Core/Src/usart.c ****     hdma_usart2_rx.Init.Mode = DMA_CIRCULAR;
 309              		.loc 1 118 5 is_stmt 1 view .LVU109
ARM GAS  C:\Users\31005\AppData\Local\Temp\cc2Gpgy2.s 			page 10


 118:Core/Src/usart.c ****     hdma_usart2_rx.Init.Mode = DMA_CIRCULAR;
 310              		.loc 1 118 42 is_stmt 0 view .LVU110
 311 00ce 4FF40062 		mov	r2, #2048
 312 00d2 4261     		str	r2, [r0, #20]
 119:Core/Src/usart.c ****     hdma_usart2_rx.Init.Priority = DMA_PRIORITY_LOW;
 313              		.loc 1 119 5 is_stmt 1 view .LVU111
 119:Core/Src/usart.c ****     hdma_usart2_rx.Init.Priority = DMA_PRIORITY_LOW;
 314              		.loc 1 119 30 is_stmt 0 view .LVU112
 315 00d4 2022     		movs	r2, #32
 316 00d6 8261     		str	r2, [r0, #24]
 120:Core/Src/usart.c ****     if (HAL_DMA_Init(&hdma_usart2_rx) != HAL_OK)
 317              		.loc 1 120 5 is_stmt 1 view .LVU113
 120:Core/Src/usart.c ****     if (HAL_DMA_Init(&hdma_usart2_rx) != HAL_OK)
 318              		.loc 1 120 34 is_stmt 0 view .LVU114
 319 00d8 C361     		str	r3, [r0, #28]
 121:Core/Src/usart.c ****     {
 320              		.loc 1 121 5 is_stmt 1 view .LVU115
 121:Core/Src/usart.c ****     {
 321              		.loc 1 121 9 is_stmt 0 view .LVU116
 322 00da FFF7FEFF 		bl	HAL_DMA_Init
 323              	.LVL9:
 121:Core/Src/usart.c ****     {
 324              		.loc 1 121 8 view .LVU117
 325 00de 30B9     		cbnz	r0, .L14
 326              	.L10:
 126:Core/Src/usart.c **** 
 327              		.loc 1 126 5 is_stmt 1 view .LVU118
 126:Core/Src/usart.c **** 
 328              		.loc 1 126 5 view .LVU119
 329 00e0 084B     		ldr	r3, .L15+16
 330 00e2 6367     		str	r3, [r4, #116]
 126:Core/Src/usart.c **** 
 331              		.loc 1 126 5 view .LVU120
 332 00e4 5C62     		str	r4, [r3, #36]
 126:Core/Src/usart.c **** 
 333              		.loc 1 126 5 view .LVU121
 334              		.loc 1 132 1 is_stmt 0 view .LVU122
 335 00e6 97E7     		b	.L7
 336              	.L13:
 107:Core/Src/usart.c ****     }
 337              		.loc 1 107 7 is_stmt 1 view .LVU123
 338 00e8 FFF7FEFF 		bl	Error_Handler
 339              	.LVL10:
 340 00ec E1E7     		b	.L9
 341              	.L14:
 123:Core/Src/usart.c ****     }
 342              		.loc 1 123 7 view .LVU124
 343 00ee FFF7FEFF 		bl	Error_Handler
 344              	.LVL11:
 345 00f2 F5E7     		b	.L10
 346              	.L16:
 347              		.align	2
 348              	.L15:
 349 00f4 00440040 		.word	1073759232
 350 00f8 00040048 		.word	1207960576
 351 00fc 00000000 		.word	hdma_usart2_tx
 352 0100 80000240 		.word	1073873024
ARM GAS  C:\Users\31005\AppData\Local\Temp\cc2Gpgy2.s 			page 11


 353 0104 00000000 		.word	hdma_usart2_rx
 354 0108 6C000240 		.word	1073873004
 355              		.cfi_endproc
 356              	.LFE124:
 358              		.section	.text.HAL_UART_MspDeInit,"ax",%progbits
 359              		.align	1
 360              		.global	HAL_UART_MspDeInit
 361              		.syntax unified
 362              		.thumb
 363              		.thumb_func
 365              	HAL_UART_MspDeInit:
 366              	.LVL12:
 367              	.LFB125:
 133:Core/Src/usart.c **** 
 134:Core/Src/usart.c **** void HAL_UART_MspDeInit(UART_HandleTypeDef* uartHandle)
 135:Core/Src/usart.c **** {
 368              		.loc 1 135 1 view -0
 369              		.cfi_startproc
 370              		@ args = 0, pretend = 0, frame = 0
 371              		@ frame_needed = 0, uses_anonymous_args = 0
 136:Core/Src/usart.c **** 
 137:Core/Src/usart.c ****   if(uartHandle->Instance==USART2)
 372              		.loc 1 137 3 view .LVU126
 373              		.loc 1 137 16 is_stmt 0 view .LVU127
 374 0000 0268     		ldr	r2, [r0]
 375              		.loc 1 137 5 view .LVU128
 376 0002 0E4B     		ldr	r3, .L24
 377 0004 9A42     		cmp	r2, r3
 378 0006 00D0     		beq	.L23
 379 0008 7047     		bx	lr
 380              	.L23:
 135:Core/Src/usart.c **** 
 381              		.loc 1 135 1 view .LVU129
 382 000a 10B5     		push	{r4, lr}
 383              	.LCFI5:
 384              		.cfi_def_cfa_offset 8
 385              		.cfi_offset 4, -8
 386              		.cfi_offset 14, -4
 387 000c 0446     		mov	r4, r0
 138:Core/Src/usart.c ****   {
 139:Core/Src/usart.c ****   /* USER CODE BEGIN USART2_MspDeInit 0 */
 140:Core/Src/usart.c **** 
 141:Core/Src/usart.c ****   /* USER CODE END USART2_MspDeInit 0 */
 142:Core/Src/usart.c ****     /* Peripheral clock disable */
 143:Core/Src/usart.c ****     __HAL_RCC_USART2_CLK_DISABLE();
 388              		.loc 1 143 5 is_stmt 1 view .LVU130
 389 000e 0C4A     		ldr	r2, .L24+4
 390 0010 D369     		ldr	r3, [r2, #28]
 391 0012 23F40033 		bic	r3, r3, #131072
 392 0016 D361     		str	r3, [r2, #28]
 144:Core/Src/usart.c **** 
 145:Core/Src/usart.c ****     /**USART2 GPIO Configuration
 146:Core/Src/usart.c ****     PA15     ------> USART2_RX
 147:Core/Src/usart.c ****     PB3     ------> USART2_TX
 148:Core/Src/usart.c ****     */
 149:Core/Src/usart.c ****     HAL_GPIO_DeInit(GPIOA, GPIO_PIN_15);
 393              		.loc 1 149 5 view .LVU131
ARM GAS  C:\Users\31005\AppData\Local\Temp\cc2Gpgy2.s 			page 12


 394 0018 4FF40041 		mov	r1, #32768
 395 001c 4FF09040 		mov	r0, #1207959552
 396              	.LVL13:
 397              		.loc 1 149 5 is_stmt 0 view .LVU132
 398 0020 FFF7FEFF 		bl	HAL_GPIO_DeInit
 399              	.LVL14:
 150:Core/Src/usart.c **** 
 151:Core/Src/usart.c ****     HAL_GPIO_DeInit(GPIOB, GPIO_PIN_3);
 400              		.loc 1 151 5 is_stmt 1 view .LVU133
 401 0024 0821     		movs	r1, #8
 402 0026 0748     		ldr	r0, .L24+8
 403 0028 FFF7FEFF 		bl	HAL_GPIO_DeInit
 404              	.LVL15:
 152:Core/Src/usart.c **** 
 153:Core/Src/usart.c ****     /* USART2 DMA DeInit */
 154:Core/Src/usart.c ****     HAL_DMA_DeInit(uartHandle->hdmatx);
 405              		.loc 1 154 5 view .LVU134
 406 002c 206F     		ldr	r0, [r4, #112]
 407 002e FFF7FEFF 		bl	HAL_DMA_DeInit
 408              	.LVL16:
 155:Core/Src/usart.c ****     HAL_DMA_DeInit(uartHandle->hdmarx);
 409              		.loc 1 155 5 view .LVU135
 410 0032 606F     		ldr	r0, [r4, #116]
 411 0034 FFF7FEFF 		bl	HAL_DMA_DeInit
 412              	.LVL17:
 156:Core/Src/usart.c ****   /* USER CODE BEGIN USART2_MspDeInit 1 */
 157:Core/Src/usart.c **** 
 158:Core/Src/usart.c ****   /* USER CODE END USART2_MspDeInit 1 */
 159:Core/Src/usart.c ****   }
 160:Core/Src/usart.c **** }
 413              		.loc 1 160 1 is_stmt 0 view .LVU136
 414 0038 10BD     		pop	{r4, pc}
 415              	.LVL18:
 416              	.L25:
 417              		.loc 1 160 1 view .LVU137
 418 003a 00BF     		.align	2
 419              	.L24:
 420 003c 00440040 		.word	1073759232
 421 0040 00100240 		.word	1073876992
 422 0044 00040048 		.word	1207960576
 423              		.cfi_endproc
 424              	.LFE125:
 426              		.global	hdma_usart2_rx
 427              		.section	.bss.hdma_usart2_rx,"aw",%nobits
 428              		.align	2
 431              	hdma_usart2_rx:
 432 0000 00000000 		.space	68
 432      00000000 
 432      00000000 
 432      00000000 
 432      00000000 
 433              		.global	hdma_usart2_tx
 434              		.section	.bss.hdma_usart2_tx,"aw",%nobits
 435              		.align	2
 438              	hdma_usart2_tx:
 439 0000 00000000 		.space	68
 439      00000000 
ARM GAS  C:\Users\31005\AppData\Local\Temp\cc2Gpgy2.s 			page 13


 439      00000000 
 439      00000000 
 439      00000000 
 440              		.global	huart2
 441              		.section	.bss.huart2,"aw",%nobits
 442              		.align	2
 445              	huart2:
 446 0000 00000000 		.space	136
 446      00000000 
 446      00000000 
 446      00000000 
 446      00000000 
 447              		.text
 448              	.Letext0:
 449              		.file 2 "e:\\vscode\\msys2\\mingw64\\arm-none-eabi\\include\\machine\\_default_types.h"
 450              		.file 3 "e:\\vscode\\msys2\\mingw64\\arm-none-eabi\\include\\sys\\_stdint.h"
 451              		.file 4 "Drivers/CMSIS/Device/ST/STM32F3xx/Include/stm32f334x8.h"
 452              		.file 5 "Drivers/STM32F3xx_HAL_Driver/Inc/stm32f3xx_hal_def.h"
 453              		.file 6 "Drivers/STM32F3xx_HAL_Driver/Inc/stm32f3xx_hal_gpio.h"
 454              		.file 7 "Drivers/STM32F3xx_HAL_Driver/Inc/stm32f3xx_hal_dma.h"
 455              		.file 8 "Drivers/STM32F3xx_HAL_Driver/Inc/stm32f3xx_hal_uart.h"
 456              		.file 9 "Core/Inc/usart.h"
 457              		.file 10 "Core/Inc/main.h"
ARM GAS  C:\Users\31005\AppData\Local\Temp\cc2Gpgy2.s 			page 14


DEFINED SYMBOLS
                            *ABS*:00000000 usart.c
C:\Users\31005\AppData\Local\Temp\cc2Gpgy2.s:21     .text.MX_USART2_UART_Init:00000000 $t
C:\Users\31005\AppData\Local\Temp\cc2Gpgy2.s:27     .text.MX_USART2_UART_Init:00000000 MX_USART2_UART_Init
C:\Users\31005\AppData\Local\Temp\cc2Gpgy2.s:91     .text.MX_USART2_UART_Init:00000030 $d
C:\Users\31005\AppData\Local\Temp\cc2Gpgy2.s:445    .bss.huart2:00000000 huart2
C:\Users\31005\AppData\Local\Temp\cc2Gpgy2.s:97     .text.HAL_UART_MspInit:00000000 $t
C:\Users\31005\AppData\Local\Temp\cc2Gpgy2.s:103    .text.HAL_UART_MspInit:00000000 HAL_UART_MspInit
C:\Users\31005\AppData\Local\Temp\cc2Gpgy2.s:349    .text.HAL_UART_MspInit:000000f4 $d
C:\Users\31005\AppData\Local\Temp\cc2Gpgy2.s:438    .bss.hdma_usart2_tx:00000000 hdma_usart2_tx
C:\Users\31005\AppData\Local\Temp\cc2Gpgy2.s:431    .bss.hdma_usart2_rx:00000000 hdma_usart2_rx
C:\Users\31005\AppData\Local\Temp\cc2Gpgy2.s:359    .text.HAL_UART_MspDeInit:00000000 $t
C:\Users\31005\AppData\Local\Temp\cc2Gpgy2.s:365    .text.HAL_UART_MspDeInit:00000000 HAL_UART_MspDeInit
C:\Users\31005\AppData\Local\Temp\cc2Gpgy2.s:420    .text.HAL_UART_MspDeInit:0000003c $d
C:\Users\31005\AppData\Local\Temp\cc2Gpgy2.s:428    .bss.hdma_usart2_rx:00000000 $d
C:\Users\31005\AppData\Local\Temp\cc2Gpgy2.s:435    .bss.hdma_usart2_tx:00000000 $d
C:\Users\31005\AppData\Local\Temp\cc2Gpgy2.s:442    .bss.huart2:00000000 $d

UNDEFINED SYMBOLS
HAL_UART_Init
Error_Handler
HAL_GPIO_Init
HAL_DMA_Init
HAL_GPIO_DeInit
HAL_DMA_DeInit
