Archive member included to satisfy reference by file (symbol)

e:/programfile/msys2/mingw64/bin/../lib/gcc/arm-none-eabi/12.2.0/../../../../arm-none-eabi/lib/thumb/v7e-m+fp/hard\libc_nano.a(libc_a-atexit.o)
                              e:/programfile/msys2/mingw64/bin/../lib/gcc/arm-none-eabi/12.2.0/../../../../arm-none-eabi/lib/thumb/v7e-m+fp/hard/crt0.o (atexit)
e:/programfile/msys2/mingw64/bin/../lib/gcc/arm-none-eabi/12.2.0/../../../../arm-none-eabi/lib/thumb/v7e-m+fp/hard\libc_nano.a(libc_a-exit.o)
                              e:/programfile/msys2/mingw64/bin/../lib/gcc/arm-none-eabi/12.2.0/../../../../arm-none-eabi/lib/thumb/v7e-m+fp/hard/crt0.o (exit)
e:/programfile/msys2/mingw64/bin/../lib/gcc/arm-none-eabi/12.2.0/../../../../arm-none-eabi/lib/thumb/v7e-m+fp/hard\libc_nano.a(libc_a-malloc.o)
                              build/filter32.o (malloc)
e:/programfile/msys2/mingw64/bin/../lib/gcc/arm-none-eabi/12.2.0/../../../../arm-none-eabi/lib/thumb/v7e-m+fp/hard\libc_nano.a(libc_a-mallocr.o)
                              e:/programfile/msys2/mingw64/bin/../lib/gcc/arm-none-eabi/12.2.0/../../../../arm-none-eabi/lib/thumb/v7e-m+fp/hard\libc_nano.a(libc_a-malloc.o) (_malloc_r)
e:/programfile/msys2/mingw64/bin/../lib/gcc/arm-none-eabi/12.2.0/../../../../arm-none-eabi/lib/thumb/v7e-m+fp/hard\libc_nano.a(libc_a-mlock.o)
                              e:/programfile/msys2/mingw64/bin/../lib/gcc/arm-none-eabi/12.2.0/../../../../arm-none-eabi/lib/thumb/v7e-m+fp/hard\libc_nano.a(libc_a-mallocr.o) (__malloc_lock)
e:/programfile/msys2/mingw64/bin/../lib/gcc/arm-none-eabi/12.2.0/../../../../arm-none-eabi/lib/thumb/v7e-m+fp/hard\libc_nano.a(libc_a-findfp.o)
                              e:/programfile/msys2/mingw64/bin/../lib/gcc/arm-none-eabi/12.2.0/../../../../arm-none-eabi/lib/thumb/v7e-m+fp/hard\libc_nano.a(libc_a-exit.o) (__stdio_exit_handler)
e:/programfile/msys2/mingw64/bin/../lib/gcc/arm-none-eabi/12.2.0/../../../../arm-none-eabi/lib/thumb/v7e-m+fp/hard\libc_nano.a(libc_a-fwalk.o)
                              e:/programfile/msys2/mingw64/bin/../lib/gcc/arm-none-eabi/12.2.0/../../../../arm-none-eabi/lib/thumb/v7e-m+fp/hard\libc_nano.a(libc_a-findfp.o) (_fwalk_sglue)
e:/programfile/msys2/mingw64/bin/../lib/gcc/arm-none-eabi/12.2.0/../../../../arm-none-eabi/lib/thumb/v7e-m+fp/hard\libc_nano.a(libc_a-stdio.o)
                              e:/programfile/msys2/mingw64/bin/../lib/gcc/arm-none-eabi/12.2.0/../../../../arm-none-eabi/lib/thumb/v7e-m+fp/hard\libc_nano.a(libc_a-findfp.o) (__sread)
e:/programfile/msys2/mingw64/bin/../lib/gcc/arm-none-eabi/12.2.0/../../../../arm-none-eabi/lib/thumb/v7e-m+fp/hard\libc_nano.a(libc_a-memset.o)
                              e:/programfile/msys2/mingw64/bin/../lib/gcc/arm-none-eabi/12.2.0/../../../../arm-none-eabi/lib/thumb/v7e-m+fp/hard/crt0.o (memset)
e:/programfile/msys2/mingw64/bin/../lib/gcc/arm-none-eabi/12.2.0/../../../../arm-none-eabi/lib/thumb/v7e-m+fp/hard\libc_nano.a(libc_a-closer.o)
                              e:/programfile/msys2/mingw64/bin/../lib/gcc/arm-none-eabi/12.2.0/../../../../arm-none-eabi/lib/thumb/v7e-m+fp/hard\libc_nano.a(libc_a-stdio.o) (_close_r)
e:/programfile/msys2/mingw64/bin/../lib/gcc/arm-none-eabi/12.2.0/../../../../arm-none-eabi/lib/thumb/v7e-m+fp/hard\libc_nano.a(libc_a-reent.o)
                              e:/programfile/msys2/mingw64/bin/../lib/gcc/arm-none-eabi/12.2.0/../../../../arm-none-eabi/lib/thumb/v7e-m+fp/hard\libc_nano.a(libc_a-closer.o) (errno)
e:/programfile/msys2/mingw64/bin/../lib/gcc/arm-none-eabi/12.2.0/../../../../arm-none-eabi/lib/thumb/v7e-m+fp/hard\libc_nano.a(libc_a-impure.o)
                              e:/programfile/msys2/mingw64/bin/../lib/gcc/arm-none-eabi/12.2.0/../../../../arm-none-eabi/lib/thumb/v7e-m+fp/hard\libc_nano.a(libc_a-malloc.o) (_impure_ptr)
e:/programfile/msys2/mingw64/bin/../lib/gcc/arm-none-eabi/12.2.0/../../../../arm-none-eabi/lib/thumb/v7e-m+fp/hard\libc_nano.a(libc_a-lseekr.o)
                              e:/programfile/msys2/mingw64/bin/../lib/gcc/arm-none-eabi/12.2.0/../../../../arm-none-eabi/lib/thumb/v7e-m+fp/hard\libc_nano.a(libc_a-stdio.o) (_lseek_r)
e:/programfile/msys2/mingw64/bin/../lib/gcc/arm-none-eabi/12.2.0/../../../../arm-none-eabi/lib/thumb/v7e-m+fp/hard\libc_nano.a(libc_a-readr.o)
                              e:/programfile/msys2/mingw64/bin/../lib/gcc/arm-none-eabi/12.2.0/../../../../arm-none-eabi/lib/thumb/v7e-m+fp/hard\libc_nano.a(libc_a-stdio.o) (_read_r)
e:/programfile/msys2/mingw64/bin/../lib/gcc/arm-none-eabi/12.2.0/../../../../arm-none-eabi/lib/thumb/v7e-m+fp/hard\libc_nano.a(libc_a-sbrkr.o)
                              e:/programfile/msys2/mingw64/bin/../lib/gcc/arm-none-eabi/12.2.0/../../../../arm-none-eabi/lib/thumb/v7e-m+fp/hard\libc_nano.a(libc_a-mallocr.o) (_sbrk_r)
e:/programfile/msys2/mingw64/bin/../lib/gcc/arm-none-eabi/12.2.0/../../../../arm-none-eabi/lib/thumb/v7e-m+fp/hard\libc_nano.a(libc_a-writer.o)
[...]
Memory Configuration

Name             Origin             Length             Attributes
RAM              0x20000000         0x00003000         xrw
CCMRAM           0x10000000         0x00001000         xrw
FLASH            0x08000000         0x00010000         xr
*default*        0x00000000         0xffffffff

Linker script and memory map

LOAD e:/programfile/msys2/mingw64/bin/../lib/gcc/arm-none-eabi/12.2.0/thumb/v7e-m+fp/hard/crti.o
LOAD e:/programfile/msys2/mingw64/bin/../lib/gcc/arm-none-eabi/12.2.0/thumb/v7e-m+fp/hard/crtbegin.o
LOAD e:/programfile/msys2/mingw64/bin/../lib/gcc/arm-none-eabi/12.2.0/../../../../arm-none-eabi/lib/thumb/v7e-m+fp/hard/crt0.o
LOAD build/main.o
LOAD build/gpio.o
LOAD build/stm32f3xx_it.o
LOAD build/stm32f3xx_hal_msp.o
LOAD build/stm32f3xx_hal_tim.o
LOAD build/stm32f3xx_hal_tim_ex.o
LOAD build/stm32f3xx_hal.o
LOAD build/stm32f3xx_hal_rcc.o
LOAD build/stm32f3xx_hal_rcc_ex.o
LOAD build/stm32f3xx_hal_gpio.o
LOAD build/stm32f3xx_hal_dma.o
LOAD build/stm32f3xx_hal_cortex.o
LOAD build/stm32f3xx_hal_pwr.o
LOAD build/stm32f3xx_hal_pwr_ex.o
LOAD build/stm32f3xx_hal_flash.o
LOAD build/stm32f3xx_hal_flash_ex.o
LOAD build/stm32f3xx_hal_i2c.o
LOAD build/stm32f3xx_hal_i2c_ex.o
LOAD build/stm32f3xx_hal_exti.o
LOAD build/system_stm32f3xx.o
LOAD build/sysmem.o
LOAD build/syscalls.o
LOAD build/adc.o
LOAD build/dma.o
LOAD build/hrtim.o
LOAD build/stm32f3xx_hal_adc.o
LOAD build/stm32f3xx_hal_adc_ex.o
LOAD build/stm32f3xx_hal_hrtim.o
LOAD build/bsp_dwt.o
LOAD build/filter32.o
LOAD build/user_lib.o
LOAD build/bb_control.o
LOAD build/detect_task.o
LOAD build/tim.o
LOAD build/controller.o
LOAD build/usart.o
LOAD build/stm32f3xx_hal_uart.o
LOAD build/stm32f3xx_hal_uart_ex.o
LOAD build/startup_stm32f334x8.o
LOAD e:/programfile/msys2/mingw64/bin/../lib/gcc/arm-none-eabi/12.2.0/../../../../arm-none-eabi/lib/thumb/v7e-m+fp/hard\libc_nano.a
LOAD e:/programfile/msys2/mingw64/bin/../lib/gcc/arm-none-eabi/12.2.0/../../../../arm-none-eabi/lib/thumb/v7e-m+fp/hard\libm.a
LOAD e:/programfile/msys2/mingw64/bin/../lib/gcc/arm-none-eabi/12.2.0/../../../../arm-none-eabi/lib/thumb/v7e-m+fp/hard\libnosys.a
START GROUP
LOAD e:/programfile/msys2/mingw64/bin/../lib/gcc/arm-none-eabi/12.2.0/thumb/v7e-m+fp/hard\libgcc.a
LOAD e:/programfile/msys2/mingw64/bin/../lib/gcc/arm-none-eabi/12.2.0/../../../../arm-none-eabi/lib/thumb/v7e-m+fp/hard\libc_nano.a
END GROUP
START GROUP
LOAD e:/programfile/msys2/mingw64/bin/../lib/gcc/arm-none-eabi/12.2.0/thumb/v7e-m+fp/hard\libgcc.a
LOAD e:/programfile/msys2/mingw64/bin/../lib/gcc/arm-none-eabi/12.2.0/../../../../arm-none-eabi/lib/thumb/v7e-m+fp/hard\libc_nano.a
END GROUP
LOAD e:/programfile/msys2/mingw64/bin/../lib/gcc/arm-none-eabi/12.2.0/thumb/v7e-m+fp/hard/crtend.o
LOAD e:/programfile/msys2/mingw64/bin/../lib/gcc/arm-none-eabi/12.2.0/thumb/v7e-m+fp/hard/crtn.o
                0x20003000                        _estack = (ORIGIN (RAM) + LENGTH (RAM))
                0x00000200                        _Min_Heap_Size = 0x200
                0x00000400                        _Min_Stack_Size = 0x400

.isr_vector     0x08000000      0x188
                0x08000000                        . = ALIGN (0x4)
 *(.isr_vector)
 .isr_vector    0x08000000      0x188 build/startup_stm32f334x8.o
                0x08000000                g_pfnVectors
                0x08000188                        . = ALIGN (0x4)

.text           0x08000188     0x63b0
                0x08000188                        . = ALIGN (0x4)
 *(.text)
 .text          0x08000188       0x20 e:/programfile/msys2/mingw64/bin/../lib/gcc/arm-none-eabi/12.2.0/../../../../arm-none-eabi/lib/thumb/v7e-m+fp/hard\libc_nano.a(libc_a-malloc.o)
                0x08000188                malloc
                0x08000198                free
 .text          0x080001a8      0x140 e:/programfile/msys2/mingw64/bin/../lib/gcc/arm-none-eabi/12.2.0/../../../../arm-none-eabi/lib/thumb/v7e-m+fp/hard\libc_nano.a(libc_a-mallocr.o)
                0x080001f0                _malloc_r
 .text          0x080002e8       0x18 e:/programfile/msys2/mingw64/bin/../lib/gcc/arm-none-eabi/12.2.0/../../../../arm-none-eabi/lib/thumb/v7e-m+fp/hard\libc_nano.a(libc_a-mlock.o)
                0x080002e8                __malloc_lock
                0x080002f4                __malloc_unlock
 .text          0x08000300       0xa4 e:/programfile/msys2/mingw64/bin/../lib/gcc/arm-none-eabi/12.2.0/../../../../arm-none-eabi/lib/thumb/v7e-m+fp/hard\libc_nano.a(libc_a-memset.o)
                0x08000300                memset
 .text          0x080003a4       0x24 e:/programfile/msys2/mingw64/bin/../lib/gcc/arm-none-eabi/12.2.0/../../../../arm-none-eabi/lib/thumb/v7e-m+fp/hard\libc_nano.a(libc_a-sbrkr.o)
                0x080003a4                _sbrk_r
 .text          0x080003c8        0xc e:/programfile/msys2/mingw64/bin/../lib/gcc/arm-none-eabi/12.2.0/../../../../arm-none-eabi/lib/thumb/v7e-m+fp/hard\libc_nano.a(libc_a-errno.o)
                0x080003c8                __errno
 .text          0x080003d4       0x50 e:/programfile/msys2/mingw64/bin/../lib/gcc/arm-none-eabi/12.2.0/../../../../arm-none-eabi/lib/thumb/v7e-m+fp/hard\libc_nano.a(libc_a-init.o)
                0x080003d4                __libc_init_array
 .text          0x08000424       0x28 e:/programfile/msys2/mingw64/bin/../lib/gcc/arm-none-eabi/12.2.0/../../../../arm-none-eabi/lib/thumb/v7e-m+fp/hard\libc_nano.a(libc_a-lock.o)
                0x08000424                __retarget_lock_init
                0x08000428                __retarget_lock_init_recursive
                0x0800042c                __retarget_lock_close
                0x08000430                __retarget_lock_close_recursive
                0x08000434                __retarget_lock_acquire
                0x08000438                __retarget_lock_acquire_recursive
                0x0800043c                __retarget_lock_try_acquire
                0x08000440                __retarget_lock_try_acquire_recursive
                0x08000444                __retarget_lock_release
                0x08000448                __retarget_lock_release_recursive
 .text          0x0800044c       0xbc e:/programfile/msys2/mingw64/bin/../lib/gcc/arm-none-eabi/12.2.0/../../../../arm-none-eabi/lib/thumb/v7e-m+fp/hard\libc_nano.a(libc_a-freer.o)
                0x0800044c                _free_r
 .text          0x08000508       0xf0 e:/programfile/msys2/mingw64/bin/../lib/gcc/arm-none-eabi/12.2.0/../../../../arm-none-eabi/lib/thumb/v7e-m+fp/hard\libm.a(libm_a-w_pow.o)
                0x08000508                pow
 .text          0x080005f8       0x18 e:/programfile/msys2/mingw64/bin/../lib/gcc/arm-none-eabi/12.2.0/../../../../arm-none-eabi/lib/thumb/v7e-m+fp/hard\libm.a(libm_a-s_finite.o)
                0x080005f8                finite
 .text          0x08000610      0x1ec e:/programfile/msys2/mingw64/bin/../lib/gcc/arm-none-eabi/12.2.0/../../../../arm-none-eabi/lib/thumb/v7e-m+fp/hard\libm.a(libm_a-e_sqrt.o)
                0x08000610                __ieee754_sqrt
 *fill*         0x080007fc        0x4 
 .text          0x08000800      0xbec e:/programfile/msys2/mingw64/bin/../lib/gcc/arm-none-eabi/12.2.0/../../../../arm-none-eabi/lib/thumb/v7e-m+fp/hard\libm.a(libm_a-e_pow.o)
                0x08000800                __ieee754_pow
 .text          0x080013ec       0x10 e:/programfile/msys2/mingw64/bin/../lib/gcc/arm-none-eabi/12.2.0/../../../../arm-none-eabi/lib/thumb/v7e-m+fp/hard\libm.a(libm_a-s_fabs.o)
                0x080013ec                fabs
 *fill*         0x080013fc        0x4 
 .text          0x08001400      0x114 e:/programfile/msys2/mingw64/bin/../lib/gcc/arm-none-eabi/12.2.0/../../../../arm-none-eabi/lib/thumb/v7e-m+fp/hard\libm.a(libm_a-s_scalbn.o)
                0x08001400                scalbn
 *fill*         0x08001514        0x4 
 .text          0x08001518      0x180 e:/programfile/msys2/mingw64/bin/../lib/gcc/arm-none-eabi/12.2.0/../../../../arm-none-eabi/lib/thumb/v7e-m+fp/hard\libm.a(libm_a-math_err.o)
                0x08001570                __math_uflow
                0x08001580                __math_may_uflow
                0x08001590                __math_oflow
                0x080015a0                __math_divzero
                0x080015d4                __math_invalid
                0x08001620                __math_check_uflow
                0x08001658                __math_check_oflow
 .text          0x08001698      0x378 e:/programfile/msys2/mingw64/bin/../lib/gcc/arm-none-eabi/12.2.0/thumb/v7e-m+fp/hard\libgcc.a(_arm_addsubdf3.o)
                0x08001698                __aeabi_drsub
                0x080016a0                __aeabi_dsub
                0x080016a0                __subdf3
                0x080016a4                __aeabi_dadd
                0x080016a4                __adddf3
                0x0800191c                __floatunsidf
                0x0800191c                __aeabi_ui2d
                0x0800193c                __floatsidf
                0x0800193c                __aeabi_i2d
                0x08001960                __aeabi_f2d
                0x08001960                __extendsfdf2
                0x080019a4                __floatundidf
                0x080019a4                __aeabi_ul2d
                0x080019b4                __floatdidf
                0x080019b4                __aeabi_l2d
 .text          0x08001a10      0x424 e:/programfile/msys2/mingw64/bin/../lib/gcc/arm-none-eabi/12.2.0/thumb/v7e-m+fp/hard\libgcc.a(_arm_muldivdf3.o)
                0x08001a10                __aeabi_dmul
                0x08001a10                __muldf3
                0x08001c64                __divdf3
                0x08001c64                __aeabi_ddiv
 .text          0x08001e34      0x110 e:/programfile/msys2/mingw64/bin/../lib/gcc/arm-none-eabi/12.2.0/thumb/v7e-m+fp/hard\libgcc.a(_arm_cmpdf2.o)
                0x08001e34                __gtdf2
                0x08001e34                __gedf2
                0x08001e3c                __ltdf2
                0x08001e3c                __ledf2
                0x08001e44                __nedf2
                0x08001e44                __eqdf2
                0x08001e44                __cmpdf2
                0x08001ec0                __aeabi_cdrcmple
                0x08001ed0                __aeabi_cdcmpeq
                0x08001ed0                __aeabi_cdcmple
                0x08001ee0                __aeabi_dcmpeq
                0x08001ef4                __aeabi_dcmplt
                0x08001f08                __aeabi_dcmple
                0x08001f1c                __aeabi_dcmpge
                0x08001f30                __aeabi_dcmpgt
 .text          0x08001f44       0x2c e:/programfile/msys2/mingw64/bin/../lib/gcc/arm-none-eabi/12.2.0/thumb/v7e-m+fp/hard\libgcc.a(_arm_unorddf2.o)
                0x08001f44                __unorddf2
                0x08001f44                __aeabi_dcmpun
 .text          0x08001f70       0xa0 e:/programfile/msys2/mingw64/bin/../lib/gcc/arm-none-eabi/12.2.0/thumb/v7e-m+fp/hard\libgcc.a(_arm_truncdfsf2.o)
                0x08001f70                __truncdfsf2
                0x08001f70                __aeabi_d2f
 *(.text*)
 .text.__do_global_dtors_aux
                0x08002010       0x24 e:/programfile/msys2/mingw64/bin/../lib/gcc/arm-none-eabi/12.2.0/thumb/v7e-m+fp/hard/crtbegin.o
 .text.frame_dummy
                0x08002034       0x1c e:/programfile/msys2/mingw64/bin/../lib/gcc/arm-none-eabi/12.2.0/thumb/v7e-m+fp/hard/crtbegin.o
 .text.HAL_TIM_PeriodElapsedCallback
                0x08002050       0x30 build/main.o
                0x08002050                HAL_TIM_PeriodElapsedCallback
 .text.Error_Handler
                0x08002080        0x4 build/main.o
                0x08002080                Error_Handler
 .text.SystemClock_Config
                0x08002084       0x90 build/main.o
                0x08002084                SystemClock_Config
 .text.main     0x08002114       0x48 build/main.o
                0x08002114                main
 .text.MX_GPIO_Init
                0x0800215c       0x88 build/gpio.o
                0x0800215c                MX_GPIO_Init
 .text.NMI_Handler
                0x080021e4        0x2 build/stm32f3xx_it.o
                0x080021e4                NMI_Handler
 .text.HardFault_Handler
                0x080021e6        0x2 build/stm32f3xx_it.o
                0x080021e6                HardFault_Handler
 .text.MemManage_Handler
                0x080021e8        0x2 build/stm32f3xx_it.o
                0x080021e8                MemManage_Handler
 .text.BusFault_Handler
                0x080021ea        0x2 build/stm32f3xx_it.o
                0x080021ea                BusFault_Handler
 .text.UsageFault_Handler
                0x080021ec        0x2 build/stm32f3xx_it.o
                0x080021ec                UsageFault_Handler
 .text.SVC_Handler
                0x080021ee        0x2 build/stm32f3xx_it.o
                0x080021ee                SVC_Handler
 .text.DebugMon_Handler
                0x080021f0        0x2 build/stm32f3xx_it.o
                0x080021f0                DebugMon_Handler
 .text.PendSV_Handler
                0x080021f2        0x2 build/stm32f3xx_it.o
                0x080021f2                PendSV_Handler
 .text.SysTick_Handler
                0x080021f4        0x8 build/stm32f3xx_it.o
                0x080021f4                SysTick_Handler
 .text.DMA1_Channel1_IRQHandler
                0x080021fc       0x10 build/stm32f3xx_it.o
                0x080021fc                DMA1_Channel1_IRQHandler
 .text.DMA1_Channel2_IRQHandler
                0x0800220c       0x10 build/stm32f3xx_it.o
                0x0800220c                DMA1_Channel2_IRQHandler
 .text.DMA1_Channel6_IRQHandler
                0x0800221c       0x10 build/stm32f3xx_it.o
                0x0800221c                DMA1_Channel6_IRQHandler
 .text.DMA1_Channel7_IRQHandler
                0x0800222c       0x10 build/stm32f3xx_it.o
                0x0800222c                DMA1_Channel7_IRQHandler
 .text.TIM2_IRQHandler
                0x0800223c       0x10 build/stm32f3xx_it.o
                0x0800223c                TIM2_IRQHandler
 .text.HAL_MspInit
                0x0800224c       0x30 build/stm32f3xx_hal_msp.o
                0x0800224c                HAL_MspInit
 .text.TIM_TI1_ConfigInputStage
                0x0800227c       0x26 build/stm32f3xx_hal_tim.o
 .text.TIM_TI2_ConfigInputStage
                0x080022a2       0x28 build/stm32f3xx_hal_tim.o
 .text.TIM_ITRx_SetConfig
                0x080022ca       0x10 build/stm32f3xx_hal_tim.o
 *fill*         0x080022da        0x2 
 .text.HAL_TIM_Base_Start_IT
                0x080022dc       0x74 build/stm32f3xx_hal_tim.o
                0x080022dc                HAL_TIM_Base_Start_IT
 .text.HAL_TIM_OC_DelayElapsedCallback
                0x08002350        0x2 build/stm32f3xx_hal_tim.o
                0x08002350                HAL_TIM_OC_DelayElapsedCallback
 .text.HAL_TIM_IC_CaptureCallback
                0x08002352        0x2 build/stm32f3xx_hal_tim.o
                0x08002352                HAL_TIM_IC_CaptureCallback
 .text.HAL_TIM_PWM_PulseFinishedCallback
                0x08002354        0x2 build/stm32f3xx_hal_tim.o
                0x08002354                HAL_TIM_PWM_PulseFinishedCallback
 .text.HAL_TIM_TriggerCallback
                0x08002356        0x2 build/stm32f3xx_hal_tim.o
                0x08002356                HAL_TIM_TriggerCallback
 .text.HAL_TIM_IRQHandler
                0x08002358      0x17a build/stm32f3xx_hal_tim.o
                0x08002358                HAL_TIM_IRQHandler
 *fill*         0x080024d2        0x2 
 .text.TIM_Base_SetConfig
                0x080024d4       0xa0 build/stm32f3xx_hal_tim.o
                0x080024d4                TIM_Base_SetConfig
 .text.HAL_TIM_Base_Init
                0x08002574       0x60 build/stm32f3xx_hal_tim.o
                0x08002574                HAL_TIM_Base_Init
 .text.TIM_ETR_SetConfig
                0x080025d4       0x1a build/stm32f3xx_hal_tim.o
                0x080025d4                TIM_ETR_SetConfig
 *fill*         0x080025ee        0x2 
 .text.HAL_TIM_ConfigClockSource
                0x080025f0      0x100 build/stm32f3xx_hal_tim.o
                0x080025f0                HAL_TIM_ConfigClockSource
 .text.HAL_TIMEx_MasterConfigSynchronization
                0x080026f0       0x78 build/stm32f3xx_hal_tim_ex.o
                0x080026f0                HAL_TIMEx_MasterConfigSynchronization
 .text.HAL_TIMEx_CommutCallback
                0x08002768        0x2 build/stm32f3xx_hal_tim_ex.o
                0x08002768                HAL_TIMEx_CommutCallback
 .text.HAL_TIMEx_BreakCallback
                0x0800276a        0x2 build/stm32f3xx_hal_tim_ex.o
                0x0800276a                HAL_TIMEx_BreakCallback
 .text.HAL_TIMEx_Break2Callback
                0x0800276c        0x2 build/stm32f3xx_hal_tim_ex.o
                0x0800276c                HAL_TIMEx_Break2Callback
 *fill*         0x0800276e        0x2 
 .text.HAL_InitTick
                0x08002770       0x4c build/stm32f3xx_hal.o
                0x08002770                HAL_InitTick
 .text.HAL_Init
                0x080027bc       0x24 build/stm32f3xx_hal.o
                0x080027bc                HAL_Init
 .text.HAL_IncTick
                0x080027e0       0x18 build/stm32f3xx_hal.o
                0x080027e0                HAL_IncTick
 .text.HAL_GetTick
                0x080027f8        0xc build/stm32f3xx_hal.o
                0x080027f8                HAL_GetTick
 .text.HAL_RCC_OscConfig
                0x08002804      0x630 build/stm32f3xx_hal_rcc.o
                0x08002804                HAL_RCC_OscConfig
 .text.HAL_RCC_GetSysClockFreq
                0x08002e34       0x60 build/stm32f3xx_hal_rcc.o
                0x08002e34                HAL_RCC_GetSysClockFreq
 .text.HAL_RCC_ClockConfig
                0x08002e94      0x1a8 build/stm32f3xx_hal_rcc.o
                0x08002e94                HAL_RCC_ClockConfig
 .text.HAL_RCC_GetHCLKFreq
                0x0800303c        0xc build/stm32f3xx_hal_rcc.o
                0x0800303c                HAL_RCC_GetHCLKFreq
 .text.HAL_RCC_GetPCLK1Freq
                0x08003048       0x2c build/stm32f3xx_hal_rcc.o
                0x08003048                HAL_RCC_GetPCLK1Freq
 .text.HAL_RCC_GetPCLK2Freq
                0x08003074       0x2c build/stm32f3xx_hal_rcc.o
                0x08003074                HAL_RCC_GetPCLK2Freq
 .text.HAL_RCCEx_PeriphCLKConfig
                0x080030a0      0x1a4 build/stm32f3xx_hal_rcc_ex.o
                0x080030a0                HAL_RCCEx_PeriphCLKConfig
 .text.HAL_GPIO_Init
                0x08003244      0x1bc build/stm32f3xx_hal_gpio.o
                0x08003244                HAL_GPIO_Init
 .text.HAL_GPIO_WritePin
                0x08003400        0xa build/stm32f3xx_hal_gpio.o
                0x08003400                HAL_GPIO_WritePin
 .text.DMA_SetConfig
                0x0800340a       0x2c build/stm32f3xx_hal_dma.o
 *fill*         0x08003436        0x2 
 .text.DMA_CalcBaseAndBitshift
                0x08003438       0x24 build/stm32f3xx_hal_dma.o
 .text.HAL_DMA_Init
                0x0800345c       0x50 build/stm32f3xx_hal_dma.o
                0x0800345c                HAL_DMA_Init
 .text.HAL_DMA_Start_IT
                0x080034ac       0x74 build/stm32f3xx_hal_dma.o
                0x080034ac                HAL_DMA_Start_IT
 .text.HAL_DMA_IRQHandler
                0x08003520       0xb2 build/stm32f3xx_hal_dma.o
                0x08003520                HAL_DMA_IRQHandler
 *fill*         0x080035d2        0x2 
 .text.__NVIC_SetPriority
                0x080035d4       0x28 build/stm32f3xx_hal_cortex.o
 .text.NVIC_EncodePriority
                0x080035fc       0x3e build/stm32f3xx_hal_cortex.o
 *fill*         0x0800363a        0x2 
 .text.HAL_NVIC_SetPriorityGrouping
                0x0800363c       0x24 build/stm32f3xx_hal_cortex.o
                0x0800363c                HAL_NVIC_SetPriorityGrouping
 .text.HAL_NVIC_SetPriority
                0x08003660       0x20 build/stm32f3xx_hal_cortex.o
                0x08003660                HAL_NVIC_SetPriority
 .text.HAL_NVIC_EnableIRQ
                0x08003680       0x1c build/stm32f3xx_hal_cortex.o
                0x08003680                HAL_NVIC_EnableIRQ
 .text.HAL_SYSTICK_Config
                0x0800369c       0x28 build/stm32f3xx_hal_cortex.o
                0x0800369c                HAL_SYSTICK_Config
 .text.SystemInit
                0x080036c4       0x14 build/system_stm32f3xx.o
                0x080036c4                SystemInit
 .text._sbrk    0x080036d8       0x48 build/sysmem.o
                0x080036d8                _sbrk
 .text.MX_ADC1_Init
                0x08003720       0xa8 build/adc.o
                0x08003720                MX_ADC1_Init
 .text.MX_ADC2_Init
                0x080037c8       0x78 build/adc.o
                0x080037c8                MX_ADC2_Init
 .text.HAL_ADC_MspInit
                0x08003840      0x138 build/adc.o
                0x08003840                HAL_ADC_MspInit
 .text.MX_DMA_Init
                0x08003978       0x64 build/dma.o
                0x08003978                MX_DMA_Init
 .text.HAL_HRTIM_MspInit
                0x080039dc       0x2c build/hrtim.o
                0x080039dc                HAL_HRTIM_MspInit
 .text.HAL_HRTIM_MspPostInit
                0x08003a08       0x58 build/hrtim.o
                0x08003a08                HAL_HRTIM_MspPostInit
 .text.MX_HRTIM1_Init
                0x08003a60      0x2d4 build/hrtim.o
                0x08003a60                MX_HRTIM1_Init
 .text.HAL_ADC_ConvCpltCallback
                0x08003d34        0x2 build/stm32f3xx_hal_adc.o
                0x08003d34                HAL_ADC_ConvCpltCallback
 .text.HAL_ADC_ConvHalfCpltCallback
                0x08003d36        0x2 build/stm32f3xx_hal_adc.o
                0x08003d36                HAL_ADC_ConvHalfCpltCallback
 .text.HAL_ADC_ErrorCallback
                0x08003d38        0x2 build/stm32f3xx_hal_adc.o
                0x08003d38                HAL_ADC_ErrorCallback
 .text.ADC_Disable
                0x08003d3a       0x88 build/stm32f3xx_hal_adc_ex.o
 *fill*         0x08003dc2        0x2 
 .text.ADC_Enable
                0x08003dc4       0x80 build/stm32f3xx_hal_adc_ex.o
 .text.ADC_DMAError
                0x08003e44       0x1a build/stm32f3xx_hal_adc_ex.o
 .text.ADC_DMAHalfConvCplt
                0x08003e5e        0xa build/stm32f3xx_hal_adc_ex.o
 .text.ADC_DMAConvCplt
                0x08003e68       0x4a build/stm32f3xx_hal_adc_ex.o
 *fill*         0x08003eb2        0x2 
 .text.HAL_ADC_Init
                0x08003eb4      0x214 build/stm32f3xx_hal_adc_ex.o
                0x08003eb4                HAL_ADC_Init
 .text.HAL_ADC_Start_DMA
                0x080040c8      0x134 build/stm32f3xx_hal_adc_ex.o
                0x080040c8                HAL_ADC_Start_DMA
 .text.HAL_ADCEx_Calibration_Start
                0x080041fc       0x96 build/stm32f3xx_hal_adc_ex.o
                0x080041fc                HAL_ADCEx_Calibration_Start
 *fill*         0x08004292        0x2 
 .text.HAL_ADC_ConfigChannel
                0x08004294      0x370 build/stm32f3xx_hal_adc_ex.o
                0x08004294                HAL_ADC_ConfigChannel
 .text.HAL_ADCEx_MultiModeConfigChannel
                0x08004604      0x118 build/stm32f3xx_hal_adc_ex.o
                0x08004604                HAL_ADCEx_MultiModeConfigChannel
 .text.HRTIM_MasterBase_Config
                0x0800471c       0x2a build/stm32f3xx_hal_hrtim.o
 .text.HRTIM_TimingUnitBase_Config
                0x08004746       0x40 build/stm32f3xx_hal_hrtim.o
 .text.HRTIM_MasterWaveform_Config
                0x08004786       0x58 build/stm32f3xx_hal_hrtim.o
 .text.HRTIM_TimingUnitWaveform_Config
                0x080047de      0x14c build/stm32f3xx_hal_hrtim.o
 *fill*         0x0800492a        0x2 
 .text.HRTIM_OutputConfig
                0x0800492c       0xe0 build/stm32f3xx_hal_hrtim.o
 .text.HRTIM_ForceRegistersUpdate
                0x08004a0c       0x6e build/stm32f3xx_hal_hrtim.o
 *fill*         0x08004a7a        0x2 
 .text.HAL_HRTIM_Init
                0x08004a7c       0xd4 build/stm32f3xx_hal_hrtim.o
                0x08004a7c                HAL_HRTIM_Init
 .text.HAL_HRTIM_DLLCalibrationStart
                0x08004b50       0x72 build/stm32f3xx_hal_hrtim.o
                0x08004b50                HAL_HRTIM_DLLCalibrationStart
 .text.HAL_HRTIM_PollForDLLCalibration
                0x08004bc2       0x44 build/stm32f3xx_hal_hrtim.o
                0x08004bc2                HAL_HRTIM_PollForDLLCalibration
 .text.HAL_HRTIM_TimeBaseConfig
                0x08004c06       0x32 build/stm32f3xx_hal_hrtim.o
                0x08004c06                HAL_HRTIM_TimeBaseConfig
 .text.HAL_HRTIM_WaveformTimerConfig
                0x08004c38       0x70 build/stm32f3xx_hal_hrtim.o
                0x08004c38                HAL_HRTIM_WaveformTimerConfig
 .text.HAL_HRTIM_DeadTimeConfig
                0x08004ca8       0xa4 build/stm32f3xx_hal_hrtim.o
                0x08004ca8                HAL_HRTIM_DeadTimeConfig
 .text.HAL_HRTIM_WaveformCompareConfig
                0x08004d4c      0x1c2 build/stm32f3xx_hal_hrtim.o
                0x08004d4c                HAL_HRTIM_WaveformCompareConfig
 .text.HAL_HRTIM_WaveformOutputConfig
                0x08004f0e       0x38 build/stm32f3xx_hal_hrtim.o
                0x08004f0e                HAL_HRTIM_WaveformOutputConfig
 .text.HAL_HRTIM_WaveformOutputStart
                0x08004f46       0x38 build/stm32f3xx_hal_hrtim.o
                0x08004f46                HAL_HRTIM_WaveformOutputStart
 .text.HAL_HRTIM_WaveformCountStart
                0x08004f7e       0x34 build/stm32f3xx_hal_hrtim.o
                0x08004f7e                HAL_HRTIM_WaveformCountStart
 *fill*         0x08004fb2        0x2 
 .text.DWT_Init
                0x08004fb4       0x4c build/bsp_dwt.o
                0x08004fb4                DWT_Init
 .text.DWT_GetDeltaT
                0x08005000       0x34 build/bsp_dwt.o
                0x08005000                DWT_GetDeltaT
 .text.DWT_Delay
                0x08005034       0x34 build/bsp_dwt.o
                0x08005034                DWT_Delay
 .text.First_Order_Filter_Init
                0x08005068       0x50 build/filter32.o
                0x08005068                First_Order_Filter_Init
 .text.First_Order_Filter_Calculate
                0x080050b8       0x1e build/filter32.o
                0x080050b8                First_Order_Filter_Calculate
 .text.float_constrain
                0x080050d6       0x20 build/user_lib.o
                0x080050d6                float_constrain
 .text.OLS_Init
                0x080050f6       0x42 build/user_lib.o
                0x080050f6                OLS_Init
 .text.BB_Control_Init
                0x08005138      0x174 build/bb_control.o
                0x08005138                BB_Control_Init
 *fill*         0x080052ac        0x4 
 .text.Data_Handle
                0x080052b0      0x230 build/bb_control.o
                0x080052b0                Data_Handle
 .text.Duty_Calculate
                0x080054e0      0x2fc build/bb_control.o
                0x080054e0                Duty_Calculate
 .text.MOS_PWM_Set
                0x080057dc       0x98 build/bb_control.o
                0x080057dc                MOS_PWM_Set
 .text.BB_Error_Handler
                0x08005874       0xfc build/bb_control.o
                0x08005874                BB_Error_Handler
 .text.Buck_Boost_Task
                0x08005970       0x3c build/bb_control.o
                0x08005970                Buck_Boost_Task
 .text.Detect_Task
                0x080059ac      0x194 build/detect_task.o
                0x080059ac                Detect_Task
 .text.MX_TIM2_Init
                0x08005b40       0x6c build/tim.o
                0x08005b40                MX_TIM2_Init
 .text.HAL_TIM_Base_MspInit
                0x08005bac       0x3a build/tim.o
                0x08005bac                HAL_TIM_Base_MspInit
 *fill*         0x08005be6        0x2 
 .text.f_Integral_Limit
                0x08005be8       0x94 build/controller.o
 .text.f_Derivative_Filter
                0x08005c7c       0x2e build/controller.o
 .text.f_Output_Limit
                0x08005caa       0x2e build/controller.o
 .text.f_PID_ErrorHandle
                0x08005cd8       0x98 build/controller.o
 .text.PID_Init
                0x08005d70       0x70 build/controller.o
                0x08005d70                PID_Init
 .text.Inc_PID_Calculate
                0x08005de0      0x160 build/controller.o
                0x08005de0                Inc_PID_Calculate
 .text.MX_USART2_UART_Init
                0x08005f40       0x38 build/usart.o
                0x08005f40                MX_USART2_UART_Init
 .text.HAL_UART_MspInit
                0x08005f78      0x10c build/usart.o
                0x08005f78                HAL_UART_MspInit
 .text.UART_EndRxTransfer
                0x08006084       0x52 build/stm32f3xx_hal_uart.o
 *fill*         0x080060d6        0x2 
 .text.UART_SetConfig
                0x080060d8      0x164 build/stm32f3xx_hal_uart.o
                0x080060d8                UART_SetConfig
 .text.UART_AdvFeatureConfig
                0x0800623c       0xca build/stm32f3xx_hal_uart.o
                0x0800623c                UART_AdvFeatureConfig
 .text.UART_WaitOnFlagUntilTimeout
                0x08006306       0x9e build/stm32f3xx_hal_uart.o
                0x08006306                UART_WaitOnFlagUntilTimeout
 .text.UART_CheckIdleState
                0x080063a4       0xc6 build/stm32f3xx_hal_uart.o
                0x080063a4                UART_CheckIdleState
 .text.HAL_UART_Init
                0x0800646a       0x62 build/stm32f3xx_hal_uart.o
                0x0800646a                HAL_UART_Init
 .text.Reset_Handler
                0x080064cc       0x50 build/startup_stm32f334x8.o
                0x080064cc                Reset_Handler
 .text.Default_Handler
                0x0800651c        0x2 build/startup_stm32f334x8.o
                0x0800651c                RTC_Alarm_IRQHandler
                0x0800651c                HRTIM1_Master_IRQHandler
                0x0800651c                TIM1_CC_IRQHandler
                0x0800651c                HRTIM1_FLT_IRQHandler
                0x0800651c                PVD_IRQHandler
                0x0800651c                HRTIM1_TIMD_IRQHandler
                0x0800651c                TAMP_STAMP_IRQHandler
                0x0800651c                EXTI3_IRQHandler
                0x0800651c                EXTI0_IRQHandler
                0x0800651c                FPU_IRQHandler
                0x0800651c                CAN_TX_IRQHandler
                0x0800651c                TIM1_UP_TIM16_IRQHandler
                0x0800651c                ADC1_2_IRQHandler
                0x0800651c                HRTIM1_TIME_IRQHandler
                0x0800651c                SPI1_IRQHandler
                0x0800651c                CAN_SCE_IRQHandler
                0x0800651c                HRTIM1_TIMC_IRQHandler
                0x0800651c                DMA1_Channel4_IRQHandler
                0x0800651c                USART3_IRQHandler
                0x0800651c                TIM7_DAC2_IRQHandler
                0x0800651c                CAN_RX1_IRQHandler
                0x0800651c                I2C1_EV_IRQHandler
                0x0800651c                TIM3_IRQHandler
                0x0800651c                RCC_IRQHandler
                0x0800651c                Default_Handler
                0x0800651c                EXTI15_10_IRQHandler
                0x0800651c                COMP2_IRQHandler
                0x0800651c                HRTIM1_TIMA_IRQHandler
                0x0800651c                TIM6_DAC1_IRQHandler
                0x0800651c                EXTI9_5_IRQHandler
                0x0800651c                RTC_WKUP_IRQHandler
                0x0800651c                DMA1_Channel5_IRQHandler
                0x0800651c                EXTI4_IRQHandler
                0x0800651c                HRTIM1_TIMB_IRQHandler
                0x0800651c                TIM1_TRG_COM_TIM17_IRQHandler
                0x0800651c                DMA1_Channel3_IRQHandler
                0x0800651c                WWDG_IRQHandler
                0x0800651c                EXTI1_IRQHandler
                0x0800651c                COMP4_6_IRQHandler
                0x0800651c                USART2_IRQHandler
                0x0800651c                FLASH_IRQHandler
                0x0800651c                USART1_IRQHandler
                0x0800651c                CAN_RX0_IRQHandler
                0x0800651c                I2C1_ER_IRQHandler
                0x0800651c                EXTI2_TSC_IRQHandler
                0x0800651c                TIM1_BRK_TIM15_IRQHandler
 *(.glue_7)
 .glue_7        0x0800651e        0x0 linker stubs
 *(.glue_7t)
 .glue_7t       0x0800651e        0x0 linker stubs
 *(.eh_frame)
 *fill*         0x0800651e        0x2 
 .eh_frame      0x08006520        0x0 e:/programfile/msys2/mingw64/bin/../lib/gcc/arm-none-eabi/12.2.0/thumb/v7e-m+fp/hard/crtbegin.o
 *(.init)
 .init          0x08006520        0x4 e:/programfile/msys2/mingw64/bin/../lib/gcc/arm-none-eabi/12.2.0/thumb/v7e-m+fp/hard/crti.o
                0x08006520                _init
 .init          0x08006524        0x8 e:/programfile/msys2/mingw64/bin/../lib/gcc/arm-none-eabi/12.2.0/thumb/v7e-m+fp/hard/crtn.o
 *(.fini)
 .fini          0x0800652c        0x4 e:/programfile/msys2/mingw64/bin/../lib/gcc/arm-none-eabi/12.2.0/thumb/v7e-m+fp/hard/crti.o
                0x0800652c                _fini
 .fini          0x08006530        0x8 e:/programfile/msys2/mingw64/bin/../lib/gcc/arm-none-eabi/12.2.0/thumb/v7e-m+fp/hard/crtn.o
                0x08006538                        . = ALIGN (0x4)
                0x08006538                        _etext = .

.vfp11_veneer   0x08006538        0x0
 .vfp11_veneer  0x08006538        0x0 linker stubs

.v4_bx          0x08006538        0x0
 .v4_bx         0x08006538        0x0 linker stubs

.iplt           0x08006538        0x0
 .iplt          0x08006538        0x0 e:/programfile/msys2/mingw64/bin/../lib/gcc/arm-none-eabi/12.2.0/thumb/v7e-m+fp/hard/crtbegin.o

.rodata         0x08006538       0x38
                0x08006538                        . = ALIGN (0x4)
 *(.rodata)
 *(.rodata*)
 .rodata.aPredivFactorTable
                0x08006538       0x10 build/stm32f3xx_hal_rcc.o
 .rodata.aPLLMULFactorTable
                0x08006548       0x10 build/stm32f3xx_hal_rcc.o
 .rodata.APBPrescTable
                0x08006558        0x8 build/system_stm32f3xx.o
                0x08006558                APBPrescTable
 .rodata.AHBPrescTable
                0x08006560       0x10 build/system_stm32f3xx.o
                0x08006560                AHBPrescTable
                0x08006570                        . = ALIGN (0x4)

.rel.dyn        0x08006570        0x0
 .rel.iplt      0x08006570        0x0 e:/programfile/msys2/mingw64/bin/../lib/gcc/arm-none-eabi/12.2.0/thumb/v7e-m+fp/hard/crtbegin.o

.ARM.extab
 *(.ARM.extab* .gnu.linkonce.armextab.*)

.ARM            0x08006570        0x0
                0x08006570                        __exidx_start = .
 *(.ARM.exidx*)
                0x08006570                        __exidx_end = .

.preinit_array  0x08006570        0x0
                0x08006570                        PROVIDE (__preinit_array_start = .)
 *(.preinit_array*)
                0x08006570                        PROVIDE (__preinit_array_end = .)

.init_array     0x08006570        0x4
                0x08006570                        PROVIDE (__init_array_start = .)
 *(SORT_BY_NAME(.init_array.*))
 *(.init_array*)
 .init_array    0x08006570        0x4 e:/programfile/msys2/mingw64/bin/../lib/gcc/arm-none-eabi/12.2.0/thumb/v7e-m+fp/hard/crtbegin.o
                0x08006574                        PROVIDE (__init_array_end = .)

.fini_array     0x08006574        0x4
                0x08006574                        PROVIDE (__fini_array_start = .)
 *(SORT_BY_NAME(.fini_array.*))
 *(.fini_array*)
 .fini_array    0x08006574        0x4 e:/programfile/msys2/mingw64/bin/../lib/gcc/arm-none-eabi/12.2.0/thumb/v7e-m+fp/hard/crtbegin.o
                0x08006578                        PROVIDE (__fini_array_end = .)
                0x08006578                        _sidata = LOADADDR (.data)

.data           0x20000000       0x74 load address 0x08006578
                0x20000000                        . = ALIGN (0x4)
                0x20000000                        _sdata = .
 *(.data)
 .data          0x20000000       0x50 e:/programfile/msys2/mingw64/bin/../lib/gcc/arm-none-eabi/12.2.0/../../../../arm-none-eabi/lib/thumb/v7e-m+fp/hard\libc_nano.a(libc_a-impure.o)
                0x20000000                _impure_ptr
                0x20000004                _impure_data
 .data          0x20000050       0x10 e:/programfile/msys2/mingw64/bin/../lib/gcc/arm-none-eabi/12.2.0/../../../../arm-none-eabi/lib/thumb/v7e-m+fp/hard\libm.a(libm_a-e_sqrt.o)
 *(.data*)
 .data.uwTickFreq
                0x20000060        0x1 build/stm32f3xx_hal.o
                0x20000060                uwTickFreq
 *fill*         0x20000061        0x3 
 .data.uwTickPrio
                0x20000064        0x4 build/stm32f3xx_hal.o
                0x20000064                uwTickPrio
 .data.SystemCoreClock
                0x20000068        0x4 build/system_stm32f3xx.o
                0x20000068                SystemCoreClock
 .data.last_state
                0x2000006c        0x1 build/bb_control.o
                0x2000006c                last_state
 .data.state    0x2000006d        0x1 build/bb_control.o
                0x2000006d                state
 *fill*         0x2000006e        0x2 
 .data.square_ratio_a
                0x20000070        0x4 build/bb_control.o
                0x20000070                square_ratio_a
                0x20000074                        . = ALIGN (0x4)
                0x20000074                        _edata = .
                0x080065ec                        _siccmram = LOADADDR (.ccmram)

.igot.plt       0x20000074        0x0 load address 0x080065ec
 .igot.plt      0x20000074        0x0 e:/programfile/msys2/mingw64/bin/../lib/gcc/arm-none-eabi/12.2.0/thumb/v7e-m+fp/hard/crtbegin.o

.ccmram         0x10000000        0x0 load address 0x080065ec
                0x10000000                        . = ALIGN (0x4)
                0x10000000                        _sccmram = .
 *(.ccmram)
 *(.ccmram*)
                0x10000000                        . = ALIGN (0x4)
                0x10000000                        _eccmram = .
                0x10000000                        . = ALIGN (0x4)

.bss            0x20000078      0x7e8
                0x20000078                        _sbss = .
                0x20000078                        __bss_start__ = _sbss
 *(.bss)
 .bss           0x20000078        0x8 e:/programfile/msys2/mingw64/bin/../lib/gcc/arm-none-eabi/12.2.0/../../../../arm-none-eabi/lib/thumb/v7e-m+fp/hard\libc_nano.a(libc_a-mallocr.o)
                0x20000078                __malloc_sbrk_start
                0x2000007c                __malloc_free_list
 .bss           0x20000080      0x13c e:/programfile/msys2/mingw64/bin/../lib/gcc/arm-none-eabi/12.2.0/../../../../arm-none-eabi/lib/thumb/v7e-m+fp/hard\libc_nano.a(libc_a-findfp.o)
                0x20000080                __sf
                0x200001b8                __stdio_exit_handler
 .bss           0x200001bc        0x4 e:/programfile/msys2/mingw64/bin/../lib/gcc/arm-none-eabi/12.2.0/../../../../arm-none-eabi/lib/thumb/v7e-m+fp/hard\libc_nano.a(libc_a-reent.o)
                0x200001bc                errno
 .bss           0x200001c0       0x1d e:/programfile/msys2/mingw64/bin/../lib/gcc/arm-none-eabi/12.2.0/../../../../arm-none-eabi/lib/thumb/v7e-m+fp/hard\libc_nano.a(libc_a-lock.o)
                0x200001c0                __lock___arc4random_mutex
                0x200001c4                __lock___dd_hash_mutex
                0x200001c8                __lock___tz_mutex
                0x200001cc                __lock___env_recursive_mutex
                0x200001d0                __lock___malloc_recursive_mutex
                0x200001d4                __lock___at_quick_exit_mutex
                0x200001d8                __lock___atexit_recursive_mutex
                0x200001dc                __lock___sfp_recursive_mutex
 *(.bss*)
 .bss.completed.1
                0x200001dd        0x1 e:/programfile/msys2/mingw64/bin/../lib/gcc/arm-none-eabi/12.2.0/thumb/v7e-m+fp/hard/crtbegin.o
 *fill*         0x200001de        0x2 
 .bss.object.0  0x200001e0       0x18 e:/programfile/msys2/mingw64/bin/../lib/gcc/arm-none-eabi/12.2.0/thumb/v7e-m+fp/hard/crtbegin.o
 .bss.count.0   0x200001f8        0x4 build/main.o
 .bss.uwTick    0x200001fc        0x4 build/stm32f3xx_hal.o
                0x200001fc                uwTick
 .bss.__sbrk_heap_end
                0x20000200        0x4 build/sysmem.o
 .bss.HAL_RCC_ADC12_CLK_ENABLED
                0x20000204        0x4 build/adc.o
 .bss.hdma_adc2
                0x20000208       0x44 build/adc.o
                0x20000208                hdma_adc2
 .bss.hdma_adc1
                0x2000024c       0x44 build/adc.o
                0x2000024c                hdma_adc1
 .bss.hadc2     0x20000290       0x50 build/adc.o
                0x20000290                hadc2
 .bss.hadc1     0x200002e0       0x50 build/adc.o
                0x200002e0                hadc1
 .bss.hhrtim1   0x20000330       0xdc build/hrtim.o
                0x20000330                hhrtim1
 .bss.DWT_Timeline
                0x2000040c        0x4 build/bsp_dwt.o
 .bss.CYCCNT_RountCount
                0x20000410        0x4 build/bsp_dwt.o
 .bss.CPU_FREQ_Hz
                0x20000414        0x4 build/bsp_dwt.o
 .bss.duty.0    0x20000418        0x4 build/bb_control.o
 .bss.duty_FFB_output_noconstrain.1
                0x2000041c        0x4 build/bb_control.o
 .bss.duty_voltage_gain_ref.2
                0x20000420        0x4 build/bb_control.o
 .bss.duty_voltage_gain_measure.3
                0x20000424        0x4 build/bb_control.o
 .bss.duty_cyc1.4
                0x20000428        0x4 build/bb_control.o
 .bss.voltage_gain_PID_compete.5
                0x2000042c        0x4 build/bb_control.o
 .bss.k_voltage.6
                0x20000430        0x4 build/bb_control.o
 .bss.k_current.7
                0x20000434        0x4 build/bb_control.o
 .bss.bb        0x20000438      0x248 build/bb_control.o
                0x20000438                bb
 .bss.Prot_Delay_Flag
                0x20000680        0x1 build/bb_control.o
                0x20000680                Prot_Delay_Flag
 *fill*         0x20000681        0x3 
 .bss.Last_VoltProt_Time
                0x20000684        0x4 build/bb_control.o
                0x20000684                Last_VoltProt_Time
 .bss.ADC2_Rx   0x20000688        0x4 build/bb_control.o
                0x20000688                ADC2_Rx
 .bss.ADC1_Rx   0x2000068c        0x8 build/bb_control.o
                0x2000068c                ADC1_Rx
 .bss.DWT_Count
                0x20000694        0x4 build/bb_control.o
                0x20000694                DWT_Count
 .bss.kp_ffb1   0x20000698        0x4 build/bb_control.o
                0x20000698                kp_ffb1
 .bss.t         0x2000069c        0x4 build/bb_control.o
 .bss.dt        0x200006a0        0x4 build/bb_control.o
 .bss.error_num_display.0
                0x200006a4        0x1 build/detect_task.o
 *fill*         0x200006a5        0x3 
 .bss.system_time.1
                0x200006a8        0x4 build/detect_task.o
 .bss.Detect_List
                0x200006ac       0x50 build/detect_task.o
                0x200006ac                Detect_List
 .bss.htim2     0x200006fc       0x4c build/tim.o
                0x200006fc                htim2
 .bss.temp_Output.7
                0x20000748        0x4 build/controller.o
 .bss.temp_Iout.8
                0x2000074c        0x4 build/controller.o
 .bss.hdma_usart2_rx
                0x20000750       0x44 build/usart.o
                0x20000750                hdma_usart2_rx
 .bss.hdma_usart2_tx
                0x20000794       0x44 build/usart.o
                0x20000794                hdma_usart2_tx
 .bss.huart2    0x200007d8       0x88 build/usart.o
                0x200007d8                huart2
 *(COMMON)
                0x20000860                        . = ALIGN (0x4)
                0x20000860                        _ebss = .
                0x20000860                        __bss_end__ = _ebss

._user_heap_stack
                0x20000860      0x600
                0x20000860                        . = ALIGN (0x8)
                [!provide]                        PROVIDE (end = .)
                0x20000860                        PROVIDE (_end = .)
                0x20000a60                        . = (. + _Min_Heap_Size)
 *fill*         0x20000860      0x200 
                0x20000e60                        . = (. + _Min_Stack_Size)
 *fill*         0x20000a60      0x400 
                0x20000e60                        . = ALIGN (0x8)

/DISCARD/
 libc.a(*)
 libm.a(*)
 libgcc.a(*)

.ARM.attributes
                0x00000000       0x30
 *(.ARM.attributes)
 .ARM.attributes
                0x00000000       0x22 e:/programfile/msys2/mingw64/bin/../lib/gcc/arm-none-eabi/12.2.0/thumb/v7e-m+fp/hard/crti.o
 .ARM.attributes
                0x00000022       0x34 e:/programfile/msys2/mingw64/bin/../lib/gcc/arm-none-eabi/12.2.0/thumb/v7e-m+fp/hard/crtbegin.o
 .ARM.attributes
                0x00000056       0x34 build/main.o
 .ARM.attributes
                0x0000008a       0x34 build/gpio.o
 .ARM.attributes
                0x000000be       0x34 build/stm32f3xx_it.o
 .ARM.attributes
                0x000000f2       0x34 build/stm32f3xx_hal_msp.o
 .ARM.attributes
                0x00000126       0x34 build/stm32f3xx_hal_tim.o
 .ARM.attributes
                0x0000015a       0x34 build/stm32f3xx_hal_tim_ex.o
 .ARM.attributes
                0x0000018e       0x34 build/stm32f3xx_hal.o
 .ARM.attributes
                0x000001c2       0x34 build/stm32f3xx_hal_rcc.o
 .ARM.attributes
                0x000001f6       0x34 build/stm32f3xx_hal_rcc_ex.o
 .ARM.attributes
                0x0000022a       0x34 build/stm32f3xx_hal_gpio.o
 .ARM.attributes
                0x0000025e       0x34 build/stm32f3xx_hal_dma.o
 .ARM.attributes
                0x00000292       0x34 build/stm32f3xx_hal_cortex.o
 .ARM.attributes
                0x000002c6       0x34 build/system_stm32f3xx.o
 .ARM.attributes
                0x000002fa       0x34 build/sysmem.o
 .ARM.attributes
                0x0000032e       0x34 build/adc.o
 .ARM.attributes
                0x00000362       0x34 build/dma.o
 .ARM.attributes
                0x00000396       0x34 build/hrtim.o
 .ARM.attributes
                0x000003ca       0x34 build/stm32f3xx_hal_adc.o
 .ARM.attributes
                0x000003fe       0x34 build/stm32f3xx_hal_adc_ex.o
 .ARM.attributes
                0x00000432       0x34 build/stm32f3xx_hal_hrtim.o
 .ARM.attributes
                0x00000466       0x34 build/bsp_dwt.o
 .ARM.attributes
                0x0000049a       0x34 build/filter32.o
 .ARM.attributes
                0x000004ce       0x34 build/user_lib.o
 .ARM.attributes
                0x00000502       0x34 build/bb_control.o
 .ARM.attributes
                0x00000536       0x34 build/detect_task.o
 .ARM.attributes
                0x0000056a       0x34 build/tim.o
 .ARM.attributes
                0x0000059e       0x34 build/controller.o
 .ARM.attributes
                0x000005d2       0x34 build/usart.o
 .ARM.attributes
                0x00000606       0x34 build/stm32f3xx_hal_uart.o
 .ARM.attributes
                0x0000063a       0x21 build/startup_stm32f334x8.o
 .ARM.attributes
                0x0000065b       0x34 e:/programfile/msys2/mingw64/bin/../lib/gcc/arm-none-eabi/12.2.0/../../../../arm-none-eabi/lib/thumb/v7e-m+fp/hard\libc_nano.a(libc_a-malloc.o)
 .ARM.attributes
                0x0000068f       0x34 e:/programfile/msys2/mingw64/bin/../lib/gcc/arm-none-eabi/12.2.0/../../../../arm-none-eabi/lib/thumb/v7e-m+fp/hard\libc_nano.a(libc_a-mallocr.o)
 .ARM.attributes
                0x000006c3       0x34 e:/programfile/msys2/mingw64/bin/../lib/gcc/arm-none-eabi/12.2.0/../../../../arm-none-eabi/lib/thumb/v7e-m+fp/hard\libc_nano.a(libc_a-mlock.o)
 .ARM.attributes
                0x000006f7       0x34 e:/programfile/msys2/mingw64/bin/../lib/gcc/arm-none-eabi/12.2.0/../../../../arm-none-eabi/lib/thumb/v7e-m+fp/hard\libc_nano.a(libc_a-findfp.o)
 .ARM.attributes
                0x0000072b       0x34 e:/programfile/msys2/mingw64/bin/../lib/gcc/arm-none-eabi/12.2.0/../../../../arm-none-eabi/lib/thumb/v7e-m+fp/hard\libc_nano.a(libc_a-memset.o)
 .ARM.attributes
                0x0000075f       0x34 e:/programfile/msys2/mingw64/bin/../lib/gcc/arm-none-eabi/12.2.0/../../../../arm-none-eabi/lib/thumb/v7e-m+fp/hard\libc_nano.a(libc_a-reent.o)
 .ARM.attributes
                0x00000793       0x34 e:/programfile/msys2/mingw64/bin/../lib/gcc/arm-none-eabi/12.2.0/../../../../arm-none-eabi/lib/thumb/v7e-m+fp/hard\libc_nano.a(libc_a-impure.o)
 .ARM.attributes
                0x000007c7       0x34 e:/programfile/msys2/mingw64/bin/../lib/gcc/arm-none-eabi/12.2.0/../../../../arm-none-eabi/lib/thumb/v7e-m+fp/hard\libc_nano.a(libc_a-sbrkr.o)
 .ARM.attributes
                0x000007fb       0x34 e:/programfile/msys2/mingw64/bin/../lib/gcc/arm-none-eabi/12.2.0/../../../../arm-none-eabi/lib/thumb/v7e-m+fp/hard\libc_nano.a(libc_a-errno.o)
 .ARM.attributes
                0x0000082f       0x34 e:/programfile/msys2/mingw64/bin/../lib/gcc/arm-none-eabi/12.2.0/../../../../arm-none-eabi/lib/thumb/v7e-m+fp/hard\libc_nano.a(libc_a-init.o)
 .ARM.attributes
                0x00000863       0x34 e:/programfile/msys2/mingw64/bin/../lib/gcc/arm-none-eabi/12.2.0/../../../../arm-none-eabi/lib/thumb/v7e-m+fp/hard\libc_nano.a(libc_a-lock.o)
 .ARM.attributes
                0x00000897       0x34 e:/programfile/msys2/mingw64/bin/../lib/gcc/arm-none-eabi/12.2.0/../../../../arm-none-eabi/lib/thumb/v7e-m+fp/hard\libc_nano.a(libc_a-freer.o)
 .ARM.attributes
                0x000008cb       0x34 e:/programfile/msys2/mingw64/bin/../lib/gcc/arm-none-eabi/12.2.0/../../../../arm-none-eabi/lib/thumb/v7e-m+fp/hard\libm.a(libm_a-w_pow.o)
 .ARM.attributes
                0x000008ff       0x34 e:/programfile/msys2/mingw64/bin/../lib/gcc/arm-none-eabi/12.2.0/../../../../arm-none-eabi/lib/thumb/v7e-m+fp/hard\libm.a(libm_a-s_finite.o)
 .ARM.attributes
                0x00000933       0x34 e:/programfile/msys2/mingw64/bin/../lib/gcc/arm-none-eabi/12.2.0/../../../../arm-none-eabi/lib/thumb/v7e-m+fp/hard\libm.a(libm_a-e_sqrt.o)
 .ARM.attributes
                0x00000967       0x34 e:/programfile/msys2/mingw64/bin/../lib/gcc/arm-none-eabi/12.2.0/../../../../arm-none-eabi/lib/thumb/v7e-m+fp/hard\libm.a(libm_a-e_pow.o)
 .ARM.attributes
                0x0000099b       0x34 e:/programfile/msys2/mingw64/bin/../lib/gcc/arm-none-eabi/12.2.0/../../../../arm-none-eabi/lib/thumb/v7e-m+fp/hard\libm.a(libm_a-s_fabs.o)
 .ARM.attributes
                0x000009cf       0x34 e:/programfile/msys2/mingw64/bin/../lib/gcc/arm-none-eabi/12.2.0/../../../../arm-none-eabi/lib/thumb/v7e-m+fp/hard\libm.a(libm_a-s_scalbn.o)
 .ARM.attributes
                0x00000a03       0x34 e:/programfile/msys2/mingw64/bin/../lib/gcc/arm-none-eabi/12.2.0/../../../../arm-none-eabi/lib/thumb/v7e-m+fp/hard\libm.a(libm_a-math_err.o)
 .ARM.attributes
                0x00000a37       0x22 e:/programfile/msys2/mingw64/bin/../lib/gcc/arm-none-eabi/12.2.0/thumb/v7e-m+fp/hard\libgcc.a(_arm_addsubdf3.o)
 .ARM.attributes
                0x00000a59       0x22 e:/programfile/msys2/mingw64/bin/../lib/gcc/arm-none-eabi/12.2.0/thumb/v7e-m+fp/hard\libgcc.a(_arm_muldivdf3.o)
 .ARM.attributes
                0x00000a7b       0x22 e:/programfile/msys2/mingw64/bin/../lib/gcc/arm-none-eabi/12.2.0/thumb/v7e-m+fp/hard\libgcc.a(_arm_cmpdf2.o)
 .ARM.attributes
                0x00000a9d       0x22 e:/programfile/msys2/mingw64/bin/../lib/gcc/arm-none-eabi/12.2.0/thumb/v7e-m+fp/hard\libgcc.a(_arm_unorddf2.o)
 .ARM.attributes
                0x00000abf       0x22 e:/programfile/msys2/mingw64/bin/../lib/gcc/arm-none-eabi/12.2.0/thumb/v7e-m+fp/hard\libgcc.a(_arm_truncdfsf2.o)
 .ARM.attributes
                0x00000ae1       0x22 e:/programfile/msys2/mingw64/bin/../lib/gcc/arm-none-eabi/12.2.0/thumb/v7e-m+fp/hard/crtn.o
OUTPUT(build/WireLess_BB_Driver.elf elf32-littlearm)
LOAD linker stubs
LOAD e:/programfile/msys2/mingw64/bin/../lib/gcc/arm-none-eabi/12.2.0/../../../../arm-none-eabi/lib/thumb/v7e-m+fp/hard\libc.a
LOAD e:/programfile/msys2/mingw64/bin/../lib/gcc/arm-none-eabi/12.2.0/../../../../arm-none-eabi/lib/thumb/v7e-m+fp/hard\libm.a
LOAD e:/programfile/msys2/mingw64/bin/../lib/gcc/arm-none-eabi/12.2.0/thumb/v7e-m+fp/hard\libgcc.a

.debug_info     0x00000000    0x27ab3
 .debug_info    0x00000000      0xca1 build/main.o
 .debug_info    0x00000ca1      0x400 build/gpio.o
 .debug_info    0x000010a1      0x8e7 build/stm32f3xx_it.o
 .debug_info    0x00001988      0x1c9 build/stm32f3xx_hal_msp.o
 .debug_info    0x00001b51     0x41ec build/stm32f3xx_hal_tim.o
 .debug_info    0x00005d3d     0x1e27 build/stm32f3xx_hal_tim_ex.o
 .debug_info    0x00007b64      0x8fd build/stm32f3xx_hal.o
 .debug_info    0x00008461     0x1661 build/stm32f3xx_hal_rcc.o
 .debug_info    0x00009ac2      0x687 build/stm32f3xx_hal_rcc_ex.o
 .debug_info    0x0000a149      0x824 build/stm32f3xx_hal_gpio.o
 .debug_info    0x0000a96d      0x8f4 build/stm32f3xx_hal_dma.o
 .debug_info    0x0000b261      0xe3e build/stm32f3xx_hal_cortex.o
 .debug_info    0x0000c09f      0x47d build/system_stm32f3xx.o
 .debug_info    0x0000c51c      0x18c build/sysmem.o
 .debug_info    0x0000c6a8      0xe71 build/adc.o
 .debug_info    0x0000d519      0x41f build/dma.o
 .debug_info    0x0000d938     0x16e3 build/hrtim.o
 .debug_info    0x0000f01b      0xd01 build/stm32f3xx_hal_adc.o
 .debug_info    0x0000fd1c     0x200e build/stm32f3xx_hal_adc_ex.o
 .debug_info    0x00011d2a     0x499d build/stm32f3xx_hal_hrtim.o
 .debug_info    0x000166c7      0x498 build/bsp_dwt.o
 .debug_info    0x00016b5f      0x5c8 build/filter32.o
 .debug_info    0x00017127      0x978 build/user_lib.o
 .debug_info    0x00017a9f     0x21f7 build/bb_control.o
 .debug_info    0x00019c96      0x443 build/detect_task.o
 .debug_info    0x0001a0d9      0xc41 build/tim.o
 .debug_info    0x0001ad1a     0x17df build/controller.o
 .debug_info    0x0001c4f9      0xbe4 build/usart.o
 .debug_info    0x0001d0dd     0x52f1 build/stm32f3xx_hal_uart.o
 .debug_info    0x000223ce       0x30 build/startup_stm32f334x8.o
 .debug_info    0x000223fe      0x794 e:/programfile/msys2/mingw64/bin/../lib/gcc/arm-none-eabi/12.2.0/../../../../arm-none-eabi/lib/thumb/v7e-m+fp/hard\libc_nano.a(libc_a-malloc.o)
 .debug_info    0x00022b92      0x9c1 e:/programfile/msys2/mingw64/bin/../lib/gcc/arm-none-eabi/12.2.0/../../../../arm-none-eabi/lib/thumb/v7e-m+fp/hard\libc_nano.a(libc_a-mallocr.o)
 .debug_info    0x00023553      0x76b e:/programfile/msys2/mingw64/bin/../lib/gcc/arm-none-eabi/12.2.0/../../../../arm-none-eabi/lib/thumb/v7e-m+fp/hard\libc_nano.a(libc_a-mlock.o)
 .debug_info    0x00023cbe     0x10be e:/programfile/msys2/mingw64/bin/../lib/gcc/arm-none-eabi/12.2.0/../../../../arm-none-eabi/lib/thumb/v7e-m+fp/hard\libc_nano.a(libc_a-findfp.o)
 .debug_info    0x00024d7c      0x135 e:/programfile/msys2/mingw64/bin/../lib/gcc/arm-none-eabi/12.2.0/../../../../arm-none-eabi/lib/thumb/v7e-m+fp/hard\libc_nano.a(libc_a-memset.o)
 .debug_info    0x00024eb1      0x8a3 e:/programfile/msys2/mingw64/bin/../lib/gcc/arm-none-eabi/12.2.0/../../../../arm-none-eabi/lib/thumb/v7e-m+fp/hard\libc_nano.a(libc_a-reent.o)
 .debug_info    0x00025754      0x715 e:/programfile/msys2/mingw64/bin/../lib/gcc/arm-none-eabi/12.2.0/../../../../arm-none-eabi/lib/thumb/v7e-m+fp/hard\libc_nano.a(libc_a-impure.o)
 .debug_info    0x00025e69      0x77c e:/programfile/msys2/mingw64/bin/../lib/gcc/arm-none-eabi/12.2.0/../../../../arm-none-eabi/lib/thumb/v7e-m+fp/hard\libc_nano.a(libc_a-sbrkr.o)
 .debug_info    0x000265e5      0x6fb e:/programfile/msys2/mingw64/bin/../lib/gcc/arm-none-eabi/12.2.0/../../../../arm-none-eabi/lib/thumb/v7e-m+fp/hard\libc_nano.a(libc_a-errno.o)
 .debug_info    0x00026ce0      0x10b e:/programfile/msys2/mingw64/bin/../lib/gcc/arm-none-eabi/12.2.0/../../../../arm-none-eabi/lib/thumb/v7e-m+fp/hard\libc_nano.a(libc_a-init.o)
 .debug_info    0x00026deb      0x20a e:/programfile/msys2/mingw64/bin/../lib/gcc/arm-none-eabi/12.2.0/../../../../arm-none-eabi/lib/thumb/v7e-m+fp/hard\libc_nano.a(libc_a-lock.o)
 .debug_info    0x00026ff5      0x877 e:/programfile/msys2/mingw64/bin/../lib/gcc/arm-none-eabi/12.2.0/../../../../arm-none-eabi/lib/thumb/v7e-m+fp/hard\libc_nano.a(libc_a-freer.o)
 .debug_info    0x0002786c       0xc0 e:/programfile/msys2/mingw64/bin/../lib/gcc/arm-none-eabi/12.2.0/thumb/v7e-m+fp/hard\libgcc.a(_arm_addsubdf3.o)
 .debug_info    0x0002792c       0x52 e:/programfile/msys2/mingw64/bin/../lib/gcc/arm-none-eabi/12.2.0/thumb/v7e-m+fp/hard\libgcc.a(_arm_muldivdf3.o)
 .debug_info    0x0002797e       0xc0 e:/programfile/msys2/mingw64/bin/../lib/gcc/arm-none-eabi/12.2.0/thumb/v7e-m+fp/hard\libgcc.a(_arm_cmpdf2.o)
 .debug_info    0x00027a3e       0x39 e:/programfile/msys2/mingw64/bin/../lib/gcc/arm-none-eabi/12.2.0/thumb/v7e-m+fp/hard\libgcc.a(_arm_unorddf2.o)
 .debug_info    0x00027a77       0x3c e:/programfile/msys2/mingw64/bin/../lib/gcc/arm-none-eabi/12.2.0/thumb/v7e-m+fp/hard\libgcc.a(_arm_truncdfsf2.o)

.debug_abbrev   0x00000000     0x5599
 .debug_abbrev  0x00000000      0x29e build/main.o
 .debug_abbrev  0x0000029e      0x160 build/gpio.o
 .debug_abbrev  0x000003fe      0x1ac build/stm32f3xx_it.o
 .debug_abbrev  0x000005aa       0xc1 build/stm32f3xx_hal_msp.o
 .debug_abbrev  0x0000066b      0x2bd build/stm32f3xx_hal_tim.o
 .debug_abbrev  0x00000928      0x2b7 build/stm32f3xx_hal_tim_ex.o
 .debug_abbrev  0x00000bdf      0x245 build/stm32f3xx_hal.o
 .debug_abbrev  0x00000e24      0x353 build/stm32f3xx_hal_rcc.o
 .debug_abbrev  0x00001177      0x266 build/stm32f3xx_hal_rcc_ex.o
 .debug_abbrev  0x000013dd      0x222 build/stm32f3xx_hal_gpio.o
 .debug_abbrev  0x000015ff      0x26a build/stm32f3xx_hal_dma.o
 .debug_abbrev  0x00001869      0x3aa build/stm32f3xx_hal_cortex.o
 .debug_abbrev  0x00001c13      0x11b build/system_stm32f3xx.o
 .debug_abbrev  0x00001d2e       0xeb build/sysmem.o
 .debug_abbrev  0x00001e19      0x227 build/adc.o
 .debug_abbrev  0x00002040      0x11d build/dma.o
 .debug_abbrev  0x0000215d      0x24c build/hrtim.o
 .debug_abbrev  0x000023a9      0x18d build/stm32f3xx_hal_adc.o
 .debug_abbrev  0x00002536      0x337 build/stm32f3xx_hal_adc_ex.o
 .debug_abbrev  0x0000286d      0x2c1 build/stm32f3xx_hal_hrtim.o
 .debug_abbrev  0x00002b2e      0x144 build/bsp_dwt.o
 .debug_abbrev  0x00002c72      0x181 build/filter32.o
 .debug_abbrev  0x00002df3      0x255 build/user_lib.o
 .debug_abbrev  0x00003048      0x2a9 build/bb_control.o
 .debug_abbrev  0x000032f1      0x20e build/detect_task.o
 .debug_abbrev  0x000034ff      0x21a build/tim.o
 .debug_abbrev  0x00003719      0x308 build/controller.o
 .debug_abbrev  0x00003a21      0x217 build/usart.o
 .debug_abbrev  0x00003c38      0x334 build/stm32f3xx_hal_uart.o
 .debug_abbrev  0x00003f6c       0x1d build/startup_stm32f334x8.o
 .debug_abbrev  0x00003f89      0x1cf e:/programfile/msys2/mingw64/bin/../lib/gcc/arm-none-eabi/12.2.0/../../../../arm-none-eabi/lib/thumb/v7e-m+fp/hard\libc_nano.a(libc_a-malloc.o)
 .debug_abbrev  0x00004158      0x24a e:/programfile/msys2/mingw64/bin/../lib/gcc/arm-none-eabi/12.2.0/../../../../arm-none-eabi/lib/thumb/v7e-m+fp/hard\libc_nano.a(libc_a-mallocr.o)
 .debug_abbrev  0x000043a2      0x1bf e:/programfile/msys2/mingw64/bin/../lib/gcc/arm-none-eabi/12.2.0/../../../../arm-none-eabi/lib/thumb/v7e-m+fp/hard\libc_nano.a(libc_a-mlock.o)
 .debug_abbrev  0x00004561      0x446 e:/programfile/msys2/mingw64/bin/../lib/gcc/arm-none-eabi/12.2.0/../../../../arm-none-eabi/lib/thumb/v7e-m+fp/hard\libc_nano.a(libc_a-findfp.o)
 .debug_abbrev  0x000049a7       0xb7 e:/programfile/msys2/mingw64/bin/../lib/gcc/arm-none-eabi/12.2.0/../../../../arm-none-eabi/lib/thumb/v7e-m+fp/hard\libc_nano.a(libc_a-memset.o)
 .debug_abbrev  0x00004a5e      0x1ee e:/programfile/msys2/mingw64/bin/../lib/gcc/arm-none-eabi/12.2.0/../../../../arm-none-eabi/lib/thumb/v7e-m+fp/hard\libc_nano.a(libc_a-reent.o)
 .debug_abbrev  0x00004c4c      0x149 e:/programfile/msys2/mingw64/bin/../lib/gcc/arm-none-eabi/12.2.0/../../../../arm-none-eabi/lib/thumb/v7e-m+fp/hard\libc_nano.a(libc_a-impure.o)
 .debug_abbrev  0x00004d95      0x1da e:/programfile/msys2/mingw64/bin/../lib/gcc/arm-none-eabi/12.2.0/../../../../arm-none-eabi/lib/thumb/v7e-m+fp/hard\libc_nano.a(libc_a-sbrkr.o)
 .debug_abbrev  0x00004f6f      0x15e e:/programfile/msys2/mingw64/bin/../lib/gcc/arm-none-eabi/12.2.0/../../../../arm-none-eabi/lib/thumb/v7e-m+fp/hard\libc_nano.a(libc_a-errno.o)
 .debug_abbrev  0x000050cd       0xc9 e:/programfile/msys2/mingw64/bin/../lib/gcc/arm-none-eabi/12.2.0/../../../../arm-none-eabi/lib/thumb/v7e-m+fp/hard\libc_nano.a(libc_a-init.o)
 .debug_abbrev  0x00005196      0x115 e:/programfile/msys2/mingw64/bin/../lib/gcc/arm-none-eabi/12.2.0/../../../../arm-none-eabi/lib/thumb/v7e-m+fp/hard\libc_nano.a(libc_a-lock.o)
 .debug_abbrev  0x000052ab      0x249 e:/programfile/msys2/mingw64/bin/../lib/gcc/arm-none-eabi/12.2.0/../../../../arm-none-eabi/lib/thumb/v7e-m+fp/hard\libc_nano.a(libc_a-freer.o)
 .debug_abbrev  0x000054f4       0x21 e:/programfile/msys2/mingw64/bin/../lib/gcc/arm-none-eabi/12.2.0/thumb/v7e-m+fp/hard\libgcc.a(_arm_addsubdf3.o)
 .debug_abbrev  0x00005515       0x21 e:/programfile/msys2/mingw64/bin/../lib/gcc/arm-none-eabi/12.2.0/thumb/v7e-m+fp/hard\libgcc.a(_arm_muldivdf3.o)
 .debug_abbrev  0x00005536       0x21 e:/programfile/msys2/mingw64/bin/../lib/gcc/arm-none-eabi/12.2.0/thumb/v7e-m+fp/hard\libgcc.a(_arm_cmpdf2.o)
 .debug_abbrev  0x00005557       0x21 e:/programfile/msys2/mingw64/bin/../lib/gcc/arm-none-eabi/12.2.0/thumb/v7e-m+fp/hard\libgcc.a(_arm_unorddf2.o)
 .debug_abbrev  0x00005578       0x21 e:/programfile/msys2/mingw64/bin/../lib/gcc/arm-none-eabi/12.2.0/thumb/v7e-m+fp/hard\libgcc.a(_arm_truncdfsf2.o)

.debug_loc      0x00000000    0x1b601
 .debug_loc     0x00000000       0xab build/main.o
 .debug_loc     0x000000ab       0x38 build/gpio.o
 .debug_loc     0x000000e3       0xc0 build/stm32f3xx_it.o
 .debug_loc     0x000001a3       0x2c build/stm32f3xx_hal_msp.o
 .debug_loc     0x000001cf     0x60ef build/stm32f3xx_hal_tim.o
 .debug_loc     0x000062be     0x2561 build/stm32f3xx_hal_tim_ex.o
 .debug_loc     0x0000881f      0x1e1 build/stm32f3xx_hal.o
 .debug_loc     0x00008a00      0xf10 build/stm32f3xx_hal_rcc.o
 .debug_loc     0x00009910      0x846 build/stm32f3xx_hal_rcc_ex.o
 .debug_loc     0x0000a156      0x46f build/stm32f3xx_hal_gpio.o
 .debug_loc     0x0000a5c5      0x93c build/stm32f3xx_hal_dma.o
 .debug_loc     0x0000af01      0x782 build/stm32f3xx_hal_cortex.o
 .debug_loc     0x0000b683      0x123 build/system_stm32f3xx.o
 .debug_loc     0x0000b7a6       0x84 build/sysmem.o
 .debug_loc     0x0000b82a      0x1cc build/adc.o
 .debug_loc     0x0000b9f6       0x38 build/dma.o
 .debug_loc     0x0000ba2e       0xf8 build/hrtim.o
 .debug_loc     0x0000bb26      0x22b build/stm32f3xx_hal_adc.o
 .debug_loc     0x0000bd51     0x24b7 build/stm32f3xx_hal_adc_ex.o
 .debug_loc     0x0000e208     0x66c1 build/stm32f3xx_hal_hrtim.o
 .debug_loc     0x000148c9      0x17a build/bsp_dwt.o
 .debug_loc     0x00014a43      0x2c2 build/filter32.o
 .debug_loc     0x00014d05      0x548 build/user_lib.o
 .debug_loc     0x0001524d       0xdc build/bb_control.o
 .debug_loc     0x00015329      0x163 build/detect_task.o
 .debug_loc     0x0001548c      0x103 build/tim.o
 .debug_loc     0x0001558f      0xf73 build/controller.o
 .debug_loc     0x00016502       0xf5 build/usart.o
 .debug_loc     0x000165f7     0x500a build/stm32f3xx_hal_uart.o

.debug_aranges  0x00000000     0x17f0
 .debug_aranges
                0x00000000       0x38 build/main.o
 .debug_aranges
                0x00000038       0x20 build/gpio.o
 .debug_aranges
                0x00000058       0x88 build/stm32f3xx_it.o
 .debug_aranges
                0x000000e0       0x20 build/stm32f3xx_hal_msp.o
 .debug_aranges
                0x00000100      0x3e0 build/stm32f3xx_hal_tim.o
 .debug_aranges
                0x000004e0      0x178 build/stm32f3xx_hal_tim_ex.o
 .debug_aranges
                0x00000658       0xe0 build/stm32f3xx_hal.o
 .debug_aranges
                0x00000738       0x88 build/stm32f3xx_hal_rcc.o
 .debug_aranges
                0x000007c0       0x38 build/stm32f3xx_hal_rcc_ex.o
 .debug_aranges
                0x000007f8       0x58 build/stm32f3xx_hal_gpio.o
 .debug_aranges
                0x00000850       0x88 build/stm32f3xx_hal_dma.o
 .debug_aranges
                0x000008d8       0xc0 build/stm32f3xx_hal_cortex.o
 .debug_aranges
                0x00000998       0x28 build/system_stm32f3xx.o
 .debug_aranges
                0x000009c0       0x20 build/sysmem.o
 .debug_aranges
                0x000009e0       0x38 build/adc.o
 .debug_aranges
                0x00000a18       0x20 build/dma.o
 .debug_aranges
                0x00000a38       0x38 build/hrtim.o
 .debug_aranges
                0x00000a70       0xc8 build/stm32f3xx_hal_adc.o
 .debug_aranges
                0x00000b38      0x168 build/stm32f3xx_hal_adc_ex.o
 .debug_aranges
                0x00000ca0      0x408 build/stm32f3xx_hal_hrtim.o
 .debug_aranges
                0x000010a8       0x40 build/bsp_dwt.o
 .debug_aranges
                0x000010e8       0x48 build/filter32.o
 .debug_aranges
                0x00001130       0xa8 build/user_lib.o
 .debug_aranges
                0x000011d8       0x48 build/bb_control.o
 .debug_aranges
                0x00001220       0x40 build/detect_task.o
 .debug_aranges
                0x00001260       0x30 build/tim.o
 .debug_aranges
                0x00001290       0xc8 build/controller.o
 .debug_aranges
                0x00001358       0x30 build/usart.o
 .debug_aranges
                0x00001388      0x228 build/stm32f3xx_hal_uart.o
 .debug_aranges
                0x000015b0       0x28 build/startup_stm32f334x8.o
 .debug_aranges
                0x000015d8       0x20 e:/programfile/msys2/mingw64/bin/../lib/gcc/arm-none-eabi/12.2.0/../../../../arm-none-eabi/lib/thumb/v7e-m+fp/hard\libc_nano.a(libc_a-malloc.o)
 .debug_aranges
                0x000015f8       0x20 e:/programfile/msys2/mingw64/bin/../lib/gcc/arm-none-eabi/12.2.0/../../../../arm-none-eabi/lib/thumb/v7e-m+fp/hard\libc_nano.a(libc_a-mallocr.o)
 .debug_aranges
                0x00001618       0x20 e:/programfile/msys2/mingw64/bin/../lib/gcc/arm-none-eabi/12.2.0/../../../../arm-none-eabi/lib/thumb/v7e-m+fp/hard\libc_nano.a(libc_a-mlock.o)
 .debug_aranges
                0x00001638       0x20 e:/programfile/msys2/mingw64/bin/../lib/gcc/arm-none-eabi/12.2.0/../../../../arm-none-eabi/lib/thumb/v7e-m+fp/hard\libc_nano.a(libc_a-findfp.o)
 .debug_aranges
                0x00001658       0x20 e:/programfile/msys2/mingw64/bin/../lib/gcc/arm-none-eabi/12.2.0/../../../../arm-none-eabi/lib/thumb/v7e-m+fp/hard\libc_nano.a(libc_a-memset.o)
 .debug_aranges
                0x00001678       0x20 e:/programfile/msys2/mingw64/bin/../lib/gcc/arm-none-eabi/12.2.0/../../../../arm-none-eabi/lib/thumb/v7e-m+fp/hard\libc_nano.a(libc_a-reent.o)
 .debug_aranges
                0x00001698       0x18 e:/programfile/msys2/mingw64/bin/../lib/gcc/arm-none-eabi/12.2.0/../../../../arm-none-eabi/lib/thumb/v7e-m+fp/hard\libc_nano.a(libc_a-impure.o)
 .debug_aranges
                0x000016b0       0x20 e:/programfile/msys2/mingw64/bin/../lib/gcc/arm-none-eabi/12.2.0/../../../../arm-none-eabi/lib/thumb/v7e-m+fp/hard\libc_nano.a(libc_a-sbrkr.o)
 .debug_aranges
                0x000016d0       0x20 e:/programfile/msys2/mingw64/bin/../lib/gcc/arm-none-eabi/12.2.0/../../../../arm-none-eabi/lib/thumb/v7e-m+fp/hard\libc_nano.a(libc_a-errno.o)
 .debug_aranges
                0x000016f0       0x20 e:/programfile/msys2/mingw64/bin/../lib/gcc/arm-none-eabi/12.2.0/../../../../arm-none-eabi/lib/thumb/v7e-m+fp/hard\libc_nano.a(libc_a-init.o)
 .debug_aranges
                0x00001710       0x20 e:/programfile/msys2/mingw64/bin/../lib/gcc/arm-none-eabi/12.2.0/../../../../arm-none-eabi/lib/thumb/v7e-m+fp/hard\libc_nano.a(libc_a-lock.o)
 .debug_aranges
                0x00001730       0x20 e:/programfile/msys2/mingw64/bin/../lib/gcc/arm-none-eabi/12.2.0/../../../../arm-none-eabi/lib/thumb/v7e-m+fp/hard\libc_nano.a(libc_a-freer.o)
 .debug_aranges
                0x00001750       0x20 e:/programfile/msys2/mingw64/bin/../lib/gcc/arm-none-eabi/12.2.0/thumb/v7e-m+fp/hard\libgcc.a(_arm_addsubdf3.o)
 .debug_aranges
                0x00001770       0x20 e:/programfile/msys2/mingw64/bin/../lib/gcc/arm-none-eabi/12.2.0/thumb/v7e-m+fp/hard\libgcc.a(_arm_muldivdf3.o)
 .debug_aranges
                0x00001790       0x20 e:/programfile/msys2/mingw64/bin/../lib/gcc/arm-none-eabi/12.2.0/thumb/v7e-m+fp/hard\libgcc.a(_arm_cmpdf2.o)
 .debug_aranges
                0x000017b0       0x20 e:/programfile/msys2/mingw64/bin/../lib/gcc/arm-none-eabi/12.2.0/thumb/v7e-m+fp/hard\libgcc.a(_arm_unorddf2.o)
 .debug_aranges
                0x000017d0       0x20 e:/programfile/msys2/mingw64/bin/../lib/gcc/arm-none-eabi/12.2.0/thumb/v7e-m+fp/hard\libgcc.a(_arm_truncdfsf2.o)

.debug_ranges   0x00000000     0x1468
 .debug_ranges  0x00000000       0x28 build/main.o
 .debug_ranges  0x00000028       0x10 build/gpio.o
 .debug_ranges  0x00000038       0x78 build/stm32f3xx_it.o
 .debug_ranges  0x000000b0       0x10 build/stm32f3xx_hal_msp.o
 .debug_ranges  0x000000c0      0x3d0 build/stm32f3xx_hal_tim.o
 .debug_ranges  0x00000490      0x168 build/stm32f3xx_hal_tim_ex.o
 .debug_ranges  0x000005f8       0xd0 build/stm32f3xx_hal.o
 .debug_ranges  0x000006c8       0x98 build/stm32f3xx_hal_rcc.o
 .debug_ranges  0x00000760       0x28 build/stm32f3xx_hal_rcc_ex.o
 .debug_ranges  0x00000788       0x48 build/stm32f3xx_hal_gpio.o
 .debug_ranges  0x000007d0       0x78 build/stm32f3xx_hal_dma.o
 .debug_ranges  0x00000848       0xb0 build/stm32f3xx_hal_cortex.o
 .debug_ranges  0x000008f8       0x18 build/system_stm32f3xx.o
 .debug_ranges  0x00000910       0x10 build/sysmem.o
 .debug_ranges  0x00000920       0x28 build/adc.o
 .debug_ranges  0x00000948       0x10 build/dma.o
 .debug_ranges  0x00000958       0x28 build/hrtim.o
 .debug_ranges  0x00000980       0xb8 build/stm32f3xx_hal_adc.o
 .debug_ranges  0x00000a38      0x158 build/stm32f3xx_hal_adc_ex.o
 .debug_ranges  0x00000b90      0x3f8 build/stm32f3xx_hal_hrtim.o
 .debug_ranges  0x00000f88       0x30 build/bsp_dwt.o
 .debug_ranges  0x00000fb8       0x38 build/filter32.o
 .debug_ranges  0x00000ff0       0x98 build/user_lib.o
 .debug_ranges  0x00001088       0x38 build/bb_control.o
 .debug_ranges  0x000010c0       0x60 build/detect_task.o
 .debug_ranges  0x00001120       0x20 build/tim.o
 .debug_ranges  0x00001140       0xb8 build/controller.o
 .debug_ranges  0x000011f8       0x20 build/usart.o
 .debug_ranges  0x00001218      0x230 build/stm32f3xx_hal_uart.o
 .debug_ranges  0x00001448       0x20 build/startup_stm32f334x8.o

.debug_line     0x00000000    0x1e43c
 .debug_line    0x00000000      0x3db build/main.o
 .debug_line    0x000003db      0x1ab build/gpio.o
 .debug_line    0x00000586      0x309 build/stm32f3xx_it.o
 .debug_line    0x0000088f      0x12f build/stm32f3xx_hal_msp.o
 .debug_line    0x000009be     0x4db1 build/stm32f3xx_hal_tim.o
 .debug_line    0x0000576f     0x1d4e build/stm32f3xx_hal_tim_ex.o
 .debug_line    0x000074bd      0x4f2 build/stm32f3xx_hal.o
 .debug_line    0x000079af     0x112c build/stm32f3xx_hal_rcc.o
 .debug_line    0x00008adb      0x6e2 build/stm32f3xx_hal_rcc_ex.o
 .debug_line    0x000091bd      0x648 build/stm32f3xx_hal_gpio.o
 .debug_line    0x00009805      0x9c6 build/stm32f3xx_hal_dma.o
 .debug_line    0x0000a1cb      0x685 build/stm32f3xx_hal_cortex.o
 .debug_line    0x0000a850      0x212 build/system_stm32f3xx.o
 .debug_line    0x0000aa62      0x180 build/sysmem.o
 .debug_line    0x0000abe2      0x67d build/adc.o
 .debug_line    0x0000b25f      0x15d build/dma.o
 .debug_line    0x0000b3bc      0x58e build/hrtim.o
 .debug_line    0x0000b94a      0x404 build/stm32f3xx_hal_adc.o
 .debug_line    0x0000bd4e     0x23d2 build/stm32f3xx_hal_adc_ex.o
 .debug_line    0x0000e120     0x5799 build/stm32f3xx_hal_hrtim.o
 .debug_line    0x000138b9      0x261 build/bsp_dwt.o
 .debug_line    0x00013b1a      0x4a2 build/filter32.o
 .debug_line    0x00013fbc      0xc37 build/user_lib.o
 .debug_line    0x00014bf3      0x7ff build/bb_control.o
 .debug_line    0x000153f2      0x469 build/detect_task.o
 .debug_line    0x0001585b      0x2ac build/tim.o
 .debug_line    0x00015b07     0x1671 build/controller.o
 .debug_line    0x00017178      0x382 build/usart.o
 .debug_line    0x000174fa     0x5034 build/stm32f3xx_hal_uart.o
 .debug_line    0x0001c52e       0x73 build/startup_stm32f334x8.o
 .debug_line    0x0001c5a1      0x175 e:/programfile/msys2/mingw64/bin/../lib/gcc/arm-none-eabi/12.2.0/../../../../arm-none-eabi/lib/thumb/v7e-m+fp/hard\libc_nano.a(libc_a-malloc.o)
 .debug_line    0x0001c716      0x42a e:/programfile/msys2/mingw64/bin/../lib/gcc/arm-none-eabi/12.2.0/../../../../arm-none-eabi/lib/thumb/v7e-m+fp/hard\libc_nano.a(libc_a-mallocr.o)
 .debug_line    0x0001cb40      0x162 e:/programfile/msys2/mingw64/bin/../lib/gcc/arm-none-eabi/12.2.0/../../../../arm-none-eabi/lib/thumb/v7e-m+fp/hard\libc_nano.a(libc_a-mlock.o)
 .debug_line    0x0001cca2      0x63e e:/programfile/msys2/mingw64/bin/../lib/gcc/arm-none-eabi/12.2.0/../../../../arm-none-eabi/lib/thumb/v7e-m+fp/hard\libc_nano.a(libc_a-findfp.o)
 .debug_line    0x0001d2e0      0x1cd e:/programfile/msys2/mingw64/bin/../lib/gcc/arm-none-eabi/12.2.0/../../../../arm-none-eabi/lib/thumb/v7e-m+fp/hard\libc_nano.a(libc_a-memset.o)
 .debug_line    0x0001d4ad      0x285 e:/programfile/msys2/mingw64/bin/../lib/gcc/arm-none-eabi/12.2.0/../../../../arm-none-eabi/lib/thumb/v7e-m+fp/hard\libc_nano.a(libc_a-reent.o)
 .debug_line    0x0001d732       0xfb e:/programfile/msys2/mingw64/bin/../lib/gcc/arm-none-eabi/12.2.0/../../../../arm-none-eabi/lib/thumb/v7e-m+fp/hard\libc_nano.a(libc_a-impure.o)
 .debug_line    0x0001d82d      0x199 e:/programfile/msys2/mingw64/bin/../lib/gcc/arm-none-eabi/12.2.0/../../../../arm-none-eabi/lib/thumb/v7e-m+fp/hard\libc_nano.a(libc_a-sbrkr.o)
 .debug_line    0x0001d9c6      0x120 e:/programfile/msys2/mingw64/bin/../lib/gcc/arm-none-eabi/12.2.0/../../../../arm-none-eabi/lib/thumb/v7e-m+fp/hard\libc_nano.a(libc_a-errno.o)
 .debug_line    0x0001dae6      0x144 e:/programfile/msys2/mingw64/bin/../lib/gcc/arm-none-eabi/12.2.0/../../../../arm-none-eabi/lib/thumb/v7e-m+fp/hard\libc_nano.a(libc_a-init.o)
 .debug_line    0x0001dc2a       0xd7 e:/programfile/msys2/mingw64/bin/../lib/gcc/arm-none-eabi/12.2.0/../../../../arm-none-eabi/lib/thumb/v7e-m+fp/hard\libc_nano.a(libc_a-lock.o)
 .debug_line    0x0001dd01      0x2d5 e:/programfile/msys2/mingw64/bin/../lib/gcc/arm-none-eabi/12.2.0/../../../../arm-none-eabi/lib/thumb/v7e-m+fp/hard\libc_nano.a(libc_a-freer.o)
 .debug_line    0x0001dfd6      0x16f e:/programfile/msys2/mingw64/bin/../lib/gcc/arm-none-eabi/12.2.0/thumb/v7e-m+fp/hard\libgcc.a(_arm_addsubdf3.o)
 .debug_line    0x0001e145      0x184 e:/programfile/msys2/mingw64/bin/../lib/gcc/arm-none-eabi/12.2.0/thumb/v7e-m+fp/hard\libgcc.a(_arm_muldivdf3.o)
 .debug_line    0x0001e2c9       0xa6 e:/programfile/msys2/mingw64/bin/../lib/gcc/arm-none-eabi/12.2.0/thumb/v7e-m+fp/hard\libgcc.a(_arm_cmpdf2.o)
 .debug_line    0x0001e36f       0x57 e:/programfile/msys2/mingw64/bin/../lib/gcc/arm-none-eabi/12.2.0/thumb/v7e-m+fp/hard\libgcc.a(_arm_unorddf2.o)
 .debug_line    0x0001e3c6       0x76 e:/programfile/msys2/mingw64/bin/../lib/gcc/arm-none-eabi/12.2.0/thumb/v7e-m+fp/hard\libgcc.a(_arm_truncdfsf2.o)

.debug_str      0x00000000     0x7e5e
 .debug_str     0x00000000     0x7e5e build/main.o
                                0xa25 (size before relaxing)
 .debug_str     0x00007e5e      0x2a1 build/gpio.o
 .debug_str     0x00007e5e      0x7db build/stm32f3xx_it.o
 .debug_str     0x00007e5e      0x1e2 build/stm32f3xx_hal_msp.o
 .debug_str     0x00007e5e     0x16e1 build/stm32f3xx_hal_tim.o
 .debug_str     0x00007e5e      0xf27 build/stm32f3xx_hal_tim_ex.o
 .debug_str     0x00007e5e      0x8b4 build/stm32f3xx_hal.o
 .debug_str     0x00007e5e      0x652 build/stm32f3xx_hal_rcc.o
 .debug_str     0x00007e5e      0x45e build/stm32f3xx_hal_rcc_ex.o
 .debug_str     0x00007e5e      0x477 build/stm32f3xx_hal_gpio.o
 .debug_str     0x00007e5e      0x5f2 build/stm32f3xx_hal_dma.o
 .debug_str     0x00007e5e      0x937 build/stm32f3xx_hal_cortex.o
 .debug_str     0x00007e5e      0x2aa build/system_stm32f3xx.o
 .debug_str     0x00007e5e      0x1f5 build/sysmem.o
 .debug_str     0x00007e5e      0x854 build/adc.o
 .debug_str     0x00007e5e      0x562 build/dma.o
 .debug_str     0x00007e5e      0xc71 build/hrtim.o
 .debug_str     0x00007e5e      0x897 build/stm32f3xx_hal_adc.o
 .debug_str     0x00007e5e      0xeed build/stm32f3xx_hal_adc_ex.o
 .debug_str     0x00007e5e     0x1ea4 build/stm32f3xx_hal_hrtim.o
 .debug_str     0x00007e5e      0x33d build/bsp_dwt.o
 .debug_str     0x00007e5e      0x31f build/filter32.o
 .debug_str     0x00007e5e      0x39c build/user_lib.o
 .debug_str     0x00007e5e     0x1258 build/bb_control.o
 .debug_str     0x00007e5e      0x34a build/detect_task.o
 .debug_str     0x00007e5e      0xc04 build/tim.o
 .debug_str     0x00007e5e      0xa2f build/controller.o
 .debug_str     0x00007e5e      0x762 build/usart.o
 .debug_str     0x00007e5e      0xed5 build/stm32f3xx_hal_uart.o
 .debug_str     0x00007e5e       0x59 build/startup_stm32f334x8.o
 .debug_str     0x00007e5e      0x4cc e:/programfile/msys2/mingw64/bin/../lib/gcc/arm-none-eabi/12.2.0/../../../../arm-none-eabi/lib/thumb/v7e-m+fp/hard\libc_nano.a(libc_a-malloc.o)
 .debug_str     0x00007e5e      0x588 e:/programfile/msys2/mingw64/bin/../lib/gcc/arm-none-eabi/12.2.0/../../../../arm-none-eabi/lib/thumb/v7e-m+fp/hard\libc_nano.a(libc_a-mallocr.o)
 .debug_str     0x00007e5e      0x529 e:/programfile/msys2/mingw64/bin/../lib/gcc/arm-none-eabi/12.2.0/../../../../arm-none-eabi/lib/thumb/v7e-m+fp/hard\libc_nano.a(libc_a-mlock.o)
 .debug_str     0x00007e5e      0x72a e:/programfile/msys2/mingw64/bin/../lib/gcc/arm-none-eabi/12.2.0/../../../../arm-none-eabi/lib/thumb/v7e-m+fp/hard\libc_nano.a(libc_a-findfp.o)
 .debug_str     0x00007e5e      0x19b e:/programfile/msys2/mingw64/bin/../lib/gcc/arm-none-eabi/12.2.0/../../../../arm-none-eabi/lib/thumb/v7e-m+fp/hard\libc_nano.a(libc_a-memset.o)
 .debug_str     0x00007e5e      0x4c6 e:/programfile/msys2/mingw64/bin/../lib/gcc/arm-none-eabi/12.2.0/../../../../arm-none-eabi/lib/thumb/v7e-m+fp/hard\libc_nano.a(libc_a-reent.o)
 .debug_str     0x00007e5e      0x4a7 e:/programfile/msys2/mingw64/bin/../lib/gcc/arm-none-eabi/12.2.0/../../../../arm-none-eabi/lib/thumb/v7e-m+fp/hard\libc_nano.a(libc_a-impure.o)
 .debug_str     0x00007e5e      0x4b0 e:/programfile/msys2/mingw64/bin/../lib/gcc/arm-none-eabi/12.2.0/../../../../arm-none-eabi/lib/thumb/v7e-m+fp/hard\libc_nano.a(libc_a-sbrkr.o)
 .debug_str     0x00007e5e      0x4a1 e:/programfile/msys2/mingw64/bin/../lib/gcc/arm-none-eabi/12.2.0/../../../../arm-none-eabi/lib/thumb/v7e-m+fp/hard\libc_nano.a(libc_a-errno.o)
 .debug_str     0x00007e5e      0x1e8 e:/programfile/msys2/mingw64/bin/../lib/gcc/arm-none-eabi/12.2.0/../../../../arm-none-eabi/lib/thumb/v7e-m+fp/hard\libc_nano.a(libc_a-init.o)
 .debug_str     0x00007e5e      0x2fa e:/programfile/msys2/mingw64/bin/../lib/gcc/arm-none-eabi/12.2.0/../../../../arm-none-eabi/lib/thumb/v7e-m+fp/hard\libc_nano.a(libc_a-lock.o)
 .debug_str     0x00007e5e      0x527 e:/programfile/msys2/mingw64/bin/../lib/gcc/arm-none-eabi/12.2.0/../../../../arm-none-eabi/lib/thumb/v7e-m+fp/hard\libc_nano.a(libc_a-freer.o)
 .debug_str     0x00007e5e      0x173 e:/programfile/msys2/mingw64/bin/../lib/gcc/arm-none-eabi/12.2.0/thumb/v7e-m+fp/hard\libgcc.a(_arm_addsubdf3.o)
 .debug_str     0x00007e5e       0xe5 e:/programfile/msys2/mingw64/bin/../lib/gcc/arm-none-eabi/12.2.0/thumb/v7e-m+fp/hard\libgcc.a(_arm_muldivdf3.o)
 .debug_str     0x00007e5e      0x16e e:/programfile/msys2/mingw64/bin/../lib/gcc/arm-none-eabi/12.2.0/thumb/v7e-m+fp/hard\libgcc.a(_arm_cmpdf2.o)
 .debug_str     0x00007e5e       0xd3 e:/programfile/msys2/mingw64/bin/../lib/gcc/arm-none-eabi/12.2.0/thumb/v7e-m+fp/hard\libgcc.a(_arm_unorddf2.o)
 .debug_str     0x00007e5e       0xd2 e:/programfile/msys2/mingw64/bin/../lib/gcc/arm-none-eabi/12.2.0/thumb/v7e-m+fp/hard\libgcc.a(_arm_truncdfsf2.o)

.comment        0x00000000       0x12
 .comment       0x00000000       0x12 build/main.o
                                 0x13 (size before relaxing)
 .comment       0x00000012       0x13 build/gpio.o
 .comment       0x00000012       0x13 build/stm32f3xx_it.o
 .comment       0x00000012       0x13 build/stm32f3xx_hal_msp.o
 .comment       0x00000012       0x13 build/stm32f3xx_hal_tim.o
 .comment       0x00000012       0x13 build/stm32f3xx_hal_tim_ex.o
 .comment       0x00000012       0x13 build/stm32f3xx_hal.o
 .comment       0x00000012       0x13 build/stm32f3xx_hal_rcc.o
 .comment       0x00000012       0x13 build/stm32f3xx_hal_rcc_ex.o
 .comment       0x00000012       0x13 build/stm32f3xx_hal_gpio.o
 .comment       0x00000012       0x13 build/stm32f3xx_hal_dma.o
 .comment       0x00000012       0x13 build/stm32f3xx_hal_cortex.o
 .comment       0x00000012       0x13 build/system_stm32f3xx.o
 .comment       0x00000012       0x13 build/sysmem.o
 .comment       0x00000012       0x13 build/adc.o
 .comment       0x00000012       0x13 build/dma.o
 .comment       0x00000012       0x13 build/hrtim.o
 .comment       0x00000012       0x13 build/stm32f3xx_hal_adc.o
 .comment       0x00000012       0x13 build/stm32f3xx_hal_adc_ex.o
 .comment       0x00000012       0x13 build/stm32f3xx_hal_hrtim.o
 .comment       0x00000012       0x13 build/bsp_dwt.o
 .comment       0x00000012       0x13 build/filter32.o
 .comment       0x00000012       0x13 build/user_lib.o
 .comment       0x00000012       0x13 build/bb_control.o
 .comment       0x00000012       0x13 build/detect_task.o
 .comment       0x00000012       0x13 build/tim.o
 .comment       0x00000012       0x13 build/controller.o
 .comment       0x00000012       0x13 build/usart.o
 .comment       0x00000012       0x13 build/stm32f3xx_hal_uart.o
 .comment       0x00000012       0x13 e:/programfile/msys2/mingw64/bin/../lib/gcc/arm-none-eabi/12.2.0/../../../../arm-none-eabi/lib/thumb/v7e-m+fp/hard\libc_nano.a(libc_a-malloc.o)
 .comment       0x00000012       0x13 e:/programfile/msys2/mingw64/bin/../lib/gcc/arm-none-eabi/12.2.0/../../../../arm-none-eabi/lib/thumb/v7e-m+fp/hard\libc_nano.a(libc_a-mallocr.o)
 .comment       0x00000012       0x13 e:/programfile/msys2/mingw64/bin/../lib/gcc/arm-none-eabi/12.2.0/../../../../arm-none-eabi/lib/thumb/v7e-m+fp/hard\libc_nano.a(libc_a-mlock.o)
 .comment       0x00000012       0x13 e:/programfile/msys2/mingw64/bin/../lib/gcc/arm-none-eabi/12.2.0/../../../../arm-none-eabi/lib/thumb/v7e-m+fp/hard\libc_nano.a(libc_a-findfp.o)
 .comment       0x00000012       0x13 e:/programfile/msys2/mingw64/bin/../lib/gcc/arm-none-eabi/12.2.0/../../../../arm-none-eabi/lib/thumb/v7e-m+fp/hard\libc_nano.a(libc_a-memset.o)
 .comment       0x00000012       0x13 e:/programfile/msys2/mingw64/bin/../lib/gcc/arm-none-eabi/12.2.0/../../../../arm-none-eabi/lib/thumb/v7e-m+fp/hard\libc_nano.a(libc_a-reent.o)
 .comment       0x00000012       0x13 e:/programfile/msys2/mingw64/bin/../lib/gcc/arm-none-eabi/12.2.0/../../../../arm-none-eabi/lib/thumb/v7e-m+fp/hard\libc_nano.a(libc_a-impure.o)
 .comment       0x00000012       0x13 e:/programfile/msys2/mingw64/bin/../lib/gcc/arm-none-eabi/12.2.0/../../../../arm-none-eabi/lib/thumb/v7e-m+fp/hard\libc_nano.a(libc_a-sbrkr.o)
 .comment       0x00000012       0x13 e:/programfile/msys2/mingw64/bin/../lib/gcc/arm-none-eabi/12.2.0/../../../../arm-none-eabi/lib/thumb/v7e-m+fp/hard\libc_nano.a(libc_a-errno.o)
 .comment       0x00000012       0x13 e:/programfile/msys2/mingw64/bin/../lib/gcc/arm-none-eabi/12.2.0/../../../../arm-none-eabi/lib/thumb/v7e-m+fp/hard\libc_nano.a(libc_a-init.o)
 .comment       0x00000012       0x13 e:/programfile/msys2/mingw64/bin/../lib/gcc/arm-none-eabi/12.2.0/../../../../arm-none-eabi/lib/thumb/v7e-m+fp/hard\libc_nano.a(libc_a-lock.o)
 .comment       0x00000012       0x13 e:/programfile/msys2/mingw64/bin/../lib/gcc/arm-none-eabi/12.2.0/../../../../arm-none-eabi/lib/thumb/v7e-m+fp/hard\libc_nano.a(libc_a-freer.o)

.debug_frame    0x00000000     0x4330
 .debug_frame   0x00000000       0x70 build/main.o
 .debug_frame   0x00000070       0x30 build/gpio.o
 .debug_frame   0x000000a0      0x120 build/stm32f3xx_it.o
 .debug_frame   0x000001c0       0x28 build/stm32f3xx_hal_msp.o
 .debug_frame   0x000001e8      0xb4c build/stm32f3xx_hal_tim.o
 .debug_frame   0x00000d34      0x450 build/stm32f3xx_hal_tim_ex.o
 .debug_frame   0x00001184      0x1cc build/stm32f3xx_hal.o
 .debug_frame   0x00001350      0x170 build/stm32f3xx_hal_rcc.o
 .debug_frame   0x000014c0       0x6c build/stm32f3xx_hal_rcc_ex.o
 .debug_frame   0x0000152c       0xd0 build/stm32f3xx_hal_gpio.o
 .debug_frame   0x000015fc      0x160 build/stm32f3xx_hal_dma.o
 .debug_frame   0x0000175c      0x19c build/stm32f3xx_hal_cortex.o
 .debug_frame   0x000018f8       0x30 build/system_stm32f3xx.o
 .debug_frame   0x00001928       0x28 build/sysmem.o
 .debug_frame   0x00001950       0x8c build/adc.o
 .debug_frame   0x000019dc       0x2c build/dma.o
 .debug_frame   0x00001a08       0x7c build/hrtim.o
 .debug_frame   0x00001a84      0x170 build/stm32f3xx_hal_adc.o
 .debug_frame   0x00001bf4      0x4d8 build/stm32f3xx_hal_adc_ex.o
 .debug_frame   0x000020cc      0xc68 build/stm32f3xx_hal_hrtim.o
 .debug_frame   0x00002d34       0x98 build/bsp_dwt.o
 .debug_frame   0x00002dcc       0xa4 build/filter32.o
 .debug_frame   0x00002e70      0x148 build/user_lib.o
 .debug_frame   0x00002fb8       0xd4 build/bb_control.o
 .debug_frame   0x0000308c       0x94 build/detect_task.o
 .debug_frame   0x00003120       0x64 build/tim.o
 .debug_frame   0x00003184      0x2a4 build/controller.o
 .debug_frame   0x00003428       0x68 build/usart.o
 .debug_frame   0x00003490      0x600 build/stm32f3xx_hal_uart.o
 .debug_frame   0x00003a90       0x30 e:/programfile/msys2/mingw64/bin/../lib/gcc/arm-none-eabi/12.2.0/../../../../arm-none-eabi/lib/thumb/v7e-m+fp/hard\libc_nano.a(libc_a-malloc.o)
 .debug_frame   0x00003ac0       0x5c e:/programfile/msys2/mingw64/bin/../lib/gcc/arm-none-eabi/12.2.0/../../../../arm-none-eabi/lib/thumb/v7e-m+fp/hard\libc_nano.a(libc_a-mallocr.o)
 .debug_frame   0x00003b1c       0x30 e:/programfile/msys2/mingw64/bin/../lib/gcc/arm-none-eabi/12.2.0/../../../../arm-none-eabi/lib/thumb/v7e-m+fp/hard\libc_nano.a(libc_a-mlock.o)
 .debug_frame   0x00003b4c      0x13c e:/programfile/msys2/mingw64/bin/../lib/gcc/arm-none-eabi/12.2.0/../../../../arm-none-eabi/lib/thumb/v7e-m+fp/hard\libc_nano.a(libc_a-findfp.o)
 .debug_frame   0x00003c88       0x2c e:/programfile/msys2/mingw64/bin/../lib/gcc/arm-none-eabi/12.2.0/../../../../arm-none-eabi/lib/thumb/v7e-m+fp/hard\libc_nano.a(libc_a-memset.o)
 .debug_frame   0x00003cb4       0x40 e:/programfile/msys2/mingw64/bin/../lib/gcc/arm-none-eabi/12.2.0/../../../../arm-none-eabi/lib/thumb/v7e-m+fp/hard\libc_nano.a(libc_a-reent.o)
 .debug_frame   0x00003cf4       0x2c e:/programfile/msys2/mingw64/bin/../lib/gcc/arm-none-eabi/12.2.0/../../../../arm-none-eabi/lib/thumb/v7e-m+fp/hard\libc_nano.a(libc_a-sbrkr.o)
 .debug_frame   0x00003d20       0x20 e:/programfile/msys2/mingw64/bin/../lib/gcc/arm-none-eabi/12.2.0/../../../../arm-none-eabi/lib/thumb/v7e-m+fp/hard\libc_nano.a(libc_a-errno.o)
 .debug_frame   0x00003d40       0x2c e:/programfile/msys2/mingw64/bin/../lib/gcc/arm-none-eabi/12.2.0/../../../../arm-none-eabi/lib/thumb/v7e-m+fp/hard\libc_nano.a(libc_a-init.o)
 .debug_frame   0x00003d6c       0xb0 e:/programfile/msys2/mingw64/bin/../lib/gcc/arm-none-eabi/12.2.0/../../../../arm-none-eabi/lib/thumb/v7e-m+fp/hard\libc_nano.a(libc_a-lock.o)
 .debug_frame   0x00003e1c       0x58 e:/programfile/msys2/mingw64/bin/../lib/gcc/arm-none-eabi/12.2.0/../../../../arm-none-eabi/lib/thumb/v7e-m+fp/hard\libc_nano.a(libc_a-freer.o)
 .debug_frame   0x00003e74       0x44 e:/programfile/msys2/mingw64/bin/../lib/gcc/arm-none-eabi/12.2.0/../../../../arm-none-eabi/lib/thumb/v7e-m+fp/hard\libm.a(libm_a-w_pow.o)
 .debug_frame   0x00003eb8       0x28 e:/programfile/msys2/mingw64/bin/../lib/gcc/arm-none-eabi/12.2.0/../../../../arm-none-eabi/lib/thumb/v7e-m+fp/hard\libm.a(libm_a-s_finite.o)
 .debug_frame   0x00003ee0       0x34 e:/programfile/msys2/mingw64/bin/../lib/gcc/arm-none-eabi/12.2.0/../../../../arm-none-eabi/lib/thumb/v7e-m+fp/hard\libm.a(libm_a-e_sqrt.o)
 .debug_frame   0x00003f14       0x80 e:/programfile/msys2/mingw64/bin/../lib/gcc/arm-none-eabi/12.2.0/../../../../arm-none-eabi/lib/thumb/v7e-m+fp/hard\libm.a(libm_a-e_pow.o)
 .debug_frame   0x00003f94       0x20 e:/programfile/msys2/mingw64/bin/../lib/gcc/arm-none-eabi/12.2.0/../../../../arm-none-eabi/lib/thumb/v7e-m+fp/hard\libm.a(libm_a-s_fabs.o)
 .debug_frame   0x00003fb4       0x2c e:/programfile/msys2/mingw64/bin/../lib/gcc/arm-none-eabi/12.2.0/../../../../arm-none-eabi/lib/thumb/v7e-m+fp/hard\libm.a(libm_a-s_scalbn.o)
 .debug_frame   0x00003fe0      0x14c e:/programfile/msys2/mingw64/bin/../lib/gcc/arm-none-eabi/12.2.0/../../../../arm-none-eabi/lib/thumb/v7e-m+fp/hard\libm.a(libm_a-math_err.o)
 .debug_frame   0x0000412c       0xac e:/programfile/msys2/mingw64/bin/../lib/gcc/arm-none-eabi/12.2.0/thumb/v7e-m+fp/hard\libgcc.a(_arm_addsubdf3.o)
 .debug_frame   0x000041d8       0x50 e:/programfile/msys2/mingw64/bin/../lib/gcc/arm-none-eabi/12.2.0/thumb/v7e-m+fp/hard\libgcc.a(_arm_muldivdf3.o)
 .debug_frame   0x00004228       0xc4 e:/programfile/msys2/mingw64/bin/../lib/gcc/arm-none-eabi/12.2.0/thumb/v7e-m+fp/hard\libgcc.a(_arm_cmpdf2.o)
 .debug_frame   0x000042ec       0x20 e:/programfile/msys2/mingw64/bin/../lib/gcc/arm-none-eabi/12.2.0/thumb/v7e-m+fp/hard\libgcc.a(_arm_unorddf2.o)
 .debug_frame   0x0000430c       0x24 e:/programfile/msys2/mingw64/bin/../lib/gcc/arm-none-eabi/12.2.0/thumb/v7e-m+fp/hard\libgcc.a(_arm_truncdfsf2.o)

.debug_loclists
                0x00000000     0x20b9
 .debug_loclists
                0x00000000       0x3e e:/programfile/msys2/mingw64/bin/../lib/gcc/arm-none-eabi/12.2.0/../../../../arm-none-eabi/lib/thumb/v7e-m+fp/hard\libc_nano.a(libc_a-malloc.o)
 .debug_loclists
                0x0000003e      0x223 e:/programfile/msys2/mingw64/bin/../lib/gcc/arm-none-eabi/12.2.0/../../../../arm-none-eabi/lib/thumb/v7e-m+fp/hard\libc_nano.a(libc_a-mallocr.o)
 .debug_loclists
                0x00000261       0x30 e:/programfile/msys2/mingw64/bin/../lib/gcc/arm-none-eabi/12.2.0/../../../../arm-none-eabi/lib/thumb/v7e-m+fp/hard\libc_nano.a(libc_a-mlock.o)
 .debug_loclists
                0x00000291      0x264 e:/programfile/msys2/mingw64/bin/../lib/gcc/arm-none-eabi/12.2.0/../../../../arm-none-eabi/lib/thumb/v7e-m+fp/hard\libc_nano.a(libc_a-findfp.o)
 .debug_loclists
                0x000004f5      0x1b6 e:/programfile/msys2/mingw64/bin/../lib/gcc/arm-none-eabi/12.2.0/../../../../arm-none-eabi/lib/thumb/v7e-m+fp/hard\libc_nano.a(libc_a-memset.o)
 .debug_loclists
                0x000006ab       0x7a e:/programfile/msys2/mingw64/bin/../lib/gcc/arm-none-eabi/12.2.0/../../../../arm-none-eabi/lib/thumb/v7e-m+fp/hard\libc_nano.a(libc_a-reent.o)
 .debug_loclists
                0x00000725       0x3f e:/programfile/msys2/mingw64/bin/../lib/gcc/arm-none-eabi/12.2.0/../../../../arm-none-eabi/lib/thumb/v7e-m+fp/hard\libc_nano.a(libc_a-sbrkr.o)
 .debug_loclists
                0x00000764       0x65 e:/programfile/msys2/mingw64/bin/../lib/gcc/arm-none-eabi/12.2.0/../../../../arm-none-eabi/lib/thumb/v7e-m+fp/hard\libc_nano.a(libc_a-init.o)
 .debug_loclists
                0x000007c9       0x1e e:/programfile/msys2/mingw64/bin/../lib/gcc/arm-none-eabi/12.2.0/../../../../arm-none-eabi/lib/thumb/v7e-m+fp/hard\libc_nano.a(libc_a-lock.o)
 .debug_loclists
                0x000007e7      0x146 e:/programfile/msys2/mingw64/bin/../lib/gcc/arm-none-eabi/12.2.0/../../../../arm-none-eabi/lib/thumb/v7e-m+fp/hard\libc_nano.a(libc_a-freer.o)
 .debug_loclists
                0x0000092d       0x70 e:/programfile/msys2/mingw64/bin/../lib/gcc/arm-none-eabi/12.2.0/../../../../arm-none-eabi/lib/thumb/v7e-m+fp/hard\libm.a(libm_a-w_pow.o)
 .debug_loclists
                0x0000099d      0x427 e:/programfile/msys2/mingw64/bin/../lib/gcc/arm-none-eabi/12.2.0/../../../../arm-none-eabi/lib/thumb/v7e-m+fp/hard\libm.a(libm_a-e_sqrt.o)
 .debug_loclists
                0x00000dc4      0xfa6 e:/programfile/msys2/mingw64/bin/../lib/gcc/arm-none-eabi/12.2.0/../../../../arm-none-eabi/lib/thumb/v7e-m+fp/hard\libm.a(libm_a-e_pow.o)
 .debug_loclists
                0x00001d6a       0x34 e:/programfile/msys2/mingw64/bin/../lib/gcc/arm-none-eabi/12.2.0/../../../../arm-none-eabi/lib/thumb/v7e-m+fp/hard\libm.a(libm_a-s_fabs.o)
 .debug_loclists
                0x00001d9e      0x128 e:/programfile/msys2/mingw64/bin/../lib/gcc/arm-none-eabi/12.2.0/../../../../arm-none-eabi/lib/thumb/v7e-m+fp/hard\libm.a(libm_a-s_scalbn.o)
 .debug_loclists
                0x00001ec6      0x1f3 e:/programfile/msys2/mingw64/bin/../lib/gcc/arm-none-eabi/12.2.0/../../../../arm-none-eabi/lib/thumb/v7e-m+fp/hard\libm.a(libm_a-math_err.o)

.debug_rnglists
                0x00000000      0x1c8
 .debug_rnglists
                0x00000000       0x19 e:/programfile/msys2/mingw64/bin/../lib/gcc/arm-none-eabi/12.2.0/../../../../arm-none-eabi/lib/thumb/v7e-m+fp/hard\libc_nano.a(libc_a-mallocr.o)
 .debug_rnglists
                0x00000019       0x9f e:/programfile/msys2/mingw64/bin/../lib/gcc/arm-none-eabi/12.2.0/../../../../arm-none-eabi/lib/thumb/v7e-m+fp/hard\libc_nano.a(libc_a-findfp.o)
 .debug_rnglists