Archive member included to satisfy reference by file (symbol)

e:/vscode/msys2/mingw64/bin/../lib/gcc/arm-none-eabi/12.2.0/../../../../arm-none-eabi/lib/thumb/v7e-m+fp/hard\libc_nano.a(libc_a-atexit.o)
                              e:/vscode/msys2/mingw64/bin/../lib/gcc/arm-none-eabi/12.2.0/../../../../arm-none-eabi/lib/thumb/v7e-m+fp/hard/crt0.o (atexit)
e:/vscode/msys2/mingw64/bin/../lib/gcc/arm-none-eabi/12.2.0/../../../../arm-none-eabi/lib/thumb/v7e-m+fp/hard\libc_nano.a(libc_a-exit.o)
                              e:/vscode/msys2/mingw64/bin/../lib/gcc/arm-none-eabi/12.2.0/../../../../arm-none-eabi/lib/thumb/v7e-m+fp/hard/crt0.o (exit)
e:/vscode/msys2/mingw64/bin/../lib/gcc/arm-none-eabi/12.2.0/../../../../arm-none-eabi/lib/thumb/v7e-m+fp/hard\libc_nano.a(libc_a-malloc.o)
                              build/filter32.o (malloc)
e:/vscode/msys2/mingw64/bin/../lib/gcc/arm-none-eabi/12.2.0/../../../../arm-none-eabi/lib/thumb/v7e-m+fp/hard\libc_nano.a(libc_a-mallocr.o)
                              e:/vscode/msys2/mingw64/bin/../lib/gcc/arm-none-eabi/12.2.0/../../../../arm-none-eabi/lib/thumb/v7e-m+fp/hard\libc_nano.a(libc_a-malloc.o) (_malloc_r)
e:/vscode/msys2/mingw64/bin/../lib/gcc/arm-none-eabi/12.2.0/../../../../arm-none-eabi/lib/thumb/v7e-m+fp/hard\libc_nano.a(libc_a-mlock.o)
                              e:/vscode/msys2/mingw64/bin/../lib/gcc/arm-none-eabi/12.2.0/../../../../arm-none-eabi/lib/thumb/v7e-m+fp/hard\libc_nano.a(libc_a-mallocr.o) (__malloc_lock)
e:/vscode/msys2/mingw64/bin/../lib/gcc/arm-none-eabi/12.2.0/../../../../arm-none-eabi/lib/thumb/v7e-m+fp/hard\libc_nano.a(libc_a-findfp.o)
                              e:/vscode/msys2/mingw64/bin/../lib/gcc/arm-none-eabi/12.2.0/../../../../arm-none-eabi/lib/thumb/v7e-m+fp/hard\libc_nano.a(libc_a-exit.o) (__stdio_exit_handler)
e:/vscode/msys2/mingw64/bin/../lib/gcc/arm-none-eabi/12.2.0/../../../../arm-none-eabi/lib/thumb/v7e-m+fp/hard\libc_nano.a(libc_a-fwalk.o)
                              e:/vscode/msys2/mingw64/bin/../lib/gcc/arm-none-eabi/12.2.0/../../../../arm-none-eabi/lib/thumb/v7e-m+fp/hard\libc_nano.a(libc_a-findfp.o) (_fwalk_sglue)
e:/vscode/msys2/mingw64/bin/../lib/gcc/arm-none-eabi/12.2.0/../../../../arm-none-eabi/lib/thumb/v7e-m+fp/hard\libc_nano.a(libc_a-stdio.o)
                              e:/vscode/msys2/mingw64/bin/../lib/gcc/arm-none-eabi/12.2.0/../../../../arm-none-eabi/lib/thumb/v7e-m+fp/hard\libc_nano.a(libc_a-findfp.o) (__sread)
e:/vscode/msys2/mingw64/bin/../lib/gcc/arm-none-eabi/12.2.0/../../../../arm-none-eabi/lib/thumb/v7e-m+fp/hard\libc_nano.a(libc_a-memset.o)
                              e:/vscode/msys2/mingw64/bin/../lib/gcc/arm-none-eabi/12.2.0/../../../../arm-none-eabi/lib/thumb/v7e-m+fp/hard/crt0.o (memset)
e:/vscode/msys2/mingw64/bin/../lib/gcc/arm-none-eabi/12.2.0/../../../../arm-none-eabi/lib/thumb/v7e-m+fp/hard\libc_nano.a(libc_a-closer.o)
                              e:/vscode/msys2/mingw64/bin/../lib/gcc/arm-none-eabi/12.2.0/../../../../arm-none-eabi/lib/thumb/v7e-m+fp/hard\libc_nano.a(libc_a-stdio.o) (_close_r)
e:/vscode/msys2/mingw64/bin/../lib/gcc/arm-none-eabi/12.2.0/../../../../arm-none-eabi/lib/thumb/v7e-m+fp/hard\libc_nano.a(libc_a-reent.o)
                              e:/vscode/msys2/mingw64/bin/../lib/gcc/arm-none-eabi/12.2.0/../../../../arm-none-eabi/lib/thumb/v7e-m+fp/hard\libc_nano.a(libc_a-closer.o) (errno)
e:/vscode/msys2/mingw64/bin/../lib/gcc/arm-none-eabi/12.2.0/../../../../arm-none-eabi/lib/thumb/v7e-m+fp/hard\libc_nano.a(libc_a-impure.o)
                              e:/vscode/msys2/mingw64/bin/../lib/gcc/arm-none-eabi/12.2.0/../../../../arm-none-eabi/lib/thumb/v7e-m+fp/hard\libc_nano.a(libc_a-malloc.o) (_impure_ptr)
e:/vscode/msys2/mingw64/bin/../lib/gcc/arm-none-eabi/12.2.0/../../../../arm-none-eabi/lib/thumb/v7e-m+fp/hard\libc_nano.a(libc_a-lseekr.o)
                              e:/vscode/msys2/mingw64/bin/../lib/gcc/arm-none-eabi/12.2.0/../../../../arm-none-eabi/lib/thumb/v7e-m+fp/hard\libc_nano.a(libc_a-stdio.o) (_lseek_r)
e:/vscode/msys2/mingw64/bin/../lib/gcc/arm-none-eabi/12.2.0/../../../../arm-none-eabi/lib/thumb/v7e-m+fp/hard\libc_nano.a(libc_a-readr.o)
                              e:/vscode/msys2/mingw64/bin/../lib/gcc/arm-none-eabi/12.2.0/../../../../arm-none-eabi/lib/thumb/v7e-m+fp/hard\libc_nano.a(libc_a-stdio.o) (_read_r)
e:/vscode/msys2/mingw64/bin/../lib/gcc/arm-none-eabi/12.2.0/../../../../arm-none-eabi/lib/thumb/v7e-m+fp/hard\libc_nano.a(libc_a-sbrkr.o)
                              e:/vscode/msys2/mingw64/bin/../lib/gcc/arm-none-eabi/12.2.0/../../../../arm-none-eabi/lib/thumb/v7e-m+fp/hard\libc_nano.a(libc_a-mallocr.o) (_sbrk_r)
e:/vscode/msys2/mingw64/bin/../lib/gcc/arm-none-eabi/12.2.0/../../../../arm-none-eabi/lib/thumb/v7e-m+fp/hard\libc_nano.a(libc_a-writer.o)
                              e:/vscode/msys2/mingw64/bin/../lib/gcc/arm-none-eabi/12.2.0/../../../../arm-none-eabi/lib/thumb/v7e-m+fp/hard\libc_nano.a(libc_a-stdio.o) (_write_r)
[...]
Memory Configuration

Name             Origin             Length             Attributes
RAM              0x20000000         0x00003000         xrw
CCMRAM           0x10000000         0x00001000         xrw
FLASH            0x08000000         0x00010000         xr
*default*        0x00000000         0xffffffff

Linker script and memory map

LOAD e:/vscode/msys2/mingw64/bin/../lib/gcc/arm-none-eabi/12.2.0/thumb/v7e-m+fp/hard/crti.o
LOAD e:/vscode/msys2/mingw64/bin/../lib/gcc/arm-none-eabi/12.2.0/thumb/v7e-m+fp/hard/crtbegin.o
LOAD e:/vscode/msys2/mingw64/bin/../lib/gcc/arm-none-eabi/12.2.0/../../../../arm-none-eabi/lib/thumb/v7e-m+fp/hard/crt0.o
LOAD build/main.o
LOAD build/gpio.o
LOAD build/stm32f3xx_it.o
LOAD build/stm32f3xx_hal_msp.o
LOAD build/stm32f3xx_hal_tim.o
LOAD build/stm32f3xx_hal_tim_ex.o
LOAD build/stm32f3xx_hal.o
LOAD build/stm32f3xx_hal_rcc.o
LOAD build/stm32f3xx_hal_rcc_ex.o
LOAD build/stm32f3xx_hal_gpio.o
LOAD build/stm32f3xx_hal_dma.o
LOAD build/stm32f3xx_hal_cortex.o
LOAD build/stm32f3xx_hal_pwr.o
LOAD build/stm32f3xx_hal_pwr_ex.o
LOAD build/stm32f3xx_hal_flash.o
LOAD build/stm32f3xx_hal_flash_ex.o
LOAD build/stm32f3xx_hal_i2c.o
LOAD build/stm32f3xx_hal_i2c_ex.o
LOAD build/stm32f3xx_hal_exti.o
LOAD build/system_stm32f3xx.o
LOAD build/sysmem.o
LOAD build/syscalls.o
LOAD build/adc.o
LOAD build/dma.o
LOAD build/hrtim.o
LOAD build/stm32f3xx_hal_adc.o
LOAD build/stm32f3xx_hal_adc_ex.o
LOAD build/stm32f3xx_hal_hrtim.o
LOAD build/bsp_dwt.o
LOAD build/filter32.o
LOAD build/user_lib.o
LOAD build/bb_control.o
LOAD build/detect_task.o
LOAD build/tim.o
LOAD build/controller.o
LOAD build/usart.o
LOAD build/stm32f3xx_hal_uart.o
LOAD build/stm32f3xx_hal_uart_ex.o
LOAD build/startup_stm32f334x8.o
LOAD e:/vscode/msys2/mingw64/bin/../lib/gcc/arm-none-eabi/12.2.0/../../../../arm-none-eabi/lib/thumb/v7e-m+fp/hard\libc_nano.a
LOAD e:/vscode/msys2/mingw64/bin/../lib/gcc/arm-none-eabi/12.2.0/../../../../arm-none-eabi/lib/thumb/v7e-m+fp/hard\libm.a
LOAD e:/vscode/msys2/mingw64/bin/../lib/gcc/arm-none-eabi/12.2.0/../../../../arm-none-eabi/lib/thumb/v7e-m+fp/hard\libnosys.a
START GROUP
LOAD e:/vscode/msys2/mingw64/bin/../lib/gcc/arm-none-eabi/12.2.0/thumb/v7e-m+fp/hard\libgcc.a
LOAD e:/vscode/msys2/mingw64/bin/../lib/gcc/arm-none-eabi/12.2.0/../../../../arm-none-eabi/lib/thumb/v7e-m+fp/hard\libc_nano.a
END GROUP
START GROUP
LOAD e:/vscode/msys2/mingw64/bin/../lib/gcc/arm-none-eabi/12.2.0/thumb/v7e-m+fp/hard\libgcc.a
LOAD e:/vscode/msys2/mingw64/bin/../lib/gcc/arm-none-eabi/12.2.0/../../../../arm-none-eabi/lib/thumb/v7e-m+fp/hard\libc_nano.a
END GROUP
LOAD e:/vscode/msys2/mingw64/bin/../lib/gcc/arm-none-eabi/12.2.0/thumb/v7e-m+fp/hard/crtend.o
LOAD e:/vscode/msys2/mingw64/bin/../lib/gcc/arm-none-eabi/12.2.0/thumb/v7e-m+fp/hard/crtn.o
                0x20003000                        _estack = (ORIGIN (RAM) + LENGTH (RAM))
                0x00000200                        _Min_Heap_Size = 0x200
                0x00000400                        _Min_Stack_Size = 0x400

.isr_vector     0x08000000      0x188
                0x08000000                        . = ALIGN (0x4)
 *(.isr_vector)
 .isr_vector    0x08000000      0x188 build/startup_stm32f334x8.o
                0x08000000                g_pfnVectors
                0x08000188                        . = ALIGN (0x4)

.text           0x08000188     0x4d24
                0x08000188                        . = ALIGN (0x4)
 *(.text)
 .text          0x08000188       0x20 e:/vscode/msys2/mingw64/bin/../lib/gcc/arm-none-eabi/12.2.0/../../../../arm-none-eabi/lib/thumb/v7e-m+fp/hard\libc_nano.a(libc_a-malloc.o)
                0x08000188                malloc
                0x08000198                free
 .text          0x080001a8      0x140 e:/vscode/msys2/mingw64/bin/../lib/gcc/arm-none-eabi/12.2.0/../../../../arm-none-eabi/lib/thumb/v7e-m+fp/hard\libc_nano.a(libc_a-mallocr.o)
                0x080001f0                _malloc_r
 .text          0x080002e8       0x18 e:/vscode/msys2/mingw64/bin/../lib/gcc/arm-none-eabi/12.2.0/../../../../arm-none-eabi/lib/thumb/v7e-m+fp/hard\libc_nano.a(libc_a-mlock.o)
                0x080002e8                __malloc_lock
                0x080002f4                __malloc_unlock
 .text          0x08000300       0xa4 e:/vscode/msys2/mingw64/bin/../lib/gcc/arm-none-eabi/12.2.0/../../../../arm-none-eabi/lib/thumb/v7e-m+fp/hard\libc_nano.a(libc_a-memset.o)
                0x08000300                memset
 .text          0x080003a4       0x24 e:/vscode/msys2/mingw64/bin/../lib/gcc/arm-none-eabi/12.2.0/../../../../arm-none-eabi/lib/thumb/v7e-m+fp/hard\libc_nano.a(libc_a-sbrkr.o)
                0x080003a4                _sbrk_r
 .text          0x080003c8        0xc e:/vscode/msys2/mingw64/bin/../lib/gcc/arm-none-eabi/12.2.0/../../../../arm-none-eabi/lib/thumb/v7e-m+fp/hard\libc_nano.a(libc_a-errno.o)
                0x080003c8                __errno
 .text          0x080003d4       0x50 e:/vscode/msys2/mingw64/bin/../lib/gcc/arm-none-eabi/12.2.0/../../../../arm-none-eabi/lib/thumb/v7e-m+fp/hard\libc_nano.a(libc_a-init.o)
                0x080003d4                __libc_init_array
 .text          0x08000424       0x28 e:/vscode/msys2/mingw64/bin/../lib/gcc/arm-none-eabi/12.2.0/../../../../arm-none-eabi/lib/thumb/v7e-m+fp/hard\libc_nano.a(libc_a-lock.o)
                0x08000424                __retarget_lock_init
                0x08000428                __retarget_lock_init_recursive
                0x0800042c                __retarget_lock_close
                0x08000430                __retarget_lock_close_recursive
                0x08000434                __retarget_lock_acquire
                0x08000438                __retarget_lock_acquire_recursive
                0x0800043c                __retarget_lock_try_acquire
                0x08000440                __retarget_lock_try_acquire_recursive
                0x08000444                __retarget_lock_release
                0x08000448                __retarget_lock_release_recursive
 .text          0x0800044c       0xbc e:/vscode/msys2/mingw64/bin/../lib/gcc/arm-none-eabi/12.2.0/../../../../arm-none-eabi/lib/thumb/v7e-m+fp/hard\libc_nano.a(libc_a-freer.o)
                0x0800044c                _free_r
 .text          0x08000508      0x378 e:/vscode/msys2/mingw64/bin/../lib/gcc/arm-none-eabi/12.2.0/thumb/v7e-m+fp/hard\libgcc.a(_arm_addsubdf3.o)
                0x08000508                __aeabi_drsub
                0x08000510                __aeabi_dsub
                0x08000510                __subdf3
                0x08000514                __aeabi_dadd
                0x08000514                __adddf3
                0x0800078c                __floatunsidf
                0x0800078c                __aeabi_ui2d
                0x080007ac                __floatsidf
                0x080007ac                __aeabi_i2d
                0x080007d0                __aeabi_f2d
                0x080007d0                __extendsfdf2
                0x08000814                __floatundidf
                0x08000814                __aeabi_ul2d
                0x08000824                __floatdidf
                0x08000824                __aeabi_l2d
 .text          0x08000880      0x424 e:/vscode/msys2/mingw64/bin/../lib/gcc/arm-none-eabi/12.2.0/thumb/v7e-m+fp/hard\libgcc.a(_arm_muldivdf3.o)
                0x08000880                __aeabi_dmul
                0x08000880                __muldf3
                0x08000ad4                __divdf3
                0x08000ad4                __aeabi_ddiv
 .text          0x08000ca4       0xa0 e:/vscode/msys2/mingw64/bin/../lib/gcc/arm-none-eabi/12.2.0/thumb/v7e-m+fp/hard\libgcc.a(_arm_truncdfsf2.o)
                0x08000ca4                __truncdfsf2
                0x08000ca4                __aeabi_d2f
 *(.text*)
 .text.__do_global_dtors_aux
                0x08000d44       0x24 e:/vscode/msys2/mingw64/bin/../lib/gcc/arm-none-eabi/12.2.0/thumb/v7e-m+fp/hard/crtbegin.o
 .text.frame_dummy
                0x08000d68       0x1c e:/vscode/msys2/mingw64/bin/../lib/gcc/arm-none-eabi/12.2.0/thumb/v7e-m+fp/hard/crtbegin.o
 .text.HAL_TIM_PeriodElapsedCallback
                0x08000d84       0x30 build/main.o
                0x08000d84                HAL_TIM_PeriodElapsedCallback
 .text.Error_Handler
                0x08000db4        0x4 build/main.o
                0x08000db4                Error_Handler
 .text.SystemClock_Config
                0x08000db8       0x90 build/main.o
                0x08000db8                SystemClock_Config
 .text.main     0x08000e48       0x44 build/main.o
                0x08000e48                main
 .text.MX_GPIO_Init
                0x08000e8c       0x88 build/gpio.o
                0x08000e8c                MX_GPIO_Init
 .text.NMI_Handler
                0x08000f14        0x2 build/stm32f3xx_it.o
                0x08000f14                NMI_Handler
 .text.HardFault_Handler
                0x08000f16        0x2 build/stm32f3xx_it.o
                0x08000f16                HardFault_Handler
 .text.MemManage_Handler
                0x08000f18        0x2 build/stm32f3xx_it.o
                0x08000f18                MemManage_Handler
 .text.BusFault_Handler
                0x08000f1a        0x2 build/stm32f3xx_it.o
                0x08000f1a                BusFault_Handler
 .text.UsageFault_Handler
                0x08000f1c        0x2 build/stm32f3xx_it.o
                0x08000f1c                UsageFault_Handler
 .text.SVC_Handler
                0x08000f1e        0x2 build/stm32f3xx_it.o
                0x08000f1e                SVC_Handler
 .text.DebugMon_Handler
                0x08000f20        0x2 build/stm32f3xx_it.o
                0x08000f20                DebugMon_Handler
 .text.PendSV_Handler
                0x08000f22        0x2 build/stm32f3xx_it.o
                0x08000f22                PendSV_Handler
 .text.SysTick_Handler
                0x08000f24        0x8 build/stm32f3xx_it.o
                0x08000f24                SysTick_Handler
 .text.DMA1_Channel1_IRQHandler
                0x08000f2c       0x10 build/stm32f3xx_it.o
                0x08000f2c                DMA1_Channel1_IRQHandler
 .text.DMA1_Channel2_IRQHandler
                0x08000f3c       0x10 build/stm32f3xx_it.o
                0x08000f3c                DMA1_Channel2_IRQHandler
 .text.DMA1_Channel6_IRQHandler
                0x08000f4c       0x10 build/stm32f3xx_it.o
                0x08000f4c                DMA1_Channel6_IRQHandler
 .text.DMA1_Channel7_IRQHandler
                0x08000f5c       0x10 build/stm32f3xx_it.o
                0x08000f5c                DMA1_Channel7_IRQHandler
 .text.TIM2_IRQHandler
                0x08000f6c       0x10 build/stm32f3xx_it.o
                0x08000f6c                TIM2_IRQHandler
 .text.HAL_MspInit
                0x08000f7c       0x30 build/stm32f3xx_hal_msp.o
                0x08000f7c                HAL_MspInit
 .text.TIM_TI1_ConfigInputStage
                0x08000fac       0x26 build/stm32f3xx_hal_tim.o
 .text.TIM_TI2_ConfigInputStage
                0x08000fd2       0x28 build/stm32f3xx_hal_tim.o
 .text.TIM_ITRx_SetConfig
                0x08000ffa       0x10 build/stm32f3xx_hal_tim.o
 *fill*         0x0800100a        0x2 
 .text.HAL_TIM_Base_Start_IT
                0x0800100c       0x74 build/stm32f3xx_hal_tim.o
                0x0800100c                HAL_TIM_Base_Start_IT
 .text.HAL_TIM_OC_DelayElapsedCallback
                0x08001080        0x2 build/stm32f3xx_hal_tim.o
                0x08001080                HAL_TIM_OC_DelayElapsedCallback
 .text.HAL_TIM_IC_CaptureCallback
                0x08001082        0x2 build/stm32f3xx_hal_tim.o
                0x08001082                HAL_TIM_IC_CaptureCallback
 .text.HAL_TIM_PWM_PulseFinishedCallback
                0x08001084        0x2 build/stm32f3xx_hal_tim.o
                0x08001084                HAL_TIM_PWM_PulseFinishedCallback
 .text.HAL_TIM_TriggerCallback
                0x08001086        0x2 build/stm32f3xx_hal_tim.o
                0x08001086                HAL_TIM_TriggerCallback
 .text.HAL_TIM_IRQHandler
                0x08001088      0x17a build/stm32f3xx_hal_tim.o
                0x08001088                HAL_TIM_IRQHandler
 *fill*         0x08001202        0x2 
 .text.TIM_Base_SetConfig
                0x08001204       0xa0 build/stm32f3xx_hal_tim.o
                0x08001204                TIM_Base_SetConfig
 .text.HAL_TIM_Base_Init
                0x080012a4       0x60 build/stm32f3xx_hal_tim.o
                0x080012a4                HAL_TIM_Base_Init
 .text.TIM_ETR_SetConfig
                0x08001304       0x1a build/stm32f3xx_hal_tim.o
                0x08001304                TIM_ETR_SetConfig
 *fill*         0x0800131e        0x2 
 .text.HAL_TIM_ConfigClockSource
                0x08001320      0x100 build/stm32f3xx_hal_tim.o
                0x08001320                HAL_TIM_ConfigClockSource
 .text.HAL_TIMEx_MasterConfigSynchronization
                0x08001420       0x78 build/stm32f3xx_hal_tim_ex.o
                0x08001420                HAL_TIMEx_MasterConfigSynchronization
 .text.HAL_TIMEx_CommutCallback
                0x08001498        0x2 build/stm32f3xx_hal_tim_ex.o
                0x08001498                HAL_TIMEx_CommutCallback
 .text.HAL_TIMEx_BreakCallback
                0x0800149a        0x2 build/stm32f3xx_hal_tim_ex.o
                0x0800149a                HAL_TIMEx_BreakCallback
 .text.HAL_TIMEx_Break2Callback
                0x0800149c        0x2 build/stm32f3xx_hal_tim_ex.o
                0x0800149c                HAL_TIMEx_Break2Callback
 *fill*         0x0800149e        0x2 
 .text.HAL_InitTick
                0x080014a0       0x4c build/stm32f3xx_hal.o
                0x080014a0                HAL_InitTick
 .text.HAL_Init
                0x080014ec       0x24 build/stm32f3xx_hal.o
                0x080014ec                HAL_Init
 .text.HAL_IncTick
                0x08001510       0x18 build/stm32f3xx_hal.o
                0x08001510                HAL_IncTick
 .text.HAL_GetTick
                0x08001528        0xc build/stm32f3xx_hal.o
                0x08001528                HAL_GetTick
 .text.HAL_Delay
                0x08001534       0x28 build/stm32f3xx_hal.o
                0x08001534                HAL_Delay
 .text.HAL_RCC_OscConfig
                0x0800155c      0x630 build/stm32f3xx_hal_rcc.o
                0x0800155c                HAL_RCC_OscConfig
 .text.HAL_RCC_GetSysClockFreq
                0x08001b8c       0x60 build/stm32f3xx_hal_rcc.o
                0x08001b8c                HAL_RCC_GetSysClockFreq
 .text.HAL_RCC_ClockConfig
                0x08001bec      0x1a8 build/stm32f3xx_hal_rcc.o
                0x08001bec                HAL_RCC_ClockConfig
 .text.HAL_RCC_GetHCLKFreq
                0x08001d94        0xc build/stm32f3xx_hal_rcc.o
                0x08001d94                HAL_RCC_GetHCLKFreq
 .text.HAL_RCC_GetPCLK1Freq
                0x08001da0       0x2c build/stm32f3xx_hal_rcc.o
                0x08001da0                HAL_RCC_GetPCLK1Freq
 .text.HAL_RCC_GetPCLK2Freq
                0x08001dcc       0x2c build/stm32f3xx_hal_rcc.o
                0x08001dcc                HAL_RCC_GetPCLK2Freq
 .text.HAL_RCCEx_PeriphCLKConfig
                0x08001df8      0x1a4 build/stm32f3xx_hal_rcc_ex.o
                0x08001df8                HAL_RCCEx_PeriphCLKConfig
 .text.HAL_GPIO_Init
                0x08001f9c      0x1bc build/stm32f3xx_hal_gpio.o
                0x08001f9c                HAL_GPIO_Init
 .text.HAL_GPIO_WritePin
                0x08002158        0xa build/stm32f3xx_hal_gpio.o
                0x08002158                HAL_GPIO_WritePin
 .text.DMA_SetConfig
                0x08002162       0x2c build/stm32f3xx_hal_dma.o
 *fill*         0x0800218e        0x2 
 .text.DMA_CalcBaseAndBitshift
                0x08002190       0x24 build/stm32f3xx_hal_dma.o
 .text.HAL_DMA_Init
                0x080021b4       0x50 build/stm32f3xx_hal_dma.o
                0x080021b4                HAL_DMA_Init
 .text.HAL_DMA_Start_IT
                0x08002204       0x74 build/stm32f3xx_hal_dma.o
                0x08002204                HAL_DMA_Start_IT
 .text.HAL_DMA_IRQHandler
                0x08002278       0xb2 build/stm32f3xx_hal_dma.o
                0x08002278                HAL_DMA_IRQHandler
 *fill*         0x0800232a        0x2 
 .text.__NVIC_SetPriority
                0x0800232c       0x28 build/stm32f3xx_hal_cortex.o
 .text.NVIC_EncodePriority
                0x08002354       0x3e build/stm32f3xx_hal_cortex.o
 *fill*         0x08002392        0x2 
 .text.HAL_NVIC_SetPriorityGrouping
                0x08002394       0x24 build/stm32f3xx_hal_cortex.o
                0x08002394                HAL_NVIC_SetPriorityGrouping
 .text.HAL_NVIC_SetPriority
                0x080023b8       0x20 build/stm32f3xx_hal_cortex.o
                0x080023b8                HAL_NVIC_SetPriority
 .text.HAL_NVIC_EnableIRQ
                0x080023d8       0x1c build/stm32f3xx_hal_cortex.o
                0x080023d8                HAL_NVIC_EnableIRQ
 .text.HAL_SYSTICK_Config
                0x080023f4       0x28 build/stm32f3xx_hal_cortex.o
                0x080023f4                HAL_SYSTICK_Config
 .text.SystemInit
                0x0800241c       0x14 build/system_stm32f3xx.o
                0x0800241c                SystemInit
 .text._sbrk    0x08002430       0x48 build/sysmem.o
                0x08002430                _sbrk
 .text.MX_ADC1_Init
                0x08002478       0xa8 build/adc.o
                0x08002478                MX_ADC1_Init
 .text.MX_ADC2_Init
                0x08002520       0x78 build/adc.o
                0x08002520                MX_ADC2_Init
 .text.HAL_ADC_MspInit
                0x08002598      0x138 build/adc.o
                0x08002598                HAL_ADC_MspInit
 .text.MX_DMA_Init
                0x080026d0       0x64 build/dma.o
                0x080026d0                MX_DMA_Init
 .text.HAL_HRTIM_MspInit
                0x08002734       0x2c build/hrtim.o
                0x08002734                HAL_HRTIM_MspInit
 .text.HAL_HRTIM_MspPostInit
                0x08002760       0x58 build/hrtim.o
                0x08002760                HAL_HRTIM_MspPostInit
 .text.MX_HRTIM1_Init
                0x080027b8      0x2d4 build/hrtim.o
                0x080027b8                MX_HRTIM1_Init
 .text.HAL_ADC_ConvCpltCallback
                0x08002a8c        0x2 build/stm32f3xx_hal_adc.o
                0x08002a8c                HAL_ADC_ConvCpltCallback
 .text.HAL_ADC_ConvHalfCpltCallback
                0x08002a8e        0x2 build/stm32f3xx_hal_adc.o
                0x08002a8e                HAL_ADC_ConvHalfCpltCallback
 .text.HAL_ADC_ErrorCallback
                0x08002a90        0x2 build/stm32f3xx_hal_adc.o
                0x08002a90                HAL_ADC_ErrorCallback
 .text.ADC_Disable
                0x08002a92       0x88 build/stm32f3xx_hal_adc_ex.o
 *fill*         0x08002b1a        0x2 
 .text.ADC_Enable
                0x08002b1c       0x80 build/stm32f3xx_hal_adc_ex.o
 .text.ADC_DMAError
                0x08002b9c       0x1a build/stm32f3xx_hal_adc_ex.o
 .text.ADC_DMAHalfConvCplt
                0x08002bb6        0xa build/stm32f3xx_hal_adc_ex.o
 .text.ADC_DMAConvCplt
                0x08002bc0       0x4a build/stm32f3xx_hal_adc_ex.o
 *fill*         0x08002c0a        0x2 
 .text.HAL_ADC_Init
                0x08002c0c      0x214 build/stm32f3xx_hal_adc_ex.o
                0x08002c0c                HAL_ADC_Init
 .text.HAL_ADC_Start_DMA
                0x08002e20      0x134 build/stm32f3xx_hal_adc_ex.o
                0x08002e20                HAL_ADC_Start_DMA
 .text.HAL_ADCEx_Calibration_Start
                0x08002f54       0x96 build/stm32f3xx_hal_adc_ex.o
                0x08002f54                HAL_ADCEx_Calibration_Start
 *fill*         0x08002fea        0x2 
 .text.HAL_ADC_ConfigChannel
                0x08002fec      0x370 build/stm32f3xx_hal_adc_ex.o
                0x08002fec                HAL_ADC_ConfigChannel
 .text.HAL_ADCEx_MultiModeConfigChannel
                0x0800335c      0x118 build/stm32f3xx_hal_adc_ex.o
                0x0800335c                HAL_ADCEx_MultiModeConfigChannel
 .text.HRTIM_MasterBase_Config
                0x08003474       0x2a build/stm32f3xx_hal_hrtim.o
 .text.HRTIM_TimingUnitBase_Config
                0x0800349e       0x40 build/stm32f3xx_hal_hrtim.o
 .text.HRTIM_MasterWaveform_Config
                0x080034de       0x58 build/stm32f3xx_hal_hrtim.o
 .text.HRTIM_TimingUnitWaveform_Config
                0x08003536      0x14c build/stm32f3xx_hal_hrtim.o
 *fill*         0x08003682        0x2 
 .text.HRTIM_OutputConfig
                0x08003684       0xe0 build/stm32f3xx_hal_hrtim.o
 .text.HRTIM_ForceRegistersUpdate
                0x08003764       0x6e build/stm32f3xx_hal_hrtim.o
 *fill*         0x080037d2        0x2 
 .text.HAL_HRTIM_Init
                0x080037d4       0xd4 build/stm32f3xx_hal_hrtim.o
                0x080037d4                HAL_HRTIM_Init
 .text.HAL_HRTIM_DLLCalibrationStart
                0x080038a8       0x72 build/stm32f3xx_hal_hrtim.o
                0x080038a8                HAL_HRTIM_DLLCalibrationStart
 .text.HAL_HRTIM_PollForDLLCalibration
                0x0800391a       0x44 build/stm32f3xx_hal_hrtim.o
                0x0800391a                HAL_HRTIM_PollForDLLCalibration
 .text.HAL_HRTIM_TimeBaseConfig
                0x0800395e       0x32 build/stm32f3xx_hal_hrtim.o
                0x0800395e                HAL_HRTIM_TimeBaseConfig
 .text.HAL_HRTIM_WaveformTimerConfig
                0x08003990       0x70 build/stm32f3xx_hal_hrtim.o
                0x08003990                HAL_HRTIM_WaveformTimerConfig
 .text.HAL_HRTIM_DeadTimeConfig
                0x08003a00       0xa4 build/stm32f3xx_hal_hrtim.o
                0x08003a00                HAL_HRTIM_DeadTimeConfig
 .text.HAL_HRTIM_WaveformCompareConfig
                0x08003aa4      0x1c2 build/stm32f3xx_hal_hrtim.o
                0x08003aa4                HAL_HRTIM_WaveformCompareConfig
 .text.HAL_HRTIM_WaveformOutputConfig
                0x08003c66       0x38 build/stm32f3xx_hal_hrtim.o
                0x08003c66                HAL_HRTIM_WaveformOutputConfig
 .text.HAL_HRTIM_WaveformOutputStart
                0x08003c9e       0x38 build/stm32f3xx_hal_hrtim.o
                0x08003c9e                HAL_HRTIM_WaveformOutputStart
 .text.HAL_HRTIM_WaveformCountStart
                0x08003cd6       0x34 build/stm32f3xx_hal_hrtim.o
                0x08003cd6                HAL_HRTIM_WaveformCountStart
 *fill*         0x08003d0a        0x2 
 .text.DWT_Init
                0x08003d0c       0x4c build/bsp_dwt.o
                0x08003d0c                DWT_Init
 .text.DWT_GetDeltaT
                0x08003d58       0x34 build/bsp_dwt.o
                0x08003d58                DWT_GetDeltaT
 .text.First_Order_Filter_Init
                0x08003d8c       0x50 build/filter32.o
                0x08003d8c                First_Order_Filter_Init
 .text.First_Order_Filter_Calculate
                0x08003ddc       0x1e build/filter32.o
                0x08003ddc                First_Order_Filter_Calculate
 .text.float_constrain
                0x08003dfa       0x20 build/user_lib.o
                0x08003dfa                float_constrain
 .text.OLS_Init
                0x08003e1a       0x42 build/user_lib.o
                0x08003e1a                OLS_Init
 .text.BB_Control_Init
                0x08003e5c      0x16c build/bb_control.o
                0x08003e5c                BB_Control_Init
 .text.Data_Handle
                0x08003fc8      0x14c build/bb_control.o
                0x08003fc8                Data_Handle
 .text.Duty_Set
                0x08004114       0x90 build/bb_control.o
                0x08004114                Duty_Set
 .text.Duty_Set_FFB
                0x080041a4       0x84 build/bb_control.o
                0x080041a4                Duty_Set_FFB
 .text.MOS_PWM_Set
                0x08004228       0xbc build/bb_control.o
                0x08004228                MOS_PWM_Set
 .text.Buck_Boost_Task
                0x080042e4       0x3c build/bb_control.o
                0x080042e4                Buck_Boost_Task
 .text.Detect_Task
                0x08004320      0x194 build/detect_task.o
                0x08004320                Detect_Task
 .text.MX_TIM2_Init
                0x080044b4       0x6c build/tim.o
                0x080044b4                MX_TIM2_Init
 .text.HAL_TIM_Base_MspInit
                0x08004520       0x3a build/tim.o
                0x08004520                HAL_TIM_Base_MspInit
 *fill*         0x0800455a        0x2 
 .text.f_Integral_Limit
                0x0800455c       0x94 build/controller.o
 .text.f_Derivative_Filter
                0x080045f0       0x2e build/controller.o
 .text.f_Output_Limit
                0x0800461e       0x2e build/controller.o
 .text.f_PID_ErrorHandle
                0x0800464c       0x98 build/controller.o
 .text.PID_Init
                0x080046e4       0x70 build/controller.o
                0x080046e4                PID_Init
 .text.Inc_PID_Calculate
                0x08004754      0x160 build/controller.o
                0x08004754                Inc_PID_Calculate
 .text.MX_USART2_UART_Init
                0x080048b4       0x38 build/usart.o
                0x080048b4                MX_USART2_UART_Init
 .text.HAL_UART_MspInit
                0x080048ec      0x10c build/usart.o
                0x080048ec                HAL_UART_MspInit
 .text.UART_EndRxTransfer
                0x080049f8       0x52 build/stm32f3xx_hal_uart.o
 *fill*         0x08004a4a        0x2 
 .text.UART_SetConfig
                0x08004a4c      0x164 build/stm32f3xx_hal_uart.o
                0x08004a4c                UART_SetConfig
 .text.UART_AdvFeatureConfig
                0x08004bb0       0xca build/stm32f3xx_hal_uart.o
                0x08004bb0                UART_AdvFeatureConfig
 .text.UART_WaitOnFlagUntilTimeout
                0x08004c7a       0x9e build/stm32f3xx_hal_uart.o
                0x08004c7a                UART_WaitOnFlagUntilTimeout
 .text.UART_CheckIdleState
                0x08004d18       0xc6 build/stm32f3xx_hal_uart.o
                0x08004d18                UART_CheckIdleState
 .text.HAL_UART_Init
                0x08004dde       0x62 build/stm32f3xx_hal_uart.o
                0x08004dde                HAL_UART_Init
 .text.Reset_Handler
                0x08004e40       0x50 build/startup_stm32f334x8.o
                0x08004e40                Reset_Handler
 .text.Default_Handler
                0x08004e90        0x2 build/startup_stm32f334x8.o
                0x08004e90                RTC_Alarm_IRQHandler
                0x08004e90                HRTIM1_Master_IRQHandler
                0x08004e90                TIM1_CC_IRQHandler
                0x08004e90                HRTIM1_FLT_IRQHandler
                0x08004e90                PVD_IRQHandler
                0x08004e90                HRTIM1_TIMD_IRQHandler
                0x08004e90                TAMP_STAMP_IRQHandler
                0x08004e90                EXTI3_IRQHandler
                0x08004e90                EXTI0_IRQHandler
                0x08004e90                FPU_IRQHandler
                0x08004e90                CAN_TX_IRQHandler
                0x08004e90                TIM1_UP_TIM16_IRQHandler
                0x08004e90                ADC1_2_IRQHandler
                0x08004e90                HRTIM1_TIME_IRQHandler
                0x08004e90                SPI1_IRQHandler
                0x08004e90                CAN_SCE_IRQHandler
                0x08004e90                HRTIM1_TIMC_IRQHandler
                0x08004e90                DMA1_Channel4_IRQHandler
                0x08004e90                USART3_IRQHandler
                0x08004e90                TIM7_DAC2_IRQHandler
                0x08004e90                CAN_RX1_IRQHandler
                0x08004e90                I2C1_EV_IRQHandler
                0x08004e90                TIM3_IRQHandler
                0x08004e90                RCC_IRQHandler
                0x08004e90                Default_Handler
                0x08004e90                EXTI15_10_IRQHandler
                0x08004e90                COMP2_IRQHandler
                0x08004e90                HRTIM1_TIMA_IRQHandler
                0x08004e90                TIM6_DAC1_IRQHandler
                0x08004e90                EXTI9_5_IRQHandler
                0x08004e90                RTC_WKUP_IRQHandler
                0x08004e90                DMA1_Channel5_IRQHandler
                0x08004e90                EXTI4_IRQHandler
                0x08004e90                HRTIM1_TIMB_IRQHandler
                0x08004e90                TIM1_TRG_COM_TIM17_IRQHandler
                0x08004e90                DMA1_Channel3_IRQHandler
                0x08004e90                WWDG_IRQHandler
                0x08004e90                EXTI1_IRQHandler
                0x08004e90                COMP4_6_IRQHandler
                0x08004e90                USART2_IRQHandler
                0x08004e90                FLASH_IRQHandler
                0x08004e90                USART1_IRQHandler
                0x08004e90                CAN_RX0_IRQHandler
                0x08004e90                I2C1_ER_IRQHandler
                0x08004e90                EXTI2_TSC_IRQHandler
                0x08004e90                TIM1_BRK_TIM15_IRQHandler
 *(.glue_7)
 .glue_7        0x08004e92        0x0 linker stubs
 *(.glue_7t)
 .glue_7t       0x08004e92        0x0 linker stubs
 *(.eh_frame)
 *fill*         0x08004e92        0x2 
 .eh_frame      0x08004e94        0x0 e:/vscode/msys2/mingw64/bin/../lib/gcc/arm-none-eabi/12.2.0/thumb/v7e-m+fp/hard/crtbegin.o
 *(.init)
 .init          0x08004e94        0x4 e:/vscode/msys2/mingw64/bin/../lib/gcc/arm-none-eabi/12.2.0/thumb/v7e-m+fp/hard/crti.o
                0x08004e94                _init
 .init          0x08004e98        0x8 e:/vscode/msys2/mingw64/bin/../lib/gcc/arm-none-eabi/12.2.0/thumb/v7e-m+fp/hard/crtn.o
 *(.fini)
 .fini          0x08004ea0        0x4 e:/vscode/msys2/mingw64/bin/../lib/gcc/arm-none-eabi/12.2.0/thumb/v7e-m+fp/hard/crti.o
                0x08004ea0                _fini
 .fini          0x08004ea4        0x8 e:/vscode/msys2/mingw64/bin/../lib/gcc/arm-none-eabi/12.2.0/thumb/v7e-m+fp/hard/crtn.o
                0x08004eac                        . = ALIGN (0x4)
                0x08004eac                        _etext = .

.vfp11_veneer   0x08004eac        0x0
 .vfp11_veneer  0x08004eac        0x0 linker stubs

.v4_bx          0x08004eac        0x0
 .v4_bx         0x08004eac        0x0 linker stubs

.iplt           0x08004eac        0x0
 .iplt          0x08004eac        0x0 e:/vscode/msys2/mingw64/bin/../lib/gcc/arm-none-eabi/12.2.0/thumb/v7e-m+fp/hard/crtbegin.o

.rodata         0x08004eac       0x38
                0x08004eac                        . = ALIGN (0x4)
 *(.rodata)
 *(.rodata*)
 .rodata.aPredivFactorTable
                0x08004eac       0x10 build/stm32f3xx_hal_rcc.o
 .rodata.aPLLMULFactorTable
                0x08004ebc       0x10 build/stm32f3xx_hal_rcc.o
 .rodata.APBPrescTable
                0x08004ecc        0x8 build/system_stm32f3xx.o
                0x08004ecc                APBPrescTable
 .rodata.AHBPrescTable
                0x08004ed4       0x10 build/system_stm32f3xx.o
                0x08004ed4                AHBPrescTable
                0x08004ee4                        . = ALIGN (0x4)

.rel.dyn        0x08004ee4        0x0
 .rel.iplt      0x08004ee4        0x0 e:/vscode/msys2/mingw64/bin/../lib/gcc/arm-none-eabi/12.2.0/thumb/v7e-m+fp/hard/crtbegin.o

.ARM.extab
 *(.ARM.extab* .gnu.linkonce.armextab.*)

.ARM            0x08004ee4        0x0
                0x08004ee4                        __exidx_start = .
 *(.ARM.exidx*)
                0x08004ee4                        __exidx_end = .

.preinit_array  0x08004ee4        0x0
                0x08004ee4                        PROVIDE (__preinit_array_start = .)
 *(.preinit_array*)
                0x08004ee4                        PROVIDE (__preinit_array_end = .)

.init_array     0x08004ee4        0x4
                0x08004ee4                        PROVIDE (__init_array_start = .)
 *(SORT_BY_NAME(.init_array.*))
 *(.init_array*)
 .init_array    0x08004ee4        0x4 e:/vscode/msys2/mingw64/bin/../lib/gcc/arm-none-eabi/12.2.0/thumb/v7e-m+fp/hard/crtbegin.o
                0x08004ee8                        PROVIDE (__init_array_end = .)

.fini_array     0x08004ee8        0x4
                0x08004ee8                        PROVIDE (__fini_array_start = .)
 *(SORT_BY_NAME(.fini_array.*))
 *(.fini_array*)
 .fini_array    0x08004ee8        0x4 e:/vscode/msys2/mingw64/bin/../lib/gcc/arm-none-eabi/12.2.0/thumb/v7e-m+fp/hard/crtbegin.o
                0x08004eec                        PROVIDE (__fini_array_end = .)
                0x08004eec                        _sidata = LOADADDR (.data)

.data           0x20000000       0x5c load address 0x08004eec
                0x20000000                        . = ALIGN (0x4)
                0x20000000                        _sdata = .
 *(.data)
 .data          0x20000000       0x50 e:/vscode/msys2/mingw64/bin/../lib/gcc/arm-none-eabi/12.2.0/../../../../arm-none-eabi/lib/thumb/v7e-m+fp/hard\libc_nano.a(libc_a-impure.o)
                0x20000000                _impure_ptr
                0x20000004                _impure_data
 *(.data*)
 .data.uwTickFreq
                0x20000050        0x1 build/stm32f3xx_hal.o
                0x20000050                uwTickFreq
 *fill*         0x20000051        0x3 
 .data.uwTickPrio
                0x20000054        0x4 build/stm32f3xx_hal.o
                0x20000054                uwTickPrio
 .data.SystemCoreClock
                0x20000058        0x4 build/system_stm32f3xx.o
                0x20000058                SystemCoreClock
                0x2000005c                        . = ALIGN (0x4)
                0x2000005c                        _edata = .
                0x08004f48                        _siccmram = LOADADDR (.ccmram)

.igot.plt       0x2000005c        0x0 load address 0x08004f48
 .igot.plt      0x2000005c        0x0 e:/vscode/msys2/mingw64/bin/../lib/gcc/arm-none-eabi/12.2.0/thumb/v7e-m+fp/hard/crtbegin.o

.ccmram         0x10000000        0x0 load address 0x08004f48
                0x10000000                        . = ALIGN (0x4)
                0x10000000                        _sccmram = .
 *(.ccmram)
 *(.ccmram*)
                0x10000000                        . = ALIGN (0x4)
                0x10000000                        _eccmram = .
                0x10000000                        . = ALIGN (0x4)

.bss            0x20000060      0x7d8
                0x20000060                        _sbss = .
                0x20000060                        __bss_start__ = _sbss
 *(.bss)
 .bss           0x20000060        0x8 e:/vscode/msys2/mingw64/bin/../lib/gcc/arm-none-eabi/12.2.0/../../../../arm-none-eabi/lib/thumb/v7e-m+fp/hard\libc_nano.a(libc_a-mallocr.o)
                0x20000060                __malloc_sbrk_start
                0x20000064                __malloc_free_list
 .bss           0x20000068      0x13c e:/vscode/msys2/mingw64/bin/../lib/gcc/arm-none-eabi/12.2.0/../../../../arm-none-eabi/lib/thumb/v7e-m+fp/hard\libc_nano.a(libc_a-findfp.o)
                0x20000068                __sf
                0x200001a0                __stdio_exit_handler
 .bss           0x200001a4        0x4 e:/vscode/msys2/mingw64/bin/../lib/gcc/arm-none-eabi/12.2.0/../../../../arm-none-eabi/lib/thumb/v7e-m+fp/hard\libc_nano.a(libc_a-reent.o)
                0x200001a4                errno
 .bss           0x200001a8       0x1d e:/vscode/msys2/mingw64/bin/../lib/gcc/arm-none-eabi/12.2.0/../../../../arm-none-eabi/lib/thumb/v7e-m+fp/hard\libc_nano.a(libc_a-lock.o)
                0x200001a8                __lock___arc4random_mutex
                0x200001ac                __lock___dd_hash_mutex
                0x200001b0                __lock___tz_mutex
                0x200001b4                __lock___env_recursive_mutex
                0x200001b8                __lock___malloc_recursive_mutex
                0x200001bc                __lock___at_quick_exit_mutex
                0x200001c0                __lock___atexit_recursive_mutex
                0x200001c4                __lock___sfp_recursive_mutex
 *(.bss*)
 .bss.completed.1
                0x200001c5        0x1 e:/vscode/msys2/mingw64/bin/../lib/gcc/arm-none-eabi/12.2.0/thumb/v7e-m+fp/hard/crtbegin.o
 *fill*         0x200001c6        0x2 
 .bss.object.0  0x200001c8       0x18 e:/vscode/msys2/mingw64/bin/../lib/gcc/arm-none-eabi/12.2.0/thumb/v7e-m+fp/hard/crtbegin.o
 .bss.count.0   0x200001e0        0x4 build/main.o
 .bss.uwTick    0x200001e4        0x4 build/stm32f3xx_hal.o
                0x200001e4                uwTick
 .bss.__sbrk_heap_end
                0x200001e8        0x4 build/sysmem.o
 .bss.HAL_RCC_ADC12_CLK_ENABLED
                0x200001ec        0x4 build/adc.o
 .bss.hdma_adc2
                0x200001f0       0x44 build/adc.o
                0x200001f0                hdma_adc2
 .bss.hdma_adc1
                0x20000234       0x44 build/adc.o
                0x20000234                hdma_adc1
 .bss.hadc2     0x20000278       0x50 build/adc.o
                0x20000278                hadc2
 .bss.hadc1     0x200002c8       0x50 build/adc.o
                0x200002c8                hadc1
 .bss.hhrtim1   0x20000318       0xdc build/hrtim.o
                0x20000318                hhrtim1
 .bss.DWT_Timeline
                0x200003f4        0x4 build/bsp_dwt.o
 .bss.CYCCNT_RountCount
                0x200003f8        0x4 build/bsp_dwt.o
 .bss.CPU_FREQ_Hz
                0x200003fc        0x4 build/bsp_dwt.o
 .bss.dutyoutput.0
                0x20000400        0x4 build/bb_control.o
 .bss.duty_voltage_gain_ref.1
                0x20000404        0x4 build/bb_control.o
 .bss.duty_voltage_gain_measure.2
                0x20000408        0x4 build/bb_control.o
 .bss.duty_cyc2.3
                0x2000040c        0x4 build/bb_control.o
 .bss.count_duty_set.4
                0x20000410        0x4 build/bb_control.o
 .bss.duty_cyc1.5
                0x20000414        0x4 build/bb_control.o
 .bss.bb        0x20000418      0x248 build/bb_control.o
                0x20000418                bb
 .bss.ADC2_Rx   0x20000660        0x4 build/bb_control.o
                0x20000660                ADC2_Rx
 .bss.ADC1_Rx   0x20000664        0x8 build/bb_control.o
                0x20000664                ADC1_Rx
 .bss.DWT_Count
                0x2000066c        0x4 build/bb_control.o
                0x2000066c                DWT_Count
 .bss.kp_ffb1   0x20000670        0x4 build/bb_control.o
                0x20000670                kp_ffb1
 .bss.t         0x20000674        0x4 build/bb_control.o
 .bss.dt        0x20000678        0x4 build/bb_control.o
 .bss.error_num_display.0
                0x2000067c        0x1 build/detect_task.o
 *fill*         0x2000067d        0x3 
 .bss.system_time.1
                0x20000680        0x4 build/detect_task.o
 .bss.Detect_List
                0x20000684       0x50 build/detect_task.o
                0x20000684                Detect_List
 .bss.htim2     0x200006d4       0x4c build/tim.o
                0x200006d4                htim2
 .bss.temp_Output.7
                0x20000720        0x4 build/controller.o
 .bss.temp_Iout.8
                0x20000724        0x4 build/controller.o
 .bss.hdma_usart2_rx
                0x20000728       0x44 build/usart.o
                0x20000728                hdma_usart2_rx
 .bss.hdma_usart2_tx
                0x2000076c       0x44 build/usart.o
                0x2000076c                hdma_usart2_tx
 .bss.huart2    0x200007b0       0x88 build/usart.o
                0x200007b0                huart2
 *(COMMON)
                0x20000838                        . = ALIGN (0x4)
                0x20000838                        _ebss = .
                0x20000838                        __bss_end__ = _ebss

._user_heap_stack
                0x20000838      0x600
                0x20000838                        . = ALIGN (0x8)
                [!provide]                        PROVIDE (end = .)
                0x20000838                        PROVIDE (_end = .)
                0x20000a38                        . = (. + _Min_Heap_Size)
 *fill*         0x20000838      0x200 
                0x20000e38                        . = (. + _Min_Stack_Size)
 *fill*         0x20000a38      0x400 
                0x20000e38                        . = ALIGN (0x8)

/DISCARD/
 libc.a(*)
 libm.a(*)
 libgcc.a(*)

.ARM.attributes
                0x00000000       0x30
 *(.ARM.attributes)
 .ARM.attributes
                0x00000000       0x22 e:/vscode/msys2/mingw64/bin/../lib/gcc/arm-none-eabi/12.2.0/thumb/v7e-m+fp/hard/crti.o
 .ARM.attributes
                0x00000022       0x34 e:/vscode/msys2/mingw64/bin/../lib/gcc/arm-none-eabi/12.2.0/thumb/v7e-m+fp/hard/crtbegin.o
 .ARM.attributes
                0x00000056       0x34 build/main.o
 .ARM.attributes
                0x0000008a       0x34 build/gpio.o
 .ARM.attributes
                0x000000be       0x34 build/stm32f3xx_it.o
 .ARM.attributes
                0x000000f2       0x34 build/stm32f3xx_hal_msp.o
 .ARM.attributes
                0x00000126       0x34 build/stm32f3xx_hal_tim.o
 .ARM.attributes
                0x0000015a       0x34 build/stm32f3xx_hal_tim_ex.o
 .ARM.attributes
                0x0000018e       0x34 build/stm32f3xx_hal.o
 .ARM.attributes
                0x000001c2       0x34 build/stm32f3xx_hal_rcc.o
 .ARM.attributes
                0x000001f6       0x34 build/stm32f3xx_hal_rcc_ex.o
 .ARM.attributes
                0x0000022a       0x34 build/stm32f3xx_hal_gpio.o
 .ARM.attributes
                0x0000025e       0x34 build/stm32f3xx_hal_dma.o
 .ARM.attributes
                0x00000292       0x34 build/stm32f3xx_hal_cortex.o
 .ARM.attributes
                0x000002c6       0x34 build/system_stm32f3xx.o
 .ARM.attributes
                0x000002fa       0x34 build/sysmem.o
 .ARM.attributes
                0x0000032e       0x34 build/adc.o
 .ARM.attributes
                0x00000362       0x34 build/dma.o
 .ARM.attributes
                0x00000396       0x34 build/hrtim.o
 .ARM.attributes
                0x000003ca       0x34 build/stm32f3xx_hal_adc.o
 .ARM.attributes
                0x000003fe       0x34 build/stm32f3xx_hal_adc_ex.o
 .ARM.attributes
                0x00000432       0x34 build/stm32f3xx_hal_hrtim.o
 .ARM.attributes
                0x00000466       0x34 build/bsp_dwt.o
 .ARM.attributes
                0x0000049a       0x34 build/filter32.o
 .ARM.attributes
                0x000004ce       0x34 build/user_lib.o
 .ARM.attributes
                0x00000502       0x34 build/bb_control.o
 .ARM.attributes
                0x00000536       0x34 build/detect_task.o
 .ARM.attributes
                0x0000056a       0x34 build/tim.o
 .ARM.attributes
                0x0000059e       0x34 build/controller.o
 .ARM.attributes
                0x000005d2       0x34 build/usart.o
 .ARM.attributes
                0x00000606       0x34 build/stm32f3xx_hal_uart.o
 .ARM.attributes
                0x0000063a       0x21 build/startup_stm32f334x8.o
 .ARM.attributes
                0x0000065b       0x34 e:/vscode/msys2/mingw64/bin/../lib/gcc/arm-none-eabi/12.2.0/../../../../arm-none-eabi/lib/thumb/v7e-m+fp/hard\libc_nano.a(libc_a-malloc.o)
 .ARM.attributes
                0x0000068f       0x34 e:/vscode/msys2/mingw64/bin/../lib/gcc/arm-none-eabi/12.2.0/../../../../arm-none-eabi/lib/thumb/v7e-m+fp/hard\libc_nano.a(libc_a-mallocr.o)
 .ARM.attributes
                0x000006c3       0x34 e:/vscode/msys2/mingw64/bin/../lib/gcc/arm-none-eabi/12.2.0/../../../../arm-none-eabi/lib/thumb/v7e-m+fp/hard\libc_nano.a(libc_a-mlock.o)
 .ARM.attributes
                0x000006f7       0x34 e:/vscode/msys2/mingw64/bin/../lib/gcc/arm-none-eabi/12.2.0/../../../../arm-none-eabi/lib/thumb/v7e-m+fp/hard\libc_nano.a(libc_a-findfp.o)
 .ARM.attributes
                0x0000072b       0x34 e:/vscode/msys2/mingw64/bin/../lib/gcc/arm-none-eabi/12.2.0/../../../../arm-none-eabi/lib/thumb/v7e-m+fp/hard\libc_nano.a(libc_a-memset.o)
 .ARM.attributes
                0x0000075f       0x34 e:/vscode/msys2/mingw64/bin/../lib/gcc/arm-none-eabi/12.2.0/../../../../arm-none-eabi/lib/thumb/v7e-m+fp/hard\libc_nano.a(libc_a-reent.o)
 .ARM.attributes
                0x00000793       0x34 e:/vscode/msys2/mingw64/bin/../lib/gcc/arm-none-eabi/12.2.0/../../../../arm-none-eabi/lib/thumb/v7e-m+fp/hard\libc_nano.a(libc_a-impure.o)
 .ARM.attributes
                0x000007c7       0x34 e:/vscode/msys2/mingw64/bin/../lib/gcc/arm-none-eabi/12.2.0/../../../../arm-none-eabi/lib/thumb/v7e-m+fp/hard\libc_nano.a(libc_a-sbrkr.o)
 .ARM.attributes
                0x000007fb       0x34 e:/vscode/msys2/mingw64/bin/../lib/gcc/arm-none-eabi/12.2.0/../../../../arm-none-eabi/lib/thumb/v7e-m+fp/hard\libc_nano.a(libc_a-errno.o)
 .ARM.attributes
                0x0000082f       0x34 e:/vscode/msys2/mingw64/bin/../lib/gcc/arm-none-eabi/12.2.0/../../../../arm-none-eabi/lib/thumb/v7e-m+fp/hard\libc_nano.a(libc_a-init.o)
 .ARM.attributes
                0x00000863       0x34 e:/vscode/msys2/mingw64/bin/../lib/gcc/arm-none-eabi/12.2.0/../../../../arm-none-eabi/lib/thumb/v7e-m+fp/hard\libc_nano.a(libc_a-lock.o)
 .ARM.attributes
                0x00000897       0x34 e:/vscode/msys2/mingw64/bin/../lib/gcc/arm-none-eabi/12.2.0/../../../../arm-none-eabi/lib/thumb/v7e-m+fp/hard\libc_nano.a(libc_a-freer.o)
 .ARM.attributes
                0x000008cb       0x22 e:/vscode/msys2/mingw64/bin/../lib/gcc/arm-none-eabi/12.2.0/thumb/v7e-m+fp/hard\libgcc.a(_arm_addsubdf3.o)
 .ARM.attributes
                0x000008ed       0x22 e:/vscode/msys2/mingw64/bin/../lib/gcc/arm-none-eabi/12.2.0/thumb/v7e-m+fp/hard\libgcc.a(_arm_muldivdf3.o)
 .ARM.attributes
                0x0000090f       0x22 e:/vscode/msys2/mingw64/bin/../lib/gcc/arm-none-eabi/12.2.0/thumb/v7e-m+fp/hard\libgcc.a(_arm_truncdfsf2.o)
 .ARM.attributes
                0x00000931       0x22 e:/vscode/msys2/mingw64/bin/../lib/gcc/arm-none-eabi/12.2.0/thumb/v7e-m+fp/hard/crtn.o
OUTPUT(build/WireLess_BB_Driver.elf elf32-littlearm)
LOAD linker stubs
LOAD e:/vscode/msys2/mingw64/bin/../lib/gcc/arm-none-eabi/12.2.0/../../../../arm-none-eabi/lib/thumb/v7e-m+fp/hard\libc.a
LOAD e:/vscode/msys2/mingw64/bin/../lib/gcc/arm-none-eabi/12.2.0/../../../../arm-none-eabi/lib/thumb/v7e-m+fp/hard\libm.a
LOAD e:/vscode/msys2/mingw64/bin/../lib/gcc/arm-none-eabi/12.2.0/thumb/v7e-m+fp/hard\libgcc.a

.debug_info     0x00000000    0x27708
 .debug_info    0x00000000      0xc97 build/main.o
 .debug_info    0x00000c97      0x400 build/gpio.o
 .debug_info    0x00001097      0x8e7 build/stm32f3xx_it.o
 .debug_info    0x0000197e      0x1c9 build/stm32f3xx_hal_msp.o
 .debug_info    0x00001b47     0x41ec build/stm32f3xx_hal_tim.o
 .debug_info    0x00005d33     0x1e27 build/stm32f3xx_hal_tim_ex.o
 .debug_info    0x00007b5a      0x8fd build/stm32f3xx_hal.o
 .debug_info    0x00008457     0x1661 build/stm32f3xx_hal_rcc.o
 .debug_info    0x00009ab8      0x687 build/stm32f3xx_hal_rcc_ex.o
 .debug_info    0x0000a13f      0x824 build/stm32f3xx_hal_gpio.o
 .debug_info    0x0000a963      0x8f4 build/stm32f3xx_hal_dma.o
 .debug_info    0x0000b257      0xe3e build/stm32f3xx_hal_cortex.o
 .debug_info    0x0000c095      0x47d build/system_stm32f3xx.o
 .debug_info    0x0000c512      0x18c build/sysmem.o
 .debug_info    0x0000c69e      0xe71 build/adc.o
 .debug_info    0x0000d50f      0x41f build/dma.o
 .debug_info    0x0000d92e     0x16e3 build/hrtim.o
 .debug_info    0x0000f011      0xd01 build/stm32f3xx_hal_adc.o
 .debug_info    0x0000fd12     0x200e build/stm32f3xx_hal_adc_ex.o
 .debug_info    0x00011d20     0x499d build/stm32f3xx_hal_hrtim.o
 .debug_info    0x000166bd      0x498 build/bsp_dwt.o
 .debug_info    0x00016b55      0x5c8 build/filter32.o
 .debug_info    0x0001711d      0x978 build/user_lib.o
 .debug_info    0x00017a95     0x1f4f build/bb_control.o
 .debug_info    0x000199e4      0x443 build/detect_task.o
 .debug_info    0x00019e27      0xc41 build/tim.o
 .debug_info    0x0001aa68     0x17df build/controller.o
 .debug_info    0x0001c247      0xbe4 build/usart.o
 .debug_info    0x0001ce2b     0x52f1 build/stm32f3xx_hal_uart.o
 .debug_info    0x0002211c       0x30 build/startup_stm32f334x8.o
 .debug_info    0x0002214c      0x794 e:/vscode/msys2/mingw64/bin/../lib/gcc/arm-none-eabi/12.2.0/../../../../arm-none-eabi/lib/thumb/v7e-m+fp/hard\libc_nano.a(libc_a-malloc.o)
 .debug_info    0x000228e0      0x9c1 e:/vscode/msys2/mingw64/bin/../lib/gcc/arm-none-eabi/12.2.0/../../../../arm-none-eabi/lib/thumb/v7e-m+fp/hard\libc_nano.a(libc_a-mallocr.o)
 .debug_info    0x000232a1      0x76b e:/vscode/msys2/mingw64/bin/../lib/gcc/arm-none-eabi/12.2.0/../../../../arm-none-eabi/lib/thumb/v7e-m+fp/hard\libc_nano.a(libc_a-mlock.o)
 .debug_info    0x00023a0c     0x10be e:/vscode/msys2/mingw64/bin/../lib/gcc/arm-none-eabi/12.2.0/../../../../arm-none-eabi/lib/thumb/v7e-m+fp/hard\libc_nano.a(libc_a-findfp.o)
 .debug_info    0x00024aca      0x135 e:/vscode/msys2/mingw64/bin/../lib/gcc/arm-none-eabi/12.2.0/../../../../arm-none-eabi/lib/thumb/v7e-m+fp/hard\libc_nano.a(libc_a-memset.o)
 .debug_info    0x00024bff      0x8a3 e:/vscode/msys2/mingw64/bin/../lib/gcc/arm-none-eabi/12.2.0/../../../../arm-none-eabi/lib/thumb/v7e-m+fp/hard\libc_nano.a(libc_a-reent.o)
 .debug_info    0x000254a2      0x715 e:/vscode/msys2/mingw64/bin/../lib/gcc/arm-none-eabi/12.2.0/../../../../arm-none-eabi/lib/thumb/v7e-m+fp/hard\libc_nano.a(libc_a-impure.o)
 .debug_info    0x00025bb7      0x77c e:/vscode/msys2/mingw64/bin/../lib/gcc/arm-none-eabi/12.2.0/../../../../arm-none-eabi/lib/thumb/v7e-m+fp/hard\libc_nano.a(libc_a-sbrkr.o)
 .debug_info    0x00026333      0x6fb e:/vscode/msys2/mingw64/bin/../lib/gcc/arm-none-eabi/12.2.0/../../../../arm-none-eabi/lib/thumb/v7e-m+fp/hard\libc_nano.a(libc_a-errno.o)
 .debug_info    0x00026a2e      0x10b e:/vscode/msys2/mingw64/bin/../lib/gcc/arm-none-eabi/12.2.0/../../../../arm-none-eabi/lib/thumb/v7e-m+fp/hard\libc_nano.a(libc_a-init.o)
 .debug_info    0x00026b39      0x20a e:/vscode/msys2/mingw64/bin/../lib/gcc/arm-none-eabi/12.2.0/../../../../arm-none-eabi/lib/thumb/v7e-m+fp/hard\libc_nano.a(libc_a-lock.o)
 .debug_info    0x00026d43      0x877 e:/vscode/msys2/mingw64/bin/../lib/gcc/arm-none-eabi/12.2.0/../../../../arm-none-eabi/lib/thumb/v7e-m+fp/hard\libc_nano.a(libc_a-freer.o)
 .debug_info    0x000275ba       0xc0 e:/vscode/msys2/mingw64/bin/../lib/gcc/arm-none-eabi/12.2.0/thumb/v7e-m+fp/hard\libgcc.a(_arm_addsubdf3.o)
 .debug_info    0x0002767a       0x52 e:/vscode/msys2/mingw64/bin/../lib/gcc/arm-none-eabi/12.2.0/thumb/v7e-m+fp/hard\libgcc.a(_arm_muldivdf3.o)
 .debug_info    0x000276cc       0x3c e:/vscode/msys2/mingw64/bin/../lib/gcc/arm-none-eabi/12.2.0/thumb/v7e-m+fp/hard\libgcc.a(_arm_truncdfsf2.o)

.debug_abbrev   0x00000000     0x5548
 .debug_abbrev  0x00000000      0x2be build/main.o
 .debug_abbrev  0x000002be      0x160 build/gpio.o
 .debug_abbrev  0x0000041e      0x1ac build/stm32f3xx_it.o
 .debug_abbrev  0x000005ca       0xc1 build/stm32f3xx_hal_msp.o
 .debug_abbrev  0x0000068b      0x2bd build/stm32f3xx_hal_tim.o
 .debug_abbrev  0x00000948      0x2b7 build/stm32f3xx_hal_tim_ex.o
 .debug_abbrev  0x00000bff      0x245 build/stm32f3xx_hal.o
 .debug_abbrev  0x00000e44      0x353 build/stm32f3xx_hal_rcc.o
 .debug_abbrev  0x00001197      0x266 build/stm32f3xx_hal_rcc_ex.o
 .debug_abbrev  0x000013fd      0x222 build/stm32f3xx_hal_gpio.o
 .debug_abbrev  0x0000161f      0x26a build/stm32f3xx_hal_dma.o
 .debug_abbrev  0x00001889      0x3aa build/stm32f3xx_hal_cortex.o
 .debug_abbrev  0x00001c33      0x11b build/system_stm32f3xx.o
 .debug_abbrev  0x00001d4e       0xeb build/sysmem.o
 .debug_abbrev  0x00001e39      0x227 build/adc.o
 .debug_abbrev  0x00002060      0x11d build/dma.o
 .debug_abbrev  0x0000217d      0x24c build/hrtim.o
 .debug_abbrev  0x000023c9      0x18d build/stm32f3xx_hal_adc.o
 .debug_abbrev  0x00002556      0x337 build/stm32f3xx_hal_adc_ex.o
 .debug_abbrev  0x0000288d      0x2c1 build/stm32f3xx_hal_hrtim.o
 .debug_abbrev  0x00002b4e      0x144 build/bsp_dwt.o
 .debug_abbrev  0x00002c92      0x181 build/filter32.o
 .debug_abbrev  0x00002e13      0x255 build/user_lib.o
 .debug_abbrev  0x00003068      0x27a build/bb_control.o
 .debug_abbrev  0x000032e2      0x20e build/detect_task.o
 .debug_abbrev  0x000034f0      0x21a build/tim.o
 .debug_abbrev  0x0000370a      0x308 build/controller.o
 .debug_abbrev  0x00003a12      0x217 build/usart.o
 .debug_abbrev  0x00003c29      0x334 build/stm32f3xx_hal_uart.o
 .debug_abbrev  0x00003f5d       0x1d build/startup_stm32f334x8.o
 .debug_abbrev  0x00003f7a      0x1cf e:/vscode/msys2/mingw64/bin/../lib/gcc/arm-none-eabi/12.2.0/../../../../arm-none-eabi/lib/thumb/v7e-m+fp/hard\libc_nano.a(libc_a-malloc.o)
 .debug_abbrev  0x00004149      0x24a e:/vscode/msys2/mingw64/bin/../lib/gcc/arm-none-eabi/12.2.0/../../../../arm-none-eabi/lib/thumb/v7e-m+fp/hard\libc_nano.a(libc_a-mallocr.o)
 .debug_abbrev  0x00004393      0x1bf e:/vscode/msys2/mingw64/bin/../lib/gcc/arm-none-eabi/12.2.0/../../../../arm-none-eabi/lib/thumb/v7e-m+fp/hard\libc_nano.a(libc_a-mlock.o)
 .debug_abbrev  0x00004552      0x446 e:/vscode/msys2/mingw64/bin/../lib/gcc/arm-none-eabi/12.2.0/../../../../arm-none-eabi/lib/thumb/v7e-m+fp/hard\libc_nano.a(libc_a-findfp.o)
 .debug_abbrev  0x00004998       0xb7 e:/vscode/msys2/mingw64/bin/../lib/gcc/arm-none-eabi/12.2.0/../../../../arm-none-eabi/lib/thumb/v7e-m+fp/hard\libc_nano.a(libc_a-memset.o)
 .debug_abbrev  0x00004a4f      0x1ee e:/vscode/msys2/mingw64/bin/../lib/gcc/arm-none-eabi/12.2.0/../../../../arm-none-eabi/lib/thumb/v7e-m+fp/hard\libc_nano.a(libc_a-reent.o)
 .debug_abbrev  0x00004c3d      0x149 e:/vscode/msys2/mingw64/bin/../lib/gcc/arm-none-eabi/12.2.0/../../../../arm-none-eabi/lib/thumb/v7e-m+fp/hard\libc_nano.a(libc_a-impure.o)
 .debug_abbrev  0x00004d86      0x1da e:/vscode/msys2/mingw64/bin/../lib/gcc/arm-none-eabi/12.2.0/../../../../arm-none-eabi/lib/thumb/v7e-m+fp/hard\libc_nano.a(libc_a-sbrkr.o)
 .debug_abbrev  0x00004f60      0x15e e:/vscode/msys2/mingw64/bin/../lib/gcc/arm-none-eabi/12.2.0/../../../../arm-none-eabi/lib/thumb/v7e-m+fp/hard\libc_nano.a(libc_a-errno.o)
 .debug_abbrev  0x000050be       0xc9 e:/vscode/msys2/mingw64/bin/../lib/gcc/arm-none-eabi/12.2.0/../../../../arm-none-eabi/lib/thumb/v7e-m+fp/hard\libc_nano.a(libc_a-init.o)
 .debug_abbrev  0x00005187      0x115 e:/vscode/msys2/mingw64/bin/../lib/gcc/arm-none-eabi/12.2.0/../../../../arm-none-eabi/lib/thumb/v7e-m+fp/hard\libc_nano.a(libc_a-lock.o)
 .debug_abbrev  0x0000529c      0x249 e:/vscode/msys2/mingw64/bin/../lib/gcc/arm-none-eabi/12.2.0/../../../../arm-none-eabi/lib/thumb/v7e-m+fp/hard\libc_nano.a(libc_a-freer.o)
 .debug_abbrev  0x000054e5       0x21 e:/vscode/msys2/mingw64/bin/../lib/gcc/arm-none-eabi/12.2.0/thumb/v7e-m+fp/hard\libgcc.a(_arm_addsubdf3.o)
 .debug_abbrev  0x00005506       0x21 e:/vscode/msys2/mingw64/bin/../lib/gcc/arm-none-eabi/12.2.0/thumb/v7e-m+fp/hard\libgcc.a(_arm_muldivdf3.o)
 .debug_abbrev  0x00005527       0x21 e:/vscode/msys2/mingw64/bin/../lib/gcc/arm-none-eabi/12.2.0/thumb/v7e-m+fp/hard\libgcc.a(_arm_truncdfsf2.o)

.debug_loc      0x00000000    0x1b615
 .debug_loc     0x00000000       0xab build/main.o
 .debug_loc     0x000000ab       0x38 build/gpio.o
 .debug_loc     0x000000e3       0xc0 build/stm32f3xx_it.o
 .debug_loc     0x000001a3       0x2c build/stm32f3xx_hal_msp.o
 .debug_loc     0x000001cf     0x60ef build/stm32f3xx_hal_tim.o
 .debug_loc     0x000062be     0x2561 build/stm32f3xx_hal_tim_ex.o
 .debug_loc     0x0000881f      0x1e1 build/stm32f3xx_hal.o
 .debug_loc     0x00008a00      0xf10 build/stm32f3xx_hal_rcc.o
 .debug_loc     0x00009910      0x846 build/stm32f3xx_hal_rcc_ex.o
 .debug_loc     0x0000a156      0x46f build/stm32f3xx_hal_gpio.o
 .debug_loc     0x0000a5c5      0x93c build/stm32f3xx_hal_dma.o
 .debug_loc     0x0000af01      0x782 build/stm32f3xx_hal_cortex.o
 .debug_loc     0x0000b683      0x123 build/system_stm32f3xx.o
 .debug_loc     0x0000b7a6       0x84 build/sysmem.o
 .debug_loc     0x0000b82a      0x1cc build/adc.o
 .debug_loc     0x0000b9f6       0x38 build/dma.o
 .debug_loc     0x0000ba2e       0xf8 build/hrtim.o
 .debug_loc     0x0000bb26      0x22b build/stm32f3xx_hal_adc.o
 .debug_loc     0x0000bd51     0x24b7 build/stm32f3xx_hal_adc_ex.o
 .debug_loc     0x0000e208     0x66c1 build/stm32f3xx_hal_hrtim.o
 .debug_loc     0x000148c9      0x17a build/bsp_dwt.o
 .debug_loc     0x00014a43      0x2c2 build/filter32.o
 .debug_loc     0x00014d05      0x548 build/user_lib.o
 .debug_loc     0x0001524d       0xf0 build/bb_control.o
 .debug_loc     0x0001533d      0x163 build/detect_task.o
 .debug_loc     0x000154a0      0x103 build/tim.o
 .debug_loc     0x000155a3      0xf73 build/controller.o
 .debug_loc     0x00016516       0xf5 build/usart.o
 .debug_loc     0x0001660b     0x500a build/stm32f3xx_hal_uart.o

.debug_aranges  0x00000000     0x17b0
 .debug_aranges
                0x00000000       0x38 build/main.o
 .debug_aranges
                0x00000038       0x20 build/gpio.o
 .debug_aranges
                0x00000058       0x88 build/stm32f3xx_it.o
 .debug_aranges
                0x000000e0       0x20 build/stm32f3xx_hal_msp.o
 .debug_aranges
                0x00000100      0x3e0 build/stm32f3xx_hal_tim.o
 .debug_aranges
                0x000004e0      0x178 build/stm32f3xx_hal_tim_ex.o
 .debug_aranges
                0x00000658       0xe0 build/stm32f3xx_hal.o
 .debug_aranges
                0x00000738       0x88 build/stm32f3xx_hal_rcc.o
 .debug_aranges
                0x000007c0       0x38 build/stm32f3xx_hal_rcc_ex.o
 .debug_aranges
                0x000007f8       0x58 build/stm32f3xx_hal_gpio.o
 .debug_aranges
                0x00000850       0x88 build/stm32f3xx_hal_dma.o
 .debug_aranges
                0x000008d8       0xc0 build/stm32f3xx_hal_cortex.o
 .debug_aranges
                0x00000998       0x28 build/system_stm32f3xx.o
 .debug_aranges
                0x000009c0       0x20 build/sysmem.o
 .debug_aranges
                0x000009e0       0x38 build/adc.o
 .debug_aranges
                0x00000a18       0x20 build/dma.o
 .debug_aranges
                0x00000a38       0x38 build/hrtim.o
 .debug_aranges
                0x00000a70       0xc8 build/stm32f3xx_hal_adc.o
 .debug_aranges
                0x00000b38      0x168 build/stm32f3xx_hal_adc_ex.o
 .debug_aranges
                0x00000ca0      0x408 build/stm32f3xx_hal_hrtim.o
 .debug_aranges
                0x000010a8       0x40 build/bsp_dwt.o
 .debug_aranges
                0x000010e8       0x48 build/filter32.o
 .debug_aranges
                0x00001130       0xa8 build/user_lib.o
 .debug_aranges
                0x000011d8       0x48 build/bb_control.o
 .debug_aranges
                0x00001220       0x40 build/detect_task.o
 .debug_aranges
                0x00001260       0x30 build/tim.o
 .debug_aranges
                0x00001290       0xc8 build/controller.o
 .debug_aranges
                0x00001358       0x30 build/usart.o
 .debug_aranges
                0x00001388      0x228 build/stm32f3xx_hal_uart.o
 .debug_aranges
                0x000015b0       0x28 build/startup_stm32f334x8.o
 .debug_aranges
                0x000015d8       0x20 e:/vscode/msys2/mingw64/bin/../lib/gcc/arm-none-eabi/12.2.0/../../../../arm-none-eabi/lib/thumb/v7e-m+fp/hard\libc_nano.a(libc_a-malloc.o)
 .debug_aranges
                0x000015f8       0x20 e:/vscode/msys2/mingw64/bin/../lib/gcc/arm-none-eabi/12.2.0/../../../../arm-none-eabi/lib/thumb/v7e-m+fp/hard\libc_nano.a(libc_a-mallocr.o)
 .debug_aranges
                0x00001618       0x20 e:/vscode/msys2/mingw64/bin/../lib/gcc/arm-none-eabi/12.2.0/../../../../arm-none-eabi/lib/thumb/v7e-m+fp/hard\libc_nano.a(libc_a-mlock.o)
 .debug_aranges
                0x00001638       0x20 e:/vscode/msys2/mingw64/bin/../lib/gcc/arm-none-eabi/12.2.0/../../../../arm-none-eabi/lib/thumb/v7e-m+fp/hard\libc_nano.a(libc_a-findfp.o)
 .debug_aranges
                0x00001658       0x20 e:/vscode/msys2/mingw64/bin/../lib/gcc/arm-none-eabi/12.2.0/../../../../arm-none-eabi/lib/thumb/v7e-m+fp/hard\libc_nano.a(libc_a-memset.o)
 .debug_aranges
                0x00001678       0x20 e:/vscode/msys2/mingw64/bin/../lib/gcc/arm-none-eabi/12.2.0/../../../../arm-none-eabi/lib/thumb/v7e-m+fp/hard\libc_nano.a(libc_a-reent.o)
 .debug_aranges
                0x00001698       0x18 e:/vscode/msys2/mingw64/bin/../lib/gcc/arm-none-eabi/12.2.0/../../../../arm-none-eabi/lib/thumb/v7e-m+fp/hard\libc_nano.a(libc_a-impure.o)
 .debug_aranges
                0x000016b0       0x20 e:/vscode/msys2/mingw64/bin/../lib/gcc/arm-none-eabi/12.2.0/../../../../arm-none-eabi/lib/thumb/v7e-m+fp/hard\libc_nano.a(libc_a-sbrkr.o)
 .debug_aranges
                0x000016d0       0x20 e:/vscode/msys2/mingw64/bin/../lib/gcc/arm-none-eabi/12.2.0/../../../../arm-none-eabi/lib/thumb/v7e-m+fp/hard\libc_nano.a(libc_a-errno.o)
 .debug_aranges
                0x000016f0       0x20 e:/vscode/msys2/mingw64/bin/../lib/gcc/arm-none-eabi/12.2.0/../../../../arm-none-eabi/lib/thumb/v7e-m+fp/hard\libc_nano.a(libc_a-init.o)
 .debug_aranges
                0x00001710       0x20 e:/vscode/msys2/mingw64/bin/../lib/gcc/arm-none-eabi/12.2.0/../../../../arm-none-eabi/lib/thumb/v7e-m+fp/hard\libc_nano.a(libc_a-lock.o)
 .debug_aranges
                0x00001730       0x20 e:/vscode/msys2/mingw64/bin/../lib/gcc/arm-none-eabi/12.2.0/../../../../arm-none-eabi/lib/thumb/v7e-m+fp/hard\libc_nano.a(libc_a-freer.o)
 .debug_aranges
                0x00001750       0x20 e:/vscode/msys2/mingw64/bin/../lib/gcc/arm-none-eabi/12.2.0/thumb/v7e-m+fp/hard\libgcc.a(_arm_addsubdf3.o)
 .debug_aranges
                0x00001770       0x20 e:/vscode/msys2/mingw64/bin/../lib/gcc/arm-none-eabi/12.2.0/thumb/v7e-m+fp/hard\libgcc.a(_arm_muldivdf3.o)
 .debug_aranges
                0x00001790       0x20 e:/vscode/msys2/mingw64/bin/../lib/gcc/arm-none-eabi/12.2.0/thumb/v7e-m+fp/hard\libgcc.a(_arm_truncdfsf2.o)

.debug_ranges   0x00000000     0x1468
 .debug_ranges  0x00000000       0x28 build/main.o
 .debug_ranges  0x00000028       0x10 build/gpio.o
 .debug_ranges  0x00000038       0x78 build/stm32f3xx_it.o
 .debug_ranges  0x000000b0       0x10 build/stm32f3xx_hal_msp.o
 .debug_ranges  0x000000c0      0x3d0 build/stm32f3xx_hal_tim.o
 .debug_ranges  0x00000490      0x168 build/stm32f3xx_hal_tim_ex.o
 .debug_ranges  0x000005f8       0xd0 build/stm32f3xx_hal.o
 .debug_ranges  0x000006c8       0x98 build/stm32f3xx_hal_rcc.o
 .debug_ranges  0x00000760       0x28 build/stm32f3xx_hal_rcc_ex.o
 .debug_ranges  0x00000788       0x48 build/stm32f3xx_hal_gpio.o
 .debug_ranges  0x000007d0       0x78 build/stm32f3xx_hal_dma.o
 .debug_ranges  0x00000848       0xb0 build/stm32f3xx_hal_cortex.o
 .debug_ranges  0x000008f8       0x18 build/system_stm32f3xx.o
 .debug_ranges  0x00000910       0x10 build/sysmem.o
 .debug_ranges  0x00000920       0x28 build/adc.o
 .debug_ranges  0x00000948       0x10 build/dma.o
 .debug_ranges  0x00000958       0x28 build/hrtim.o
 .debug_ranges  0x00000980       0xb8 build/stm32f3xx_hal_adc.o
 .debug_ranges  0x00000a38      0x158 build/stm32f3xx_hal_adc_ex.o
 .debug_ranges  0x00000b90      0x3f8 build/stm32f3xx_hal_hrtim.o
 .debug_ranges  0x00000f88       0x30 build/bsp_dwt.o
 .debug_ranges  0x00000fb8       0x38 build/filter32.o
 .debug_ranges  0x00000ff0       0x98 build/user_lib.o
 .debug_ranges  0x00001088       0x38 build/bb_control.o
 .debug_ranges  0x000010c0       0x60 build/detect_task.o
 .debug_ranges  0x00001120       0x20 build/tim.o
 .debug_ranges  0x00001140       0xb8 build/controller.o
 .debug_ranges  0x000011f8       0x20 build/usart.o
 .debug_ranges  0x00001218      0x230 build/stm32f3xx_hal_uart.o
 .debug_ranges  0x00001448       0x20 build/startup_stm32f334x8.o

.debug_line     0x00000000    0x1deef
 .debug_line    0x00000000      0x3cd build/main.o
 .debug_line    0x000003cd      0x1a1 build/gpio.o
 .debug_line    0x0000056e      0x2ff build/stm32f3xx_it.o
 .debug_line    0x0000086d      0x125 build/stm32f3xx_hal_msp.o
 .debug_line    0x00000992     0x4da7 build/stm32f3xx_hal_tim.o
 .debug_line    0x00005739     0x1d44 build/stm32f3xx_hal_tim_ex.o
 .debug_line    0x0000747d      0x4e8 build/stm32f3xx_hal.o
 .debug_line    0x00007965     0x1122 build/stm32f3xx_hal_rcc.o
 .debug_line    0x00008a87      0x6d8 build/stm32f3xx_hal_rcc_ex.o
 .debug_line    0x0000915f      0x63e build/stm32f3xx_hal_gpio.o
 .debug_line    0x0000979d      0x9bc build/stm32f3xx_hal_dma.o
 .debug_line    0x0000a159      0x67b build/stm32f3xx_hal_cortex.o
 .debug_line    0x0000a7d4      0x208 build/system_stm32f3xx.o
 .debug_line    0x0000a9dc      0x171 build/sysmem.o
 .debug_line    0x0000ab4d      0x673 build/adc.o
 .debug_line    0x0000b1c0      0x153 build/dma.o
 .debug_line    0x0000b313      0x584 build/hrtim.o
 .debug_line    0x0000b897      0x3fa build/stm32f3xx_hal_adc.o
 .debug_line    0x0000bc91     0x23c8 build/stm32f3xx_hal_adc_ex.o
 .debug_line    0x0000e059     0x578f build/stm32f3xx_hal_hrtim.o
 .debug_line    0x000137e8      0x257 build/bsp_dwt.o
 .debug_line    0x00013a3f      0x48e build/filter32.o
 .debug_line    0x00013ecd      0xc23 build/user_lib.o
 .debug_line    0x00014af0      0x4e9 build/bb_control.o
 .debug_line    0x00014fd9      0x45f build/detect_task.o
 .debug_line    0x00015438      0x2a2 build/tim.o
 .debug_line    0x000156da     0x1662 build/controller.o
 .debug_line    0x00016d3c      0x378 build/usart.o
 .debug_line    0x000170b4     0x502a build/stm32f3xx_hal_uart.o
 .debug_line    0x0001c0de       0x73 build/startup_stm32f334x8.o
 .debug_line    0x0001c151      0x175 e:/vscode/msys2/mingw64/bin/../lib/gcc/arm-none-eabi/12.2.0/../../../../arm-none-eabi/lib/thumb/v7e-m+fp/hard\libc_nano.a(libc_a-malloc.o)
 .debug_line    0x0001c2c6      0x42a e:/vscode/msys2/mingw64/bin/../lib/gcc/arm-none-eabi/12.2.0/../../../../arm-none-eabi/lib/thumb/v7e-m+fp/hard\libc_nano.a(libc_a-mallocr.o)
 .debug_line    0x0001c6f0      0x162 e:/vscode/msys2/mingw64/bin/../lib/gcc/arm-none-eabi/12.2.0/../../../../arm-none-eabi/lib/thumb/v7e-m+fp/hard\libc_nano.a(libc_a-mlock.o)
 .debug_line    0x0001c852      0x63e e:/vscode/msys2/mingw64/bin/../lib/gcc/arm-none-eabi/12.2.0/../../../../arm-none-eabi/lib/thumb/v7e-m+fp/hard\libc_nano.a(libc_a-findfp.o)
 .debug_line    0x0001ce90      0x1cd e:/vscode/msys2/mingw64/bin/../lib/gcc/arm-none-eabi/12.2.0/../../../../arm-none-eabi/lib/thumb/v7e-m+fp/hard\libc_nano.a(libc_a-memset.o)
 .debug_line    0x0001d05d      0x285 e:/vscode/msys2/mingw64/bin/../lib/gcc/arm-none-eabi/12.2.0/../../../../arm-none-eabi/lib/thumb/v7e-m+fp/hard\libc_nano.a(libc_a-reent.o)
 .debug_line    0x0001d2e2       0xfb e:/vscode/msys2/mingw64/bin/../lib/gcc/arm-none-eabi/12.2.0/../../../../arm-none-eabi/lib/thumb/v7e-m+fp/hard\libc_nano.a(libc_a-impure.o)
 .debug_line    0x0001d3dd      0x199 e:/vscode/msys2/mingw64/bin/../lib/gcc/arm-none-eabi/12.2.0/../../../../arm-none-eabi/lib/thumb/v7e-m+fp/hard\libc_nano.a(libc_a-sbrkr.o)
 .debug_line    0x0001d576      0x120 e:/vscode/msys2/mingw64/bin/../lib/gcc/arm-none-eabi/12.2.0/../../../../arm-none-eabi/lib/thumb/v7e-m+fp/hard\libc_nano.a(libc_a-errno.o)
 .debug_line    0x0001d696      0x144 e:/vscode/msys2/mingw64/bin/../lib/gcc/arm-none-eabi/12.2.0/../../../../arm-none-eabi/lib/thumb/v7e-m+fp/hard\libc_nano.a(libc_a-init.o)
 .debug_line    0x0001d7da       0xd7 e:/vscode/msys2/mingw64/bin/../lib/gcc/arm-none-eabi/12.2.0/../../../../arm-none-eabi/lib/thumb/v7e-m+fp/hard\libc_nano.a(libc_a-lock.o)
 .debug_line    0x0001d8b1      0x2d5 e:/vscode/msys2/mingw64/bin/../lib/gcc/arm-none-eabi/12.2.0/../../../../arm-none-eabi/lib/thumb/v7e-m+fp/hard\libc_nano.a(libc_a-freer.o)
 .debug_line    0x0001db86      0x16f e:/vscode/msys2/mingw64/bin/../lib/gcc/arm-none-eabi/12.2.0/thumb/v7e-m+fp/hard\libgcc.a(_arm_addsubdf3.o)
 .debug_line    0x0001dcf5      0x184 e:/vscode/msys2/mingw64/bin/../lib/gcc/arm-none-eabi/12.2.0/thumb/v7e-m+fp/hard\libgcc.a(_arm_muldivdf3.o)
 .debug_line    0x0001de79       0x76 e:/vscode/msys2/mingw64/bin/../lib/gcc/arm-none-eabi/12.2.0/thumb/v7e-m+fp/hard\libgcc.a(_arm_truncdfsf2.o)

.debug_str      0x00000000     0x7cfa
 .debug_str     0x00000000     0x7cfa build/main.o
                                0xa1d (size before relaxing)
 .debug_str     0x00007cfa      0x299 build/gpio.o
 .debug_str     0x00007cfa      0x7d3 build/stm32f3xx_it.o
 .debug_str     0x00007cfa      0x1da build/stm32f3xx_hal_msp.o
 .debug_str     0x00007cfa     0x16d9 build/stm32f3xx_hal_tim.o
 .debug_str     0x00007cfa      0xf1f build/stm32f3xx_hal_tim_ex.o
 .debug_str     0x00007cfa      0x8ac build/stm32f3xx_hal.o
 .debug_str     0x00007cfa      0x64a build/stm32f3xx_hal_rcc.o
 .debug_str     0x00007cfa      0x456 build/stm32f3xx_hal_rcc_ex.o
 .debug_str     0x00007cfa      0x46f build/stm32f3xx_hal_gpio.o
 .debug_str     0x00007cfa      0x5ea build/stm32f3xx_hal_dma.o
 .debug_str     0x00007cfa      0x92f build/stm32f3xx_hal_cortex.o
 .debug_str     0x00007cfa      0x2a2 build/system_stm32f3xx.o
 .debug_str     0x00007cfa      0x1ed build/sysmem.o
 .debug_str     0x00007cfa      0x84c build/adc.o
 .debug_str     0x00007cfa      0x55a build/dma.o
 .debug_str     0x00007cfa      0xc69 build/hrtim.o
 .debug_str     0x00007cfa      0x88f build/stm32f3xx_hal_adc.o
 .debug_str     0x00007cfa      0xee5 build/stm32f3xx_hal_adc_ex.o
 .debug_str     0x00007cfa     0x1e9c build/stm32f3xx_hal_hrtim.o
 .debug_str     0x00007cfa      0x335 build/bsp_dwt.o
 .debug_str     0x00007cfa      0x317 build/filter32.o
 .debug_str     0x00007cfa      0x394 build/user_lib.o
 .debug_str     0x00007cfa     0x118d build/bb_control.o
 .debug_str     0x00007cfa      0x342 build/detect_task.o
 .debug_str     0x00007cfa      0xbfc build/tim.o
 .debug_str     0x00007cfa      0xa27 build/controller.o
 .debug_str     0x00007cfa      0x75a build/usart.o
 .debug_str     0x00007cfa      0xecd build/stm32f3xx_hal_uart.o
 .debug_str     0x00007cfa       0x51 build/startup_stm32f334x8.o
 .debug_str     0x00007cfa      0x4cc e:/vscode/msys2/mingw64/bin/../lib/gcc/arm-none-eabi/12.2.0/../../../../arm-none-eabi/lib/thumb/v7e-m+fp/hard\libc_nano.a(libc_a-malloc.o)
 .debug_str     0x00007cfa      0x588 e:/vscode/msys2/mingw64/bin/../lib/gcc/arm-none-eabi/12.2.0/../../../../arm-none-eabi/lib/thumb/v7e-m+fp/hard\libc_nano.a(libc_a-mallocr.o)
 .debug_str     0x00007cfa      0x529 e:/vscode/msys2/mingw64/bin/../lib/gcc/arm-none-eabi/12.2.0/../../../../arm-none-eabi/lib/thumb/v7e-m+fp/hard\libc_nano.a(libc_a-mlock.o)
 .debug_str     0x00007cfa      0x72a e:/vscode/msys2/mingw64/bin/../lib/gcc/arm-none-eabi/12.2.0/../../../../arm-none-eabi/lib/thumb/v7e-m+fp/hard\libc_nano.a(libc_a-findfp.o)
 .debug_str     0x00007cfa      0x19b e:/vscode/msys2/mingw64/bin/../lib/gcc/arm-none-eabi/12.2.0/../../../../arm-none-eabi/lib/thumb/v7e-m+fp/hard\libc_nano.a(libc_a-memset.o)
 .debug_str     0x00007cfa      0x4c6 e:/vscode/msys2/mingw64/bin/../lib/gcc/arm-none-eabi/12.2.0/../../../../arm-none-eabi/lib/thumb/v7e-m+fp/hard\libc_nano.a(libc_a-reent.o)
 .debug_str     0x00007cfa      0x4a7 e:/vscode/msys2/mingw64/bin/../lib/gcc/arm-none-eabi/12.2.0/../../../../arm-none-eabi/lib/thumb/v7e-m+fp/hard\libc_nano.a(libc_a-impure.o)
 .debug_str     0x00007cfa      0x4b0 e:/vscode/msys2/mingw64/bin/../lib/gcc/arm-none-eabi/12.2.0/../../../../arm-none-eabi/lib/thumb/v7e-m+fp/hard\libc_nano.a(libc_a-sbrkr.o)
 .debug_str     0x00007cfa      0x4a1 e:/vscode/msys2/mingw64/bin/../lib/gcc/arm-none-eabi/12.2.0/../../../../arm-none-eabi/lib/thumb/v7e-m+fp/hard\libc_nano.a(libc_a-errno.o)
 .debug_str     0x00007cfa      0x1e8 e:/vscode/msys2/mingw64/bin/../lib/gcc/arm-none-eabi/12.2.0/../../../../arm-none-eabi/lib/thumb/v7e-m+fp/hard\libc_nano.a(libc_a-init.o)
 .debug_str     0x00007cfa      0x2fa e:/vscode/msys2/mingw64/bin/../lib/gcc/arm-none-eabi/12.2.0/../../../../arm-none-eabi/lib/thumb/v7e-m+fp/hard\libc_nano.a(libc_a-lock.o)
 .debug_str     0x00007cfa      0x527 e:/vscode/msys2/mingw64/bin/../lib/gcc/arm-none-eabi/12.2.0/../../../../arm-none-eabi/lib/thumb/v7e-m+fp/hard\libc_nano.a(libc_a-freer.o)
 .debug_str     0x00007cfa      0x173 e:/vscode/msys2/mingw64/bin/../lib/gcc/arm-none-eabi/12.2.0/thumb/v7e-m+fp/hard\libgcc.a(_arm_addsubdf3.o)
 .debug_str     0x00007cfa       0xe5 e:/vscode/msys2/mingw64/bin/../lib/gcc/arm-none-eabi/12.2.0/thumb/v7e-m+fp/hard\libgcc.a(_arm_muldivdf3.o)
 .debug_str     0x00007cfa       0xd2 e:/vscode/msys2/mingw64/bin/../lib/gcc/arm-none-eabi/12.2.0/thumb/v7e-m+fp/hard\libgcc.a(_arm_truncdfsf2.o)

.comment        0x00000000       0x12
 .comment       0x00000000       0x12 build/main.o
                                 0x13 (size before relaxing)
 .comment       0x00000012       0x13 build/gpio.o
 .comment       0x00000012       0x13 build/stm32f3xx_it.o
 .comment       0x00000012       0x13 build/stm32f3xx_hal_msp.o
 .comment       0x00000012       0x13 build/stm32f3xx_hal_tim.o
 .comment       0x00000012       0x13 build/stm32f3xx_hal_tim_ex.o
 .comment       0x00000012       0x13 build/stm32f3xx_hal.o
 .comment       0x00000012       0x13 build/stm32f3xx_hal_rcc.o
 .comment       0x00000012       0x13 build/stm32f3xx_hal_rcc_ex.o
 .comment       0x00000012       0x13 build/stm32f3xx_hal_gpio.o
 .comment       0x00000012       0x13 build/stm32f3xx_hal_dma.o
 .comment       0x00000012       0x13 build/stm32f3xx_hal_cortex.o
 .comment       0x00000012       0x13 build/system_stm32f3xx.o
 .comment       0x00000012       0x13 build/sysmem.o
 .comment       0x00000012       0x13 build/adc.o
 .comment       0x00000012       0x13 build/dma.o
 .comment       0x00000012       0x13 build/hrtim.o
 .comment       0x00000012       0x13 build/stm32f3xx_hal_adc.o
 .comment       0x00000012       0x13 build/stm32f3xx_hal_adc_ex.o
 .comment       0x00000012       0x13 build/stm32f3xx_hal_hrtim.o
 .comment       0x00000012       0x13 build/bsp_dwt.o
 .comment       0x00000012       0x13 build/filter32.o
 .comment       0x00000012       0x13 build/user_lib.o
 .comment       0x00000012       0x13 build/bb_control.o
 .comment       0x00000012       0x13 build/detect_task.o
 .comment       0x00000012       0x13 build/tim.o
 .comment       0x00000012       0x13 build/controller.o
 .comment       0x00000012       0x13 build/usart.o
 .comment       0x00000012       0x13 build/stm32f3xx_hal_uart.o
 .comment       0x00000012       0x13 e:/vscode/msys2/mingw64/bin/../lib/gcc/arm-none-eabi/12.2.0/../../../../arm-none-eabi/lib/thumb/v7e-m+fp/hard\libc_nano.a(libc_a-malloc.o)
 .comment       0x00000012       0x13 e:/vscode/msys2/mingw64/bin/../lib/gcc/arm-none-eabi/12.2.0/../../../../arm-none-eabi/lib/thumb/v7e-m+fp/hard\libc_nano.a(libc_a-mallocr.o)
 .comment       0x00000012       0x13 e:/vscode/msys2/mingw64/bin/../lib/gcc/arm-none-eabi/12.2.0/../../../../arm-none-eabi/lib/thumb/v7e-m+fp/hard\libc_nano.a(libc_a-mlock.o)
 .comment       0x00000012       0x13 e:/vscode/msys2/mingw64/bin/../lib/gcc/arm-none-eabi/12.2.0/../../../../arm-none-eabi/lib/thumb/v7e-m+fp/hard\libc_nano.a(libc_a-findfp.o)
 .comment       0x00000012       0x13 e:/vscode/msys2/mingw64/bin/../lib/gcc/arm-none-eabi/12.2.0/../../../../arm-none-eabi/lib/thumb/v7e-m+fp/hard\libc_nano.a(libc_a-memset.o)
 .comment       0x00000012       0x13 e:/vscode/msys2/mingw64/bin/../lib/gcc/arm-none-eabi/12.2.0/../../../../arm-none-eabi/lib/thumb/v7e-m+fp/hard\libc_nano.a(libc_a-reent.o)
 .comment       0x00000012       0x13 e:/vscode/msys2/mingw64/bin/../lib/gcc/arm-none-eabi/12.2.0/../../../../arm-none-eabi/lib/thumb/v7e-m+fp/hard\libc_nano.a(libc_a-impure.o)
 .comment       0x00000012       0x13 e:/vscode/msys2/mingw64/bin/../lib/gcc/arm-none-eabi/12.2.0/../../../../arm-none-eabi/lib/thumb/v7e-m+fp/hard\libc_nano.a(libc_a-sbrkr.o)
 .comment       0x00000012       0x13 e:/vscode/msys2/mingw64/bin/../lib/gcc/arm-none-eabi/12.2.0/../../../../arm-none-eabi/lib/thumb/v7e-m+fp/hard\libc_nano.a(libc_a-errno.o)
 .comment       0x00000012       0x13 e:/vscode/msys2/mingw64/bin/../lib/gcc/arm-none-eabi/12.2.0/../../../../arm-none-eabi/lib/thumb/v7e-m+fp/hard\libc_nano.a(libc_a-init.o)
 .comment       0x00000012       0x13 e:/vscode/msys2/mingw64/bin/../lib/gcc/arm-none-eabi/12.2.0/../../../../arm-none-eabi/lib/thumb/v7e-m+fp/hard\libc_nano.a(libc_a-lock.o)
 .comment       0x00000012       0x13 e:/vscode/msys2/mingw64/bin/../lib/gcc/arm-none-eabi/12.2.0/../../../../arm-none-eabi/lib/thumb/v7e-m+fp/hard\libc_nano.a(libc_a-freer.o)

.debug_frame    0x00000000     0x3fac
 .debug_frame   0x00000000       0x70 build/main.o
 .debug_frame   0x00000070       0x30 build/gpio.o
 .debug_frame   0x000000a0      0x120 build/stm32f3xx_it.o
 .debug_frame   0x000001c0       0x28 build/stm32f3xx_hal_msp.o
 .debug_frame   0x000001e8      0xb4c build/stm32f3xx_hal_tim.o
 .debug_frame   0x00000d34      0x450 build/stm32f3xx_hal_tim_ex.o
 .debug_frame   0x00001184      0x1cc build/stm32f3xx_hal.o
 .debug_frame   0x00001350      0x170 build/stm32f3xx_hal_rcc.o
 .debug_frame   0x000014c0       0x6c build/stm32f3xx_hal_rcc_ex.o
 .debug_frame   0x0000152c       0xd0 build/stm32f3xx_hal_gpio.o
 .debug_frame   0x000015fc      0x160 build/stm32f3xx_hal_dma.o
 .debug_frame   0x0000175c      0x19c build/stm32f3xx_hal_cortex.o
 .debug_frame   0x000018f8       0x30 build/system_stm32f3xx.o
 .debug_frame   0x00001928       0x28 build/sysmem.o
 .debug_frame   0x00001950       0x8c build/adc.o
 .debug_frame   0x000019dc       0x2c build/dma.o
 .debug_frame   0x00001a08       0x7c build/hrtim.o
 .debug_frame   0x00001a84      0x170 build/stm32f3xx_hal_adc.o
 .debug_frame   0x00001bf4      0x4d8 build/stm32f3xx_hal_adc_ex.o
 .debug_frame   0x000020cc      0xc68 build/stm32f3xx_hal_hrtim.o
 .debug_frame   0x00002d34       0x98 build/bsp_dwt.o
 .debug_frame   0x00002dcc       0xa4 build/filter32.o
 .debug_frame   0x00002e70      0x148 build/user_lib.o
 .debug_frame   0x00002fb8       0xec build/bb_control.o
 .debug_frame   0x000030a4       0x94 build/detect_task.o
 .debug_frame   0x00003138       0x64 build/tim.o
 .debug_frame   0x0000319c      0x2a4 build/controller.o
 .debug_frame   0x00003440       0x68 build/usart.o
 .debug_frame   0x000034a8      0x600 build/stm32f3xx_hal_uart.o
 .debug_frame   0x00003aa8       0x30 e:/vscode/msys2/mingw64/bin/../lib/gcc/arm-none-eabi/12.2.0/../../../../arm-none-eabi/lib/thumb/v7e-m+fp/hard\libc_nano.a(libc_a-malloc.o)
 .debug_frame   0x00003ad8       0x5c e:/vscode/msys2/mingw64/bin/../lib/gcc/arm-none-eabi/12.2.0/../../../../arm-none-eabi/lib/thumb/v7e-m+fp/hard\libc_nano.a(libc_a-mallocr.o)
 .debug_frame   0x00003b34       0x30 e:/vscode/msys2/mingw64/bin/../lib/gcc/arm-none-eabi/12.2.0/../../../../arm-none-eabi/lib/thumb/v7e-m+fp/hard\libc_nano.a(libc_a-mlock.o)
 .debug_frame   0x00003b64      0x13c e:/vscode/msys2/mingw64/bin/../lib/gcc/arm-none-eabi/12.2.0/../../../../arm-none-eabi/lib/thumb/v7e-m+fp/hard\libc_nano.a(libc_a-findfp.o)
 .debug_frame   0x00003ca0       0x2c e:/vscode/msys2/mingw64/bin/../lib/gcc/arm-none-eabi/12.2.0/../../../../arm-none-eabi/lib/thumb/v7e-m+fp/hard\libc_nano.a(libc_a-memset.o)
 .debug_frame   0x00003ccc       0x40 e:/vscode/msys2/mingw64/bin/../lib/gcc/arm-none-eabi/12.2.0/../../../../arm-none-eabi/lib/thumb/v7e-m+fp/hard\libc_nano.a(libc_a-reent.o)
 .debug_frame   0x00003d0c       0x2c e:/vscode/msys2/mingw64/bin/../lib/gcc/arm-none-eabi/12.2.0/../../../../arm-none-eabi/lib/thumb/v7e-m+fp/hard\libc_nano.a(libc_a-sbrkr.o)
 .debug_frame   0x00003d38       0x20 e:/vscode/msys2/mingw64/bin/../lib/gcc/arm-none-eabi/12.2.0/../../../../arm-none-eabi/lib/thumb/v7e-m+fp/hard\libc_nano.a(libc_a-errno.o)
 .debug_frame   0x00003d58       0x2c e:/vscode/msys2/mingw64/bin/../lib/gcc/arm-none-eabi/12.2.0/../../../../arm-none-eabi/lib/thumb/v7e-m+fp/hard\libc_nano.a(libc_a-init.o)
 .debug_frame   0x00003d84       0xb0 e:/vscode/msys2/mingw64/bin/../lib/gcc/arm-none-eabi/12.2.0/../../../../arm-none-eabi/lib/thumb/v7e-m+fp/hard\libc_nano.a(libc_a-lock.o)
 .debug_frame   0x00003e34       0x58 e:/vscode/msys2/mingw64/bin/../lib/gcc/arm-none-eabi/12.2.0/../../../../arm-none-eabi/lib/thumb/v7e-m+fp/hard\libc_nano.a(libc_a-freer.o)
 .debug_frame   0x00003e8c       0xac e:/vscode/msys2/mingw64/bin/../lib/gcc/arm-none-eabi/12.2.0/thumb/v7e-m+fp/hard\libgcc.a(_arm_addsubdf3.o)
 .debug_frame   0x00003f38       0x50 e:/vscode/msys2/mingw64/bin/../lib/gcc/arm-none-eabi/12.2.0/thumb/v7e-m+fp/hard\libgcc.a(_arm_muldivdf3.o)
 .debug_frame   0x00003f88       0x24 e:/vscode/msys2/mingw64/bin/../lib/gcc/arm-none-eabi/12.2.0/thumb/v7e-m+fp/hard\libgcc.a(_arm_truncdfsf2.o)

.debug_loclists
                0x00000000      0x92d
 .debug_loclists
                0x00000000       0x3e e:/vscode/msys2/mingw64/bin/../lib/gcc/arm-none-eabi/12.2.0/../../../../arm-none-eabi/lib/thumb/v7e-m+fp/hard\libc_nano.a(libc_a-malloc.o)
 .debug_loclists
                0x0000003e      0x223 e:/vscode/msys2/mingw64/bin/../lib/gcc/arm-none-eabi/12.2.0/../../../../arm-none-eabi/lib/thumb/v7e-m+fp/hard\libc_nano.a(libc_a-mallocr.o)
 .debug_loclists
                0x00000261       0x30 e:/vscode/msys2/mingw64/bin/../lib/gcc/arm-none-eabi/12.2.0/../../../../arm-none-eabi/lib/thumb/v7e-m+fp/hard\libc_nano.a(libc_a-mlock.o)
 .debug_loclists
                0x00000291      0x264 e:/vscode/msys2/mingw64/bin/../lib/gcc/arm-none-eabi/12.2.0/../../../../arm-none-eabi/lib/thumb/v7e-m+fp/hard\libc_nano.a(libc_a-findfp.o)
 .debug_loclists
                0x000004f5      0x1b6 e:/vscode/msys2/mingw64/bin/../lib/gcc/arm-none-eabi/12.2.0/../../../../arm-none-eabi/lib/thumb/v7e-m+fp/hard\libc_nano.a(libc_a-memset.o)
 .debug_loclists
                0x000006ab       0x7a e:/vscode/msys2/mingw64/bin/../lib/gcc/arm-none-eabi/12.2.0/../../../../arm-none-eabi/lib/thumb/v7e-m+fp/hard\libc_nano.a(libc_a-reent.o)
 .debug_loclists
                0x00000725       0x3f e:/vscode/msys2/mingw64/bin/../lib/gcc/arm-none-eabi/12.2.0/../../../../arm-none-eabi/lib/thumb/v7e-m+fp/hard\libc_nano.a(libc_a-sbrkr.o)
 .debug_loclists
                0x00000764       0x65 e:/vscode/msys2/mingw64/bin/../lib/gcc/arm-none-eabi/12.2.0/../../../../arm-none-eabi/lib/thumb/v7e-m+fp/hard\libc_nano.a(libc_a-init.o)
 .debug_loclists
                0x000007c9       0x1e e:/vscode/msys2/mingw64/bin/../lib/gcc/arm-none-eabi/12.2.0/../../../../arm-none-eabi/lib/thumb/v7e-m+fp/hard\libc_nano.a(libc_a-lock.o)
 .debug_loclists
                0x000007e7      0x146 e:/vscode/msys2/mingw64/bin/../lib/gcc/arm-none-eabi/12.2.0/../../../../arm-none-eabi/lib/thumb/v7e-m+fp/hard\libc_nano.a(libc_a-freer.o)

.debug_rnglists
                0x00000000       0xcb
 .debug_rnglists
                0x00000000       0x19 e:/vscode/msys2/mingw64/bin/../lib/gcc/arm-none-eabi/12.2.0/../../../../arm-none-eabi/lib/thumb/v7e-m+fp/hard\libc_nano.a(libc_a-mallocr.o)
 .debug_rnglists
                0x00000019       0x9f e:/vscode/msys2/mingw64/bin/../lib/gcc/arm-none-eabi/12.2.0/../../../../arm-none-eabi/lib/thumb/v7e-m+fp/hard\libc_nano.a(libc_a-findfp.o)
 .debug_rnglists
                0x000000b8       0x13 e:/vscode/msys2/mingw64/bin/../lib/gcc/arm-none-eabi/12.2.0/../../../../arm-none-eabi/lib/thumb/v7e-m+fp/hard\libc_nano.a(libc_a-freer.o)

.debug_line_str
                0x00000000       0xad
 .debug_line_str
                0x00000000       0xad e:/vscode/msys2/mingw64/bin/../lib/gcc/arm-none-eabi/12.2.0/thumb/v7e-m+fp/hard\libgcc.a(_arm_addsubdf3.o)
 .debug_line_str
                0x000000ad       0xad e:/vscode/msys2/mingw64/bin/../lib/gcc/arm-none-eabi/12.2.0/thumb/v7e-m+fp/hard\libgcc.a(_arm_muldivdf3.o)
 .debug_line_str
                0x000000ad       0xad e:/vscode/msys2/mingw64/bin/../lib/gcc/arm-none-eabi/12.2.0/thumb/v7e-m+fp/hard\libgcc.a(_arm_truncdfsf2.o)

Cross Reference Table

Symbol                                            File
ADC1_2_IRQHandler                                 build/startup_stm32f334x8.o
ADC1_Rx                                           build/bb_control.o
ADC2_Rx                                           build/bb_control.o
AHBPrescTable                                     build/system_stm32f3xx.o
                                                  build/stm32f3xx_hal_rcc.o
APBPrescTable                                     build/system_stm32f3xx.o
                                                  build/stm32f3xx_hal_rcc.o
BB_Control_Init                                   build/bb_control.o
                                                  build/main.o
BoardState                                        build/detect_task.o
Buck_Boost_Task                                   build/bb_control.o
                                                  build/main.o
BusFault_Handler                                  build/stm32f3xx_it.o
CAN_RX0_IRQHandler                                build/startup_stm32f334x8.o
CAN_RX1_IRQHandler                                build/startup_stm32f334x8.o
CAN_SCE_IRQHandler                                build/startup_stm32f334x8.o
CAN_TX_IRQHandler                                 build/startup_stm32f334x8.o
COMP2_IRQHandler                                  build/startup_stm32f334x8.o
COMP4_6_IRQHandler                                build/startup_stm32f334x8.o
DMA1_Channel1_IRQHandler                          build/stm32f3xx_it.o
DMA1_Channel2_IRQHandler                          build/stm32f3xx_it.o
DMA1_Channel3_IRQHandler                          build/startup_stm32f334x8.o
DMA1_Channel4_IRQHandler                          build/startup_stm32f334x8.o
DMA1_Channel5_IRQHandler                          build/startup_stm32f334x8.o
DMA1_Channel6_IRQHandler                          build/stm32f3xx_it.o
DMA1_Channel7_IRQHandler                          build/stm32f3xx_it.o
DWT_Count                                         build/bb_control.o
DWT_Delay                                         build/bsp_dwt.o
DWT_GetDeltaT                                     build/bsp_dwt.o
                                                  build/controller.o
                                                  build/bb_control.o
DWT_GetDeltaT64                                   build/bsp_dwt.o
DWT_GetTimeline                                   build/bsp_dwt.o
DWT_Init                                          build/bsp_dwt.o
                                                  build/main.o
Data_Handle                                       build/bb_control.o
DebugMon_Handler                                  build/stm32f3xx_it.o
Default_Handler                                   build/startup_stm32f334x8.o
Detect_Hook                                       build/detect_task.o
Detect_List                                       build/detect_task.o
Detect_Task                                       build/detect_task.o
                                                  build/main.o
Detect_Task_Init                                  build/detect_task.o
Duty_Set                                          build/bb_control.o
Duty_Set_FFB                                      build/bb_control.o
EXTI0_IRQHandler                                  build/startup_stm32f334x8.o
EXTI15_10_IRQHandler                              build/startup_stm32f334x8.o
EXTI1_IRQHandler                                  build/startup_stm32f334x8.o
EXTI2_TSC_IRQHandler                              build/startup_stm32f334x8.o
EXTI3_IRQHandler                                  build/startup_stm32f334x8.o
EXTI4_IRQHandler                                  build/startup_stm32f334x8.o
EXTI9_5_IRQHandler                                build/startup_stm32f334x8.o
Error_Handler                                     build/main.o
                                                  build/usart.o
                                                  build/tim.o
                                                  build/hrtim.o
                                                  build/adc.o
FLASH_IRQHandler                                  build/startup_stm32f334x8.o
FLASH_PageErase                                   build/stm32f3xx_hal_flash_ex.o
                                                  build/stm32f3xx_hal_flash.o
FLASH_WaitForLastOperation                        build/stm32f3xx_hal_flash.o
                                                  build/stm32f3xx_hal_flash_ex.o
FPU_IRQHandler                                    build/startup_stm32f334x8.o
Feedforward_Calculate                             build/controller.o
Feedforward_Init                                  build/controller.o
First_Order_Filter_Calculate                      build/filter32.o
                                                  build/bb_control.o
First_Order_Filter_Init                           build/filter32.o
                                                  build/bb_control.o
Fuzzy_Rule_Implementation                         build/controller.o
Fuzzy_Rule_Init                                   build/controller.o
Get_OLS_Derivative                                build/user_lib.o
Get_OLS_Smooth                                    build/user_lib.o
HAL_ADCEx_Calibration_GetValue                    build/stm32f3xx_hal_adc_ex.o
HAL_ADCEx_Calibration_SetValue                    build/stm32f3xx_hal_adc_ex.o
HAL_ADCEx_Calibration_Start                       build/stm32f3xx_hal_adc_ex.o
                                                  build/bb_control.o
HAL_ADCEx_InjectedConfigChannel                   build/stm32f3xx_hal_adc_ex.o
HAL_ADCEx_InjectedConvCpltCallback                build/stm32f3xx_hal_adc_ex.o
HAL_ADCEx_InjectedGetValue                        build/stm32f3xx_hal_adc_ex.o
HAL_ADCEx_InjectedPollForConversion               build/stm32f3xx_hal_adc_ex.o
HAL_ADCEx_InjectedQueueOverflowCallback           build/stm32f3xx_hal_adc_ex.o
HAL_ADCEx_InjectedStart                           build/stm32f3xx_hal_adc_ex.o
HAL_ADCEx_InjectedStart_IT                        build/stm32f3xx_hal_adc_ex.o
HAL_ADCEx_InjectedStop                            build/stm32f3xx_hal_adc_ex.o
HAL_ADCEx_InjectedStop_IT                         build/stm32f3xx_hal_adc_ex.o
HAL_ADCEx_LevelOutOfWindow2Callback               build/stm32f3xx_hal_adc_ex.o
HAL_ADCEx_LevelOutOfWindow3Callback               build/stm32f3xx_hal_adc_ex.o
HAL_ADCEx_MultiModeConfigChannel                  build/stm32f3xx_hal_adc_ex.o
                                                  build/adc.o
HAL_ADCEx_MultiModeGetValue                       build/stm32f3xx_hal_adc_ex.o
HAL_ADCEx_MultiModeStart_DMA                      build/stm32f3xx_hal_adc_ex.o
HAL_ADCEx_MultiModeStop_DMA                       build/stm32f3xx_hal_adc_ex.o
HAL_ADCEx_RegularMultiModeStop_DMA                build/stm32f3xx_hal_adc_ex.o
HAL_ADCEx_RegularStop                             build/stm32f3xx_hal_adc_ex.o
HAL_ADCEx_RegularStop_DMA                         build/stm32f3xx_hal_adc_ex.o
HAL_ADCEx_RegularStop_IT                          build/stm32f3xx_hal_adc_ex.o
HAL_ADC_AnalogWDGConfig                           build/stm32f3xx_hal_adc_ex.o
                                                  build/stm32f3xx_hal_adc.o
HAL_ADC_ConfigChannel                             build/stm32f3xx_hal_adc_ex.o
                                                  build/stm32f3xx_hal_adc.o
                                                  build/adc.o
HAL_ADC_ConvCpltCallback                          build/stm32f3xx_hal_adc.o
                                                  build/stm32f3xx_hal_adc_ex.o
HAL_ADC_ConvHalfCpltCallback                      build/stm32f3xx_hal_adc.o
                                                  build/stm32f3xx_hal_adc_ex.o
HAL_ADC_DeInit                                    build/stm32f3xx_hal_adc_ex.o
                                                  build/stm32f3xx_hal_adc.o
HAL_ADC_ErrorCallback                             build/stm32f3xx_hal_adc.o
                                                  build/stm32f3xx_hal_adc_ex.o
HAL_ADC_GetError                                  build/stm32f3xx_hal_adc.o
HAL_ADC_GetState                                  build/stm32f3xx_hal_adc.o
HAL_ADC_GetValue                                  build/stm32f3xx_hal_adc_ex.o
                                                  build/stm32f3xx_hal_adc.o
HAL_ADC_IRQHandler                                build/stm32f3xx_hal_adc_ex.o
                                                  build/stm32f3xx_hal_adc.o
HAL_ADC_Init                                      build/stm32f3xx_hal_adc_ex.o
                                                  build/stm32f3xx_hal_adc.o
                                                  build/adc.o
HAL_ADC_LevelOutOfWindowCallback                  build/stm32f3xx_hal_adc.o
                                                  build/stm32f3xx_hal_adc_ex.o
HAL_ADC_MspDeInit                                 build/adc.o
                                                  build/stm32f3xx_hal_adc_ex.o
HAL_ADC_MspInit                                   build/adc.o
                                                  build/stm32f3xx_hal_adc_ex.o
HAL_ADC_PollForConversion                         build/stm32f3xx_hal_adc_ex.o
                                                  build/stm32f3xx_hal_adc.o
HAL_ADC_PollForEvent                              build/stm32f3xx_hal_adc_ex.o
                                                  build/stm32f3xx_hal_adc.o
HAL_ADC_Start                                     build/stm32f3xx_hal_adc_ex.o
                                                  build/stm32f3xx_hal_adc.o
HAL_ADC_Start_DMA                                 build/stm32f3xx_hal_adc_ex.o
                                                  build/stm32f3xx_hal_adc.o
                                                  build/bb_control.o
HAL_ADC_Start_IT                                  build/stm32f3xx_hal_adc_ex.o
                                                  build/stm32f3xx_hal_adc.o
HAL_ADC_Stop                                      build/stm32f3xx_hal_adc_ex.o
                                                  build/stm32f3xx_hal_adc.o
HAL_ADC_Stop_DMA                                  build/stm32f3xx_hal_adc_ex.o
                                                  build/stm32f3xx_hal_adc.o
HAL_ADC_Stop_IT                                   build/stm32f3xx_hal_adc_ex.o
                                                  build/stm32f3xx_hal_adc.o