Component: ARM Compiler 6.14 Tool: armlink [5db06800]

==============================================================================

Section Cross References

    startup_stm32f334x8.o(STACK) refers (Special) to heapauxi.o(.text) for __use_two_region_memory
    startup_stm32f334x8.o(HEAP) refers (Special) to heapauxi.o(.text) for __use_two_region_memory
    startup_stm32f334x8.o(RESET) refers (Special) to heapauxi.o(.text) for __use_two_region_memory
    startup_stm32f334x8.o(RESET) refers to startup_stm32f334x8.o(STACK) for __initial_sp
    startup_stm32f334x8.o(RESET) refers to startup_stm32f334x8.o(.text) for Reset_Handler
    startup_stm32f334x8.o(RESET) refers to stm32f3xx_it.o(.text.NMI_Handler) for NMI_Handler
    startup_stm32f334x8.o(RESET) refers to stm32f3xx_it.o(.text.HardFault_Handler) for HardFault_Handler
    startup_stm32f334x8.o(RESET) refers to stm32f3xx_it.o(.text.MemManage_Handler) for MemManage_Handler
    startup_stm32f334x8.o(RESET) refers to stm32f3xx_it.o(.text.BusFault_Handler) for BusFault_Handler
    startup_stm32f334x8.o(RESET) refers to stm32f3xx_it.o(.text.UsageFault_Handler) for UsageFault_Handler
    startup_stm32f334x8.o(RESET) refers to stm32f3xx_it.o(.text.SVC_Handler) for SVC_Handler
    startup_stm32f334x8.o(RESET) refers to stm32f3xx_it.o(.text.DebugMon_Handler) for DebugMon_Handler
    startup_stm32f334x8.o(RESET) refers to stm32f3xx_it.o(.text.PendSV_Handler) for PendSV_Handler
    startup_stm32f334x8.o(RESET) refers to stm32f3xx_it.o(.text.SysTick_Handler) for SysTick_Handler
    startup_stm32f334x8.o(RESET) refers to stm32f3xx_it.o(.text.DMA1_Channel1_IRQHandler) for DMA1_Channel1_IRQHandler
    startup_stm32f334x8.o(RESET) refers to stm32f3xx_it.o(.text.TIM2_IRQHandler) for TIM2_IRQHandler
    startup_stm32f334x8.o(.text) refers (Special) to heapauxi.o(.text) for __use_two_region_memory
    startup_stm32f334x8.o(.text) refers to system_stm32f3xx.o(.text.SystemInit) for SystemInit
    startup_stm32f334x8.o(.text) refers to __main.o(!!!main) for __main
    startup_stm32f334x8.o(.text) refers to startup_stm32f334x8.o(HEAP) for Heap_Mem
    startup_stm32f334x8.o(.text) refers to startup_stm32f334x8.o(STACK) for Stack_Mem
    main.o(.text.main) refers to stm32f3xx_hal.o(.text.HAL_Init) for HAL_Init
    main.o(.text.main) refers to main.o(.text.SystemClock_Config) for SystemClock_Config
    main.o(.text.main) refers to gpio.o(.text.MX_GPIO_Init) for MX_GPIO_Init
    main.o(.text.main) refers to dma.o(.text.MX_DMA_Init) for MX_DMA_Init
    main.o(.text.main) refers to adc.o(.text.MX_ADC1_Init) for MX_ADC1_Init
    main.o(.text.main) refers to hrtim.o(.text.MX_HRTIM1_Init) for MX_HRTIM1_Init
    main.o(.text.main) refers to usart.o(.text.MX_USART1_UART_Init) for MX_USART1_UART_Init
    main.o(.text.main) refers to tim.o(.text.MX_TIM2_Init) for MX_TIM2_Init
    main.o(.text.main) refers to bsp_dwt.o(.text.DWT_Init) for DWT_Init
    main.o(.text.main) refers to bb_control.o(.text.BB_Control_Init) for BB_Control_Init
    main.o(.text.main) refers to tim.o(.bss.htim2) for htim2
    main.o(.text.main) refers to stm32f3xx_hal_tim.o(.text.HAL_TIM_Base_Start_IT) for HAL_TIM_Base_Start_IT
    main.o(.text.main) refers to stm32f3xx_hal_gpio.o(.text.HAL_GPIO_ReadPin) for HAL_GPIO_ReadPin
    main.o(.text.main) refers to main.o(.bss.switch_on_off) for switch_on_off
    main.o(.text.main) refers to stm32f3xx_hal_gpio.o(.text.HAL_GPIO_WritePin) for HAL_GPIO_WritePin
    main.o(.text.main) refers to stm32f3xx_hal.o(.text.HAL_Delay) for HAL_Delay
    main.o(.ARM.exidx.text.main) refers to main.o(.text.main) for [Anonymous Symbol]
    main.o(.text.SystemClock_Config) refers to rt_memclr_w.o(.text) for __aeabi_memclr4
    main.o(.text.SystemClock_Config) refers to stm32f3xx_hal_rcc.o(.text.HAL_RCC_OscConfig) for HAL_RCC_OscConfig
    main.o(.text.SystemClock_Config) refers to main.o(.text.Error_Handler) for Error_Handler
    main.o(.text.SystemClock_Config) refers to stm32f3xx_hal_rcc.o(.text.HAL_RCC_ClockConfig) for HAL_RCC_ClockConfig
    main.o(.text.SystemClock_Config) refers to stm32f3xx_hal_rcc_ex.o(.text.HAL_RCCEx_PeriphCLKConfig) for HAL_RCCEx_PeriphCLKConfig
    main.o(.ARM.exidx.text.SystemClock_Config) refers to main.o(.text.SystemClock_Config) for [Anonymous Symbol]
    main.o(.ARM.exidx.text.Error_Handler) refers to main.o(.text.Error_Handler) for [Anonymous Symbol]
    main.o(.text.HAL_TIM_PeriodElapsedCallback) refers to tim.o(.bss.htim2) for htim2
    main.o(.text.HAL_TIM_PeriodElapsedCallback) refers to main.o(.bss.HAL_TIM_PeriodElapsedCallback.count) for HAL_TIM_PeriodElapsedCallback.count
    main.o(.text.HAL_TIM_PeriodElapsedCallback) refers to bb_control.o(.text.Buck_Boost_Task) for Buck_Boost_Task
    main.o(.text.HAL_TIM_PeriodElapsedCallback) refers to detect_task.o(.text.Detect_Task) for Detect_Task
    main.o(.ARM.exidx.text.HAL_TIM_PeriodElapsedCallback) refers to main.o(.text.HAL_TIM_PeriodElapsedCallback) for [Anonymous Symbol]
[...]
    ../clib/heapalloc.c                      0x00000000   Number         0  free.o ABSOLUTE
    ../clib/heapalloc.c                      0x00000000   Number         0  heapstubs.o ABSOLUTE
    ../clib/heapalloc.c                      0x00000000   Number         0  hrguard.o ABSOLUTE
    ../clib/heapalloc.c                      0x00000000   Number         0  term_alloc.o ABSOLUTE
    ../clib/heapaux.c                        0x00000000   Number         0  heapauxi.o ABSOLUTE
    ../clib/heapaux.c                        0x00000000   Number         0  heapauxa.o ABSOLUTE
    ../clib/libinit.s                        0x00000000   Number         0  libinit2.o ABSOLUTE
    ../clib/libinit.s                        0x00000000   Number         0  libinit.o ABSOLUTE
    ../clib/libinit.s                        0x00000000   Number         0  libshutdown2.o ABSOLUTE
    ../clib/libinit.s                        0x00000000   Number         0  libshutdown.o ABSOLUTE
    ../clib/longlong.s                       0x00000000   Number         0  lludivv7m.o ABSOLUTE
    ../clib/maybe.s                          0x00000000   Number         0  maybetermalloc1.o ABSOLUTE
    ../clib/maybe.s                          0x00000000   Number         0  maybetermalloc2.o ABSOLUTE
    ../clib/memcpset.s                       0x00000000   Number         0  rt_memcpy_w.o ABSOLUTE
    ../clib/memcpset.s                       0x00000000   Number         0  rt_memclr.o ABSOLUTE
    ../clib/memcpset.s                       0x00000000   Number         0  rt_memclr_w.o ABSOLUTE
    ../clib/signal.c                         0x00000000   Number         0  defsig_rtmem_outer.o ABSOLUTE
    ../clib/signal.c                         0x00000000   Number         0  defsig_rtmem_formal.o ABSOLUTE
    ../clib/signal.c                         0x00000000   Number         0  defsig_exit.o ABSOLUTE
    ../clib/signal.c                         0x00000000   Number         0  defsig_fpe_outer.o ABSOLUTE
    ../clib/signal.c                         0x00000000   Number         0  defsig_fpe_formal.o ABSOLUTE
    ../clib/signal.c                         0x00000000   Number         0  defsig_rtmem_inner.o ABSOLUTE
    ../clib/signal.c                         0x00000000   Number         0  __raise.o ABSOLUTE
    ../clib/signal.c                         0x00000000   Number         0  defsig_general.o ABSOLUTE
    ../clib/signal.c                         0x00000000   Number         0  defsig_fpe_inner.o ABSOLUTE
    ../clib/signal.c                         0x00000000   Number         0  defsig_abrt_inner.o ABSOLUTE
    ../clib/signal.c                         0x00000000   Number         0  defsig_rtred_inner.o ABSOLUTE
    ../clib/signal.c                         0x00000000   Number         0  defsig_stak_inner.o ABSOLUTE
    ../clib/signal.c                         0x00000000   Number         0  defsig_pvfn_inner.o ABSOLUTE
    ../clib/signal.c                         0x00000000   Number         0  defsig_cppl_inner.o ABSOLUTE
    ../clib/signal.c                         0x00000000   Number         0  defsig_segv_inner.o ABSOLUTE
    ../clib/signal.c                         0x00000000   Number         0  defsig_other.o ABSOLUTE
    ../clib/signal.s                         0x00000000   Number         0  defsig.o ABSOLUTE
    ../clib/stdlib.c                         0x00000000   Number         0  exit.o ABSOLUTE
    ../fplib/d2f.s                           0x00000000   Number         0  d2f.o ABSOLUTE
    ../fplib/dcmpi.s                         0x00000000   Number         0  dcmpi.o ABSOLUTE
    ../fplib/ddiv.s                          0x00000000   Number         0  ddiv.o ABSOLUTE
    ../fplib/dflt.s                          0x00000000   Number         0  dflt_clz.o ABSOLUTE
    ../fplib/dleqf.s                         0x00000000   Number         0  dleqf.o ABSOLUTE
    ../fplib/dnaninf.s                       0x00000000   Number         0  dnaninf.o ABSOLUTE
    ../fplib/dretinf.s                       0x00000000   Number         0  dretinf.o ABSOLUTE
    ../fplib/dsqrt.s                         0x00000000   Number         0  dsqrt_umaal.o ABSOLUTE
    ../fplib/f2d.s                           0x00000000   Number         0  f2d.o ABSOLUTE
    ../fplib/ffltll.s                        0x00000000   Number         0  ffltll_clz.o ABSOLUTE
    ../fplib/fnaninf.s                       0x00000000   Number         0  fnaninf.o ABSOLUTE
    ../fplib/fpinit.s                        0x00000000   Number         0  fpinit.o ABSOLUTE
    ../fplib/fretinf.s                       0x00000000   Number         0  fretinf.o ABSOLUTE
    ../fplib/usenofp.s                       0x00000000   Number         0  usenofp.o ABSOLUTE
    ../mathlib/sqrt.c                        0x00000000   Number         0  sqrt.o ABSOLUTE
    ../mathlib/sqrt.c                        0x00000000   Number         0  sqrt_x.o ABSOLUTE
    adc.c                                    0x00000000   Number         0  adc.o ABSOLUTE
    bb_control.c                             0x00000000   Number         0  bb_control.o ABSOLUTE
    bsp_dwt.c                                0x00000000   Number         0  bsp_dwt.o ABSOLUTE
    controller.c                             0x00000000   Number         0  controller.o ABSOLUTE
    dc.s                                     0x00000000   Number         0  dc.o ABSOLUTE
    detect_task.c                            0x00000000   Number         0  detect_task.o ABSOLUTE
    dma.c                                    0x00000000   Number         0  dma.o ABSOLUTE
    filter32.c                               0x00000000   Number         0  filter32.o ABSOLUTE
    gpio.c                                   0x00000000   Number         0  gpio.o ABSOLUTE
    hrtim.c                                  0x00000000   Number         0  hrtim.o ABSOLUTE
    main.c                                   0x00000000   Number         0  main.o ABSOLUTE
    startup_stm32f334x8.s                    0x00000000   Number         0  startup_stm32f334x8.o ABSOLUTE
    stm32f3xx_hal.c                          0x00000000   Number         0  stm32f3xx_hal.o ABSOLUTE
    stm32f3xx_hal_adc.c                      0x00000000   Number         0  stm32f3xx_hal_adc.o ABSOLUTE
    stm32f3xx_hal_adc_ex.c                   0x00000000   Number         0  stm32f3xx_hal_adc_ex.o ABSOLUTE
    stm32f3xx_hal_cortex.c                   0x00000000   Number         0  stm32f3xx_hal_cortex.o ABSOLUTE
    stm32f3xx_hal_dma.c                      0x00000000   Number         0  stm32f3xx_hal_dma.o ABSOLUTE
    stm32f3xx_hal_exti.c                     0x00000000   Number         0  stm32f3xx_hal_exti.o ABSOLUTE
    stm32f3xx_hal_flash.c                    0x00000000   Number         0  stm32f3xx_hal_flash.o ABSOLUTE
    stm32f3xx_hal_flash_ex.c                 0x00000000   Number         0  stm32f3xx_hal_flash_ex.o ABSOLUTE
    stm32f3xx_hal_gpio.c                     0x00000000   Number         0  stm32f3xx_hal_gpio.o ABSOLUTE
    stm32f3xx_hal_hrtim.c                    0x00000000   Number         0  stm32f3xx_hal_hrtim.o ABSOLUTE
    stm32f3xx_hal_i2c.c                      0x00000000   Number         0  stm32f3xx_hal_i2c.o ABSOLUTE
    stm32f3xx_hal_i2c_ex.c                   0x00000000   Number         0  stm32f3xx_hal_i2c_ex.o ABSOLUTE
    stm32f3xx_hal_msp.c                      0x00000000   Number         0  stm32f3xx_hal_msp.o ABSOLUTE
    stm32f3xx_hal_pwr.c                      0x00000000   Number         0  stm32f3xx_hal_pwr.o ABSOLUTE
    stm32f3xx_hal_pwr_ex.c                   0x00000000   Number         0  stm32f3xx_hal_pwr_ex.o ABSOLUTE
    stm32f3xx_hal_rcc.c                      0x00000000   Number         0  stm32f3xx_hal_rcc.o ABSOLUTE
    stm32f3xx_hal_rcc_ex.c                   0x00000000   Number         0  stm32f3xx_hal_rcc_ex.o ABSOLUTE
    stm32f3xx_hal_tim.c                      0x00000000   Number         0  stm32f3xx_hal_tim.o ABSOLUTE
    stm32f3xx_hal_tim_ex.c                   0x00000000   Number         0  stm32f3xx_hal_tim_ex.o ABSOLUTE
    stm32f3xx_hal_uart.c                     0x00000000   Number         0  stm32f3xx_hal_uart.o ABSOLUTE
    stm32f3xx_hal_uart_ex.c                  0x00000000   Number         0  stm32f3xx_hal_uart_ex.o ABSOLUTE
    stm32f3xx_it.c                           0x00000000   Number         0  stm32f3xx_it.o ABSOLUTE
    system_stm32f3xx.c                       0x00000000   Number         0  system_stm32f3xx.o ABSOLUTE
    tim.c                                    0x00000000   Number         0  tim.o ABSOLUTE
    usart.c                                  0x00000000   Number         0  usart.o ABSOLUTE
    user_lib.c                               0x00000000   Number         0  user_lib.o ABSOLUTE
    !!!main                                  0x08000000   Section        8  __main.o(!!!main)
    !!!scatter                               0x08000008   Section       52  __scatter.o(!!!scatter)
    !!handler_copy                           0x0800003c   Section       26  __scatter_copy.o(!!handler_copy)
    !!handler_zi                             0x08000058   Section       28  __scatter_zi.o(!!handler_zi)
    .ARM.Collect$$libinit$$00000000          0x08000074   Section        2  libinit.o(.ARM.Collect$$libinit$$00000000)
    .ARM.Collect$$libinit$$00000001          0x08000076   Section        4  libinit2.o(.ARM.Collect$$libinit$$00000001)
    .ARM.Collect$$libinit$$00000004          0x0800007a   Section        0  libinit2.o(.ARM.Collect$$libinit$$00000004)
    .ARM.Collect$$libinit$$00000005          0x0800007a   Section        8  libinit2.o(.ARM.Collect$$libinit$$00000005)
    .ARM.Collect$$libinit$$0000000A          0x08000082   Section        0  libinit2.o(.ARM.Collect$$libinit$$0000000A)
    .ARM.Collect$$libinit$$0000000C          0x08000082   Section        0  libinit2.o(.ARM.Collect$$libinit$$0000000C)
    .ARM.Collect$$libinit$$0000000E          0x08000082   Section        0  libinit2.o(.ARM.Collect$$libinit$$0000000E)
    .ARM.Collect$$libinit$$00000011          0x08000082   Section        0  libinit2.o(.ARM.Collect$$libinit$$00000011)
    .ARM.Collect$$libinit$$00000013          0x08000082   Section        0  libinit2.o(.ARM.Collect$$libinit$$00000013)
    .ARM.Collect$$libinit$$00000015          0x08000082   Section        0  libinit2.o(.ARM.Collect$$libinit$$00000015)
    .ARM.Collect$$libinit$$00000017          0x08000082   Section        0  libinit2.o(.ARM.Collect$$libinit$$00000017)
    .ARM.Collect$$libinit$$00000019          0x08000082   Section        0  libinit2.o(.ARM.Collect$$libinit$$00000019)
    .ARM.Collect$$libinit$$0000001B          0x08000082   Section        0  libinit2.o(.ARM.Collect$$libinit$$0000001B)
    .ARM.Collect$$libinit$$0000001D          0x08000082   Section        0  libinit2.o(.ARM.Collect$$libinit$$0000001D)
    .ARM.Collect$$libinit$$0000001F          0x08000082   Section        0  libinit2.o(.ARM.Collect$$libinit$$0000001F)
    .ARM.Collect$$libinit$$00000021          0x08000082   Section        0  libinit2.o(.ARM.Collect$$libinit$$00000021)
    .ARM.Collect$$libinit$$00000023          0x08000082   Section        0  libinit2.o(.ARM.Collect$$libinit$$00000023)
    .ARM.Collect$$libinit$$00000025          0x08000082   Section        0  libinit2.o(.ARM.Collect$$libinit$$00000025)
    .ARM.Collect$$libinit$$00000026          0x08000082   Section        8  libinit2.o(.ARM.Collect$$libinit$$00000026)
    .ARM.Collect$$libinit$$0000002E          0x0800008a   Section        0  libinit2.o(.ARM.Collect$$libinit$$0000002E)
    .ARM.Collect$$libinit$$00000030          0x0800008a   Section        0  libinit2.o(.ARM.Collect$$libinit$$00000030)
    .ARM.Collect$$libinit$$00000032          0x0800008a   Section        0  libinit2.o(.ARM.Collect$$libinit$$00000032)
    .ARM.Collect$$libinit$$00000033          0x0800008a   Section        2  libinit2.o(.ARM.Collect$$libinit$$00000033)
    .ARM.Collect$$libshutdown$$00000000      0x0800008c   Section        2  libshutdown.o(.ARM.Collect$$libshutdown$$00000000)
    .ARM.Collect$$libshutdown$$00000002      0x0800008e   Section        0  libshutdown2.o(.ARM.Collect$$libshutdown$$00000002)
    .ARM.Collect$$libshutdown$$00000004      0x0800008e   Section        0  libshutdown2.o(.ARM.Collect$$libshutdown$$00000004)
    .ARM.Collect$$libshutdown$$00000007      0x0800008e   Section        0  libshutdown2.o(.ARM.Collect$$libshutdown$$00000007)
    .ARM.Collect$$libshutdown$$0000000A      0x0800008e   Section        0  libshutdown2.o(.ARM.Collect$$libshutdown$$0000000A)
    .ARM.Collect$$libshutdown$$0000000C      0x0800008e   Section        0  libshutdown2.o(.ARM.Collect$$libshutdown$$0000000C)
    .ARM.Collect$$libshutdown$$0000000F      0x0800008e   Section        0  libshutdown2.o(.ARM.Collect$$libshutdown$$0000000F)
    .ARM.Collect$$libshutdown$$00000010      0x0800008e   Section        2  libshutdown2.o(.ARM.Collect$$libshutdown$$00000010)
    .ARM.Collect$$rtentry$$00000000          0x08000090   Section        0  __rtentry.o(.ARM.Collect$$rtentry$$00000000)
    .ARM.Collect$$rtentry$$00000002          0x08000090   Section        0  __rtentry2.o(.ARM.Collect$$rtentry$$00000002)
    .ARM.Collect$$rtentry$$00000004          0x08000090   Section        6  __rtentry4.o(.ARM.Collect$$rtentry$$00000004)
    .ARM.Collect$$rtentry$$00000009          0x08000096   Section        0  __rtentry2.o(.ARM.Collect$$rtentry$$00000009)
    .ARM.Collect$$rtentry$$0000000A          0x08000096   Section        4  __rtentry2.o(.ARM.Collect$$rtentry$$0000000A)
    .ARM.Collect$$rtentry$$0000000C          0x0800009a   Section        0  __rtentry2.o(.ARM.Collect$$rtentry$$0000000C)
    .ARM.Collect$$rtentry$$0000000D          0x0800009a   Section        8  __rtentry2.o(.ARM.Collect$$rtentry$$0000000D)
    .ARM.Collect$$rtexit$$00000000           0x080000a2   Section        2  rtexit.o(.ARM.Collect$$rtexit$$00000000)
    .ARM.Collect$$rtexit$$00000002           0x080000a4   Section        0  rtexit2.o(.ARM.Collect$$rtexit$$00000002)
    .ARM.Collect$$rtexit$$00000003           0x080000a4   Section        4  rtexit2.o(.ARM.Collect$$rtexit$$00000003)
    .ARM.Collect$$rtexit$$00000004           0x080000a8   Section        6  rtexit2.o(.ARM.Collect$$rtexit$$00000004)
    .emb_text                                0x080000b0   Section        4  argv_veneer.o(.emb_text)
    $v0                                      0x080000b4   Number         0  startup_stm32f334x8.o(.text)
    .text                                    0x080000b4   Section       64  startup_stm32f334x8.o(.text)
    .text                                    0x080000f4   Section        0  h1_alloc.o(.text)
    .text                                    0x08000152   Section      240  lludivv7m.o(.text)
    .text                                    0x08000242   Section       68  rt_memclr.o(.text)
    .text                                    0x08000286   Section       78  rt_memclr_w.o(.text)
    .text                                    0x080002d4   Section        0  heapauxi.o(.text)
    .text                                    0x080002dc   Section        8  rt_heap_descriptor_intlibspace.o(.text)
    .text                                    0x080002e4   Section        0  hguard.o(.text)
    .text                                    0x080002e8   Section        0  init_alloc.o(.text)
    .text                                    0x08000372   Section        0  h1_init.o(.text)
    .text                                    0x08000380   Section        0  h1_free.o(.text)
    .text                                    0x080003ce   Section        0  _get_argv.o(.text)
    .text                                    0x080004d6   Section        0  sys_command.o(.text)
    .text                                    0x080004f0   Section        8  libspace.o(.text)
    .text                                    0x080004f8   Section        0  hrguard.o(.text)
    .text                                    0x080004fc   Section        0  maybetermalloc1.o(.text)
    .text                                    0x080004fc   Section        0  h1_extend.o(.text)
    .text                                    0x08000530   Section        0  defsig_rtmem_outer.o(.text)
    .text                                    0x0800053e   Section        2  use_no_semi.o(.text)
    .text                                    0x08000540   Section        0  indicate_semi.o(.text)
    .text                                    0x08000540   Section       74  sys_stackheap_outer.o(.text)
    .text                                    0x0800058a   Section        0  exit.o(.text)
    .text                                    0x0800059c   Section        0  defsig_exit.o(.text)
    .text                                    0x080005a8   Section        0  defsig_rtmem_inner.o(.text)
    .text                                    0x080005f8   Section        0  sys_exit.o(.text)
    .text                                    0x08000604   Section        0  defsig_general.o(.text)
    .text                                    0x08000636   Section        0  sys_wrch.o(.text)
    ADC_DMAConvCplt                          0x08000645   Thumb Code   124  stm32f3xx_hal_adc_ex.o(.text.ADC_DMAConvCplt)
    [Anonymous Symbol]                       0x08000644   Section        0  stm32f3xx_hal_adc_ex.o(.text.ADC_DMAConvCplt)
    ADC_DMAError                             0x080006c1   Thumb Code    42  stm32f3xx_hal_adc_ex.o(.text.ADC_DMAError)
    [Anonymous Symbol]                       0x080006c0   Section        0  stm32f3xx_hal_adc_ex.o(.text.ADC_DMAError)
    ADC_DMAHalfConvCplt                      0x080006ed   Thumb Code    22  stm32f3xx_hal_adc_ex.o(.text.ADC_DMAHalfConvCplt)
    [Anonymous Symbol]                       0x080006ec   Section        0  stm32f3xx_hal_adc_ex.o(.text.ADC_DMAHalfConvCplt)
    ADC_Disable                              0x08000705   Thumb Code   218  stm32f3xx_hal_adc_ex.o(.text.ADC_Disable)
    [Anonymous Symbol]                       0x08000704   Section        0  stm32f3xx_hal_adc_ex.o(.text.ADC_Disable)
    ADC_Enable                               0x080007e1   Thumb Code   206  stm32f3xx_hal_adc_ex.o(.text.ADC_Enable)
    [Anonymous Symbol]                       0x080007e0   Section        0  stm32f3xx_hal_adc_ex.o(.text.ADC_Enable)
    [Anonymous Symbol]                       0x080008b0   Section        0  bb_control.o(.text.BB_Control_Init)
    DMA_CalcBaseAndBitshift                  0x08000a2d   Thumb Code    54  stm32f3xx_hal_dma.o(.text.DMA_CalcBaseAndBitshift)
    [Anonymous Symbol]                       0x08000a2c   Section        0  stm32f3xx_hal_dma.o(.text.DMA_CalcBaseAndBitshift)
    DMA_SetConfig                            0x08000a65   Thumb Code    82  stm32f3xx_hal_dma.o(.text.DMA_SetConfig)
    [Anonymous Symbol]                       0x08000a64   Section        0  stm32f3xx_hal_dma.o(.text.DMA_SetConfig)
    [Anonymous Symbol]                       0x08000ab8   Section        0  bsp_dwt.o(.text.DWT_Init)
    [Anonymous Symbol]                       0x08000b18   Section        0  main.o(.text.Error_Handler)
    [Anonymous Symbol]                       0x08000b28   Section        0  filter32.o(.text.First_Order_Filter_Init)
    [Anonymous Symbol]                       0x08000b8c   Section        0  stm32f3xx_hal_adc_ex.o(.text.HAL_ADCEx_Calibration_Start)
    [Anonymous Symbol]                       0x08000c90   Section        0  stm32f3xx_hal_adc_ex.o(.text.HAL_ADCEx_MultiModeConfigChannel)
    [Anonymous Symbol]                       0x08000e54   Section        0  stm32f3xx_hal_adc_ex.o(.text.HAL_ADC_ConfigChannel)
    [Anonymous Symbol]                       0x08001390   Section        0  stm32f3xx_hal_adc.o(.text.HAL_ADC_ConvCpltCallback)
    [Anonymous Symbol]                       0x08001398   Section        0  stm32f3xx_hal_adc.o(.text.HAL_ADC_ConvHalfCpltCallback)
    [Anonymous Symbol]                       0x080013a0   Section        0  stm32f3xx_hal_adc.o(.text.HAL_ADC_ErrorCallback)
    [Anonymous Symbol]                       0x080013a8   Section        0  stm32f3xx_hal_adc_ex.o(.text.HAL_ADC_Init)
    [Anonymous Symbol]                       0x08001700   Section        0  adc.o(.text.HAL_ADC_MspInit)
    [Anonymous Symbol]                       0x080017cc   Section        0  stm32f3xx_hal_adc_ex.o(.text.HAL_ADC_Start_DMA)
    [Anonymous Symbol]                       0x080019c0   Section        0  stm32f3xx_hal_dma.o(.text.HAL_DMA_Init)
    [Anonymous Symbol]                       0x08001a4c   Section        0  stm32f3xx_hal_dma.o(.text.HAL_DMA_Start_IT)
    [Anonymous Symbol]                       0x08001b18   Section        0  stm32f3xx_hal.o(.text.HAL_Delay)
    [Anonymous Symbol]                       0x08001b5c   Section        0  stm32f3xx_hal_gpio.o(.text.HAL_GPIO_Init)
    [Anonymous Symbol]                       0x08001e98   Section        0  stm32f3xx_hal_gpio.o(.text.HAL_GPIO_ReadPin)
    [Anonymous Symbol]                       0x08001ec8   Section        0  stm32f3xx_hal_gpio.o(.text.HAL_GPIO_WritePin)
    [Anonymous Symbol]                       0x08001efc   Section        0  stm32f3xx_hal.o(.text.HAL_GetTick)
    [Anonymous Symbol]                       0x08001f08   Section        0  stm32f3xx_hal_hrtim.o(.text.HAL_HRTIM_DLLCalibrationStart)
    [Anonymous Symbol]                       0x08001fb8   Section        0  stm32f3xx_hal_hrtim.o(.text.HAL_HRTIM_DeadTimeConfig)
    [Anonymous Symbol]                       0x080020cc   Section        0  stm32f3xx_hal_hrtim.o(.text.HAL_HRTIM_Init)
    [Anonymous Symbol]                       0x0800226c   Section        0  hrtim.o(.text.HAL_HRTIM_MspInit)
    [Anonymous Symbol]                       0x080022a8   Section        0  hrtim.o(.text.HAL_HRTIM_MspPostInit)
    [Anonymous Symbol]                       0x08002310   Section        0  stm32f3xx_hal_hrtim.o(.text.HAL_HRTIM_PollForDLLCalibration)
    [Anonymous Symbol]                       0x08002390   Section        0  stm32f3xx_hal_hrtim.o(.text.HAL_HRTIM_TimeBaseConfig)
    [Anonymous Symbol]                       0x080023ec   Section        0  stm32f3xx_hal_hrtim.o(.text.HAL_HRTIM_WaveformCompareConfig)
    [Anonymous Symbol]                       0x080026b0   Section        0  stm32f3xx_hal_hrtim.o(.text.HAL_HRTIM_WaveformCountStart)
    [Anonymous Symbol]                       0x08002710   Section        0  stm32f3xx_hal_hrtim.o(.text.HAL_HRTIM_WaveformOutputConfig)
    [Anonymous Symbol]                       0x0800278c   Section        0  stm32f3xx_hal_hrtim.o(.text.HAL_HRTIM_WaveformOutputStart)
    [Anonymous Symbol]                       0x080027f0   Section        0  stm32f3xx_hal_hrtim.o(.text.HAL_HRTIM_WaveformTimerConfig)
    [Anonymous Symbol]                       0x080028dc   Section        0  stm32f3xx_hal.o(.text.HAL_Init)
    [Anonymous Symbol]                       0x08002908   Section        0  stm32f3xx_hal.o(.text.HAL_InitTick)
    [Anonymous Symbol]                       0x0800297c   Section        0  stm32f3xx_hal_msp.o(.text.HAL_MspInit)
    [Anonymous Symbol]                       0x080029c0   Section        0  stm32f3xx_hal_cortex.o(.text.HAL_NVIC_EnableIRQ)
    [Anonymous Symbol]                       0x080029d8   Section        0  stm32f3xx_hal_cortex.o(.text.HAL_NVIC_SetPriority)
    [Anonymous Symbol]                       0x08002a18   Section        0  stm32f3xx_hal_cortex.o(.text.HAL_NVIC_SetPriorityGrouping)
    [Anonymous Symbol]                       0x08002a28   Section        0  stm32f3xx_hal_rcc_ex.o(.text.HAL_RCCEx_PeriphCLKConfig)
    [Anonymous Symbol]                       0x08002cb4   Section        0  stm32f3xx_hal_rcc.o(.text.HAL_RCC_ClockConfig)
    [Anonymous Symbol]                       0x08002fd4   Section        0  stm32f3xx_hal_rcc.o(.text.HAL_RCC_GetHCLKFreq)
    [Anonymous Symbol]                       0x08002fe0   Section        0  stm32f3xx_hal_rcc.o(.text.HAL_RCC_GetPCLK1Freq)
    [Anonymous Symbol]                       0x08003004   Section        0  stm32f3xx_hal_rcc.o(.text.HAL_RCC_GetPCLK2Freq)
    [Anonymous Symbol]                       0x08003028   Section        0  stm32f3xx_hal_rcc.o(.text.HAL_RCC_GetSysClockFreq)
    [Anonymous Symbol]                       0x080030f0   Section        0  stm32f3xx_hal_rcc.o(.text.HAL_RCC_OscConfig)
    [Anonymous Symbol]                       0x08003bb8   Section        0  stm32f3xx_hal_cortex.o(.text.HAL_SYSTICK_Config)
    [Anonymous Symbol]                       0x08003bc8   Section        0  stm32f3xx_hal_tim_ex.o(.text.HAL_TIMEx_MasterConfigSynchronization)
    [Anonymous Symbol]                       0x08003ccc   Section        0  stm32f3xx_hal_tim.o(.text.HAL_TIM_Base_Init)
    [Anonymous Symbol]                       0x08003d80   Section        0  tim.o(.text.HAL_TIM_Base_MspInit)
    [Anonymous Symbol]                       0x08003dcc   Section        0  stm32f3xx_hal_tim.o(.text.HAL_TIM_Base_Start_IT)
    [Anonymous Symbol]                       0x08003e8c   Section        0  stm32f3xx_hal_tim.o(.text.HAL_TIM_ConfigClockSource)
    [Anonymous Symbol]                       0x08004038   Section        0  stm32f3xx_hal_uart.o(.text.HAL_UART_Init)
    [Anonymous Symbol]                       0x080040e8   Section        0  usart.o(.text.HAL_UART_MspInit)
    HRTIM_ForceRegistersUpdate               0x08004171   Thumb Code   140  stm32f3xx_hal_hrtim.o(.text.HRTIM_ForceRegistersUpdate)
    [Anonymous Symbol]                       0x08004170   Section        0  stm32f3xx_hal_hrtim.o(.text.HRTIM_ForceRegistersUpdate)
    HRTIM_MasterBase_Config                  0x080041fd   Thumb Code    82  stm32f3xx_hal_hrtim.o(.text.HRTIM_MasterBase_Config)
    [Anonymous Symbol]                       0x080041fc   Section        0  stm32f3xx_hal_hrtim.o(.text.HRTIM_MasterBase_Config)
    HRTIM_MasterWaveform_Config              0x08004251   Thumb Code   192  stm32f3xx_hal_hrtim.o(.text.HRTIM_MasterWaveform_Config)
    [Anonymous Symbol]                       0x08004250   Section        0  stm32f3xx_hal_hrtim.o(.text.HRTIM_MasterWaveform_Config)
    HRTIM_OutputConfig                       0x08004311   Thumb Code   370  stm32f3xx_hal_hrtim.o(.text.HRTIM_OutputConfig)
    [Anonymous Symbol]                       0x08004310   Section        0  stm32f3xx_hal_hrtim.o(.text.HRTIM_OutputConfig)
    HRTIM_TimingUnitBase_Config              0x08004485   Thumb Code   116  stm32f3xx_hal_hrtim.o(.text.HRTIM_TimingUnitBase_Config)
    [Anonymous Symbol]                       0x08004484   Section        0  stm32f3xx_hal_hrtim.o(.text.HRTIM_TimingUnitBase_Config)
    HRTIM_TimingUnitWaveform_Config          0x080044f9   Thumb Code   620  stm32f3xx_hal_hrtim.o(.text.HRTIM_TimingUnitWaveform_Config)
    [Anonymous Symbol]                       0x080044f8   Section        0  stm32f3xx_hal_hrtim.o(.text.HRTIM_TimingUnitWaveform_Config)
    [Anonymous Symbol]                       0x08004764   Section        0  adc.o(.text.MX_ADC1_Init)
    [Anonymous Symbol]                       0x08004850   Section        0  dma.o(.text.MX_DMA_Init)
    [Anonymous Symbol]                       0x0800488c   Section        0  gpio.o(.text.MX_GPIO_Init)
    [Anonymous Symbol]                       0x0800495c   Section        0  hrtim.o(.text.MX_HRTIM1_Init)
    [Anonymous Symbol]                       0x08004cd4   Section        0  tim.o(.text.MX_TIM2_Init)
    [Anonymous Symbol]                       0x08004d5c   Section        0  usart.o(.text.MX_USART1_UART_Init)
    NVIC_EncodePriority                      0x08004d9d   Thumb Code   110  stm32f3xx_hal_cortex.o(.text.NVIC_EncodePriority)
    [Anonymous Symbol]                       0x08004d9c   Section        0  stm32f3xx_hal_cortex.o(.text.NVIC_EncodePriority)
    [Anonymous Symbol]                       0x08004e0c   Section        0  user_lib.o(.text.OLS_Init)
    [Anonymous Symbol]                       0x08004e7c   Section        0  controller.o(.text.PID_Init)
    SysTick_Config                           0x08004f61   Thumb Code    82  stm32f3xx_hal_cortex.o(.text.SysTick_Config)
    [Anonymous Symbol]                       0x08004f60   Section        0  stm32f3xx_hal_cortex.o(.text.SysTick_Config)
    [Anonymous Symbol]                       0x08004fb4   Section        0  main.o(.text.SystemClock_Config)
    [Anonymous Symbol]                       0x08005060   Section        0  system_stm32f3xx.o(.text.SystemInit)
    [Anonymous Symbol]                       0x08005074   Section        0  stm32f3xx_hal_tim.o(.text.TIM_Base_SetConfig)
    [Anonymous Symbol]                       0x080051bc   Section        0  stm32f3xx_hal_tim.o(.text.TIM_ETR_SetConfig)
    TIM_ITRx_SetConfig                       0x080051f1   Thumb Code    42  stm32f3xx_hal_tim.o(.text.TIM_ITRx_SetConfig)
    [Anonymous Symbol]                       0x080051f0   Section        0  stm32f3xx_hal_tim.o(.text.TIM_ITRx_SetConfig)
    TIM_TI1_ConfigInputStage                 0x0800521d   Thumb Code    80  stm32f3xx_hal_tim.o(.text.TIM_TI1_ConfigInputStage)
    [Anonymous Symbol]                       0x0800521c   Section        0  stm32f3xx_hal_tim.o(.text.TIM_TI1_ConfigInputStage)
    TIM_TI2_ConfigInputStage                 0x0800526d   Thumb Code    82  stm32f3xx_hal_tim.o(.text.TIM_TI2_ConfigInputStage)
    [Anonymous Symbol]                       0x0800526c   Section        0  stm32f3xx_hal_tim.o(.text.TIM_TI2_ConfigInputStage)
    [Anonymous Symbol]                       0x080052c0   Section        0  stm32f3xx_hal_uart.o(.text.UART_AdvFeatureConfig)
    [Anonymous Symbol]                       0x0800540c   Section        0  stm32f3xx_hal_uart.o(.text.UART_CheckIdleState)
    UART_EndRxTransfer                       0x08005555   Thumb Code   152  stm32f3xx_hal_uart.o(.text.UART_EndRxTransfer)
    [Anonymous Symbol]                       0x08005554   Section        0  stm32f3xx_hal_uart.o(.text.UART_EndRxTransfer)
    [Anonymous Symbol]                       0x080055ec   Section        0  stm32f3xx_hal_uart.o(.text.UART_SetConfig)
    [Anonymous Symbol]                       0x08005864   Section        0  stm32f3xx_hal_uart.o(.text.UART_WaitOnFlagUntilTimeout)
    __NVIC_EnableIRQ                         0x08005975   Thumb Code    52  stm32f3xx_hal_cortex.o(.text.__NVIC_EnableIRQ)
    [Anonymous Symbol]                       0x08005974   Section        0  stm32f3xx_hal_cortex.o(.text.__NVIC_EnableIRQ)
    __NVIC_GetPriorityGrouping               0x080059a9   Thumb Code    16  stm32f3xx_hal_cortex.o(.text.__NVIC_GetPriorityGrouping)
    [Anonymous Symbol]                       0x080059a8   Section        0  stm32f3xx_hal_cortex.o(.text.__NVIC_GetPriorityGrouping)
    __NVIC_SetPriority                       0x080059b9   Thumb Code    68  stm32f3xx_hal_cortex.o(.text.__NVIC_SetPriority)
    [Anonymous Symbol]                       0x080059b8   Section        0  stm32f3xx_hal_cortex.o(.text.__NVIC_SetPriority)
    __NVIC_SetPriorityGrouping               0x080059fd   Thumb Code    60  stm32f3xx_hal_cortex.o(.text.__NVIC_SetPriorityGrouping)
    [Anonymous Symbol]                       0x080059fc   Section        0  stm32f3xx_hal_cortex.o(.text.__NVIC_SetPriorityGrouping)
    [Anonymous Symbol]                       0x08005a38   Section        0  user_lib.o(.text.float_constrain)
    [Anonymous Symbol]                       0x08005a88   Section        0  main.o(.text.main)
    $v0                                      0x08005af8   Number         0  fpinit.o(x$fpl$fpinit)
    x$fpl$fpinit                             0x08005af8   Section       26  fpinit.o(x$fpl$fpinit)
    aPLLMULFactorTable                       0x08005b2a   Data          16  stm32f3xx_hal_rcc.o(.rodata.aPLLMULFactorTable)
    [Anonymous Symbol]                       0x08005b2a   Section        0  stm32f3xx_hal_rcc.o(.rodata.aPLLMULFactorTable)
    aPredivFactorTable                       0x08005b3a   Data          16  stm32f3xx_hal_rcc.o(.rodata.aPredivFactorTable)
    [Anonymous Symbol]                       0x08005b3a   Section        0  stm32f3xx_hal_rcc.o(.rodata.aPredivFactorTable)
    .bss                                     0x20000010   Section       96  libspace.o(.bss)
    CPU_FREQ_Hz                              0x2000007c   Data           4  bsp_dwt.o(.bss.CPU_FREQ_Hz)
    [Anonymous Symbol]                       0x2000007c   Section        0  bsp_dwt.o(.bss.CPU_FREQ_Hz)
    CYCCNT_RountCount                        0x20000080   Data           4  bsp_dwt.o(.bss.CYCCNT_RountCount)
    [Anonymous Symbol]                       0x20000080   Section        0  bsp_dwt.o(.bss.CYCCNT_RountCount)
    DWT_Timeline                             0x20000084   Data           4  bsp_dwt.o(.bss.DWT_Timeline)
    [Anonymous Symbol]                       0x20000084   Section        0  bsp_dwt.o(.bss.DWT_Timeline)
    Heap_Mem                                 0x200004e0   Data         512  startup_stm32f334x8.o(HEAP)
    HEAP                                     0x200004e0   Section      512  startup_stm32f334x8.o(HEAP)
    Stack_Mem                                0x200006e0   Data        1024  startup_stm32f334x8.o(STACK)
    STACK                                    0x200006e0   Section     1024  startup_stm32f334x8.o(STACK)
    __initial_sp                             0x20000ae0   Data           0  startup_stm32f334x8.o(STACK)

    Global Symbols

    Symbol Name                              Value     Ov Type        Size  Object(Section)

    BuildAttributes$$THM_ISAv4$E$P$D$K$B$S$7EM$VFPi3$EXTD16$VFPS$VFMA$PE$A:L22UL41UL21$X:L11$S22US41US21$IEEE1$IW$~IW$USESV6$~STKCKD$USESV7$~SHL$OTIME$ROPI$IEEEJ$EBA8$UX$STANDARDLIB$REQ8$PRES8$EABIv2 0x00000000   Number         0  anon$$obj.o ABSOLUTE
    __ARM_exceptions_init                     - Undefined Weak Reference
    __alloca_initialize                       - Undefined Weak Reference
    __arm_preinit_                            - Undefined Weak Reference
    __cpp_initialize__aeabi_                  - Undefined Weak Reference
    __cxa_finalize                            - Undefined Weak Reference
    __rt_locale                               - Undefined Weak Reference
    __sigvec_lookup                           - Undefined Weak Reference
    __user_heap_extent                        - Undefined Weak Reference
    _atexit_init                              - Undefined Weak Reference
    _call_atexit_fns                          - Undefined Weak Reference
    _clock_init                               - Undefined Weak Reference
    _fp_trap_init                             - Undefined Weak Reference
    _fp_trap_shutdown                         - Undefined Weak Reference
    _get_lc_collate                           - Undefined Weak Reference
    _get_lc_ctype                             - Undefined Weak Reference
    _get_lc_monetary                          - Undefined Weak Reference
    _get_lc_numeric                           - Undefined Weak Reference
    _get_lc_time                              - Undefined Weak Reference
    _getenv_init                              - Undefined Weak Reference
    _handle_redirection                       - Undefined Weak Reference
    _initio                                   - Undefined Weak Reference
    _mutex_acquire                            - Undefined Weak Reference
    _mutex_free                               - Undefined Weak Reference
    _mutex_release                            - Undefined Weak Reference
    _rand_init                                - Undefined Weak Reference
    _signal_finish                            - Undefined Weak Reference
    _signal_init                              - Undefined Weak Reference
    _terminateio                              - Undefined Weak Reference
    __Vectors_Size                           0x00000188   Number         0  startup_stm32f334x8.o ABSOLUTE
    __main                                   0x08000001   Thumb Code     8  __main.o(!!!main)
    __scatterload                            0x08000009   Thumb Code     0  __scatter.o(!!!scatter)
    __scatterload_rt2                        0x08000009   Thumb Code    44  __scatter.o(!!!scatter)
    __scatterload_rt2_thumb_only             0x08000009   Thumb Code     0  __scatter.o(!!!scatter)
    __scatterload_null                       0x08000017   Thumb Code     0  __scatter.o(!!!scatter)
    __scatterload_copy                       0x0800003d   Thumb Code    26  __scatter_copy.o(!!handler_copy)
    __scatterload_zeroinit                   0x08000059   Thumb Code    28  __scatter_zi.o(!!handler_zi)
    __rt_lib_init                            0x08000075   Thumb Code     0  libinit.o(.ARM.Collect$$libinit$$00000000)
    __rt_lib_init_fp_1                       0x08000077   Thumb Code     0  libinit2.o(.ARM.Collect$$libinit$$00000001)
    __rt_lib_init_heap_2                     0x0800007b   Thumb Code     0  libinit2.o(.ARM.Collect$$libinit$$00000005)
    __rt_lib_init_preinit_1                  0x0800007b   Thumb Code     0  libinit2.o(.ARM.Collect$$libinit$$00000004)
    __rt_lib_init_argv_1                     0x08000083   Thumb Code     0  libinit2.o(.ARM.Collect$$libinit$$00000026)
    __rt_lib_init_atexit_1                   0x08000083   Thumb Code     0  libinit2.o(.ARM.Collect$$libinit$$0000001B)
    __rt_lib_init_clock_1                    0x08000083   Thumb Code     0  libinit2.o(.ARM.Collect$$libinit$$00000021)
    __rt_lib_init_fp_trap_1                  0x08000083   Thumb Code     0  libinit2.o(.ARM.Collect$$libinit$$0000001F)
    __rt_lib_init_getenv_1                   0x08000083   Thumb Code     0  libinit2.o(.ARM.Collect$$libinit$$00000023)
    __rt_lib_init_heap_1                     0x08000083   Thumb Code     0  libinit2.o(.ARM.Collect$$libinit$$0000000A)
    __rt_lib_init_lc_collate_1               0x08000083   Thumb Code     0  libinit2.o(.ARM.Collect$$libinit$$00000011)
    __rt_lib_init_lc_ctype_1                 0x08000083   Thumb Code     0  libinit2.o(.ARM.Collect$$libinit$$00000013)
    __rt_lib_init_lc_monetary_1              0x08000083   Thumb Code     0  libinit2.o(.ARM.Collect$$libinit$$00000015)
    __rt_lib_init_lc_numeric_1               0x08000083   Thumb Code     0  libinit2.o(.ARM.Collect$$libinit$$00000017)
    __rt_lib_init_lc_time_1                  0x08000083   Thumb Code     0  libinit2.o(.ARM.Collect$$libinit$$00000019)
    __rt_lib_init_rand_1                     0x08000083   Thumb Code     0  libinit2.o(.ARM.Collect$$libinit$$0000000E)
    __rt_lib_init_signal_1                   0x08000083   Thumb Code     0  libinit2.o(.ARM.Collect$$libinit$$0000001D)
    __rt_lib_init_stdio_1                    0x08000083   Thumb Code     0  libinit2.o(.ARM.Collect$$libinit$$00000025)
    __rt_lib_init_user_alloc_1               0x08000083   Thumb Code     0  libinit2.o(.ARM.Collect$$libinit$$0000000C)
    __rt_lib_init_alloca_1                   0x0800008b   Thumb Code     0  libinit2.o(.ARM.Collect$$libinit$$0000002E)
    __rt_lib_init_cpp_1                      0x0800008b   Thumb Code     0  libinit2.o(.ARM.Collect$$libinit$$00000032)
    __rt_lib_init_exceptions_1               0x0800008b   Thumb Code     0  libinit2.o(.ARM.Collect$$libinit$$00000030)
    __rt_lib_init_return                     0x0800008b   Thumb Code     0  libinit2.o(.ARM.Collect$$libinit$$00000033)
    __rt_lib_shutdown                        0x0800008d   Thumb Code     0  libshutdown.o(.ARM.Collect$$libshutdown$$00000000)
    __rt_lib_shutdown_cpp_1                  0x0800008f   Thumb Code     0  libshutdown2.o(.ARM.Collect$$libshutdown$$00000002)
    __rt_lib_shutdown_fp_trap_1              0x0800008f   Thumb Code     0  libshutdown2.o(.ARM.Collect$$libshutdown$$00000007)
    __rt_lib_shutdown_heap_1                 0x0800008f   Thumb Code     0  libshutdown2.o(.ARM.Collect$$libshutdown$$0000000F)
    __rt_lib_shutdown_return                 0x0800008f   Thumb Code     0  libshutdown2.o(.ARM.Collect$$libshutdown$$00000010)
    __rt_lib_shutdown_signal_1               0x0800008f   Thumb Code     0  libshutdown2.o(.ARM.Collect$$libshutdown$$0000000A)
    __rt_lib_shutdown_stdio_1                0x0800008f   Thumb Code     0  libshutdown2.o(.ARM.Collect$$libshutdown$$00000004)
    __rt_lib_shutdown_user_alloc_1           0x0800008f   Thumb Code     0  libshutdown2.o(.ARM.Collect$$libshutdown$$0000000C)
    __rt_entry                               0x08000091   Thumb Code     0  __rtentry.o(.ARM.Collect$$rtentry$$00000000)
    __rt_entry_presh_1                       0x08000091   Thumb Code     0  __rtentry2.o(.ARM.Collect$$rtentry$$00000002)
    __rt_entry_sh                            0x08000091   Thumb Code     0  __rtentry4.o(.ARM.Collect$$rtentry$$00000004)
    __rt_entry_li                            0x08000097   Thumb Code     0  __rtentry2.o(.ARM.Collect$$rtentry$$0000000A)
    __rt_entry_postsh_1                      0x08000097   Thumb Code     0  __rtentry2.o(.ARM.Collect$$rtentry$$00000009)
    __rt_entry_main                          0x0800009b   Thumb Code     0  __rtentry2.o(.ARM.Collect$$rtentry$$0000000D)
    __rt_entry_postli_1                      0x0800009b   Thumb Code     0  __rtentry2.o(.ARM.Collect$$rtentry$$0000000C)
    __rt_exit                                0x080000a3   Thumb Code     0  rtexit.o(.ARM.Collect$$rtexit$$00000000)
    __rt_exit_ls                             0x080000a5   Thumb Code     0  rtexit2.o(.ARM.Collect$$rtexit$$00000003)
    __rt_exit_prels_1                        0x080000a5   Thumb Code     0  rtexit2.o(.ARM.Collect$$rtexit$$00000002)
    __rt_exit_exit                           0x080000a9   Thumb Code     0  rtexit2.o(.ARM.Collect$$rtexit$$00000004)
    __ARM_argv_veneer                        0x080000b1   Thumb Code     4  argv_veneer.o(.emb_text)
    Reset_Handler                            0x080000b5   Thumb Code     8  startup_stm32f334x8.o(.text)
    ADC1_2_IRQHandler                        0x080000cf   Thumb Code     0  startup_stm32f334x8.o(.text)
    CAN_RX0_IRQHandler                       0x080000cf   Thumb Code     0  startup_stm32f334x8.o(.text)
    CAN_RX1_IRQHandler                       0x080000cf   Thumb Code     0  startup_stm32f334x8.o(.text)
    CAN_SCE_IRQHandler                       0x080000cf   Thumb Code     0  startup_stm32f334x8.o(.text)
    CAN_TX_IRQHandler                        0x080000cf   Thumb Code     0  startup_stm32f334x8.o(.text)
    COMP2_IRQHandler                         0x080000cf   Thumb Code     0  startup_stm32f334x8.o(.text)
    COMP4_6_IRQHandler                       0x080000cf   Thumb Code     0  startup_stm32f334x8.o(.text)
    DMA1_Channel2_IRQHandler                 0x080000cf   Thumb Code     0  startup_stm32f334x8.o(.text)
    DMA1_Channel3_IRQHandler                 0x080000cf   Thumb Code     0  startup_stm32f334x8.o(.text)
    DMA1_Channel4_IRQHandler                 0x080000cf   Thumb Code     0  startup_stm32f334x8.o(.text)
    DMA1_Channel5_IRQHandler                 0x080000cf   Thumb Code     0  startup_stm32f334x8.o(.text)
    DMA1_Channel6_IRQHandler                 0x080000cf   Thumb Code     0  startup_stm32f334x8.o(.text)
    DMA1_Channel7_IRQHandler                 0x080000cf   Thumb Code     0  startup_stm32f334x8.o(.text)
    EXTI0_IRQHandler                         0x080000cf   Thumb Code     0  startup_stm32f334x8.o(.text)
    EXTI15_10_IRQHandler                     0x080000cf   Thumb Code     0  startup_stm32f334x8.o(.text)
    EXTI1_IRQHandler                         0x080000cf   Thumb Code     0  startup_stm32f334x8.o(.text)
    EXTI2_TSC_IRQHandler                     0x080000cf   Thumb Code     0  startup_stm32f334x8.o(.text)
    EXTI3_IRQHandler                         0x080000cf   Thumb Code     0  startup_stm32f334x8.o(.text)
    EXTI4_IRQHandler                         0x080000cf   Thumb Code     0  startup_stm32f334x8.o(.text)
    EXTI9_5_IRQHandler                       0x080000cf   Thumb Code     0  startup_stm32f334x8.o(.text)
    FLASH_IRQHandler                         0x080000cf   Thumb Code     0  startup_stm32f334x8.o(.text)
    FPU_IRQHandler                           0x080000cf   Thumb Code     0  startup_stm32f334x8.o(.text)
    HRTIM1_FLT_IRQHandler                    0x080000cf   Thumb Code     0  startup_stm32f334x8.o(.text)
    HRTIM1_Master_IRQHandler                 0x080000cf   Thumb Code     0  startup_stm32f334x8.o(.text)
    HRTIM1_TIMA_IRQHandler                   0x080000cf   Thumb Code     0  startup_stm32f334x8.o(.text)
    HRTIM1_TIMB_IRQHandler                   0x080000cf   Thumb Code     0  startup_stm32f334x8.o(.text)
    HRTIM1_TIMC_IRQHandler                   0x080000cf   Thumb Code     0  startup_stm32f334x8.o(.text)
    HRTIM1_TIMD_IRQHandler                   0x080000cf   Thumb Code     0  startup_stm32f334x8.o(.text)
    HRTIM1_TIME_IRQHandler                   0x080000cf   Thumb Code     0  startup_stm32f334x8.o(.text)
    I2C1_ER_IRQHandler                       0x080000cf   Thumb Code     0  startup_stm32f334x8.o(.text)
    I2C1_EV_IRQHandler                       0x080000cf   Thumb Code     0  startup_stm32f334x8.o(.text)
    PVD_IRQHandler                           0x080000cf   Thumb Code     0  startup_stm32f334x8.o(.text)
    RCC_IRQHandler                           0x080000cf   Thumb Code     0  startup_stm32f334x8.o(.text)
    RTC_Alarm_IRQHandler                     0x080000cf   Thumb Code     0  startup_stm32f334x8.o(.text)
    RTC_WKUP_IRQHandler                      0x080000cf   Thumb Code     0  startup_stm32f334x8.o(.text)
    SPI1_IRQHandler                          0x080000cf   Thumb Code     0  startup_stm32f334x8.o(.text)
    TAMP_STAMP_IRQHandler                    0x080000cf   Thumb Code     0  startup_stm32f334x8.o(.text)
    TIM1_BRK_TIM15_IRQHandler                0x080000cf   Thumb Code     0  startup_stm32f334x8.o(.text)
    TIM1_CC_IRQHandler                       0x080000cf   Thumb Code     0  startup_stm32f334x8.o(.text)
    TIM1_TRG_COM_TIM17_IRQHandler            0x080000cf   Thumb Code     0  startup_stm32f334x8.o(.text)
    TIM1_UP_TIM16_IRQHandler                 0x080000cf   Thumb Code     0  startup_stm32f334x8.o(.text)
    TIM3_IRQHandler                          0x080000cf   Thumb Code     0  startup_stm32f334x8.o(.text)
    TIM6_DAC1_IRQHandler                     0x080000cf   Thumb Code     0  startup_stm32f334x8.o(.text)
    TIM7_DAC2_IRQHandler                     0x080000cf   Thumb Code     0  startup_stm32f334x8.o(.text)
    USART1_IRQHandler                        0x080000cf   Thumb Code     0  startup_stm32f334x8.o(.text)
    USART2_IRQHandler                        0x080000cf   Thumb Code     0  startup_stm32f334x8.o(.text)
    USART3_IRQHandler                        0x080000cf   Thumb Code     0  startup_stm32f334x8.o(.text)
    WWDG_IRQHandler                          0x080000cf   Thumb Code     0  startup_stm32f334x8.o(.text)
    __user_initial_stackheap                 0x080000d1   Thumb Code     0  startup_stm32f334x8.o(.text)
    malloc                                   0x080000f5   Thumb Code    94  h1_alloc.o(.text)
    __aeabi_uldivmod                         0x08000153   Thumb Code     0  lludivv7m.o(.text)
    _ll_udiv                                 0x08000153   Thumb Code   240  lludivv7m.o(.text)
    __aeabi_memclr                           0x08000243   Thumb Code     0  rt_memclr.o(.text)
    __rt_memclr                              0x08000243   Thumb Code    68  rt_memclr.o(.text)
    _memset                                  0x08000247   Thumb Code     0  rt_memclr.o(.text)
    __aeabi_memclr4                          0x08000287   Thumb Code     0  rt_memclr_w.o(.text)
    __aeabi_memclr8                          0x08000287   Thumb Code     0  rt_memclr_w.o(.text)
    __rt_memclr_w                            0x08000287   Thumb Code    78  rt_memclr_w.o(.text)
    _memset_w                                0x0800028b   Thumb Code     0  rt_memclr_w.o(.text)
    __use_two_region_memory                  0x080002d5   Thumb Code     2  heapauxi.o(.text)
    __rt_heap_escrow                         0x080002d7   Thumb Code     2  heapauxi.o(.text)
    __rt_heap_expand                         0x080002d9   Thumb Code     2  heapauxi.o(.text)
    __rt_heap_descriptor                     0x080002dd   Thumb Code     8  rt_heap_descriptor_intlibspace.o(.text)
    __use_no_heap                            0x080002e5   Thumb Code     2  hguard.o(.text)
    __heap$guard                             0x080002e7   Thumb Code     2  hguard.o(.text)
    _terminate_user_alloc                    0x080002e9   Thumb Code     2  init_alloc.o(.text)
    _init_user_alloc                         0x080002eb   Thumb Code     2  init_alloc.o(.text)
    __Heap_Full                              0x080002ed   Thumb Code    34  init_alloc.o(.text)
    __Heap_Broken                            0x0800030f   Thumb Code     6  init_alloc.o(.text)
    _init_alloc                              0x08000315   Thumb Code    94  init_alloc.o(.text)
    __Heap_Initialize                        0x08000373   Thumb Code    10  h1_init.o(.text)
    __Heap_DescSize                          0x0800037d   Thumb Code     4  h1_init.o(.text)
    free                                     0x08000381   Thumb Code    78  h1_free.o(.text)
    __ARM_get_argv                           0x080003cf   Thumb Code   264  _get_argv.o(.text)
    _sys_command_string                      0x080004d7   Thumb Code    24  sys_command.o(.text)
    __user_libspace                          0x080004f1   Thumb Code     8  libspace.o(.text)
    __user_perproc_libspace                  0x080004f1   Thumb Code     0  libspace.o(.text)
    __user_perthread_libspace                0x080004f1   Thumb Code     0  libspace.o(.text)
    __use_no_heap_region                     0x080004f9   Thumb Code     2  hrguard.o(.text)
    __heap_region$guard                      0x080004fb   Thumb Code     2  hrguard.o(.text)
    __Heap_ProvideMemory                     0x080004fd   Thumb Code    52  h1_extend.o(.text)
    _maybe_terminate_alloc                   0x080004fd   Thumb Code     0  maybetermalloc1.o(.text)
    __rt_SIGRTMEM                            0x08000531   Thumb Code    14  defsig_rtmem_outer.o(.text)
    __I$use$semihosting                      0x0800053f   Thumb Code     0  use_no_semi.o(.text)
    __use_no_semihosting_swi                 0x0800053f   Thumb Code     2  use_no_semi.o(.text)
    __semihosting_library_function           0x08000541   Thumb Code     0  indicate_semi.o(.text)
    __user_setup_stackheap                   0x08000541   Thumb Code    74  sys_stackheap_outer.o(.text)
    exit                                     0x0800058b   Thumb Code    18  exit.o(.text)
    __sig_exit                               0x0800059d   Thumb Code    10  defsig_exit.o(.text)
    __rt_SIGRTMEM_inner                      0x080005a9   Thumb Code    22  defsig_rtmem_inner.o(.text)
    _sys_exit                                0x080005f9   Thumb Code     8  sys_exit.o(.text)
    __default_signal_display                 0x08000605   Thumb Code    50  defsig_general.o(.text)
    _ttywrch                                 0x08000637   Thumb Code    14  sys_wrch.o(.text)
    BB_Control_Init                          0x080008b1   Thumb Code   380  bb_control.o(.text.BB_Control_Init)
    DWT_Init                                 0x08000ab9   Thumb Code    94  bsp_dwt.o(.text.DWT_Init)
    Error_Handler                            0x08000b19   Thumb Code    14  main.o(.text.Error_Handler)
    First_Order_Filter_Init                  0x08000b29   Thumb Code   100  filter32.o(.text.First_Order_Filter_Init)
    HAL_ADCEx_Calibration_Start              0x08000b8d   Thumb Code   258  stm32f3xx_hal_adc_ex.o(.text.HAL_ADCEx_Calibration_Start)
    HAL_ADCEx_MultiModeConfigChannel         0x08000c91   Thumb Code   452  stm32f3xx_hal_adc_ex.o(.text.HAL_ADCEx_MultiModeConfigChannel)
    HAL_ADC_ConfigChannel                    0x08000e55   Thumb Code  1338  stm32f3xx_hal_adc_ex.o(.text.HAL_ADC_ConfigChannel)
    HAL_ADC_ConvCpltCallback                 0x08001391   Thumb Code     8  stm32f3xx_hal_adc.o(.text.HAL_ADC_ConvCpltCallback)
    HAL_ADC_ConvHalfCpltCallback             0x08001399   Thumb Code     8  stm32f3xx_hal_adc.o(.text.HAL_ADC_ConvHalfCpltCallback)
    HAL_ADC_ErrorCallback                    0x080013a1   Thumb Code     8  stm32f3xx_hal_adc.o(.text.HAL_ADC_ErrorCallback)
    HAL_ADC_Init                             0x080013a9   Thumb Code   854  stm32f3xx_hal_adc_ex.o(.text.HAL_ADC_Init)
    HAL_ADC_MspInit                          0x08001701   Thumb Code   204  adc.o(.text.HAL_ADC_MspInit)
    HAL_ADC_Start_DMA                        0x080017cd   Thumb Code   500  stm32f3xx_hal_adc_ex.o(.text.HAL_ADC_Start_DMA)
    HAL_DMA_Init                             0x080019c1   Thumb Code   138  stm32f3xx_hal_dma.o(.text.HAL_DMA_Init)
    HAL_DMA_Start_IT                         0x08001a4d   Thumb Code   204  stm32f3xx_hal_dma.o(.text.HAL_DMA_Start_IT)
    HAL_Delay                                0x08001b19   Thumb Code    68  stm32f3xx_hal.o(.text.HAL_Delay)
    HAL_GPIO_Init                            0x08001b5d   Thumb Code   828  stm32f3xx_hal_gpio.o(.text.HAL_GPIO_Init)
    HAL_GPIO_ReadPin                         0x08001e99   Thumb Code    48  stm32f3xx_hal_gpio.o(.text.HAL_GPIO_ReadPin)
    HAL_GPIO_WritePin                        0x08001ec9   Thumb Code    50  stm32f3xx_hal_gpio.o(.text.HAL_GPIO_WritePin)
    HAL_GetTick                              0x08001efd   Thumb Code    12  stm32f3xx_hal.o(.text.HAL_GetTick)
    HAL_HRTIM_DLLCalibrationStart            0x08001f09   Thumb Code   174  stm32f3xx_hal_hrtim.o(.text.HAL_HRTIM_DLLCalibrationStart)
    HAL_HRTIM_DeadTimeConfig                 0x08001fb9   Thumb Code   276  stm32f3xx_hal_hrtim.o(.text.HAL_HRTIM_DeadTimeConfig)
    HAL_HRTIM_Init                           0x080020cd   Thumb Code   416  stm32f3xx_hal_hrtim.o(.text.HAL_HRTIM_Init)
    HAL_HRTIM_MspInit                        0x0800226d   Thumb Code    58  hrtim.o(.text.HAL_HRTIM_MspInit)
    HAL_HRTIM_MspPostInit                    0x080022a9   Thumb Code   104  hrtim.o(.text.HAL_HRTIM_MspPostInit)
    HAL_HRTIM_PollForDLLCalibration          0x08002311   Thumb Code   128  stm32f3xx_hal_hrtim.o(.text.HAL_HRTIM_PollForDLLCalibration)
    HAL_HRTIM_TimeBaseConfig                 0x08002391   Thumb Code    92  stm32f3xx_hal_hrtim.o(.text.HAL_HRTIM_TimeBaseConfig)
    HAL_HRTIM_WaveformCompareConfig          0x080023ed   Thumb Code   708  stm32f3xx_hal_hrtim.o(.text.HAL_HRTIM_WaveformCompareConfig)
    HAL_HRTIM_WaveformCountStart             0x080026b1   Thumb Code    96  stm32f3xx_hal_hrtim.o(.text.HAL_HRTIM_WaveformCountStart)
    HAL_HRTIM_WaveformOutputConfig           0x08002711   Thumb Code   122  stm32f3xx_hal_hrtim.o(.text.HAL_HRTIM_WaveformOutputConfig)
    HAL_HRTIM_WaveformOutputStart            0x0800278d   Thumb Code   100  stm32f3xx_hal_hrtim.o(.text.HAL_HRTIM_WaveformOutputStart)
    HAL_HRTIM_WaveformTimerConfig            0x080027f1   Thumb Code   236  stm32f3xx_hal_hrtim.o(.text.HAL_HRTIM_WaveformTimerConfig)
    HAL_Init                                 0x080028dd   Thumb Code    44  stm32f3xx_hal.o(.text.HAL_Init)
    HAL_InitTick                             0x08002909   Thumb Code   114  stm32f3xx_hal.o(.text.HAL_InitTick)
    HAL_MspInit                              0x0800297d   Thumb Code    66  stm32f3xx_hal_msp.o(.text.HAL_MspInit)
    HAL_NVIC_EnableIRQ                       0x080029c1   Thumb Code    24  stm32f3xx_hal_cortex.o(.text.HAL_NVIC_EnableIRQ)
    HAL_NVIC_SetPriority                     0x080029d9   Thumb Code    64  stm32f3xx_hal_cortex.o(.text.HAL_NVIC_SetPriority)
    HAL_NVIC_SetPriorityGrouping             0x08002a19   Thumb Code    16  stm32f3xx_hal_cortex.o(.text.HAL_NVIC_SetPriorityGrouping)
    HAL_RCCEx_PeriphCLKConfig                0x08002a29   Thumb Code   650  stm32f3xx_hal_rcc_ex.o(.text.HAL_RCCEx_PeriphCLKConfig)
    HAL_RCC_ClockConfig                      0x08002cb5   Thumb Code   798  stm32f3xx_hal_rcc.o(.text.HAL_RCC_ClockConfig)
    HAL_RCC_GetHCLKFreq                      0x08002fd5   Thumb Code    12  stm32f3xx_hal_rcc.o(.text.HAL_RCC_GetHCLKFreq)
    HAL_RCC_GetPCLK1Freq                     0x08002fe1   Thumb Code    34  stm32f3xx_hal_rcc.o(.text.HAL_RCC_GetPCLK1Freq)
    HAL_RCC_GetPCLK2Freq                     0x08003005   Thumb Code    34  stm32f3xx_hal_rcc.o(.text.HAL_RCC_GetPCLK2Freq)
    HAL_RCC_GetSysClockFreq                  0x08003029   Thumb Code   198  stm32f3xx_hal_rcc.o(.text.HAL_RCC_GetSysClockFreq)
    HAL_RCC_OscConfig                        0x080030f1   Thumb Code  2758  stm32f3xx_hal_rcc.o(.text.HAL_RCC_OscConfig)
    HAL_SYSTICK_Config                       0x08003bb9   Thumb Code    16  stm32f3xx_hal_cortex.o(.text.HAL_SYSTICK_Config)
    HAL_TIMEx_MasterConfigSynchronization    0x08003bc9   Thumb Code   258  stm32f3xx_hal_tim_ex.o(.text.HAL_TIMEx_MasterConfigSynchronization)
    HAL_TIM_Base_Init                        0x08003ccd   Thumb Code   178  stm32f3xx_hal_tim.o(.text.HAL_TIM_Base_Init)
    HAL_TIM_Base_MspInit                     0x08003d81   Thumb Code    74  tim.o(.text.HAL_TIM_Base_MspInit)
    HAL_TIM_Base_Start_IT                    0x08003dcd   Thumb Code   190  stm32f3xx_hal_tim.o(.text.HAL_TIM_Base_Start_IT)
    HAL_TIM_ConfigClockSource                0x08003e8d   Thumb Code   426  stm32f3xx_hal_tim.o(.text.HAL_TIM_ConfigClockSource)
    HAL_UART_Init                            0x08004039   Thumb Code   174  stm32f3xx_hal_uart.o(.text.HAL_UART_Init)
    HAL_UART_MspInit                         0x080040e9   Thumb Code   136  usart.o(.text.HAL_UART_MspInit)
    MX_ADC1_Init                             0x08004765   Thumb Code   234  adc.o(.text.MX_ADC1_Init)
    MX_DMA_Init                              0x08004851   Thumb Code    58  dma.o(.text.MX_DMA_Init)
    MX_GPIO_Init                             0x0800488d   Thumb Code   208  gpio.o(.text.MX_GPIO_Init)
    MX_HRTIM1_Init                           0x0800495d   Thumb Code   886  hrtim.o(.text.MX_HRTIM1_Init)
    MX_TIM2_Init                             0x08004cd5   Thumb Code   134  tim.o(.text.MX_TIM2_Init)
    MX_USART1_UART_Init                      0x08004d5d   Thumb Code    64  usart.o(.text.MX_USART1_UART_Init)
    OLS_Init                                 0x08004e0d   Thumb Code   112  user_lib.o(.text.OLS_Init)
    PID_Init                                 0x08004e7d   Thumb Code   226  controller.o(.text.PID_Init)
    SystemClock_Config                       0x08004fb5   Thumb Code   172  main.o(.text.SystemClock_Config)
    SystemInit                               0x08005061   Thumb Code    18  system_stm32f3xx.o(.text.SystemInit)
    TIM_Base_SetConfig                       0x08005075   Thumb Code   328  stm32f3xx_hal_tim.o(.text.TIM_Base_SetConfig)
    TIM_ETR_SetConfig                        0x080051bd   Thumb Code    52  stm32f3xx_hal_tim.o(.text.TIM_ETR_SetConfig)
    UART_AdvFeatureConfig                    0x080052c1   Thumb Code   330  stm32f3xx_hal_uart.o(.text.UART_AdvFeatureConfig)
    UART_CheckIdleState                      0x0800540d   Thumb Code   326  stm32f3xx_hal_uart.o(.text.UART_CheckIdleState)
    UART_SetConfig                           0x080055ed   Thumb Code   632  stm32f3xx_hal_uart.o(.text.UART_SetConfig)
    UART_WaitOnFlagUntilTimeout              0x08005865   Thumb Code   272  stm32f3xx_hal_uart.o(.text.UART_WaitOnFlagUntilTimeout)
    float_constrain                          0x08005a39   Thumb Code    80  user_lib.o(.text.float_constrain)
    main                                     0x08005a89   Thumb Code   112  main.o(.text.main)
    _fp_init                                 0x08005af9   Thumb Code    26  fpinit.o(x$fpl$fpinit)
    __fplib_config_fpu_vfp                   0x08005b11   Thumb Code     0  fpinit.o(x$fpl$fpinit)
    __fplib_config_pureend_doubles           0x08005b11   Thumb Code     0  fpinit.o(x$fpl$fpinit)
    AHBPrescTable                            0x08005b12   Data          16  system_stm32f3xx.o(.rodata.AHBPrescTable)
    APBPrescTable                            0x08005b22   Data           8  system_stm32f3xx.o(.rodata.APBPrescTable)
    Region$$Table$$Base                      0x08005b4c   Number         0  anon$$obj.o(Region$$Table)
    Region$$Table$$Limit                     0x08005b6c   Number         0  anon$$obj.o(Region$$Table)
    SystemCoreClock                          0x20000000   Data           4  system_stm32f3xx.o(.data.SystemCoreClock)
    uwTickFreq                               0x20000004   Data           1  stm32f3xx_hal.o(.data.uwTickFreq)
    uwTickPrio                               0x20000008   Data           4  stm32f3xx_hal.o(.data.uwTickPrio)
    __libspace_start                         0x20000010   Data          96  libspace.o(.bss)
    ADC1_Rx                                  0x20000070   Data          12  bb_control.o(.bss.ADC1_Rx)
    __temporary_stack_top$libspace           0x20000070   Data           0  libspace.o(.bss)
    bb                                       0x20000088   Data         520  bb_control.o(.bss.bb)
    hadc1                                    0x20000290   Data          80  adc.o(.bss.hadc1)
    hdma_adc1                                0x200002e0   Data          68  adc.o(.bss.hdma_adc1)
    hhrtim1                                  0x20000324   Data         220  hrtim.o(.bss.hhrtim1)
    htim2                                    0x20000400   Data          76  tim.o(.bss.htim2)
    huart1                                   0x2000044c   Data         136  usart.o(.bss.huart1)
    switch_on_off                            0x200004d4   Data           1  main.o(.bss.switch_on_off)
    uwTick                                   0x200004d8   Data           4  stm32f3xx_hal.o(.bss.uwTick)



==============================================================================

Memory Map of the image

  Image Entry point : 0x08000001

  Load Region LR_IROM1 (Base: 0x08000000, Size: 0x00005b80, Max: 0x00010000, ABSOLUTE)

    Execution Region ER_IROM1 (Exec base: 0x08000000, Load base: 0x08000000, Size: 0x00005b6c, Max: 0x00010000, ABSOLUTE)

    Exec Addr    Load Addr    Size         Type   Attr      Idx    E Section Name        Object

    0x08000000   0x08000000   0x00000008   Code   RO         1912  * !!!main             c_w.l(__main.o)
    0x08000008   0x08000008   0x00000034   Code   RO         2183    !!!scatter          c_w.l(__scatter.o)
    0x0800003c   0x0800003c   0x0000001a   Code   RO         2185    !!handler_copy      c_w.l(__scatter_copy.o)
    0x08000056   0x08000056   0x00000002   PAD
    0x08000058   0x08000058   0x0000001c   Code   RO         2187    !!handler_zi        c_w.l(__scatter_zi.o)
    0x08000074   0x08000074   0x00000002   Code   RO         2118    .ARM.Collect$$libinit$$00000000  c_w.l(libinit.o)
    0x08000076   0x08000076   0x00000004   Code   RO         1982    .ARM.Collect$$libinit$$00000001  c_w.l(libinit2.o)
    0x0800007a   0x0800007a   0x00000000   Code   RO         1985    .ARM.Collect$$libinit$$00000004  c_w.l(libinit2.o)
    0x0800007a   0x0800007a   0x00000008   Code   RO         1986    .ARM.Collect$$libinit$$00000005  c_w.l(libinit2.o)
    0x08000082   0x08000082   0x00000000   Code   RO         1988    .ARM.Collect$$libinit$$0000000A  c_w.l(libinit2.o)
    0x08000082   0x08000082   0x00000000   Code   RO         1990    .ARM.Collect$$libinit$$0000000C  c_w.l(libinit2.o)
    0x08000082   0x08000082   0x00000000   Code   RO         1992    .ARM.Collect$$libinit$$0000000E  c_w.l(libinit2.o)
    0x08000082   0x08000082   0x00000000   Code   RO         1995    .ARM.Collect$$libinit$$00000011  c_w.l(libinit2.o)
    0x08000082   0x08000082   0x00000000   Code   RO         1997    .ARM.Collect$$libinit$$00000013  c_w.l(libinit2.o)
    0x08000082   0x08000082   0x00000000   Code   RO         1999    .ARM.Collect$$libinit$$00000015  c_w.l(libinit2.o)
    0x08000082   0x08000082   0x00000000   Code   RO         2001    .ARM.Collect$$libinit$$00000017  c_w.l(libinit2.o)
    0x08000082   0x08000082   0x00000000   Code   RO         2003    .ARM.Collect$$libinit$$00000019  c_w.l(libinit2.o)
    0x08000082   0x08000082   0x00000000   Code   RO         2005    .ARM.Collect$$libinit$$0000001B  c_w.l(libinit2.o)
    0x08000082   0x08000082   0x00000000   Code   RO         2007    .ARM.Collect$$libinit$$0000001D  c_w.l(libinit2.o)
    0x08000082   0x08000082   0x00000000   Code   RO         2009    .ARM.Collect$$libinit$$0000001F  c_w.l(libinit2.o)
    0x08000082   0x08000082   0x00000000   Code   RO         2011    .ARM.Collect$$libinit$$00000021  c_w.l(libinit2.o)
    0x08000082   0x08000082   0x00000000   Code   RO         2013    .ARM.Collect$$libinit$$00000023  c_w.l(libinit2.o)
    0x08000082   0x08000082   0x00000000   Code   RO         2015    .ARM.Collect$$libinit$$00000025  c_w.l(libinit2.o)
    0x08000082   0x08000082   0x00000008   Code   RO         2016    .ARM.Collect$$libinit$$00000026  c_w.l(libinit2.o)
    0x0800008a   0x0800008a   0x00000000   Code   RO         2021    .ARM.Collect$$libinit$$0000002E  c_w.l(libinit2.o)
    0x0800008a   0x0800008a   0x00000000   Code   RO         2023    .ARM.Collect$$libinit$$00000030  c_w.l(libinit2.o)
    0x0800008a   0x0800008a   0x00000000   Code   RO         2025    .ARM.Collect$$libinit$$00000032  c_w.l(libinit2.o)
    0x0800008a   0x0800008a   0x00000002   Code   RO         2026    .ARM.Collect$$libinit$$00000033  c_w.l(libinit2.o)
    0x0800008c   0x0800008c   0x00000002   Code   RO         2180    .ARM.Collect$$libshutdown$$00000000  c_w.l(libshutdown.o)
    0x0800008e   0x0800008e   0x00000000   Code   RO         2136    .ARM.Collect$$libshutdown$$00000002  c_w.l(libshutdown2.o)
    0x0800008e   0x0800008e   0x00000000   Code   RO         2138    .ARM.Collect$$libshutdown$$00000004  c_w.l(libshutdown2.o)
    0x0800008e   0x0800008e   0x00000000   Code   RO         2141    .ARM.Collect$$libshutdown$$00000007  c_w.l(libshutdown2.o)
    0x0800008e   0x0800008e   0x00000000   Code   RO         2144    .ARM.Collect$$libshutdown$$0000000A  c_w.l(libshutdown2.o)
    0x0800008e   0x0800008e   0x00000000   Code   RO         2146    .ARM.Collect$$libshutdown$$0000000C  c_w.l(libshutdown2.o)
    0x0800008e   0x0800008e   0x00000000   Code   RO         2149    .ARM.Collect$$libshutdown$$0000000F  c_w.l(libshutdown2.o)
    0x0800008e   0x0800008e   0x00000002   Code   RO         2150    .ARM.Collect$$libshutdown$$00000010  c_w.l(libshutdown2.o)
    0x08000090   0x08000090   0x00000000   Code   RO         1944    .ARM.Collect$$rtentry$$00000000  c_w.l(__rtentry.o)
    0x08000090   0x08000090   0x00000000   Code   RO         2048    .ARM.Collect$$rtentry$$00000002  c_w.l(__rtentry2.o)
    0x08000090   0x08000090   0x00000006   Code   RO         2060    .ARM.Collect$$rtentry$$00000004  c_w.l(__rtentry4.o)
    0x08000096   0x08000096   0x00000000   Code   RO         2050    .ARM.Collect$$rtentry$$00000009  c_w.l(__rtentry2.o)
    0x08000096   0x08000096   0x00000004   Code   RO         2051    .ARM.Collect$$rtentry$$0000000A  c_w.l(__rtentry2.o)
    0x0800009a   0x0800009a   0x00000000   Code   RO         2053    .ARM.Collect$$rtentry$$0000000C  c_w.l(__rtentry2.o)
    0x0800009a   0x0800009a   0x00000008   Code   RO         2054    .ARM.Collect$$rtentry$$0000000D  c_w.l(__rtentry2.o)
    0x080000a2   0x080000a2   0x00000002   Code   RO         2123    .ARM.Collect$$rtexit$$00000000  c_w.l(rtexit.o)
    0x080000a4   0x080000a4   0x00000000   Code   RO         2156    .ARM.Collect$$rtexit$$00000002  c_w.l(rtexit2.o)
    0x080000a4   0x080000a4   0x00000004   Code   RO         2157    .ARM.Collect$$rtexit$$00000003  c_w.l(rtexit2.o)
    0x080000a8   0x080000a8   0x00000006   Code   RO         2158    .ARM.Collect$$rtexit$$00000004  c_w.l(rtexit2.o)
    0x080000ae   0x080000ae   0x00000002   PAD
    0x080000b0   0x080000b0   0x00000004   Code   RO         2084    .emb_text           c_w.l(argv_veneer.o)
    0x080000b4   0x080000b4   0x00000040   Code   RO            4    .text               startup_stm32f334x8.o
    0x080000f4   0x080000f4   0x0000005e   Code   RO         1848    .text               c_w.l(h1_alloc.o)
    0x08000152   0x08000152   0x000000f0   Code   RO         1902    .text               c_w.l(lludivv7m.o)
    0x08000242   0x08000242   0x00000044   Code   RO         1906    .text               c_w.l(rt_memclr.o)
    0x08000286   0x08000286   0x0000004e   Code   RO         1908    .text               c_w.l(rt_memclr_w.o)
    0x080002d4   0x080002d4   0x00000006   Code   RO         1910    .text               c_w.l(heapauxi.o)
    0x080002da   0x080002da   0x00000002   PAD
    0x080002dc   0x080002dc   0x00000008   Code   RO         1952    .text               c_w.l(rt_heap_descriptor_intlibspace.o)
    0x080002e4   0x080002e4   0x00000004   Code   RO         1954    .text               c_w.l(hguard.o)
    0x080002e8   0x080002e8   0x0000008a   Code   RO         1956    .text               c_w.l(init_alloc.o)
    0x08000372   0x08000372   0x0000000e   Code   RO         1962    .text               c_w.l(h1_init.o)
    0x08000380   0x08000380   0x0000004e   Code   RO         1964    .text               c_w.l(h1_free.o)
    0x080003ce   0x080003ce   0x00000108   Code   RO         1980    .text               c_w.l(_get_argv.o)
    0x080004d6   0x080004d6   0x00000018   Code   RO         2040    .text               c_w.l(sys_command.o)
    0x080004ee   0x080004ee   0x00000002   PAD
    0x080004f0   0x080004f0   0x00000008   Code   RO         2044    .text               c_w.l(libspace.o)
    0x080004f8   0x080004f8   0x00000004   Code   RO         2069    .text               c_w.l(hrguard.o)
    0x080004fc   0x080004fc   0x00000000   Code   RO         2071    .text               c_w.l(maybetermalloc1.o)
    0x080004fc   0x080004fc   0x00000034   Code   RO         2073    .text               c_w.l(h1_extend.o)
    0x08000530   0x08000530   0x0000000e   Code   RO         2077    .text               c_w.l(defsig_rtmem_outer.o)
    0x0800053e   0x0800053e   0x00000002   Code   RO         2090    .text               c_w.l(use_no_semi.o)
    0x08000540   0x08000540   0x00000000   Code   RO         2092    .text               c_w.l(indicate_semi.o)
    0x08000540   0x08000540   0x0000004a   Code   RO         2093    .text               c_w.l(sys_stackheap_outer.o)
    0x0800058a   0x0800058a   0x00000012   Code   RO         2099    .text               c_w.l(exit.o)
    0x0800059c   0x0800059c   0x0000000a   Code   RO         2101    .text               c_w.l(defsig_exit.o)
    0x080005a6   0x080005a6   0x00000002   PAD
    0x080005a8   0x080005a8   0x00000050   Code   RO         2107    .text               c_w.l(defsig_rtmem_inner.o)
    0x080005f8   0x080005f8   0x0000000c   Code   RO         2119    .text               c_w.l(sys_exit.o)
    0x08000604   0x08000604   0x00000032   Code   RO         2131    .text               c_w.l(defsig_general.o)
    0x08000636   0x08000636   0x0000000e   Code   RO         2151    .text               c_w.l(sys_wrch.o)
    0x08000644   0x08000644   0x0000007c   Code   RO          216    .text.ADC_DMAConvCplt  stm32f3xx_hal_adc_ex.o
    0x080006c0   0x080006c0   0x0000002a   Code   RO          220    .text.ADC_DMAError  stm32f3xx_hal_adc_ex.o
    0x080006ea   0x080006ea   0x00000002   PAD
    0x080006ec   0x080006ec   0x00000016   Code   RO          218    .text.ADC_DMAHalfConvCplt  stm32f3xx_hal_adc_ex.o
    0x08000702   0x08000702   0x00000002   PAD
    0x08000704   0x08000704   0x000000da   Code   RO          194    .text.ADC_Disable   stm32f3xx_hal_adc_ex.o
    0x080007de   0x080007de   0x00000002   PAD
    0x080007e0   0x080007e0   0x000000ce   Code   RO          202    .text.ADC_Enable    stm32f3xx_hal_adc_ex.o
    0x080008ae   0x080008ae   0x00000002   PAD
    0x080008b0   0x080008b0   0x0000017c   Code   RO         1641    .text.BB_Control_Init  bb_control.o
    0x08000a2c   0x08000a2c   0x00000036   Code   RO          421    .text.DMA_CalcBaseAndBitshift  stm32f3xx_hal_dma.o
    0x08000a62   0x08000a62   0x00000002   PAD
    0x08000a64   0x08000a64   0x00000052   Code   RO          427    .text.DMA_SetConfig  stm32f3xx_hal_dma.o
    0x08000ab6   0x08000ab6   0x00000002   PAD
    0x08000ab8   0x08000ab8   0x0000005e   Code   RO         1692    .text.DWT_Init      bsp_dwt.o
    0x08000b16   0x08000b16   0x00000002   PAD
    0x08000b18   0x08000b18   0x0000000e   Code   RO           15    .text.Error_Handler  main.o
    0x08000b26   0x08000b26   0x00000002   PAD
    0x08000b28   0x08000b28   0x00000064   Code   RO         1713    .text.First_Order_Filter_Init  filter32.o
    0x08000b8c   0x08000b8c   0x00000102   Code   RO          236    .text.HAL_ADCEx_Calibration_Start  stm32f3xx_hal_adc_ex.o
    0x08000c8e   0x08000c8e   0x00000002   PAD
    0x08000c90   0x08000c90   0x000001c4   Code   RO          274    .text.HAL_ADCEx_MultiModeConfigChannel  stm32f3xx_hal_adc_ex.o
    0x08000e54   0x08000e54   0x0000053a   Code   RO          268    .text.HAL_ADC_ConfigChannel  stm32f3xx_hal_adc_ex.o
    0x0800138e   0x0800138e   0x00000002   PAD
    0x08001390   0x08001390   0x00000008   Code   RO          169    .text.HAL_ADC_ConvCpltCallback  stm32f3xx_hal_adc.o
    0x08001398   0x08001398   0x00000008   Code   RO          171    .text.HAL_ADC_ConvHalfCpltCallback  stm32f3xx_hal_adc.o
    0x080013a0   0x080013a0   0x00000008   Code   RO          175    .text.HAL_ADC_ErrorCallback  stm32f3xx_hal_adc.o
    0x080013a8   0x080013a8   0x00000356   Code   RO          192    .text.HAL_ADC_Init  stm32f3xx_hal_adc_ex.o
    0x080016fe   0x080016fe   0x00000002   PAD
    0x08001700   0x08001700   0x000000cc   Code   RO           39    .text.HAL_ADC_MspInit  adc.o
    0x080017cc   0x080017cc   0x000001f4   Code   RO          214    .text.HAL_ADC_Start_DMA  stm32f3xx_hal_adc_ex.o
    0x080019c0   0x080019c0   0x0000008a   Code   RO          419    .text.HAL_DMA_Init  stm32f3xx_hal_dma.o
    0x08001a4a   0x08001a4a   0x00000002   PAD
    0x08001a4c   0x08001a4c   0x000000cc   Code   RO          429    .text.HAL_DMA_Start_IT  stm32f3xx_hal_dma.o
    0x08001b18   0x08001b18   0x00000044   Code   RO          303    .text.HAL_Delay     stm32f3xx_hal.o
    0x08001b5c   0x08001b5c   0x0000033c   Code   RO          396    .text.HAL_GPIO_Init  stm32f3xx_hal_gpio.o
    0x08001e98   0x08001e98   0x00000030   Code   RO          400    .text.HAL_GPIO_ReadPin  stm32f3xx_hal_gpio.o
    0x08001ec8   0x08001ec8   0x00000032   Code   RO          402    .text.HAL_GPIO_WritePin  stm32f3xx_hal_gpio.o
    0x08001efa   0x08001efa   0x00000002   PAD
    0x08001efc   0x08001efc   0x0000000c   Code   RO          295    .text.HAL_GetTick   stm32f3xx_hal.o
    0x08001f08   0x08001f08   0x000000ae   Code   RO          863    .text.HAL_HRTIM_DLLCalibrationStart  stm32f3xx_hal_hrtim.o
    0x08001fb6   0x08001fb6   0x00000002   PAD
    0x08001fb8   0x08001fb8   0x00000114   Code   RO          983    .text.HAL_HRTIM_DeadTimeConfig  stm32f3xx_hal_hrtim.o
    0x080020cc   0x080020cc   0x000001a0   Code   RO          855    .text.HAL_HRTIM_Init  stm32f3xx_hal_hrtim.o
    0x0800226c   0x0800226c   0x0000003a   Code   RO           64    .text.HAL_HRTIM_MspInit  hrtim.o
    0x080022a6   0x080022a6   0x00000002   PAD
    0x080022a8   0x080022a8   0x00000068   Code   RO           62    .text.HAL_HRTIM_MspPostInit  hrtim.o
    0x08002310   0x08002310   0x00000080   Code   RO          867    .text.HAL_HRTIM_PollForDLLCalibration  stm32f3xx_hal_hrtim.o
    0x08002390   0x08002390   0x0000005c   Code   RO          869    .text.HAL_HRTIM_TimeBaseConfig  stm32f3xx_hal_hrtim.o
    0x080023ec   0x080023ec   0x000002c4   Code   RO          989    .text.HAL_HRTIM_WaveformCompareConfig  stm32f3xx_hal_hrtim.o
    0x080026b0   0x080026b0   0x00000060   Code   RO         1001    .text.HAL_HRTIM_WaveformCountStart  stm32f3xx_hal_hrtim.o
    0x08002710   0x08002710   0x0000007a   Code   RO          993    .text.HAL_HRTIM_WaveformOutputConfig  stm32f3xx_hal_hrtim.o
    0x0800278a   0x0800278a   0x00000002   PAD
    0x0800278c   0x0800278c   0x00000064   Code   RO          997    .text.HAL_HRTIM_WaveformOutputStart  stm32f3xx_hal_hrtim.o
    0x080027f0   0x080027f0   0x000000ec   Code   RO          973    .text.HAL_HRTIM_WaveformTimerConfig  stm32f3xx_hal_hrtim.o
    0x080028dc   0x080028dc   0x0000002c   Code   RO          283    .text.HAL_Init      stm32f3xx_hal.o
    0x08002908   0x08002908   0x00000072   Code   RO          285    .text.HAL_InitTick  stm32f3xx_hal.o
    0x0800297a   0x0800297a   0x00000002   PAD
    0x0800297c   0x0800297c   0x00000042   Code   RO          133    .text.HAL_MspInit   stm32f3xx_hal_msp.o
    0x080029be   0x080029be   0x00000002   PAD
    0x080029c0   0x080029c0   0x00000018   Code   RO          466    .text.HAL_NVIC_EnableIRQ  stm32f3xx_hal_cortex.o
    0x080029d8   0x080029d8   0x00000040   Code   RO          458    .text.HAL_NVIC_SetPriority  stm32f3xx_hal_cortex.o
    0x08002a18   0x08002a18   0x00000010   Code   RO          454    .text.HAL_NVIC_SetPriorityGrouping  stm32f3xx_hal_cortex.o
    0x08002a28   0x08002a28   0x0000028a   Code   RO          380    .text.HAL_RCCEx_PeriphCLKConfig  stm32f3xx_hal_rcc_ex.o
    0x08002cb2   0x08002cb2   0x00000002   PAD
    0x08002cb4   0x08002cb4   0x0000031e   Code   RO          347    .text.HAL_RCC_ClockConfig  stm32f3xx_hal_rcc.o
    0x08002fd2   0x08002fd2   0x00000002   PAD
    0x08002fd4   0x08002fd4   0x0000000c   Code   RO          357    .text.HAL_RCC_GetHCLKFreq  stm32f3xx_hal_rcc.o
    0x08002fe0   0x08002fe0   0x00000022   Code   RO          359    .text.HAL_RCC_GetPCLK1Freq  stm32f3xx_hal_rcc.o
    0x08003002   0x08003002   0x00000002   PAD
    0x08003004   0x08003004   0x00000022   Code   RO          361    .text.HAL_RCC_GetPCLK2Freq  stm32f3xx_hal_rcc.o
    0x08003026   0x08003026   0x00000002   PAD
    0x08003028   0x08003028   0x000000c6   Code   RO          349    .text.HAL_RCC_GetSysClockFreq  stm32f3xx_hal_rcc.o
    0x080030ee   0x080030ee   0x00000002   PAD
    0x080030f0   0x080030f0   0x00000ac6   Code   RO          345    .text.HAL_RCC_OscConfig  stm32f3xx_hal_rcc.o
    0x08003bb6   0x08003bb6   0x00000002   PAD
    0x08003bb8   0x08003bb8   0x00000010   Code   RO          478    .text.HAL_SYSTICK_Config  stm32f3xx_hal_cortex.o
    0x08003bc8   0x08003bc8   0x00000102   Code   RO         1432    .text.HAL_TIMEx_MasterConfigSynchronization  stm32f3xx_hal_tim_ex.o
    0x08003cca   0x08003cca   0x00000002   PAD
    0x08003ccc   0x08003ccc   0x000000b2   Code   RO         1115    .text.HAL_TIM_Base_Init  stm32f3xx_hal_tim.o
    0x08003d7e   0x08003d7e   0x00000002   PAD
    0x08003d80   0x08003d80   0x0000004a   Code   RO           78    .text.HAL_TIM_Base_MspInit  tim.o
    0x08003dca   0x08003dca   0x00000002   PAD
    0x08003dcc   0x08003dcc   0x000000be   Code   RO         1129    .text.HAL_TIM_Base_Start_IT  stm32f3xx_hal_tim.o
    0x08003e8a   0x08003e8a   0x00000002   PAD
    0x08003e8c   0x08003e8c   0x000001aa   Code   RO         1311    .text.HAL_TIM_ConfigClockSource  stm32f3xx_hal_tim.o
    0x08004036   0x08004036   0x00000002   PAD
    0x08004038   0x08004038   0x000000ae   Code   RO         1459    .text.HAL_UART_Init  stm32f3xx_hal_uart.o
    0x080040e6   0x080040e6   0x00000002   PAD
    0x080040e8   0x080040e8   0x00000088   Code   RO           92    .text.HAL_UART_MspInit  usart.o
    0x08004170   0x08004170   0x0000008c   Code   RO          979    .text.HRTIM_ForceRegistersUpdate  stm32f3xx_hal_hrtim.o
    0x080041fc   0x080041fc   0x00000052   Code   RO          871    .text.HRTIM_MasterBase_Config  stm32f3xx_hal_hrtim.o
    0x0800424e   0x0800424e   0x00000002   PAD
    0x08004250   0x08004250   0x000000c0   Code   RO          975    .text.HRTIM_MasterWaveform_Config  stm32f3xx_hal_hrtim.o
    0x08004310   0x08004310   0x00000172   Code   RO          897    .text.HRTIM_OutputConfig  stm32f3xx_hal_hrtim.o
    0x08004482   0x08004482   0x00000002   PAD
    0x08004484   0x08004484   0x00000074   Code   RO          873    .text.HRTIM_TimingUnitBase_Config  stm32f3xx_hal_hrtim.o
    0x080044f8   0x080044f8   0x0000026c   Code   RO          977    .text.HRTIM_TimingUnitWaveform_Config  stm32f3xx_hal_hrtim.o
    0x08004764   0x08004764   0x000000ea   Code   RO           37    .text.MX_ADC1_Init  adc.o
    0x0800484e   0x0800484e   0x00000002   PAD
    0x08004850   0x08004850   0x0000003a   Code   RO           52    .text.MX_DMA_Init   dma.o
    0x0800488a   0x0800488a   0x00000002   PAD
    0x0800488c   0x0800488c   0x000000d0   Code   RO           29    .text.MX_GPIO_Init  gpio.o
    0x0800495c   0x0800495c   0x00000376   Code   RO           60    .text.MX_HRTIM1_Init  hrtim.o
    0x08004cd2   0x08004cd2   0x00000002   PAD
    0x08004cd4   0x08004cd4   0x00000086   Code   RO           76    .text.MX_TIM2_Init  tim.o
    0x08004d5a   0x08004d5a   0x00000002   PAD
    0x08004d5c   0x08004d5c   0x00000040   Code   RO           90    .text.MX_USART1_UART_Init  usart.o
    0x08004d9c   0x08004d9c   0x0000006e   Code   RO          464    .text.NVIC_EncodePriority  stm32f3xx_hal_cortex.o
    0x08004e0a   0x08004e0a   0x00000002   PAD
    0x08004e0c   0x08004e0c   0x00000070   Code   RO         1756    .text.OLS_Init      user_lib.o
    0x08004e7c   0x08004e7c   0x000000e2   Code   RO         1784    .text.PID_Init      controller.o
    0x08004f5e   0x08004f5e   0x00000002   PAD
    0x08004f60   0x08004f60   0x00000052   Code   RO          480    .text.SysTick_Config  stm32f3xx_hal_cortex.o
    0x08004fb2   0x08004fb2   0x00000002   PAD
    0x08004fb4   0x08004fb4   0x000000ac   Code   RO           13    .text.SystemClock_Config  main.o
    0x08005060   0x08005060   0x00000012   Code   RO         1627    .text.SystemInit    system_stm32f3xx.o
    0x08005072   0x08005072   0x00000002   PAD
    0x08005074   0x08005074   0x00000148   Code   RO         1119    .text.TIM_Base_SetConfig  stm32f3xx_hal_tim.o
    0x080051bc   0x080051bc   0x00000034   Code   RO         1309    .text.TIM_ETR_SetConfig  stm32f3xx_hal_tim.o
    0x080051f0   0x080051f0   0x0000002a   Code   RO         1315    .text.TIM_ITRx_SetConfig  stm32f3xx_hal_tim.o
    0x0800521a   0x0800521a   0x00000002   PAD
    0x0800521c   0x0800521c   0x00000050   Code   RO         1313    .text.TIM_TI1_ConfigInputStage  stm32f3xx_hal_tim.o
    0x0800526c   0x0800526c   0x00000052   Code   RO         1317    .text.TIM_TI2_ConfigInputStage  stm32f3xx_hal_tim.o
    0x080052be   0x080052be   0x00000002   PAD
    0x080052c0   0x080052c0   0x0000014a   Code   RO         1463    .text.UART_AdvFeatureConfig  stm32f3xx_hal_uart.o
    0x0800540a   0x0800540a   0x00000002   PAD
    0x0800540c   0x0800540c   0x00000146   Code   RO         1467    .text.UART_CheckIdleState  stm32f3xx_hal_uart.o
    0x08005552   0x08005552   0x00000002   PAD
    0x08005554   0x08005554   0x00000098   Code   RO         1515    .text.UART_EndRxTransfer  stm32f3xx_hal_uart.o
    0x080055ec   0x080055ec   0x00000278   Code   RO         1465    .text.UART_SetConfig  stm32f3xx_hal_uart.o
    0x08005864   0x08005864   0x00000110   Code   RO         1481    .text.UART_WaitOnFlagUntilTimeout  stm32f3xx_hal_uart.o
    0x08005974   0x08005974   0x00000034   Code   RO          468    .text.__NVIC_EnableIRQ  stm32f3xx_hal_cortex.o
    0x080059a8   0x080059a8   0x00000010   Code   RO          460    .text.__NVIC_GetPriorityGrouping  stm32f3xx_hal_cortex.o
    0x080059b8   0x080059b8   0x00000044   Code   RO          462    .text.__NVIC_SetPriority  stm32f3xx_hal_cortex.o
    0x080059fc   0x080059fc   0x0000003c   Code   RO          456    .text.__NVIC_SetPriorityGrouping  stm32f3xx_hal_cortex.o
    0x08005a38   0x08005a38   0x00000050   Code   RO         1746    .text.float_constrain  user_lib.o
    0x08005a88   0x08005a88   0x00000070   Code   RO           11    .text.main          main.o
    0x08005af8   0x08005af8   0x0000001a   Code   RO         2088    x$fpl$fpinit        fz_wm.l(fpinit.o)
    0x08005b12   0x08005b12   0x00000010   Data   RO         1632    .rodata.AHBPrescTable  system_stm32f3xx.o
    0x08005b22   0x08005b22   0x00000008   Data   RO         1633    .rodata.APBPrescTable  system_stm32f3xx.o
    0x08005b2a   0x08005b2a   0x00000010   Data   RO          371    .rodata.aPLLMULFactorTable  stm32f3xx_hal_rcc.o
    0x08005b3a   0x08005b3a   0x00000010   Data   RO          372    .rodata.aPredivFactorTable  stm32f3xx_hal_rcc.o
    0x08005b4a   0x08005b4a   0x00000002   PAD
    0x08005b4c   0x08005b4c   0x00000020   Data   RO         2182    Region$$Table       anon$$obj.o


    Execution Region RW_IRAM1 (Exec base: 0x20000000, Load base: 0x08005b70, Size: 0x00000ae0, Max: 0x00003000, ABSOLUTE)

    Exec Addr    Load Addr    Size         Type   Attr      Idx    E Section Name        Object

    0x20000000   0x08005b70   0x00000004   Data   RW         1631    .data.SystemCoreClock  system_stm32f3xx.o
    0x20000004   0x08005b74   0x00000001   Data   RW          334    .data.uwTickFreq    stm32f3xx_hal.o
    0x20000005   0x08005b75   0x00000003   PAD
    0x20000008   0x08005b78   0x00000004   Data   RW          333    .data.uwTickPrio    stm32f3xx_hal.o
    0x2000000c   0x08005b7c   0x00000004   PAD
    0x20000010        -       0x00000060   Zero   RW         2045    .bss                c_w.l(libspace.o)
    0x20000070        -       0x0000000c   Zero   RW         1652    .bss.ADC1_Rx        bb_control.o
    0x2000007c        -       0x00000004   Zero   RW         1702    .bss.CPU_FREQ_Hz    bsp_dwt.o
    0x20000080        -       0x00000004   Zero   RW         1703    .bss.CYCCNT_RountCount  bsp_dwt.o
    0x20000084        -       0x00000004   Zero   RW         1704    .bss.DWT_Timeline   bsp_dwt.o
    0x20000088        -       0x00000208   Zero   RW         1651    .bss.bb             bb_control.o
    0x20000290        -       0x00000050   Zero   RW           43    .bss.hadc1          adc.o
    0x200002e0        -       0x00000044   Zero   RW           44    .bss.hdma_adc1      adc.o
    0x20000324        -       0x000000dc   Zero   RW           68    .bss.hhrtim1        hrtim.o
    0x20000400        -       0x0000004c   Zero   RW           82    .bss.htim2          tim.o
    0x2000044c        -       0x00000088   Zero   RW           96    .bss.huart1         usart.o
    0x200004d4        -       0x00000001   Zero   RW           19    .bss.switch_on_off  main.o
    0x200004d5   0x08005b7c   0x00000003   PAD
    0x200004d8        -       0x00000004   Zero   RW          335    .bss.uwTick         stm32f3xx_hal.o
    0x200004dc   0x08005b7c   0x00000004   PAD
    0x200004e0        -       0x00000200   Zero   RW            2    HEAP                startup_stm32f334x8.o
    0x200006e0        -       0x00000400   Zero   RW            1    STACK               startup_stm32f334x8.o


==============================================================================

Image component sizes


      Code (inc. data)   RO Data    RW Data    ZI Data      Debug   Object Name

       438          0          0          0        148       5158   adc.o
       380         24          0          0        532       6821   bb_control.o
        94          0          0          0         12       2346   bsp_dwt.o
       226          0          0          0          0      13198   controller.o
        58          0          0          0          0       2210   dma.o
       100          8          0          0          0       2525   filter32.o
       208          0          0          0          0       1703   gpio.o
      1048          0          0          0        220       7737   hrtim.o
       298          0          0          0          1       5515   main.o
        64         26          0          0       1536        820   startup_stm32f334x8.o
       238          0          0          5          4       5867   stm32f3xx_hal.o
        24          0          0          0          0       6411   stm32f3xx_hal_adc.o
      4014          4          0          0          0      19483   stm32f3xx_hal_adc_ex.o
       508          0          0          0          0       7713   stm32f3xx_hal_cortex.o
       478          0          0          0          0       6230   stm32f3xx_hal_dma.o
       926          0          0          0          0       4899   stm32f3xx_hal_gpio.o
      3868         28          0          0          0      44308   stm32f3xx_hal_hrtim.o
        66          0          0          0          0        988   stm32f3xx_hal_msp.o
      3834          0         32          0          0       8078   stm32f3xx_hal_rcc.o
       650          0          0          0          0       3886   stm32f3xx_hal_rcc_ex.o
      1378          0          0          0          0      36907   stm32f3xx_hal_tim.o
       258          0          0          0          0      15705   stm32f3xx_hal_tim_ex.o
      1886         24          0          0          0      22480   stm32f3xx_hal_uart.o
        18          0         24          4          0       2077   system_stm32f3xx.o
       208          0          0          0         76       5931   tim.o
       200          0          0          0        136       4572   usart.o
       192          0          0          0          0       6060   user_lib.o

    ----------------------------------------------------------------------
     21748        114         90         12       2676     249628   Object Totals
         0          0         32          0          0          0   (incl. Generated)
        88          0          2          3         11          0   (incl. Padding)

    ----------------------------------------------------------------------

      Code (inc. data)   RO Data    RW Data    ZI Data      Debug   Library Member Name

         8          0          0          0          0         68   __main.o
         0          0          0          0          0          0   __rtentry.o
        12          0          0          0          0          0   __rtentry2.o
         6          0          0          0          0          0   __rtentry4.o
        52          8          0          0          0          0   __scatter.o
        26          0          0          0          0          0   __scatter_copy.o
        28          0          0          0          0          0   __scatter_zi.o
       264          0          0          0          0         96   _get_argv.o
         4          0          0          0          0         68   argv_veneer.o
        10          0          0          0          0         68   defsig_exit.o
        50          0          0          0          0         88   defsig_general.o
        80         58          0          0          0         76   defsig_rtmem_inner.o
        14          0          0          0          0         80   defsig_rtmem_outer.o
        18          0          0          0          0         80   exit.o
        94          0          0          0          0         80   h1_alloc.o
        52          0          0          0          0         68   h1_extend.o
        78          0          0          0          0         80   h1_free.o
        14          0          0          0          0         84   h1_init.o
         6          0          0          0          0        152   heapauxi.o
         4          0          0          0          0        136   hguard.o
         4          0          0          0          0        136   hrguard.o
         0          0          0          0          0          0   indicate_semi.o
       138          0          0          0          0        168   init_alloc.o
         2          0          0          0          0          0   libinit.o
        22          0          0          0          0          0   libinit2.o
         2          0          0          0          0          0   libshutdown.o
         2          0          0          0          0          0   libshutdown2.o
         8          4          0          0         96         68   libspace.o
       240          0          0          0          0        100   lludivv7m.o
         0          0          0          0          0          0   maybetermalloc1.o
         8          4          0          0          0         68   rt_heap_descriptor_intlibspace.o
        68          0          0          0          0         68   rt_memclr.o
        78          0          0          0          0         80   rt_memclr_w.o
         2          0          0          0          0          0   rtexit.o
        10          0          0          0          0          0   rtexit2.o
        24          0          0          0          0         76   sys_command.o
        12          4          0          0          0         68   sys_exit.o
        74          0          0          0          0         80   sys_stackheap_outer.o
        14          0          0          0          0         76   sys_wrch.o
         2          0          0          0          0         68   use_no_semi.o
        26          0          0          0          0        116   fpinit.o

    ----------------------------------------------------------------------
      1566         78          0          0         96       2396   Library Totals
        10          0          0          0          0          0   (incl. Padding)

    ----------------------------------------------------------------------

      Code (inc. data)   RO Data    RW Data    ZI Data      Debug   Library Name

      1530         78          0          0         96       2280   c_w.l
        26          0          0          0          0        116   fz_wm.l

    ----------------------------------------------------------------------
      1566         78          0          0         96       2396   Library Totals

    ----------------------------------------------------------------------

==============================================================================


      Code (inc. data)   RO Data    RW Data    ZI Data      Debug   

     23314        192         90         12       2772     250376   Grand Totals
     23314        192         90         12       2772     250376   ELF Image Totals
     23314        192         90         12          0          0   ROM Totals

==============================================================================

    Total RO  Size (Code + RO Data)                23404 (  22.86kB)
    Total RW  Size (RW Data + ZI Data)              2784 (   2.72kB)
    Total ROM Size (Code + RO Data + RW Data)      23416 (  22.87kB)

==============================================================================

