<html>
<body>
<pre>
<h1>µVision Build Log</h1>
<h2>Tool Versions:</h2>
IDE-Version: ¦ÌVision V5.30.0.0
Copyright (C) 2020 ARM Ltd and ARM Germany GmbH. All rights reserved.
License Information: y 3100587155@qq.com, acfh, LIC=4ZLZX-HQHX4-VJT6J-U145Z-3RT72-BBXLM
 
Tool Versions:
Toolchain:       MDK-ARM Professional  Version: 5.30.0.0
Toolchain Path:  C:\Keil_v5\ARM\ARMCLANG\Bin
C Compiler:      ArmClang.exe V6.14
Assembler:       Armasm.exe V6.14
Linker/Locator:  ArmLink.exe V6.14
Library Manager: ArmAr.exe V6.14
Hex Converter:   FromElf.exe V6.14
CPU DLL:         SARMCM3.DLL V5.30.0.0
Dialog DLL:      DCM.DLL V1.17.3.0
Target DLL:      STLink\ST-LINKIII-KEIL_SWO.dll V3.0.7.0
Dialog DLL:      TCM.DLL V1.42.0.0
 
<h2>Project:</h2>
E:\new folder\WireLess_BB_Driver\MDK-ARM\WireLess_BB_Driver.uvprojx
Project File Date:  10/19/2025

<h2>Output:</h2>
*** Using Compiler 'V6.14', folder: 'C:\Keil_v5\ARM\ARMCLANG\Bin'
Build target 'WireLess_BB_Driver'
../Core/Src/main.c(31): warning: In file included from...
../Application\bb_control.h(8): warning: In file included from...
../Commponents/Controller\controller.h(39): warning: In file included from...
../Commponents\user_lib.h(84): warning: 'packed' attribute ignored [-Wignored-attributes]
typedef __packed struct
        ^
../Drivers/STM32F3xx_HAL_Driver/Inc/stm32f3xx_hal_def.h(115): note: expanded from macro '__packed'
    #define __packed  __attribute__((packed))
                                     ^
../Core/Src/main.c(31): warning: In file included from...
../Application\bb_control.h(8): warning: In file included from...
../Commponents/Controller\controller.h(40): warning: In file included from...
../Commponents\filter32.h(30): warning: 'packed' attribute ignored [-Wignored-attributes]
typedef __packed struct
        ^
../Drivers/STM32F3xx_HAL_Driver/Inc/stm32f3xx_hal_def.h(115): note: expanded from macro '__packed'
    #define __packed  __attribute__((packed))
                                     ^
../Core/Src/main.c(31): warning: In file included from...
../Application\bb_control.h(8): warning: In file included from...
../Commponents/Controller\controller.h(40): warning: In file included from...
../Commponents\filter32.h(39): warning: 'packed' attribute ignored [-Wignored-attributes]
typedef __packed struct window_filter
        ^
../Drivers/STM32F3xx_HAL_Driver/Inc/stm32f3xx_hal_def.h(115): note: expanded from macro '__packed'
    #define __packed  __attribute__((packed))
                                     ^
../Core/Src/main.c(31): warning: In file included from...
../Application\bb_control.h(8): warning: In file included from...
../Commponents/Controller\controller.h(40): warning: In file included from...
../Commponents\filter32.h(48): warning: 'packed' attribute ignored [-Wignored-attributes]
typedef __packed struct
        ^
../Drivers/STM32F3xx_HAL_Driver/Inc/stm32f3xx_hal_def.h(115): note: expanded from macro '__packed'
    #define __packed  __attribute__((packed))
                                     ^
../Core/Src/main.c(31): warning: In file included from...
../Application\bb_control.h(8): warning: In file included from...
../Commponents/Controller\controller.h(73): warning: 'packed' attribute ignored [-Wignored-attributes]
typedef __packed struct
        ^
../Drivers/STM32F3xx_HAL_Driver/Inc/stm32f3xx_hal_def.h(115): note: expanded from macro '__packed'
    #define __packed  __attribute__((packed))
                                     ^
../Core/Src/main.c(31): warning: In file included from...
../Application\bb_control.h(8): warning: In file included from...
../Commponents/Controller\controller.h(133): warning: 'packed' attribute ignored [-Wignored-attributes]
typedef __packed struct
        ^
../Drivers/STM32F3xx_HAL_Driver/Inc/stm32f3xx_hal_def.h(115): note: expanded from macro '__packed'
    #define __packed  __attribute__((packed))
                                     ^
../Core/Src/main.c(31): warning: In file included from...
../Application\bb_control.h(8): warning: In file included from...
../Commponents/Controller\controller.h(139): warning: 'packed' attribute ignored [-Wignored-attributes]
typedef __packed struct pid_t
        ^
../Drivers/STM32F3xx_HAL_Driver/Inc/stm32f3xx_hal_def.h(115): note: expanded from macro '__packed'
    #define __packed  __attribute__((packed))
                                     ^
../Core/Src/main.c(31): warning: In file included from...
../Application\bb_control.h(8): warning: In file included from...
../Commponents/Controller\controller.h(212): warning: 'packed' attribute ignored [-Wignored-attributes]
typedef __packed struct
        ^
../Drivers/STM32F3xx_HAL_Driver/Inc/stm32f3xx_hal_def.h(115): note: expanded from macro '__packed'
    #define __packed  __attribute__((packed))
                                     ^
../Core/Src/main.c(31): warning: In file included from...
../Application\bb_control.h(8): warning: In file included from...
../Commponents/Controller\controller.h(251): warning: 'packed' attribute ignored [-Wignored-attributes]
typedef __packed struct
        ^
../Drivers/STM32F3xx_HAL_Driver/Inc/stm32f3xx_hal_def.h(115): note: expanded from macro '__packed'
    #define __packed  __attribute__((packed))
                                     ^
../Core/Src/main.c(31): warning: In file included from...
../Application\bb_control.h(8): warning: In file included from...
../Commponents/Controller\controller.h(294): warning: 'packed' attribute ignored [-Wignored-attributes]
typedef __packed struct
        ^
../Drivers/STM32F3xx_HAL_Driver/Inc/stm32f3xx_hal_def.h(115): note: expanded from macro '__packed'
    #define __packed  __attribute__((packed))
                                     ^
../Core/Src/main.c(31): warning: In file included from...
../Application\bb_control.h(8): warning: In file included from...
../Commponents/Controller\controller.h(316): warning: 'packed' attribute ignored [-Wignored-attributes]
typedef __packed struct
        ^
../Drivers/STM32F3xx_HAL_Driver/Inc/stm32f3xx_hal_def.h(115): note: expanded from macro '__packed'
    #define __packed  __attribute__((packed))
                                     ^
../Core/Src/main.c(31): warning: In file included from...
../Application\bb_control.h(8): warning: In file included from...
../Commponents/Controller\controller.h(376): warning: 'packed' attribute ignored [-Wignored-attributes]
typedef __packed struct
        ^
../Drivers/STM32F3xx_HAL_Driver/Inc/stm32f3xx_hal_def.h(115): note: expanded from macro '__packed'
    #define __packed  __attribute__((packed))
                                     ^
../Core/Src/main.c(183): warning: implicit declaration of function 'Detect_Task' is invalid in C99 [-Wimplicit-function-declaration]
            Detect_Task();
            ^
13 warnings generated.
compiling main.c...
compiling dma.c...
compiling stm32f3xx_hal_rcc.c...
compiling stm32f3xx_hal.c...
assembling startup_stm32f334x8.s...
compiling tim.c...
compiling gpio.c...
compiling stm32f3xx_hal_adc.c...
compiling stm32f3xx_hal_msp.c...
compiling stm32f3xx_it.c...
compiling adc.c...
compiling hrtim.c...
compiling usart.c...
compiling stm32f3xx_hal_rcc_ex.c...
compiling stm32f3xx_hal_adc_ex.c...
compiling stm32f3xx_hal_dma.c...
compiling stm32f3xx_hal_cortex.c...
compiling stm32f3xx_hal_gpio.c...
compiling stm32f3xx_hal_flash_ex.c...
compiling stm32f3xx_hal_pwr_ex.c...
compiling stm32f3xx_hal_pwr.c...
compiling stm32f3xx_hal_i2c_ex.c...
compiling stm32f3xx_hal_flash.c...
compiling stm32f3xx_hal_uart_ex.c...
compiling stm32f3xx_hal_exti.c...
compiling stm32f3xx_hal_i2c.c...
compiling stm32f3xx_hal_tim_ex.c...
compiling stm32f3xx_hal_uart.c...
compiling bsp_dwt.c...
compiling system_stm32f3xx.c...
compiling detect_task.c...
../Application/bb_control.c(1): warning: In file included from...
../Application/bb_control.h(8): warning: In file included from...
../Commponents/Controller\controller.h(39): warning: In file included from...
../Commponents\user_lib.h(84): warning: 'packed' attribute ignored [-Wignored-attributes]
typedef __packed struct
        ^
../Drivers/STM32F3xx_HAL_Driver/Inc/stm32f3xx_hal_def.h(115): note: expanded from macro '__packed'
    #define __packed  __attribute__((packed))
                                     ^
../Application/bb_control.c(1): warning: In file included from...
../Application/bb_control.h(8): warning: In file included from...
../Commponents/Controller\controller.h(40): warning: In file included from...
../Commponents\filter32.h(30): warning: 'packed' attribute ignored [-Wignored-attributes]
typedef __packed struct
        ^
../Drivers/STM32F3xx_HAL_Driver/Inc/stm32f3xx_hal_def.h(115): note: expanded from macro '__packed'
    #define __packed  __attribute__((packed))
                                     ^
../Application/bb_control.c(1): warning: In file included from...
../Application/bb_control.h(8): warning: In file included from...
../Commponents/Controller\controller.h(40): warning: In file included from...
../Commponents\filter32.h(39): warning: 'packed' attribute ignored [-Wignored-attributes]
typedef __packed struct window_filter
        ^
../Drivers/STM32F3xx_HAL_Driver/Inc/stm32f3xx_hal_def.h(115): note: expanded from macro '__packed'
    #define __packed  __attribute__((packed))
                                     ^
../Application/bb_control.c(1): warning: In file included from...
../Application/bb_control.h(8): warning: In file included from...
../Commponents/Controller\controller.h(40): warning: In file included from...
../Commponents\filter32.h(48): warning: 'packed' attribute ignored [-Wignored-attributes]
typedef __packed struct
        ^
../Drivers/STM32F3xx_HAL_Driver/Inc/stm32f3xx_hal_def.h(115): note: expanded from macro '__packed'
    #define __packed  __attribute__((packed))
                                     ^
../Application/bb_control.c(1): warning: In file included from...
../Application/bb_control.h(8): warning: In file included from...
../Commponents/Controller\controller.h(73): warning: 'packed' attribute ignored [-Wignored-attributes]
typedef __packed struct
        ^
../Drivers/STM32F3xx_HAL_Driver/Inc/stm32f3xx_hal_def.h(115): note: expanded from macro '__packed'
    #define __packed  __attribute__((packed))
                                     ^
../Application/bb_control.c(1): warning: In file included from...
../Application/bb_control.h(8): warning: In file included from...
../Commponents/Controller\controller.h(133): warning: 'packed' attribute ignored [-Wignored-attributes]
typedef __packed struct
        ^
../Drivers/STM32F3xx_HAL_Driver/Inc/stm32f3xx_hal_def.h(115): note: expanded from macro '__packed'
    #define __packed  __attribute__((packed))
                                     ^
../Application/bb_control.c(1): warning: In file included from...
../Application/bb_control.h(8): warning: In file included from...
../Commponents/Controller\controller.h(139): warning: 'packed' attribute ignored [-Wignored-attributes]
typedef __packed struct pid_t
        ^
../Drivers/STM32F3xx_HAL_Driver/Inc/stm32f3xx_hal_def.h(115): note: expanded from macro '__packed'
    #define __packed  __attribute__((packed))
                                     ^
../Application/bb_control.c(1): warning: In file included from...
../Application/bb_control.h(8): warning: In file included from...
../Commponents/Controller\controller.h(212): warning: 'packed' attribute ignored [-Wignored-attributes]
typedef __packed struct
        ^
../Drivers/STM32F3xx_HAL_Driver/Inc/stm32f3xx_hal_def.h(115): note: expanded from macro '__packed'
    #define __packed  __attribute__((packed))
                                     ^
../Application/bb_control.c(1): warning: In file included from...
../Application/bb_control.h(8): warning: In file included from...
../Commponents/Controller\controller.h(251): warning: 'packed' attribute ignored [-Wignored-attributes]
typedef __packed struct
        ^
../Drivers/STM32F3xx_HAL_Driver/Inc/stm32f3xx_hal_def.h(115): note: expanded from macro '__packed'
    #define __packed  __attribute__((packed))
                                     ^
../Application/bb_control.c(1): warning: In file included from...
../Application/bb_control.h(8): warning: In file included from...
../Commponents/Controller\controller.h(294): warning: 'packed' attribute ignored [-Wignored-attributes]
typedef __packed struct
        ^
../Drivers/STM32F3xx_HAL_Driver/Inc/stm32f3xx_hal_def.h(115): note: expanded from macro '__packed'
    #define __packed  __attribute__((packed))
                                     ^
../Application/bb_control.c(1): warning: In file included from...
../Application/bb_control.h(8): warning: In file included from...
../Commponents/Controller\controller.h(316): warning: 'packed' attribute ignored [-Wignored-attributes]
typedef __packed struct
        ^
../Drivers/STM32F3xx_HAL_Driver/Inc/stm32f3xx_hal_def.h(115): note: expanded from macro '__packed'
    #define __packed  __attribute__((packed))
                                     ^
../Application/bb_control.c(1): warning: In file included from...
../Application/bb_control.h(8): warning: In file included from...
../Commponents/Controller\controller.h(376): warning: 'packed' attribute ignored [-Wignored-attributes]
typedef __packed struct
        ^
../Drivers/STM32F3xx_HAL_Driver/Inc/stm32f3xx_hal_def.h(115): note: expanded from macro '__packed'
    #define __packed  __attribute__((packed))
                                     ^
12 warnings generated.
compiling bb_control.c...
compiling stm32f3xx_hal_tim.c...
compiling stm32f3xx_hal_hrtim.c...
../Commponents/filter32.c(13): warning: In file included from...
../Commponents/filter32.h(30): warning: 'packed' attribute ignored [-Wignored-attributes]
typedef __packed struct
        ^
../Drivers/STM32F3xx_HAL_Driver/Inc/stm32f3xx_hal_def.h(115): note: expanded from macro '__packed'
    #define __packed  __attribute__((packed))
                                     ^
../Commponents/filter32.c(13): warning: In file included from...
../Commponents/filter32.h(39): warning: 'packed' attribute ignored [-Wignored-attributes]
typedef __packed struct window_filter
        ^
../Drivers/STM32F3xx_HAL_Driver/Inc/stm32f3xx_hal_def.h(115): note: expanded from macro '__packed'
    #define __packed  __attribute__((packed))
                                     ^
../Commponents/filter32.c(13): warning: In file included from...
../Commponents/filter32.h(48): warning: 'packed' attribute ignored [-Wignored-attributes]
typedef __packed struct
        ^
../Drivers/STM32F3xx_HAL_Driver/Inc/stm32f3xx_hal_def.h(115): note: expanded from macro '__packed'
    #define __packed  __attribute__((packed))
                                     ^
../Commponents/filter32.c(14): warning: In file included from...
../Commponents/user_lib.h(84): warning: 'packed' attribute ignored [-Wignored-attributes]
typedef __packed struct
        ^
../Drivers/STM32F3xx_HAL_Driver/Inc/stm32f3xx_hal_def.h(115): note: expanded from macro '__packed'
    #define __packed  __attribute__((packed))
                                     ^
4 warnings generated.
compiling filter32.c...
../Commponents/user_lib.c(15): warning: In file included from...
../Commponents/user_lib.h(84): warning: 'packed' attribute ignored [-Wignored-attributes]
typedef __packed struct
        ^
../Drivers/STM32F3xx_HAL_Driver/Inc/stm32f3xx_hal_def.h(115): note: expanded from macro '__packed'
    #define __packed  __attribute__((packed))
                                     ^
1 warning generated.
compiling user_lib.c...
../Commponents/Controller/controller.c(14): warning: In file included from...
../Commponents/Controller/controller.h(39): warning: In file included from...
../Commponents\user_lib.h(84): warning: 'packed' attribute ignored [-Wignored-attributes]
typedef __packed struct
        ^
../Drivers/STM32F3xx_HAL_Driver/Inc/stm32f3xx_hal_def.h(115): note: expanded from macro '__packed'
    #define __packed  __attribute__((packed))
                                     ^
../Commponents/Controller/controller.c(14): warning: In file included from...
../Commponents/Controller/controller.h(40): warning: In file included from...
../Commponents\filter32.h(30): warning: 'packed' attribute ignored [-Wignored-attributes]
typedef __packed struct
        ^
../Drivers/STM32F3xx_HAL_Driver/Inc/stm32f3xx_hal_def.h(115): note: expanded from macro '__packed'
    #define __packed  __attribute__((packed))
                                     ^
../Commponents/Controller/controller.c(14): warning: In file included from...
../Commponents/Controller/controller.h(40): warning: In file included from...
../Commponents\filter32.h(39): warning: 'packed' attribute ignored [-Wignored-attributes]
typedef __packed struct window_filter
        ^
../Drivers/STM32F3xx_HAL_Driver/Inc/stm32f3xx_hal_def.h(115): note: expanded from macro '__packed'
    #define __packed  __attribute__((packed))
                                     ^
../Commponents/Controller/controller.c(14): warning: In file included from...
../Commponents/Controller/controller.h(40): warning: In file included from...
../Commponents\filter32.h(48): warning: 'packed' attribute ignored [-Wignored-attributes]
typedef __packed struct
        ^
../Drivers/STM32F3xx_HAL_Driver/Inc/stm32f3xx_hal_def.h(115): note: expanded from macro '__packed'
    #define __packed  __attribute__((packed))
                                     ^
../Commponents/Controller/controller.c(14): warning: In file included from...
../Commponents/Controller/controller.h(73): warning: 'packed' attribute ignored [-Wignored-attributes]
typedef __packed struct
        ^
../Drivers/STM32F3xx_HAL_Driver/Inc/stm32f3xx_hal_def.h(115): note: expanded from macro '__packed'
    #define __packed  __attribute__((packed))
                                     ^
../Commponents/Controller/controller.c(14): warning: In file included from...
../Commponents/Controller/controller.h(133): warning: 'packed' attribute ignored [-Wignored-attributes]
typedef __packed struct
        ^
../Drivers/STM32F3xx_HAL_Driver/Inc/stm32f3xx_hal_def.h(115): note: expanded from macro '__packed'
    #define __packed  __attribute__((packed))
                                     ^
../Commponents/Controller/controller.c(14): warning: In file included from...
../Commponents/Controller/controller.h(139): warning: 'packed' attribute ignored [-Wignored-attributes]
typedef __packed struct pid_t
        ^
../Drivers/STM32F3xx_HAL_Driver/Inc/stm32f3xx_hal_def.h(115): note: expanded from macro '__packed'
    #define __packed  __attribute__((packed))
                                     ^
../Commponents/Controller/controller.c(14): warning: In file included from...
../Commponents/Controller/controller.h(212): warning: 'packed' attribute ignored [-Wignored-attributes]
typedef __packed struct
        ^
../Drivers/STM32F3xx_HAL_Driver/Inc/stm32f3xx_hal_def.h(115): note: expanded from macro '__packed'
    #define __packed  __attribute__((packed))
                                     ^
../Commponents/Controller/controller.c(14): warning: In file included from...
../Commponents/Controller/controller.h(251): warning: 'packed' attribute ignored [-Wignored-attributes]
typedef __packed struct
        ^
../Drivers/STM32F3xx_HAL_Driver/Inc/stm32f3xx_hal_def.h(115): note: expanded from macro '__packed'
    #define __packed  __attribute__((packed))
                                     ^
../Commponents/Controller/controller.c(14): warning: In file included from...
../Commponents/Controller/controller.h(294): warning: 'packed' attribute ignored [-Wignored-attributes]
typedef __packed struct
        ^
../Drivers/STM32F3xx_HAL_Driver/Inc/stm32f3xx_hal_def.h(115): note: expanded from macro '__packed'
    #define __packed  __attribute__((packed))
                                     ^
../Commponents/Controller/controller.c(14): warning: In file included from...
../Commponents/Controller/controller.h(316): warning: 'packed' attribute ignored [-Wignored-attributes]
typedef __packed struct
        ^
../Drivers/STM32F3xx_HAL_Driver/Inc/stm32f3xx_hal_def.h(115): note: expanded from macro '__packed'
    #define __packed  __attribute__((packed))
                                     ^
../Commponents/Controller/controller.c(14): warning: In file included from...
../Commponents/Controller/controller.h(376): warning: 'packed' attribute ignored [-Wignored-attributes]
typedef __packed struct
        ^
../Drivers/STM32F3xx_HAL_Driver/Inc/stm32f3xx_hal_def.h(115): note: expanded from macro '__packed'
    #define __packed  __attribute__((packed))
                                     ^
12 warnings generated.
compiling controller.c...
linking...
Program Size: Code=23314 RO-data=90 RW-data=12 ZI-data=2772  
FromELF: creating hex file...
"WireLess_BB_Driver\WireLess_BB_Driver.axf" - 0 Error(s), 42 Warning(s).

<h2>Software Packages used:</h2>

Package Vendor: ARM
                http://www.keil.com/pack/ARM.CMSIS.5.7.0.pack
                ARM.CMSIS.5.7.0
                CMSIS (Cortex Microcontroller Software Interface Standard)
   * Component: CORE Version: 5.4.0

Package Vendor: Keil
                http://www.keil.com/pack/Keil.STM32F3xx_DFP.2.1.0.pack
                Keil.STM32F3xx_DFP.2.1.0
                STMicroelectronics STM32F3 Series Device Support and Examples

<h2>Collection of Component include folders:</h2>
  .\RTE\_WireLess_BB_Driver
  C:\Users\31005\AppData\Local\Arm\Packs\ARM\CMSIS\5.7.0\CMSIS\Core\Include
  C:\Users\31005\AppData\Local\Arm\Packs\Keil\STM32F3xx_DFP\2.1.0\Drivers\CMSIS\Device\ST\STM32F3xx\Include

<h2>Collection of Component Files used:</h2>

   * Component: ARM::CMSIS:CORE:5.4.0
      Include file:  CMSIS\Core\Include\tz_context.h
Build Time Elapsed:  00:00:05
</pre>
</body>
</html>
